04-13 20:18:28.445 I/power_partial_wake_state( 3847): [2993,AudioMix:audioserver]
04-13 20:18:28.612 I/sysui_multi_action( 4250): [757,931,758,4,759,3,932,0,933,0]
04-13 20:18:28.717 I/sysui_multi_action( 4250): [757,931,758,4,759,3,932,0,933,1]
04-13 20:18:28.737 I/am_new_intent( 3847): [0,173574596,2,com.sec.android.app.launcher/.activities.LauncherActivity,android.intent.action.MAIN,NULL,NULL,278921216,android]
04-13 20:18:28.737 I/wm_task_moved( 3847): [2,1,0]
04-13 20:18:28.738 I/am_focused_stack( 3847): [0,0,1,bringingFoundTaskToFront]
04-13 20:18:28.738 I/wm_task_moved( 3847): [2,1,0]
04-13 20:18:28.738 I/am_pause_activity( 3847): [0,114660217,org.videolan.vlc/.gui.MainActivity]
04-13 20:18:28.741 I/am_set_resumed_activity( 3847): [0,com.sec.android.app.launcher/.activities.LauncherActivity,resumeTopActivityInnerLocked]
04-13 20:18:28.744 I/am_on_paused_called(25341): [0,org.videolan.vlc.gui.MainActivity,handlePauseActivity]
04-13 20:18:28.744 I/am_resume_activity( 3847): [0,123749643,2,com.sec.android.app.launcher/.activities.LauncherActivity]
04-13 20:18:28.746 I/am_task_to_front( 3847): [0,2]
04-13 20:18:28.748 I/sysui_count( 3847): [window_time_0,3]
04-13 20:18:28.748 I/sysui_multi_action( 3847): [757,803,799,window_time_0,802,3]
04-13 20:18:28.748 I/am_stop_activity( 3847): [0,114660217,org.videolan.vlc/.gui.MainActivity]
04-13 20:18:28.764 I/am_on_resume_called( 5231): [0,com.sec.android.app.launcher.activities.LauncherActivity,RESUME_ACTIVITY]
04-13 20:18:28.791 I/power_partial_wake_state( 3847): [52,*launch*:android]
04-13 20:18:28.822 I/sysui_multi_action( 3847): [319,58,322,59,325,191829,757,761,758,9,759,2,806,com.sec.android.app.launcher,871,com.sec.android.app.launcher.activities.LauncherActivity,905,0]
04-13 20:18:28.825 I/am_on_stop_called(25341): [0,org.videolan.vlc.gui.MainActivity,handleStopActivity]
04-13 20:18:29.139 I/power_partial_wake_state( 3847): [3131,*gms_scheduler*/com.google.android.gms/.threadnetwork.service.firstparty.BorderRouterSyncBoundService:com.google.android.gms]
04-13 20:18:29.148 I/power_partial_wake_state( 3847): [7,*gms_scheduler*:internal:com.google.android.gms]
04-13 20:18:29.157 I/power_partial_wake_state( 3847): [6,*gms_scheduler*:internal:com.google.android.gms]
04-13 20:18:29.842 I/sysui_count( 4250): [panel_open,1]
04-13 20:18:29.842 I/sysui_multi_action( 4250): [757,803,799,panel_open,802,1]
04-13 20:18:29.856 I/sysui_view_visibility( 3847): [127,100]
04-13 20:18:29.856 I/sysui_multi_action( 3847): [757,127,758,1]
04-13 20:18:29.856 I/sysui_histogram( 3847): [note_load,4]
04-13 20:18:29.856 I/sysui_multi_action( 3847): [757,804,799,note_load,801,4,802,1]
04-13 20:18:29.856 I/notification_panel_revealed( 3847): 4
04-13 20:18:30.358 I/sysui_multi_action( 3847): [757,128,758,1,793,170447541,794,0,795,3305073,796,121315,798,0,806,com.sec.android.app.samsungapps,857,galaxy_apps_urgent_notifica-62ca306b,858,4,947,0]
04-13 20:18:30.358 I/sysui_histogram( 3847): [note_freshness,3305073]
04-13 20:18:30.358 I/sysui_multi_action( 3847): [757,804,799,note_freshness,801,3305073,802,1]
04-13 20:18:30.358 I/notification_visibility( 3847): [0|com.sec.android.app.samsungapps|121315|null|10026,1,170447541,3305073,0,0]
04-13 20:18:30.358 I/sysui_multi_action( 3847): [757,128,758,1,793,2773235,794,0,795,2773235,796,1,798,1,806,me.pou.app,857,pou_notif,858,3,947,0]
04-13 20:18:30.358 I/sysui_histogram( 3847): [note_freshness,2773235]
04-13 20:18:30.358 I/sysui_multi_action( 3847): [757,804,799,note_freshness,801,2773235,802,1]
04-13 20:18:30.358 I/notification_visibility( 3847): [0|me.pou.app|1|null|10226,1,2773235,2773235,0,1]
04-13 20:18:30.358 I/sysui_multi_action( 3847): [757,128,758,1,793,4055638,794,0,795,4055638,796,27,798,2,806,android,857,USB,858,1,947,0]
04-13 20:18:30.358 I/sysui_histogram( 3847): [note_freshness,4055638]
04-13 20:18:30.358 I/sysui_multi_action( 3847): [757,804,799,note_freshness,801,4055638,802,1]
04-13 20:18:30.358 I/notification_visibility( 3847): [-1|android|27|null|1000,1,4055638,4055638,0,2]
04-13 20:18:30.359 I/sysui_multi_action( 3847): [757,128,758,1,793,4053147,794,0,795,18468,796,2131362716,797,charging_state,798,3,806,com.android.systemui,857,GEN,858,1,947,0]
04-13 20:18:30.359 I/sysui_histogram( 3847): [note_freshness,18468]
04-13 20:18:30.359 I/sysui_multi_action( 3847): [757,804,799,note_freshness,801,18468,802,1]
04-13 20:18:30.359 I/notification_visibility( 3847): [-1|com.android.systemui|2131362716|charging_state|10004,1,4053147,18468,0,3]
04-13 20:18:30.918 I/wm_task_created( 3847): [198,1]
04-13 20:18:30.920 I/wm_task_moved( 3847): [198,1,1]
04-13 20:18:30.921 I/am_focused_stack( 3847): [0,1,0,reuseOrNewTask]
04-13 20:18:30.921 I/wm_task_moved( 3847): [198,1,1]
04-13 20:18:30.921 I/am_create_task( 3847): [0,198]
04-13 20:18:30.921 I/am_create_activity( 3847): [0,257235647,198,com.android.settings/.Settings,android.settings.SETTINGS,NULL,NULL,335544320,com.android.systemui]
04-13 20:18:30.921 I/wm_task_moved( 3847): [198,1,1]
04-13 20:18:30.923 I/am_pause_activity( 3847): [0,123749643,com.sec.android.app.launcher/.activities.LauncherActivity]
04-13 20:18:30.929 I/am_on_paused_called( 5231): [0,com.sec.android.app.launcher.activities.LauncherActivity,handlePauseActivity]
04-13 20:18:30.942 I/am_proc_start( 3847): [0,25442,1000,com.android.settings,activity,com.android.settings/.Settings]
04-13 20:18:30.945 I/sysui_count( 3847): [window_time_0,3]
04-13 20:18:30.945 I/sysui_multi_action( 3847): [757,803,799,window_time_0,802,3]
04-13 20:18:30.965 I/am_proc_bound( 3847): [0,25442,com.android.settings]
04-13 20:18:30.973 I/am_restart_activity( 3847): [0,257235647,198,com.android.settings/.Settings]
04-13 20:18:30.974 I/am_set_resumed_activity( 3847): [0,com.android.settings/.Settings,minimalResumeActivityLocked]
04-13 20:18:31.208 I/sysui_multi_action( 3847): [757,128,758,2,793,170448391,794,850,795,3305923,796,121315,798,0,806,com.sec.android.app.samsungapps,857,galaxy_apps_urgent_notifica-62ca306b,858,4,947,0]
04-13 20:18:31.208 I/notification_visibility( 3847): [0|com.sec.android.app.samsungapps|121315|null|10026,0,170448391,3305923,0,0]
04-13 20:18:31.208 I/sysui_multi_action( 3847): [757,128,758,2,793,2774085,794,850,795,2774085,796,1,798,1,806,me.pou.app,857,pou_notif,858,3,947,0]
04-13 20:18:31.208 I/notification_visibility( 3847): [0|me.pou.app|1|null|10226,0,2774085,2774085,0,1]
04-13 20:18:31.208 I/sysui_multi_action( 3847): [757,128,758,2,793,4056488,794,850,795,4056488,796,27,798,2,806,android,857,USB,858,1,947,0]
04-13 20:18:31.208 I/notification_visibility( 3847): [-1|android|27|null|1000,0,4056488,4056488,0,2]
04-13 20:18:31.208 I/sysui_multi_action( 3847): [757,128,758,2,793,4053997,794,850,795,19318,796,2131362716,797,charging_state,798,3,806,com.android.systemui,857,GEN,858,1,947,0]
04-13 20:18:31.208 I/notification_visibility( 3847): [-1|com.android.systemui|2131362716|charging_state|10004,0,4053997,19318,0,3]
04-13 20:18:31.208 I/sysui_view_visibility( 3847): [127,0]
04-13 20:18:31.208 I/sysui_multi_action( 3847): [757,127,758,2]
04-13 20:18:31.208 I/notification_panel_hidden( 3847): 
04-13 20:18:31.351 I/sysui_multi_action(25442): [757,35,758,1,833,0]
04-13 20:18:31.352 I/sysui_view_visibility(25442): [35,100]
04-13 20:18:31.352 I/sysui_multi_action(25442): [757,35,758,1]
04-13 20:18:31.362 I/am_on_resume_called(25442): [0,com.android.settings.Settings,LAUNCH_ACTIVITY]
04-13 20:18:31.477 I/sysui_multi_action( 3847): [319,83,321,83,322,577,325,191831,757,761,758,7,759,1,806,com.android.settings,871,com.android.settings.Settings,905,0,945,73]
04-13 20:18:31.477 I/am_activity_launch_time( 3847): [0,257235647,com.android.settings/.Settings,543,543]
04-13 20:18:31.579 I/power_partial_wake_state( 3847): [655,*launch*:android]
04-13 20:18:31.579 I/am_stop_activity( 3847): [0,123749643,com.sec.android.app.launcher/.activities.LauncherActivity]
04-13 20:18:31.582 I/am_on_stop_called( 5231): [0,com.sec.android.app.launcher.activities.LauncherActivity,handleStopActivity]
04-13 20:18:32.030 I/notification_cancel( 3847): [10004,4250,com.android.systemui,2,low_battery,-1,0,1088,8,NULL]
04-13 20:18:32.032 I/notification_cancel( 3847): [10004,4250,com.android.systemui,3,low_battery,-1,0,1088,8,NULL]
04-13 20:18:32.198 I/sysui_multi_action(25442): [757,34,758,1,833,0]
04-13 20:18:32.198 I/sysui_view_visibility(25442): [34,100]
04-13 20:18:32.198 I/sysui_multi_action(25442): [757,34,758,1]
04-13 20:18:32.201 I/sysui_view_visibility(25442): [35,0]
04-13 20:18:32.201 I/sysui_multi_action(25442): [757,35,758,2]
04-13 20:18:32.201 I/sysui_view_visibility(25442): [35,0]
04-13 20:18:32.201 I/sysui_multi_action(25442): [757,35,758,2]
04-13 20:18:32.250 I/sysui_action( 3847): [906,com.android.settings]
04-13 20:18:32.250 I/sysui_multi_action( 3847): [757,906,758,4,806,com.android.settings]
04-13 20:18:32.283 I/am_uid_running( 3847): 10161
04-13 20:18:32.297 I/am_proc_start( 3847): [0,25499,10161,com.samsung.android.samsungpassautofill,service,com.samsung.android.samsungpassautofill/.AutofillServiceMain]
04-13 20:18:32.325 I/am_proc_bound( 3847): [0,25499,com.samsung.android.samsungpassautofill]
04-13 20:18:32.328 I/am_uid_active( 3847): 10161
04-13 20:18:32.384 I/sysui_action( 3847): [919,com.android.settings]
04-13 20:18:32.384 I/sysui_multi_action( 3847): [757,919,758,4,806,com.android.settings]
04-13 20:18:32.384 I/am_uid_running( 3847): 10017
04-13 20:18:32.397 I/am_proc_start( 3847): [0,25519,10017,com.sec.android.desktopmode.uiservice,content provider,com.sec.android.desktopmode.uiservice/.SettingsProvider]
04-13 20:18:32.413 I/am_proc_bound( 3847): [0,25519,com.sec.android.desktopmode.uiservice]
04-13 20:18:32.416 I/am_uid_active( 3847): 10017
04-13 20:18:32.494 I/am_uid_running( 3847): 5018
04-13 20:18:32.505 I/am_proc_start( 3847): [0,25537,5018,com.samsung.android.bixby.agent,content provider,com.samsung.android.bixby.agent/com.samsung.android.bixby.settings.LanguageSettingsProvider]
04-13 20:18:32.525 I/am_proc_bound( 3847): [0,25537,com.samsung.android.bixby.agent]
04-13 20:18:32.529 I/am_uid_active( 3847): 5018
04-13 20:18:32.796 I/am_uid_running( 3847): 10059
04-13 20:18:32.807 I/am_proc_start( 3847): [0,25585,10059,com.osp.app.signin,service,com.osp.app.signin/com.msc.sa.service.RequestService]
04-13 20:18:32.838 I/am_proc_bound( 3847): [0,25585,com.osp.app.signin]
04-13 20:18:32.896 I/am_uid_running( 3847): 10162
04-13 20:18:32.909 I/am_proc_start( 3847): [0,25616,10162,com.samsung.android.mobileservice,service,com.samsung.android.mobileservice/com.msc.sa.service.RequestService]
04-13 20:18:32.934 I/am_proc_start( 3847): [0,25631,10013,com.samsung.android.app.cocktailbarservice:settingui,content provider,com.samsung.android.app.cocktailbarservice/.settings.SettingsSearchProvider]
04-13 20:18:32.935 I/am_proc_bound( 3847): [0,25616,com.samsung.android.mobileservice]
04-13 20:18:32.953 I/am_proc_bound( 3847): [0,25631,com.samsung.android.app.cocktailbarservice:settingui]
04-13 20:18:32.955 I/am_uid_active( 3847): 10013
04-13 20:18:32.962 I/power_partial_wake_state( 3847): [9,*gms_scheduler*:internal:com.google.android.gms]
04-13 20:18:32.964 I/force_gc( 3847): Binder
04-13 20:18:33.181 I/am_proc_start( 3847): [0,25677,1000,com.samsung.android.lool,content provider,com.samsung.android.lool/com.samsung.android.sm.database.search.SettingsSearchProvider]
04-13 20:18:33.198 I/am_proc_bound( 3847): [0,25677,com.samsung.android.lool]
04-13 20:18:33.278 I/power_partial_wake_state( 3847): [6,*gms_scheduler*:internal:com.google.android.gms]
04-13 20:18:33.331 I/power_partial_wake_state( 3847): [7,*vibrator*:android]
04-13 20:18:33.448 I/power_partial_wake_state( 3847): [7,*vibrator*:android]
04-13 20:18:33.542 I/power_partial_wake_state( 3847): [8,*vibrator*:android]
04-13 20:18:33.699 I/am_uid_running( 3847): 10184
04-13 20:18:33.710 I/power_partial_wake_state( 3847): [7,*vibrator*:android]
04-13 20:18:33.721 I/am_proc_start( 3847): [0,25716,10184,com.sec.android.daemonapp,content provider,com.sec.android.daemonapp/com.samsung.android.weather.daemon.service.WeatherContentProvider]
04-13 20:18:33.754 I/am_proc_bound( 3847): [0,25716,com.sec.android.daemonapp]
04-13 20:18:33.757 I/am_uid_active( 3847): 10184
04-13 20:18:33.830 I/power_partial_wake_state( 3847): [7,*vibrator*:android]
04-13 20:18:33.937 I/am_proc_start( 3847): [0,25737,10004,com.samsung.android.app.aodservice:settingui,content provider,com.samsung.android.app.aodservice/.settings.provider.SettingsSearchProvider]
04-13 20:18:33.961 I/am_proc_bound( 3847): [0,25737,com.samsung.android.app.aodservice:settingui]
04-13 20:18:34.024 I/power_partial_wake_state( 3847): [46,*job*/com.sec.android.daemonapp/com.samsung.android.weather.daemon.service.WeatherDaemonService:android]
04-13 20:18:34.860 I/am_uid_active( 3847): 10007
04-13 20:18:35.642 I/power_partial_wake_state( 3847): [9,RILJ:com.android.phone]
04-13 20:18:36.581 I/am_uid_running( 3847): 10023
04-13 20:18:36.610 I/am_proc_start( 3847): [0,25778,10023,com.samsung.android.app.galaxyfinder,content provider,com.samsung.android.app.galaxyfinder/.provider.analogy.AnalogyProvider]
04-13 20:18:36.688 I/am_proc_bound( 3847): [0,25778,com.samsung.android.app.galaxyfinder]
04-13 20:18:36.696 I/am_uid_active( 3847): 10023
04-13 20:18:36.841 I/sysui_action(25442): [226,0]
04-13 20:18:36.841 I/sysui_multi_action(25442): [757,226,758,4,759,0]
04-13 20:18:37.681 I/power_partial_wake_state( 3847): [8,*vibrator*:android]
04-13 20:18:37.711 I/sysui_action(25442): [226,12]
04-13 20:18:37.711 I/sysui_multi_action(25442): [757,226,758,4,759,12]
04-13 20:18:37.874 I/power_partial_wake_state( 3847): [7,*vibrator*:android]
04-13 20:18:37.907 I/sysui_action(25442): [226,145]
04-13 20:18:37.907 I/sysui_multi_action(25442): [757,226,758,4,759,145]
04-13 20:18:38.057 I/power_partial_wake_state( 3847): [7,*vibrator*:android]
04-13 20:18:38.090 I/sysui_action(25442): [226,177]
04-13 20:18:38.090 I/sysui_multi_action(25442): [757,226,758,4,759,177]
04-13 20:18:38.883 I/power_partial_wake_state( 3847): [7,*vibrator*:android]
04-13 20:18:38.926 I/sysui_action(25442): [226,477]
04-13 20:18:38.926 I/sysui_multi_action(25442): [757,226,758,4,759,477]
04-13 20:18:39.067 I/power_partial_wake_state( 3847): [8,*vibrator*:android]
04-13 20:18:39.763 I/sysui_multi_action( 4250): [757,931,758,4,759,4,932,0,933,0]
04-13 20:18:39.766 I/sysui_count( 3847): [key_back_down,1]
04-13 20:18:39.766 I/sysui_multi_action( 3847): [757,803,799,key_back_down,802,1]
04-13 20:18:39.879 I/sysui_multi_action( 4250): [757,931,758,4,759,4,932,0,933,1]
04-13 20:18:40.382 I/sysui_multi_action( 4250): [757,931,758,4,759,4,932,0,933,0]
04-13 20:18:40.385 I/sysui_count( 3847): [key_back_down,1]
04-13 20:18:40.385 I/sysui_multi_action( 3847): [757,803,799,key_back_down,802,1]
04-13 20:18:40.475 I/sysui_multi_action( 4250): [757,931,758,4,759,4,932,0,933,1]
04-13 20:18:40.501 I/sysui_multi_action(25442): [757,35,758,1,833,0]
04-13 20:18:40.501 I/sysui_view_visibility(25442): [35,100]
04-13 20:18:40.501 I/sysui_multi_action(25442): [757,35,758,1]
04-13 20:18:40.503 I/sysui_view_visibility(25442): [34,0]
04-13 20:18:40.503 I/sysui_multi_action(25442): [757,34,758,2]
04-13 20:18:40.503 I/sysui_view_visibility(25442): [34,0]
04-13 20:18:40.503 I/sysui_multi_action(25442): [757,34,758,2]
04-13 20:18:41.097 I/am_pss  ( 3847): [25442,1000,com.android.settings,141769728,121167872,191488]
04-13 20:18:41.570 I/power_partial_wake_state( 3847): [30,IntentOp:.common.broadcast.BackgroundBroadcastReceiverSupport$PersistentReceiverIntentOperation:com.google.android.gms]
04-13 20:18:41.701 I/power_partial_wake_state( 3847): [5,nearby:ENWearableDeviceManager:com.google.android.gms]
04-13 20:18:41.739 I/notification_cancel( 3847): [10030,1619,com.google.android.gms,56933,NULL,0,0,1088,8,NULL]
04-13 20:18:41.740 I/power_partial_wake_state( 3847): [13,Icing:com.google.android.gms]
04-13 20:18:41.774 I/notification_cancel( 3847): [10030,1619,com.google.android.gms,56932,NULL,0,0,1088,8,NULL]
04-13 20:18:41.777 I/notification_cancel( 3847): [10030,1619,com.google.android.gms,56935,NULL,0,0,1088,8,NULL]
04-13 20:18:41.781 I/notification_cancel( 3847): [10030,1619,com.google.android.gms,115357,NULL,0,0,1088,8,NULL]
04-13 20:18:41.787 I/notification_cancel( 3847): [10030,1619,com.google.android.gms,115356,NULL,0,0,1088,8,NULL]
04-13 20:18:41.789 I/notification_cancel( 3847): [10030,1619,com.google.android.gms,115358,NULL,0,0,1088,8,NULL]
04-13 20:18:41.806 I/am_uid_active( 3847): 10157
04-13 20:18:41.952 I/power_partial_wake_state( 3847): [187,Icing:com.google.android.gms]
04-13 20:18:42.184 I/notification_cancel( 3847): [10004,4250,com.android.systemui,2,low_battery,-1,0,1088,8,NULL]
04-13 20:18:42.186 I/notification_cancel( 3847): [10004,4250,com.android.systemui,3,low_battery,-1,0,1088,8,NULL]
04-13 20:18:43.134 I/sysui_multi_action(25442): [757,830,758,4,806,com.samsung.android.themestore/com.samsung.android.themestore.activity.LauncherfromSettingForOwner,833,35]
04-13 20:18:43.144 I/wm_task_created( 3847): [199,1]
04-13 20:18:43.145 I/wm_task_moved( 3847): [199,1,2]
04-13 20:18:43.145 I/wm_task_moved( 3847): [199,1,2]
04-13 20:18:43.145 I/am_create_task( 3847): [0,199]
04-13 20:18:43.145 I/am_create_activity( 3847): [0,152731226,199,com.samsung.android.themestore/.activity.LauncherfromSettingForOwner,NULL,NULL,NULL,268468224,com.android.settings]
04-13 20:18:43.145 I/wm_task_moved( 3847): [199,1,2]
04-13 20:18:43.146 I/am_pause_activity( 3847): [0,257235647,com.android.settings/.Settings]
04-13 20:18:43.151 I/sysui_view_visibility(25442): [35,0]
04-13 20:18:43.151 I/sysui_multi_action(25442): [757,35,758,2]
04-13 20:18:43.151 I/sysui_view_visibility(25442): [35,0]
04-13 20:18:43.151 I/sysui_multi_action(25442): [757,35,758,2]
04-13 20:18:43.154 I/am_on_paused_called(25442): [0,com.android.settings.Settings,handlePauseActivity]
04-13 20:18:43.154 I/am_uid_running( 3847): 10067
04-13 20:18:43.165 I/am_proc_start( 3847): [0,25832,10067,com.samsung.android.themestore,activity,com.samsung.android.themestore/.activity.LauncherfromSettingForOwner]
04-13 20:18:43.167 I/sysui_count( 3847): [window_time_0,12]
04-13 20:18:43.167 I/sysui_multi_action( 3847): [757,803,799,window_time_0,802,12]
04-13 20:18:43.181 I/am_proc_bound( 3847): [0,25832,com.samsung.android.themestore]
04-13 20:18:43.188 I/am_uid_active( 3847): 10067
04-13 20:18:43.188 I/am_restart_activity( 3847): [0,152731226,199,com.samsung.android.themestore/.activity.LauncherfromSettingForOwner]
04-13 20:18:43.189 I/am_set_resumed_activity( 3847): [0,com.samsung.android.themestore/.activity.LauncherfromSettingForOwner,minimalResumeActivityLocked]
04-13 20:18:43.329 I/force_gc( 3847): Binder
04-13 20:18:43.371 I/am_on_resume_called(25832): [0,com.samsung.android.themestore.activity.LauncherfromSettingForOwner,LAUNCH_ACTIVITY]
04-13 20:18:43.407 I/am_proc_start( 3847): [0,25867,1000,com.samsung.android.themecenter,service,com.samsung.android.themecenter/com.samsung.android.thememanager.ThemeManagerService]
04-13 20:18:43.434 I/am_proc_bound( 3847): [0,25867,com.samsung.android.themecenter]
04-13 20:18:43.463 I/power_partial_wake_state( 3847): [75,*job*/com.samsung.android.themestore/com.samsung.android.sdk.ppmt.PpmtDataJobService:android]
04-13 20:18:43.541 I/notification_cancel( 3847): [1000,25867,com.samsung.android.themecenter,2,NULL,0,0,0,8,NULL]
04-13 20:18:43.551 I/sysui_multi_action( 3847): [319,58,321,53,322,412,325,191843,757,761,758,7,759,1,806,com.samsung.android.themestore,871,com.samsung.android.themestore.activity.LauncherfromSettingForOwner,905,0,945,49]
04-13 20:18:43.552 I/am_activity_launch_time( 3847): [0,152731226,com.samsung.android.themestore/.activity.LauncherfromSettingForOwner,392,392]
04-13 20:18:43.572 I/wm_task_moved( 3847): [199,1,2]
04-13 20:18:43.573 I/am_create_activity( 3847): [0,63546712,199,com.google.android.packageinstaller/com.android.packageinstaller.permission.ui.GrantPermissionsActivity,android.content.pm.action.REQUEST_PERMISSIONS,NULL,NULL,8388608,com.samsung.android.themestore]
04-13 20:18:43.573 I/am_pause_activity( 3847): [0,152731226,com.samsung.android.themestore/.activity.LauncherfromSettingForOwner]
04-13 20:18:43.579 I/am_on_paused_called(25832): [0,com.samsung.android.themestore.activity.LauncherfromSettingForOwner,handlePauseActivity]
04-13 20:18:43.579 I/am_uid_running( 3847): 10035
04-13 20:18:43.590 I/am_proc_start( 3847): [0,25916,10035,com.google.android.packageinstaller,activity,com.google.android.packageinstaller/com.android.packageinstaller.permission.ui.GrantPermissionsActivity]
04-13 20:18:43.596 I/sysui_count( 3847): [window_time_0,0]
04-13 20:18:43.596 I/sysui_multi_action( 3847): [757,803,799,window_time_0,802,0]
04-13 20:18:43.606 I/am_proc_bound( 3847): [0,25916,com.google.android.packageinstaller]
04-13 20:18:43.611 I/am_uid_active( 3847): 10035
04-13 20:18:43.611 I/am_restart_activity( 3847): [0,63546712,199,com.google.android.packageinstaller/com.android.packageinstaller.permission.ui.GrantPermissionsActivity]
04-13 20:18:43.613 I/am_set_resumed_activity( 3847): [0,com.google.android.packageinstaller/com.android.packageinstaller.permission.ui.GrantPermissionsActivity,minimalResumeActivityLocked]
04-13 20:18:43.712 I/am_stop_activity( 3847): [0,257235647,com.android.settings/.Settings]
04-13 20:18:43.714 I/am_on_stop_called(25442): [0,com.android.settings.Settings,handleStopActivity]
04-13 20:18:43.747 I/sysui_action(25916): [726,com.samsung.android.themestore]
04-13 20:18:43.747 I/sysui_multi_action(25916): [757,726,758,4,806,com.samsung.android.themestore]
04-13 20:18:43.747 I/sysui_action(25916): [730,com.samsung.android.themestore]
04-13 20:18:43.747 I/sysui_multi_action(25916): [757,730,758,4,806,com.samsung.android.themestore]
04-13 20:18:43.749 I/am_on_resume_called(25916): [0,com.android.packageinstaller.permission.ui.GrantPermissionsActivity,LAUNCH_ACTIVITY]
04-13 20:18:43.833 I/sysui_multi_action( 3847): [319,272,322,274,325,191844,757,761,758,7,759,2,806,com.google.android.packageinstaller,871,com.android.packageinstaller.permission.ui.GrantPermissionsActivity,905,0,945,51]
04-13 20:18:43.833 I/am_activity_launch_time( 3847): [0,63546712,com.google.android.packageinstaller/com.android.packageinstaller.permission.ui.GrantPermissionsActivity,250,250]
04-13 20:18:43.840 I/power_partial_wake_state( 3847): [266,*launch*:android]
04-13 20:18:44.850 I/sysui_action( 3847): [727,com.samsung.android.themestore]
04-13 20:18:44.850 I/sysui_multi_action( 3847): [757,727,758,4,806,com.samsung.android.themestore]
04-13 20:18:44.861 I/power_partial_wake_state( 3847): [5,GnssLocationProvider:android]
04-13 20:18:44.876 I/power_partial_wake_state( 3847): [6,NlpWakeLock:com.google.android.gms]
04-13 20:18:44.966 I/sysui_action( 3847): [731,com.samsung.android.themestore]
04-13 20:18:44.966 I/sysui_multi_action( 3847): [757,731,758,4,806,com.samsung.android.themestore]
04-13 20:18:44.969 I/power_partial_wake_state( 3847): [1,GnssLocationProvider:android]
04-13 20:18:44.982 I/power_partial_wake_state( 3847): [5,NlpWakeLock:com.google.android.gms]
04-13 20:18:45.064 I/snet_event_log(25916): [individual_permissions_requested,10067,com.samsung.android.themestore:android.permission.READ_EXTERNAL_STORAGE|true|0;android.permission.WRITE_EXTERNAL_STORAGE|true|0]
04-13 20:18:45.065 I/am_finish_activity( 3847): [0,63546712,199,com.google.android.packageinstaller/com.android.packageinstaller.permission.ui.GrantPermissionsActivity,app-request]
04-13 20:18:45.067 I/am_pause_activity( 3847): [0,63546712,com.google.android.packageinstaller/com.android.packageinstaller.permission.ui.GrantPermissionsActivity]
04-13 20:18:45.074 I/sysui_count( 3847): [window_time_0,2]
04-13 20:18:45.074 I/sysui_multi_action( 3847): [757,803,799,window_time_0,802,2]
04-13 20:18:45.078 I/am_on_paused_called(25916): [0,com.android.packageinstaller.permission.ui.GrantPermissionsActivity,handlePauseActivity]
04-13 20:18:45.085 I/am_set_resumed_activity( 3847): [0,com.samsung.android.themestore/.activity.LauncherfromSettingForOwner,resumeTopActivityInnerLocked]
04-13 20:18:45.088 I/am_resume_activity( 3847): [0,152731226,199,com.samsung.android.themestore/.activity.LauncherfromSettingForOwner]
04-13 20:18:45.099 I/sysui_count( 3847): [window_time_0,0]
04-13 20:18:45.099 I/sysui_multi_action( 3847): [757,803,799,window_time_0,802,0]
04-13 20:18:45.110 I/am_on_resume_called(25832): [0,com.samsung.android.themestore.activity.LauncherfromSettingForOwner,RESUME_ACTIVITY]
04-13 20:18:45.676 I/power_partial_wake_state( 3847): [5,RILJ:com.android.phone]
04-13 20:18:45.824 I/power_partial_wake_state( 3847): [745,*launch*:android]
04-13 20:18:45.825 I/am_destroy_activity( 3847): [0,63546712,199,com.google.android.packageinstaller/com.android.packageinstaller.permission.ui.GrantPermissionsActivity,finish-idle]
04-13 20:18:45.826 I/am_uid_active( 3847): 10051
04-13 20:18:45.828 I/am_on_stop_called(25916): [0,com.android.packageinstaller.permission.ui.GrantPermissionsActivity,destroy]
04-13 20:18:50.755 I/sysui_multi_action( 4250): [757,931,758,4,759,3,932,0,933,0]
04-13 20:18:50.870 I/sysui_multi_action( 4250): [757,931,758,4,759,3,932,0,933,1]
04-13 20:18:50.894 I/am_new_intent( 3847): [0,133313997,2,com.sec.android.app.launcher/.activities.LauncherActivity,android.intent.action.MAIN,NULL,NULL,278921216,android]
04-13 20:18:50.895 I/wm_task_moved( 3847): [2,1,0]
04-13 20:18:50.895 I/am_focused_stack( 3847): [0,0,1,bringingFoundTaskToFront]
04-13 20:18:50.895 I/wm_task_moved( 3847): [2,1,0]
04-13 20:18:50.896 I/am_pause_activity( 3847): [0,152731226,com.samsung.android.themestore/.activity.LauncherfromSettingForOwner]
04-13 20:18:50.897 I/am_on_paused_called(25832): [0,com.samsung.android.themestore.activity.LauncherfromSettingForOwner,handlePauseActivity]
04-13 20:18:50.898 I/am_set_resumed_activity( 3847): [0,com.sec.android.app.launcher/.activities.LauncherActivity,resumeTopActivityInnerLocked]
04-13 20:18:50.901 I/am_resume_activity( 3847): [0,123749643,2,com.sec.android.app.launcher/.activities.LauncherActivity]
04-13 20:18:50.903 I/am_task_to_front( 3847): [0,2]
04-13 20:18:50.906 I/am_stop_activity( 3847): [0,152731226,com.samsung.android.themestore/.activity.LauncherfromSettingForOwner]
04-13 20:18:50.918 I/am_on_resume_called( 5231): [0,com.sec.android.app.launcher.activities.LauncherActivity,RESUME_ACTIVITY]
04-13 20:18:50.926 I/am_on_stop_called(25832): [0,com.samsung.android.themestore.activity.LauncherfromSettingForOwner,handleStopActivity]
04-13 20:18:50.950 I/power_partial_wake_state( 3847): [53,*launch*:android]
04-13 20:18:50.978 I/sysui_multi_action( 3847): [319,62,322,64,325,191851,757,761,758,9,759,2,806,com.sec.android.app.launcher,871,com.sec.android.app.launcher.activities.LauncherActivity,905,0]
04-13 20:18:51.444 I/sysui_multi_action( 4250): [757,931,758,4,759,187,932,0,933,0]
04-13 20:18:51.544 I/sysui_multi_action( 4250): [757,931,758,4,759,187,932,0,933,1]
04-13 20:18:51.555 I/am_new_intent( 3847): [0,67726246,3,com.android.systemui/.recents.RecentsActivity,NULL,NULL,NULL,276840448,com.android.systemui]
04-13 20:18:51.556 I/wm_task_moved( 3847): [3,1,0]
04-13 20:18:51.558 I/am_focused_stack( 3847): [0,5,0,bringingFoundTaskToFront]
04-13 20:18:51.558 I/wm_task_moved( 3847): [3,1,0]
04-13 20:18:51.559 I/am_pause_activity( 3847): [0,123749643,com.sec.android.app.launcher/.activities.LauncherActivity]
04-13 20:18:51.562 I/am_set_resumed_activity( 3847): [0,com.android.systemui/.recents.RecentsActivity,resumeTopActivityInnerLocked]
04-13 20:18:51.568 I/am_resume_activity( 3847): [0,241881128,3,com.android.systemui/.recents.RecentsActivity]
04-13 20:18:51.569 I/am_task_to_front( 3847): [0,3]
04-13 20:18:51.574 I/sysui_count( 3847): [window_time_0,6]
04-13 20:18:51.574 I/sysui_multi_action( 3847): [757,803,799,window_time_0,802,6]
04-13 20:18:51.574 I/am_on_paused_called( 5231): [0,com.sec.android.app.launcher.activities.LauncherActivity,handlePauseActivity]
04-13 20:18:51.576 I/sysui_count( 4250): [overview_trigger_nav_btn,1]
04-13 20:18:51.576 I/sysui_multi_action( 4250): [757,803,799,overview_trigger_nav_btn,802,1]
04-13 20:18:51.576 I/sysui_count( 4250): [overview_source_home,1]
04-13 20:18:51.576 I/sysui_multi_action( 4250): [757,803,799,overview_source_home,802,1]
04-13 20:18:51.577 I/sysui_histogram( 4250): [overview_task_count,3]
04-13 20:18:51.577 I/sysui_multi_action( 4250): [757,804,799,overview_task_count,801,3,802,1]
04-13 20:18:51.580 I/am_stop_activity( 3847): [0,123749643,com.sec.android.app.launcher/.activities.LauncherActivity]
04-13 20:18:51.582 I/sysui_view_visibility( 4250): [224,100]
04-13 20:18:51.582 I/sysui_multi_action( 4250): [757,224,758,1]
04-13 20:18:51.582 I/am_on_stop_called( 5231): [0,com.sec.android.app.launcher.activities.LauncherActivity,handleStopActivity]
04-13 20:18:51.585 I/am_on_resume_called( 4250): [0,com.android.systemui.recents.RecentsActivity,RESUME_ACTIVITY]
04-13 20:18:51.626 I/sysui_multi_action( 3847): [319,70,322,71,325,191852,757,761,758,9,759,2,806,com.android.systemui,871,com.android.systemui.recents.RecentsActivity,905,0]
04-13 20:18:52.042 I/power_partial_wake_state( 3847): [481,*launch*:android]
04-13 20:18:52.211 I/notification_cancel( 3847): [10004,4250,com.android.systemui,2,low_battery,-1,0,1088,8,NULL]
04-13 20:18:52.212 I/notification_cancel( 3847): [10004,4250,com.android.systemui,3,low_battery,-1,0,1088,8,NULL]
04-13 20:18:52.656 I/am_finish_activity( 3847): [0,152731226,199,com.samsung.android.themestore/.activity.LauncherfromSettingForOwner,clear-task-index]
04-13 20:18:52.656 I/sysui_count( 4250): [overview_task_all_dismissed,1]
04-13 20:18:52.656 I/sysui_multi_action( 4250): [757,803,799,overview_task_all_dismissed,802,1]
04-13 20:18:52.656 I/sysui_action( 4250): [357,]
04-13 20:18:52.656 I/sysui_multi_action( 4250): [757,357,758,4]
04-13 20:18:52.657 I/am_destroy_activity( 3847): [0,152731226,199,com.samsung.android.themestore/.activity.LauncherfromSettingForOwner,finish-imm]
04-13 20:18:52.673 I/sysui_count( 3847): [window_time_0,1]
04-13 20:18:52.674 I/sysui_multi_action( 3847): [757,803,799,window_time_0,802,1]
04-13 20:18:52.674 I/am_finish_activity( 3847): [0,257235647,198,com.android.settings/.Settings,clear-task-index]
04-13 20:18:52.675 I/am_destroy_activity( 3847): [0,257235647,198,com.android.settings/.Settings,finish-imm]
04-13 20:18:52.680 I/am_kill ( 3847): [0,25442,com.android.settings,900,17,remove task]
04-13 20:18:52.688 I/am_new_intent( 3847): [0,96173962,2,com.sec.android.app.launcher/.activities.LauncherActivity,android.intent.action.MAIN,NULL,NULL,278921216,com.android.systemui]
04-13 20:18:52.689 I/wm_task_moved( 3847): [2,1,0]
04-13 20:18:52.690 I/am_focused_stack( 3847): [0,0,5,bringingFoundTaskToFront]
04-13 20:18:52.690 I/wm_task_moved( 3847): [2,1,0]
04-13 20:18:52.690 I/am_pause_activity( 3847): [0,241881128,com.android.systemui/.recents.RecentsActivity]
04-13 20:18:52.693 I/am_set_resumed_activity( 3847): [0,com.sec.android.app.launcher/.activities.LauncherActivity,resumeTopActivityInnerLocked]
04-13 20:18:52.697 I/am_resume_activity( 3847): [0,123749643,2,com.sec.android.app.launcher/.activities.LauncherActivity]
04-13 20:18:52.698 I/am_task_to_front( 3847): [0,2]
04-13 20:18:52.700 I/sysui_count( 3847): [window_time_0,0]
04-13 20:18:52.700 I/sysui_multi_action( 3847): [757,803,799,window_time_0,802,0]
04-13 20:18:52.701 I/am_finish_activity( 3847): [0,114660217,197,org.videolan.vlc/.gui.MainActivity,clear-task-index]
04-13 20:18:52.702 I/am_destroy_activity( 3847): [0,114660217,197,org.videolan.vlc/.gui.MainActivity,finish-imm]
04-13 20:18:52.704 I/am_kill ( 3847): [0,25341,org.videolan.vlc,900,17,remove task]
04-13 20:18:52.708 I/am_pss  ( 3847): [25224,5009,com.samsung.android.scloud,21863424,18386944,218112]
04-13 20:18:52.708 I/sysui_count( 3847): [window_time_0,0]
04-13 20:18:52.709 I/sysui_multi_action( 3847): [757,803,799,window_time_0,802,0]
04-13 20:18:52.709 I/am_stop_activity( 3847): [0,241881128,com.android.systemui/.recents.RecentsActivity]
04-13 20:18:52.711 I/am_on_paused_called( 4250): [0,com.android.systemui.recents.RecentsActivity,handlePauseActivity]
04-13 20:18:52.711 I/sysui_count( 3847): [window_time_0,0]
04-13 20:18:52.711 I/sysui_multi_action( 3847): [757,803,799,window_time_0,802,0]
04-13 20:18:52.722 I/am_on_resume_called( 5231): [0,com.sec.android.app.launcher.activities.LauncherActivity,RESUME_ACTIVITY]
04-13 20:18:52.729 I/sysui_view_visibility( 4250): [224,0]
04-13 20:18:52.729 I/sysui_multi_action( 4250): [757,224,758,2]
04-13 20:18:52.729 I/am_on_stop_called( 4250): [0,com.android.systemui.recents.RecentsActivity,handleStopActivity]
04-13 20:18:52.740 I/am_pss  ( 3847): [25179,10153,com.samsung.android.sm.policy,8091648,6094848,246784]
04-13 20:18:52.740 I/wm_task_removed( 3847): [199,removeAppToken: last token]
04-13 20:18:52.740 I/wm_task_removed( 3847): [199,removeTask]
04-13 20:18:52.744 I/am_kill ( 3847): [0,25832,com.samsung.android.themestore,1001,11,remove task]
04-13 20:18:52.765 I/power_partial_wake_state( 3847): [74,*launch*:android]
04-13 20:18:52.772 I/sysui_multi_action( 3847): [319,107,322,109,325,191853,757,761,758,9,759,2,806,com.sec.android.app.launcher,871,com.sec.android.app.launcher.activities.LauncherActivity,905,0]
04-13 20:18:52.815 I/am_proc_died( 3847): [0,25341,org.videolan.vlc,900,17,864,1892]
04-13 20:18:52.815 I/am_uid_stopped( 3847): 10235
04-13 20:18:52.871 I/wm_task_removed( 3847): [197,removeAppToken: last token]
04-13 20:18:52.887 I/wm_task_removed( 3847): [197,removeTask]
04-13 20:18:52.908 I/am_proc_died( 3847): [0,25442,com.android.settings,900,17,873,1892]
04-13 20:18:52.937 I/wm_task_removed( 3847): [198,removeAppToken: last token]
04-13 20:18:52.954 I/wm_task_removed( 3847): [198,removeTask]
04-13 20:18:52.960 I/wm_stack_removed( 3847): 1
04-13 20:18:52.973 I/am_proc_died( 3847): [0,25832,com.samsung.android.themestore,1001,17,873,1892]
04-13 20:18:52.973 I/am_uid_stopped( 3847): 10067
04-13 20:18:53.019 I/am_pss  ( 3847): [16491,10030,com.google.android.gms,171686912,125210624,23168000]
04-13 20:18:53.044 I/am_pss  ( 3847): [17808,99344,com.android.chrome:sandboxed_process0,52386816,31764480,17369088]
04-13 20:18:53.829 I/am_proc_died( 3847): [0,25867,com.samsung.android.themecenter,0,11,882,1892]
04-13 20:18:53.849 I/am_pss  ( 3847): [25097,10028,com.samsung.android.game.gametools,16776192,13340672,234496]
04-13 20:18:53.897 I/am_pss  ( 3847): [22659,10030,com.google.process.gapps,11674624,8130560,481280]
04-13 20:18:54.316 I/am_uid_running( 3847): 10235
04-13 20:18:54.333 I/am_proc_start( 3847): [0,25982,10235,org.videolan.vlc,activity,org.videolan.vlc/.StartActivity]
04-13 20:18:54.379 I/am_proc_bound( 3847): [0,25982,org.videolan.vlc]
04-13 20:18:54.384 I/am_kill ( 3847): [0,30182,com.ims.dm,906,11,DHA:SPC_empty #33]
04-13 20:18:54.452 I/am_proc_died( 3847): [0,30182,com.ims.dm,906,11,884,1892]
04-13 20:18:54.453 I/am_schedule_service_restart( 3847): [0,com.ims.dm/.XDMService,1000]
04-13 20:18:54.464 I/wm_stack_created( 3847): 1
04-13 20:18:54.464 I/wm_task_created( 3847): [200,1]
04-13 20:18:54.465 I/wm_task_moved( 3847): [200,1,0]
04-13 20:18:54.465 I/am_focused_stack( 3847): [0,1,0,reuseOrNewTask]
04-13 20:18:54.465 I/wm_task_moved( 3847): [200,1,0]
04-13 20:18:54.465 I/am_create_task( 3847): [0,200]
04-13 20:18:54.465 I/am_create_activity( 3847): [0,61117409,200,org.videolan.vlc/.StartActivity,android.intent.action.MAIN,NULL,NULL,270532608,com.sec.android.app.launcher]
04-13 20:18:54.465 I/wm_task_moved( 3847): [200,1,0]
04-13 20:18:54.466 I/am_pause_activity( 3847): [0,123749643,com.sec.android.app.launcher/.activities.LauncherActivity]
04-13 20:18:54.476 I/am_kill ( 3847): [0,30202,com.trustonic.tuiservice,906,11,DHA:SPC_empty #33]
04-13 20:18:54.476 I/am_on_paused_called( 5231): [0,com.sec.android.app.launcher.activities.LauncherActivity,handlePauseActivity]
04-13 20:18:54.478 I/am_uid_active( 3847): 10235
04-13 20:18:54.478 I/am_restart_activity( 3847): [0,61117409,200,org.videolan.vlc/.StartActivity]
04-13 20:18:54.480 I/am_set_resumed_activity( 3847): [0,org.videolan.vlc/.StartActivity,minimalResumeActivityLocked]
04-13 20:18:54.484 I/sysui_count( 3847): [window_time_0,2]
04-13 20:18:54.484 I/sysui_multi_action( 3847): [757,803,799,window_time_0,802,2]
04-13 20:18:54.516 I/am_proc_died( 3847): [0,30202,com.trustonic.tuiservice,906,11,880,1892]
04-13 20:18:54.516 I/am_schedule_service_restart( 3847): [0,com.trustonic.tuiservice/.TuiService,10936]
04-13 20:18:54.576 I/wm_task_moved( 3847): [200,1,0]
04-13 20:18:54.576 I/wm_task_moved( 3847): [200,1,0]
04-13 20:18:54.577 I/am_create_activity( 3847): [0,90913120,200,org.videolan.vlc/.gui.MainActivity,android.intent.action.VIEW,NULL,NULL,268435456,org.videolan.vlc]
04-13 20:18:54.578 I/am_pause_activity( 3847): [0,61117409,org.videolan.vlc/.StartActivity]
04-13 20:18:54.582 I/am_finish_activity( 3847): [0,61117409,200,org.videolan.vlc/.StartActivity,app-request]
04-13 20:18:54.584 I/sysui_count( 3847): [window_time_0,0]
04-13 20:18:54.584 I/sysui_multi_action( 3847): [757,803,799,window_time_0,802,0]
04-13 20:18:54.604 I/am_restart_activity( 3847): [0,90913120,200,org.videolan.vlc/.gui.MainActivity]
04-13 20:18:54.605 I/am_set_resumed_activity( 3847): [0,org.videolan.vlc/.gui.MainActivity,minimalResumeActivityLocked]
04-13 20:18:54.609 I/sysui_count( 3847): [window_time_0,0]
04-13 20:18:54.609 I/sysui_multi_action( 3847): [757,803,799,window_time_0,802,0]
04-13 20:18:54.862 I/am_on_resume_called(25982): [0,org.videolan.vlc.gui.MainActivity,LAUNCH_ACTIVITY]
04-13 20:18:54.923 I/am_pss  ( 3847): [10266,10055,com.android.vending,103894016,72536064,29568000]
04-13 20:18:55.010 I/notification_enqueue( 3847): [1000,3847,android,40,NULL,0,Notification(channel=FOREGROUND_SERVICE pri=0 contentView=null vibrate=null sound=null defaults=0x0 flags=0x2 color=0xff607d8b number=0 vis=PRIVATE semFlags=0x0 semPriority=0 semMissedCount=0),1,NULL]
04-13 20:18:55.012 I/notification_enqueue( 3847): [10235,25982,org.videolan.vlc,43,NULL,0,Notification(channel=vlc_medialibrary pri=0 contentView=null vibrate=null sound=null defaults=0x0 flags=0x42 color=0x00000000 category=progress actions=1 number=0 vis=PUBLIC semFlags=0x0 semPriority=0 semMissedCount=0),0,NULL]
04-13 20:18:55.018 I/notification_enqueue( 3847): [10235,25982,org.videolan.vlc,43,NULL,0,Notification(channel=vlc_medialibrary pri=0 contentView=null vibrate=null sound=null defaults=0x0 flags=0x42 color=0x00000000 category=progress actions=1 number=0 vis=PUBLIC semFlags=0x0 semPriority=0 semMissedCount=0),1,NULL]
04-13 20:18:55.084 I/sysui_multi_action( 3847): [319,623,322,625,325,191855,757,761,758,8,759,2,806,org.videolan.vlc,871,org.videolan.vlc.gui.MainActivity,905,0]
04-13 20:18:55.084 I/am_activity_launch_time( 3847): [0,90913120,org.videolan.vlc/.gui.MainActivity,476,602]
04-13 20:18:55.145 I/power_partial_wake_state( 3847): [679,*launch*:android]
04-13 20:18:55.445 I/am_stop_activity( 3847): [0,123749643,com.sec.android.app.launcher/.activities.LauncherActivity]
04-13 20:18:55.445 I/am_destroy_activity( 3847): [0,61117409,200,org.videolan.vlc/.StartActivity,finish-imm]
04-13 20:18:55.449 I/am_on_stop_called( 5231): [0,com.sec.android.app.launcher.activities.LauncherActivity,handleStopActivity]
04-13 20:18:55.464 I/am_proc_start( 3847): [0,26041,1000,com.ims.dm,service,com.ims.dm/.XDMService]
04-13 20:18:55.482 I/am_proc_bound( 3847): [0,26041,com.ims.dm]
04-13 20:18:55.702 I/power_partial_wake_state( 3847): [5,RILJ:com.android.phone]
04-13 20:18:56.006 I/am_pss  ( 3847): [25118,5004,com.samsung.cmh:CMH,18050048,15392768,237568]
04-13 20:18:56.067 I/am_pss  ( 3847): [25246,5004,com.samsung.dcmservice,8133632,5828608,265216]
04-13 20:18:56.110 I/am_pss  ( 3847): [25234,5004,com.samsung.enhanceservice,8880128,6811648,265216]
04-13 20:18:56.137 I/power_partial_wake_state( 3847): [1118,VLC:MediaParsingService:org.videolan.vlc]
04-13 20:18:56.148 I/notification_enqueue( 3847): [1000,3847,android,40,NULL,0,Notification(channel=FOREGROUND_SERVICE pri=0 contentView=null vibrate=null sound=null defaults=0x0 flags=0x2 color=0xff607d8b number=0 vis=PRIVATE semFlags=0x0 semPriority=0 semMissedCount=0),1,NULL]
04-13 20:18:56.148 I/notification_cancel( 3847): [1000,3847,org.videolan.vlc,43,NULL,0,0,0,8,NULL]
04-13 20:18:56.150 I/sysui_multi_action( 3847): [757,128,758,5,759,8,793,1140,794,0,795,1132,796,43,806,org.videolan.vlc,857,vlc_medialibrary,858,2,947,0]
04-13 20:18:56.151 I/notification_canceled( 3847): [0|org.videolan.vlc|43|null|10235,8,1140,1132,0]
04-13 20:18:56.565 I/sysui_multi_action( 4250): [757,931,758,4,759,3,932,0,933,0]
04-13 20:18:56.679 I/sysui_multi_action( 4250): [757,931,758,4,759,3,932,0,933,1]
04-13 20:18:56.700 I/am_new_intent( 3847): [0,154872251,2,com.sec.android.app.launcher/.activities.LauncherActivity,android.intent.action.MAIN,NULL,NULL,278921216,android]
04-13 20:18:56.700 I/wm_task_moved( 3847): [2,1,0]
04-13 20:18:56.701 I/am_focused_stack( 3847): [0,0,1,bringingFoundTaskToFront]
04-13 20:18:56.701 I/wm_task_moved( 3847): [2,1,0]
04-13 20:18:56.701 I/am_pause_activity( 3847): [0,90913120,org.videolan.vlc/.gui.MainActivity]
04-13 20:18:56.703 I/am_on_paused_called(25982): [0,org.videolan.vlc.gui.MainActivity,handlePauseActivity]
04-13 20:18:56.704 I/am_set_resumed_activity( 3847): [0,com.sec.android.app.launcher/.activities.LauncherActivity,resumeTopActivityInnerLocked]
04-13 20:18:56.708 I/am_resume_activity( 3847): [0,123749643,2,com.sec.android.app.launcher/.activities.LauncherActivity]
04-13 20:18:56.710 I/am_task_to_front( 3847): [0,2]
04-13 20:18:56.712 I/sysui_count( 3847): [window_time_0,2]
04-13 20:18:56.713 I/sysui_multi_action( 3847): [757,803,799,window_time_0,802,2]
04-13 20:18:56.713 I/am_stop_activity( 3847): [0,90913120,org.videolan.vlc/.gui.MainActivity]
04-13 20:18:56.732 I/am_on_resume_called( 5231): [0,com.sec.android.app.launcher.activities.LauncherActivity,RESUME_ACTIVITY]
04-13 20:18:56.765 I/power_partial_wake_state( 3847): [63,*launch*:android]
04-13 20:18:56.793 I/am_on_stop_called(25982): [0,org.videolan.vlc.gui.MainActivity,handleStopActivity]
04-13 20:18:56.796 I/sysui_multi_action( 3847): [319,68,322,70,325,191857,757,761,758,9,759,2,806,com.sec.android.app.launcher,871,com.sec.android.app.launcher.activities.LauncherActivity,905,0]
04-13 20:18:57.213 I/sysui_multi_action( 4250): [757,931,758,4,759,187,932,0,933,0]
04-13 20:18:57.321 I/sysui_multi_action( 4250): [757,931,758,4,759,187,932,0,933,1]
04-13 20:18:57.330 I/am_new_intent( 3847): [0,4879977,3,com.android.systemui/.recents.RecentsActivity,NULL,NULL,NULL,276840448,com.android.systemui]
04-13 20:18:57.330 I/wm_task_moved( 3847): [3,1,0]
04-13 20:18:57.331 I/am_focused_stack( 3847): [0,5,0,bringingFoundTaskToFront]
04-13 20:18:57.331 I/wm_task_moved( 3847): [3,1,0]
04-13 20:18:57.331 I/am_pause_activity( 3847): [0,123749643,com.sec.android.app.launcher/.activities.LauncherActivity]
04-13 20:18:57.334 I/am_set_resumed_activity( 3847): [0,com.android.systemui/.recents.RecentsActivity,resumeTopActivityInnerLocked]
04-13 20:18:57.338 I/am_resume_activity( 3847): [0,241881128,3,com.android.systemui/.recents.RecentsActivity]
04-13 20:18:57.340 I/am_task_to_front( 3847): [0,3]
04-13 20:18:57.344 I/sysui_count( 4250): [overview_trigger_nav_btn,1]
04-13 20:18:57.344 I/sysui_multi_action( 4250): [757,803,799,overview_trigger_nav_btn,802,1]
04-13 20:18:57.344 I/sysui_count( 4250): [overview_source_home,1]
04-13 20:18:57.344 I/sysui_multi_action( 4250): [757,803,799,overview_source_home,802,1]
04-13 20:18:57.344 I/sysui_histogram( 4250): [overview_task_count,1]
04-13 20:18:57.344 I/sysui_multi_action( 4250): [757,804,799,overview_task_count,801,1,802,1]
04-13 20:18:57.345 I/sysui_count( 3847): [window_time_0,1]
04-13 20:18:57.345 I/sysui_multi_action( 3847): [757,803,799,window_time_0,802,1]
04-13 20:18:57.345 I/am_on_paused_called( 5231): [0,com.sec.android.app.launcher.activities.LauncherActivity,handlePauseActivity]
04-13 20:18:57.346 I/am_stop_activity( 3847): [0,123749643,com.sec.android.app.launcher/.activities.LauncherActivity]
04-13 20:18:57.347 I/sysui_view_visibility( 4250): [224,100]
04-13 20:18:57.347 I/sysui_multi_action( 4250): [757,224,758,1]
04-13 20:18:57.350 I/am_on_resume_called( 4250): [0,com.android.systemui.recents.RecentsActivity,RESUME_ACTIVITY]
04-13 20:18:57.352 I/am_on_stop_called( 5231): [0,com.sec.android.app.launcher.activities.LauncherActivity,handleStopActivity]
04-13 20:18:57.385 I/sysui_multi_action( 3847): [319,54,322,55,325,191857,757,761,758,9,759,2,806,com.android.systemui,871,com.android.systemui.recents.RecentsActivity,905,0]
04-13 20:18:57.556 I/power_partial_wake_state( 3847): [3000,AudioMix:audioserver]
04-13 20:18:57.566 I/power_partial_wake_state( 3847): [3008,AudioMix:audioserver]
04-13 20:18:57.804 I/power_partial_wake_state( 3847): [473,*launch*:android]
04-13 20:18:58.272 I/sysui_count( 4250): [overview_task_all_dismissed,1]
04-13 20:18:58.272 I/sysui_multi_action( 4250): [757,803,799,overview_task_all_dismissed,802,1]
04-13 20:18:58.272 I/sysui_action( 4250): [357,]
04-13 20:18:58.272 I/sysui_multi_action( 4250): [757,357,758,4]
04-13 20:18:58.273 I/am_finish_activity( 3847): [0,90913120,200,org.videolan.vlc/.gui.MainActivity,clear-task-index]
04-13 20:18:58.274 I/am_destroy_activity( 3847): [0,90913120,200,org.videolan.vlc/.gui.MainActivity,finish-imm]
04-13 20:18:58.281 I/am_kill ( 3847): [0,25982,org.videolan.vlc,900,17,remove task]
04-13 20:18:58.282 I/sysui_count( 3847): [window_time_0,1]
04-13 20:18:58.282 I/sysui_multi_action( 3847): [757,803,799,window_time_0,802,1]
04-13 20:18:58.292 I/am_new_intent( 3847): [0,178938759,2,com.sec.android.app.launcher/.activities.LauncherActivity,android.intent.action.MAIN,NULL,NULL,278921216,com.android.systemui]
04-13 20:18:58.292 I/wm_task_moved( 3847): [2,1,0]
04-13 20:18:58.292 I/am_focused_stack( 3847): [0,0,5,bringingFoundTaskToFront]
04-13 20:18:58.293 I/wm_task_moved( 3847): [2,1,0]
04-13 20:18:58.293 I/am_pause_activity( 3847): [0,241881128,com.android.systemui/.recents.RecentsActivity]
04-13 20:18:58.296 I/am_set_resumed_activity( 3847): [0,com.sec.android.app.launcher/.activities.LauncherActivity,resumeTopActivityInnerLocked]
04-13 20:18:58.299 I/am_resume_activity( 3847): [0,123749643,2,com.sec.android.app.launcher/.activities.LauncherActivity]
04-13 20:18:58.300 I/am_task_to_front( 3847): [0,2]
04-13 20:18:58.303 I/sysui_count( 3847): [window_time_0,0]
04-13 20:18:58.303 I/sysui_multi_action( 3847): [757,803,799,window_time_0,802,0]
04-13 20:18:58.304 I/am_stop_activity( 3847): [0,241881128,com.android.systemui/.recents.RecentsActivity]
04-13 20:18:58.309 I/am_on_paused_called( 4250): [0,com.android.systemui.recents.RecentsActivity,handlePauseActivity]
04-13 20:18:58.310 I/sysui_view_visibility( 4250): [224,0]
04-13 20:18:58.310 I/sysui_multi_action( 4250): [757,224,758,2]
04-13 20:18:58.310 I/am_on_stop_called( 4250): [0,com.android.systemui.recents.RecentsActivity,handleStopActivity]
04-13 20:18:58.318 I/am_on_resume_called( 5231): [0,com.sec.android.app.launcher.activities.LauncherActivity,RESUME_ACTIVITY]
04-13 20:18:58.348 I/power_partial_wake_state( 3847): [55,*launch*:android]
04-13 20:18:58.361 I/sysui_multi_action( 3847): [319,73,322,74,325,191858,757,761,758,9,759,2,806,com.sec.android.app.launcher,871,com.sec.android.app.launcher.activities.LauncherActivity,905,0]
04-13 20:18:58.396 I/am_proc_died( 3847): [0,25982,org.videolan.vlc,900,17,880,1893]
04-13 20:18:58.396 I/am_uid_stopped( 3847): 10235
04-13 20:18:58.401 I/wm_task_removed( 3847): [200,removeAppToken: last token]
04-13 20:18:58.401 I/wm_task_removed( 3847): [200,removeTask]
04-13 20:18:58.401 I/wm_stack_removed( 3847): 1
04-13 20:18:59.674 I/sysui_count( 4250): [panel_open,1]
04-13 20:18:59.674 I/sysui_multi_action( 4250): [757,803,799,panel_open,802,1]
04-13 20:18:59.688 I/sysui_view_visibility( 3847): [127,100]
04-13 20:18:59.688 I/sysui_multi_action( 3847): [757,127,758,1]
04-13 20:18:59.688 I/sysui_histogram( 3847): [note_load,4]
04-13 20:18:59.688 I/sysui_multi_action( 3847): [757,804,799,note_load,801,4,802,1]
04-13 20:18:59.688 I/notification_panel_revealed( 3847): 4
04-13 20:19:00.030 I/power_partial_wake_state( 3847): [30,*alarm*:android]
04-13 20:19:00.190 I/sysui_multi_action( 3847): [757,128,758,1,793,170477373,794,0,795,3334905,796,121315,798,0,806,com.sec.android.app.samsungapps,857,galaxy_apps_urgent_notifica-62ca306b,858,4,947,0]
04-13 20:19:00.190 I/sysui_histogram( 3847): [note_freshness,3334905]
04-13 20:19:00.190 I/sysui_multi_action( 3847): [757,804,799,note_freshness,801,3334905,802,1]
04-13 20:19:00.190 I/notification_visibility( 3847): [0|com.sec.android.app.samsungapps|121315|null|10026,1,170477373,3334905,0,0]
04-13 20:19:00.190 I/sysui_multi_action( 3847): [757,128,758,1,793,2803067,794,0,795,2803067,796,1,798,1,806,me.pou.app,857,pou_notif,858,3,947,0]
04-13 20:19:00.190 I/sysui_histogram( 3847): [note_freshness,2803067]
04-13 20:19:00.190 I/sysui_multi_action( 3847): [757,804,799,note_freshness,801,2803067,802,1]
04-13 20:19:00.190 I/notification_visibility( 3847): [0|me.pou.app|1|null|10226,1,2803067,2803067,0,1]
04-13 20:19:00.190 I/sysui_multi_action( 3847): [757,128,758,1,793,4085470,794,0,795,4085470,796,27,798,2,806,android,857,USB,858,1,947,0]
04-13 20:19:00.190 I/sysui_histogram( 3847): [note_freshness,4085470]
04-13 20:19:00.190 I/sysui_multi_action( 3847): [757,804,799,note_freshness,801,4085470,802,1]
04-13 20:19:00.190 I/notification_visibility( 3847): [-1|android|27|null|1000,1,4085470,4085470,0,2]
04-13 20:19:00.190 I/sysui_multi_action( 3847): [757,128,758,1,793,4082979,794,0,795,48300,796,2131362716,797,charging_state,798,3,806,com.android.systemui,857,GEN,858,1,947,0]
04-13 20:19:00.190 I/sysui_histogram( 3847): [note_freshness,48300]
04-13 20:19:00.190 I/sysui_multi_action( 3847): [757,804,799,note_freshness,801,48300,802,1]
