04-13 19:43:24.378 I/am_resume_activity( 3847): [0,123749643,2,com.sec.android.app.launcher/.activities.LauncherActivity]
04-13 19:43:24.381 I/am_task_to_front( 3847): [0,2]
04-13 19:43:24.384 I/sysui_count( 3847): [window_time_0,300]
04-13 19:43:24.384 I/sysui_multi_action( 3847): [757,803,799,window_time_0,802,300]
04-13 19:43:24.390 I/am_stop_activity( 3847): [0,214389165,org.videolan.vlc/.gui.MainActivity]
04-13 19:43:24.403 I/am_on_resume_called( 5231): [0,com.sec.android.app.launcher.activities.LauncherActivity,RESUME_ACTIVITY]
04-13 19:43:24.434 I/am_on_stop_called(22496): [0,org.videolan.vlc.gui.MainActivity,handleStopActivity]
04-13 19:43:24.446 I/power_partial_wake_state( 3847): [83,*launch*:android]
04-13 19:43:24.501 I/sysui_multi_action( 3847): [319,95,322,97,325,189724,757,761,758,9,759,2,806,com.sec.android.app.launcher,871,com.sec.android.app.launcher.activities.LauncherActivity,905,0]
04-13 19:43:24.641 I/sysui_multi_action( 4250): [757,931,758,4,759,187,932,0,933,0]
04-13 19:43:24.725 I/sysui_multi_action( 4250): [757,931,758,4,759,187,932,0,933,1]
04-13 19:43:24.735 I/notification_cancel( 3847): [10004,4250,com.android.systemui,2,low_battery,-1,0,1088,8,NULL]
04-13 19:43:24.735 I/notification_cancel( 3847): [10004,4250,com.android.systemui,3,low_battery,-1,0,1088,8,NULL]
04-13 19:43:24.759 I/am_new_intent( 3847): [0,110375134,3,com.android.systemui/.recents.RecentsActivity,NULL,NULL,NULL,276840448,com.android.systemui]
04-13 19:43:24.759 I/wm_task_moved( 3847): [3,1,0]
04-13 19:43:24.760 I/am_focused_stack( 3847): [0,5,0,bringingFoundTaskToFront]
04-13 19:43:24.760 I/wm_task_moved( 3847): [3,1,0]
04-13 19:43:24.761 I/am_pause_activity( 3847): [0,123749643,com.sec.android.app.launcher/.activities.LauncherActivity]
04-13 19:43:24.766 I/am_set_resumed_activity( 3847): [0,com.android.systemui/.recents.RecentsActivity,resumeTopActivityInnerLocked]
04-13 19:43:24.772 I/am_resume_activity( 3847): [0,241881128,3,com.android.systemui/.recents.RecentsActivity]
04-13 19:43:24.774 I/am_task_to_front( 3847): [0,3]
04-13 19:43:24.788 I/am_kill ( 3847): [0,13852,me.pou.app,901,15,DHA:cached #25]
04-13 19:43:24.788 I/sysui_count( 3847): [window_time_0,1]
04-13 19:43:24.788 I/sysui_multi_action( 3847): [757,803,799,window_time_0,802,1]
04-13 19:43:24.788 I/am_on_paused_called( 5231): [0,com.sec.android.app.launcher.activities.LauncherActivity,handlePauseActivity]
04-13 19:43:24.793 I/sysui_count( 4250): [overview_trigger_nav_btn,1]
04-13 19:43:24.793 I/sysui_multi_action( 4250): [757,803,799,overview_trigger_nav_btn,802,1]
04-13 19:43:24.793 I/sysui_count( 4250): [overview_source_home,1]
04-13 19:43:24.793 I/sysui_multi_action( 4250): [757,803,799,overview_source_home,802,1]
04-13 19:43:24.794 I/am_stop_activity( 3847): [0,123749643,com.sec.android.app.launcher/.activities.LauncherActivity]
04-13 19:43:24.796 I/am_on_stop_called( 5231): [0,com.sec.android.app.launcher.activities.LauncherActivity,handleStopActivity]
04-13 19:43:24.800 I/sysui_histogram( 4250): [overview_task_count,29]
04-13 19:43:24.800 I/sysui_multi_action( 4250): [757,804,799,overview_task_count,801,29,802,1]
04-13 19:43:24.804 I/sysui_view_visibility( 4250): [224,100]
04-13 19:43:24.804 I/sysui_multi_action( 4250): [757,224,758,1]
04-13 19:43:24.808 I/am_on_resume_called( 4250): [0,com.android.systemui.recents.RecentsActivity,RESUME_ACTIVITY]
04-13 19:43:24.895 I/sysui_multi_action( 3847): [319,143,322,149,325,189725,757,761,758,9,759,2,806,com.android.systemui,871,com.android.systemui.recents.RecentsActivity,905,0]
04-13 19:43:24.908 I/am_proc_died( 3847): [0,13852,me.pou.app,901,15,86,740]
04-13 19:43:24.911 I/am_uid_stopped( 3847): 10226
04-13 19:43:24.921 I/am_kill ( 3847): [0,13972,com.android.chrome:sandboxed_process0,0,11,isolated not needed]
04-13 19:43:24.956 I/am_proc_died( 3847): [0,13972,com.android.chrome:sandboxed_process0,0,11,82,742]
04-13 19:43:24.957 I/am_uid_stopped( 3847): 99338
04-13 19:43:25.281 I/power_partial_wake_state( 3847): [520,*launch*:android]
04-13 19:43:26.135 I/am_finish_activity( 3847): [0,214389165,192,org.videolan.vlc/.gui.MainActivity,clear-task-index]
04-13 19:43:26.136 I/sysui_count( 4250): [overview_task_all_dismissed,1]
04-13 19:43:26.136 I/sysui_multi_action( 4250): [757,803,799,overview_task_all_dismissed,802,1]
04-13 19:43:26.136 I/sysui_action( 4250): [357,]
04-13 19:43:26.136 I/sysui_multi_action( 4250): [757,357,758,4]
04-13 19:43:26.137 I/am_destroy_activity( 3847): [0,214389165,192,org.videolan.vlc/.gui.MainActivity,finish-imm]
04-13 19:43:26.145 I/am_kill ( 3847): [0,22496,org.videolan.vlc,900,17,remove task]
04-13 19:43:26.145 I/sysui_count( 3847): [window_time_0,1]
04-13 19:43:26.145 I/sysui_multi_action( 3847): [757,803,799,window_time_0,802,1]
04-13 19:43:26.146 I/am_finish_activity( 3847): [0,479128,191,com.crunchyroll.crunchyroid/com.crunchyroll.onboarding.OnboardingV2Activity,clear-task-index]
04-13 19:43:26.147 I/am_destroy_activity( 3847): [0,479128,191,com.crunchyroll.crunchyroid/com.crunchyroll.onboarding.OnboardingV2Activity,finish-imm]
04-13 19:43:26.154 I/am_kill ( 3847): [0,22123,com.crunchyroll.crunchyroid,900,17,remove task]
04-13 19:43:26.155 I/am_kill ( 3847): [0,22336,com.android.chrome:sandboxed_process0,900,17,remove task]
04-13 19:43:26.157 I/sysui_count( 3847): [window_time_0,0]
04-13 19:43:26.157 I/sysui_multi_action( 3847): [757,803,799,window_time_0,802,0]
04-13 19:43:26.158 I/am_finish_activity( 3847): [0,140618689,190,com.cloudmosa.puffinFree/com.cloudmosa.app.FreeNormalActivity,clear-task-index]
04-13 19:43:26.159 I/am_destroy_activity( 3847): [0,140618689,190,com.cloudmosa.puffinFree/com.cloudmosa.app.FreeNormalActivity,finish-imm]
04-13 19:43:26.167 I/am_kill ( 3847): [0,21556,com.cloudmosa.puffinFree,900,17,remove task]
04-13 19:43:26.168 I/am_kill ( 3847): [0,21677,com.android.chrome:sandboxed_process0,900,17,remove task]
04-13 19:43:26.172 I/am_new_intent( 3847): [0,159286597,2,com.sec.android.app.launcher/.activities.LauncherActivity,android.intent.action.MAIN,NULL,NULL,278921216,com.android.systemui]
04-13 19:43:26.172 I/wm_task_moved( 3847): [2,1,0]
04-13 19:43:26.173 I/am_focused_stack( 3847): [0,0,5,bringingFoundTaskToFront]
04-13 19:43:26.173 I/wm_task_moved( 3847): [2,1,0]
04-13 19:43:26.174 I/am_pause_activity( 3847): [0,241881128,com.android.systemui/.recents.RecentsActivity]
04-13 19:43:26.177 I/am_set_resumed_activity( 3847): [0,com.sec.android.app.launcher/.activities.LauncherActivity,resumeTopActivityInnerLocked]
04-13 19:43:26.184 I/am_resume_activity( 3847): [0,123749643,2,com.sec.android.app.launcher/.activities.LauncherActivity]
04-13 19:43:26.186 I/am_task_to_front( 3847): [0,2]
04-13 19:43:26.188 I/sysui_count( 3847): [window_time_0,0]
04-13 19:43:26.188 I/sysui_multi_action( 3847): [757,803,799,window_time_0,802,0]
04-13 19:43:26.188 I/am_finish_activity( 3847): [0,80058491,188,com.soccer.score.star/com.unity3d.player.UnityPlayerActivity,clear-task-index]
04-13 19:43:26.190 I/am_destroy_activity( 3847): [0,80058491,188,com.soccer.score.star/com.unity3d.player.UnityPlayerActivity,finish-imm]
04-13 19:43:26.192 I/am_on_paused_called( 4250): [0,com.android.systemui.recents.RecentsActivity,handlePauseActivity]
04-13 19:43:26.194 I/am_kill ( 3847): [0,21146,com.soccer.score.star,900,17,remove task]
04-13 19:43:26.194 I/am_proc_died( 3847): [0,22336,com.android.chrome:sandboxed_process0,900,17,176,725]
04-13 19:43:26.194 I/am_schedule_service_restart( 3847): [0,com.crunchyroll.crunchyroid/org.chromium.content.app.SandboxedProcessService0,1000]
04-13 19:43:26.194 I/am_uid_stopped( 3847): 99351
04-13 19:43:26.198 I/sysui_count( 3847): [window_time_0,0]
04-13 19:43:26.198 I/sysui_multi_action( 3847): [757,803,799,window_time_0,802,0]
04-13 19:43:26.198 I/am_stop_activity( 3847): [0,241881128,com.android.systemui/.recents.RecentsActivity]
04-13 19:43:26.199 I/am_finish_activity( 3847): [0,218226628,187,com.blockchainvault/com.pinetwork.MainActivity,clear-task-index]
04-13 19:43:26.200 I/am_destroy_activity( 3847): [0,218226628,187,com.blockchainvault/com.pinetwork.MainActivity,finish-imm]
04-13 19:43:26.208 I/am_kill ( 3847): [0,20869,com.android.chrome:sandboxed_process0,900,17,remove task]
04-13 19:43:26.208 I/am_kill ( 3847): [0,20684,com.blockchainvault,900,17,remove task]
04-13 19:43:26.209 I/am_finish_activity( 3847): [0,46345604,186,com.etsy.android/.ui.BOEActivity,clear-task-index]
04-13 19:43:26.209 I/am_destroy_activity( 3847): [0,46345604,186,com.etsy.android/.ui.BOEActivity,finish-imm]
04-13 19:43:26.212 I/am_kill ( 3847): [0,20271,com.etsy.android,900,17,remove task]
04-13 19:43:26.213 I/sysui_count( 3847): [window_time_0,0]
04-13 19:43:26.213 I/sysui_multi_action( 3847): [757,803,799,window_time_0,802,0]
04-13 19:43:26.215 I/sysui_count( 3847): [window_time_0,0]
04-13 19:43:26.215 I/sysui_multi_action( 3847): [757,803,799,window_time_0,802,0]
04-13 19:43:26.215 I/sysui_count( 3847): [window_time_0,0]
04-13 19:43:26.215 I/sysui_multi_action( 3847): [757,803,799,window_time_0,802,0]
04-13 19:43:26.216 I/am_finish_activity( 3847): [0,13492140,185,com.gjg.colorfill3d/com.google.firebase.MessagingUnityPlayerActivity,clear-task-index]
04-13 19:43:26.216 I/am_destroy_activity( 3847): [0,13492140,185,com.gjg.colorfill3d/com.google.firebase.MessagingUnityPlayerActivity,finish-imm]
04-13 19:43:26.218 I/sysui_view_visibility( 4250): [224,0]
04-13 19:43:26.219 I/sysui_multi_action( 4250): [757,224,758,2]
04-13 19:43:26.219 I/am_on_stop_called( 4250): [0,com.android.systemui.recents.RecentsActivity,handleStopActivity]
04-13 19:43:26.219 I/am_on_resume_called( 5231): [0,com.sec.android.app.launcher.activities.LauncherActivity,RESUME_ACTIVITY]
04-13 19:43:26.219 I/am_kill ( 3847): [0,19573,com.gjg.colorfill3d,900,17,remove task]
04-13 19:43:26.220 I/am_kill ( 3847): [0,19926,com.android.chrome:sandboxed_process0,900,17,remove task]
04-13 19:43:26.220 I/sysui_count( 3847): [window_time_0,0]
04-13 19:43:26.220 I/sysui_multi_action( 3847): [757,803,799,window_time_0,802,0]
04-13 19:43:26.222 I/am_finish_activity( 3847): [0,173152934,184,kik.android/.chat.activity.KikWelcomeFragmentActivity,clear-task-index]
04-13 19:43:26.223 I/am_destroy_activity( 3847): [0,173152934,184,kik.android/.chat.activity.KikWelcomeFragmentActivity,finish-imm]
04-13 19:43:26.226 I/am_kill ( 3847): [0,19163,kik.android,900,17,remove task]
04-13 19:43:26.227 I/sysui_count( 3847): [window_time_0,0]
04-13 19:43:26.227 I/sysui_multi_action( 3847): [757,803,799,window_time_0,802,0]
04-13 19:43:26.234 I/am_finish_activity( 3847): [0,114632064,183,com.appstar.callrecorder/.MainActivity,clear-task-index]
04-13 19:43:26.236 I/am_destroy_activity( 3847): [0,114632064,183,com.appstar.callrecorder/.MainActivity,finish-imm]
04-13 19:43:26.246 I/am_kill ( 3847): [0,18744,com.appstar.callrecorder,900,17,remove task]
04-13 19:43:26.247 I/am_kill ( 3847): [0,18856,com.android.chrome:sandboxed_process0,900,17,remove task]
04-13 19:43:26.248 I/sysui_count( 3847): [window_time_0,0]
04-13 19:43:26.248 I/sysui_multi_action( 3847): [757,803,799,window_time_0,802,0]
04-13 19:43:26.251 I/am_finish_activity( 3847): [0,111601008,182,com.fingersoft.hillclimb/com.fingersoft.game.MainActivity,clear-task-index]
04-13 19:43:26.252 I/am_destroy_activity( 3847): [0,111601008,182,com.fingersoft.hillclimb/com.fingersoft.game.MainActivity,finish-imm]
04-13 19:43:26.256 I/am_kill ( 3847): [0,18014,com.fingersoft.hillclimb,900,17,remove task]
04-13 19:43:26.256 I/am_kill ( 3847): [0,18167,com.android.chrome:sandboxed_process0,900,17,remove task]
04-13 19:43:26.256 I/sysui_count( 3847): [window_time_0,0]
04-13 19:43:26.256 I/sysui_multi_action( 3847): [757,803,799,window_time_0,802,0]
04-13 19:43:26.257 I/am_finish_activity( 3847): [0,179924673,181,com.gokids.transport2/.RunnerActivity,clear-task-index]
04-13 19:43:26.257 I/am_destroy_activity( 3847): [0,179924673,181,com.gokids.transport2/.RunnerActivity,finish-imm]
04-13 19:43:26.260 I/am_kill ( 3847): [0,17340,com.gokids.transport2,900,17,remove task]
04-13 19:43:26.261 I/am_kill ( 3847): [0,17589,com.android.chrome:sandboxed_process0,900,17,remove task]
04-13 19:43:26.261 I/sysui_count( 3847): [window_time_0,0]
04-13 19:43:26.261 I/sysui_multi_action( 3847): [757,803,799,window_time_0,802,0]
04-13 19:43:26.262 I/am_finish_activity( 3847): [0,214181980,180,com.king.candycrushsodasaga/.StritzActivity,clear-task-index]
04-13 19:43:26.263 I/am_destroy_activity( 3847): [0,214181980,180,com.king.candycrushsodasaga/.StritzActivity,finish-imm]
04-13 19:43:26.274 I/am_kill ( 3847): [0,16873,com.king.candycrushsodasaga,900,17,remove task]
04-13 19:43:26.274 I/am_kill ( 3847): [0,17247,com.android.chrome:sandboxed_process0,900,17,remove task]
04-13 19:43:26.274 I/sysui_count( 3847): [window_time_0,0]
04-13 19:43:26.274 I/sysui_multi_action( 3847): [757,803,799,window_time_0,802,0]
04-13 19:43:26.274 I/power_partial_wake_state( 3847): [100,*launch*:android]
04-13 19:43:26.278 I/sysui_multi_action( 3847): [319,130,322,132,325,189726,757,761,758,9,759,2,806,com.sec.android.app.launcher,871,com.sec.android.app.launcher.activities.LauncherActivity,905,0]
04-13 19:43:26.278 I/am_finish_activity( 3847): [0,231235689,179,com.coinbase.android/.MainActivity,clear-task-index]
04-13 19:43:26.279 I/am_destroy_activity( 3847): [0,231235689,179,com.coinbase.android/.MainActivity,finish-imm]
04-13 19:43:26.282 I/am_kill ( 3847): [0,10625,com.coinbase.android,900,17,remove task]
04-13 19:43:26.283 I/am_kill ( 3847): [0,16669,com.android.chrome:sandboxed_process0,900,17,remove task]
04-13 19:43:26.283 I/sysui_count( 3847): [window_time_0,0]
04-13 19:43:26.283 I/sysui_multi_action( 3847): [757,803,799,window_time_0,802,0]
04-13 19:43:26.286 I/am_finish_activity( 3847): [0,191936344,178,org.mozilla.firefox/.App,clear-task-index]
04-13 19:43:26.288 I/am_destroy_activity( 3847): [0,191936344,178,org.mozilla.firefox/.App,finish-imm]
04-13 19:43:26.291 I/am_kill ( 3847): [0,16322,org.mozilla.firefox:gpu,900,17,remove task]
04-13 19:43:26.291 I/am_kill ( 3847): [0,16253,org.mozilla.firefox:tab28,900,17,remove task]
04-13 19:43:26.291 I/am_kill ( 3847): [0,16167,org.mozilla.firefox,900,17,remove task]
04-13 19:43:26.292 I/sysui_count( 3847): [window_time_0,0]
04-13 19:43:26.292 I/sysui_multi_action( 3847): [757,803,799,window_time_0,802,0]
04-13 19:43:26.292 I/am_finish_activity( 3847): [0,185360637,177,com.amazon.kindle/com.amazon.kcp.oob.MainActivity,clear-task-index]
04-13 19:43:26.293 I/am_destroy_activity( 3847): [0,185360637,177,com.amazon.kindle/com.amazon.kcp.oob.MainActivity,finish-imm]
04-13 19:43:26.296 I/am_kill ( 3847): [0,16026,com.android.chrome:sandboxed_process0,900,17,remove task]
04-13 19:43:26.296 I/am_kill ( 3847): [0,15715,com.amazon.kindle,900,17,remove task]
04-13 19:43:26.296 I/sysui_count( 3847): [window_time_0,0]
04-13 19:43:26.296 I/sysui_multi_action( 3847): [757,803,799,window_time_0,802,0]
04-13 19:43:26.297 I/am_finish_activity( 3847): [0,71048791,176,org.thoughtcrime.securesms/.registration.RegistrationNavigationActivity,clear-task-index]
04-13 19:43:26.297 I/am_destroy_activity( 3847): [0,71048791,176,org.thoughtcrime.securesms/.registration.RegistrationNavigationActivity,finish-imm]
04-13 19:43:26.301 I/am_kill ( 3847): [0,15465,org.thoughtcrime.securesms,900,17,remove task]
04-13 19:43:26.304 I/sysui_count( 3847): [window_time_0,0]
04-13 19:43:26.305 I/sysui_multi_action( 3847): [757,803,799,window_time_0,802,0]
04-13 19:43:26.305 I/am_finish_activity( 3847): [0,191627692,175,org.telegram.messenger/.DefaultIcon,clear-task-index]
04-13 19:43:26.305 I/am_destroy_activity( 3847): [0,191627692,175,org.telegram.messenger/.DefaultIcon,finish-imm]
04-13 19:43:26.309 I/am_kill ( 3847): [0,15181,org.telegram.messenger,900,17,remove task]
04-13 19:43:26.309 I/sysui_count( 3847): [window_time_0,0]
04-13 19:43:26.309 I/sysui_multi_action( 3847): [757,803,799,window_time_0,802,0]
04-13 19:43:26.309 I/am_finish_activity( 3847): [0,1678350,174,com.seenax.HideAndSeek/com.unity3d.player.UnityPlayerActivity,clear-task-index]
04-13 19:43:26.310 I/am_destroy_activity( 3847): [0,1678350,174,com.seenax.HideAndSeek/com.unity3d.player.UnityPlayerActivity,finish-imm]
04-13 19:43:26.313 I/am_kill ( 3847): [0,14305,com.seenax.HideAndSeek,902,17,remove task]
04-13 19:43:26.314 I/am_kill ( 3847): [0,14473,com.android.chrome:sandboxed_process0,900,17,remove task]
04-13 19:43:26.314 I/sysui_count( 3847): [window_time_0,0]
04-13 19:43:26.314 I/sysui_multi_action( 3847): [757,803,799,window_time_0,802,0]
04-13 19:43:26.315 I/am_finish_activity( 3847): [0,47784452,173,me.pou.app/.App,clear-task-index]
04-13 19:43:26.318 I/sysui_count( 3847): [window_time_0,0]
04-13 19:43:26.318 I/sysui_multi_action( 3847): [757,803,799,window_time_0,802,0]
04-13 19:43:26.318 I/am_finish_activity( 3847): [0,264645354,172,me.lyft.android/.ui.MainActivity,clear-task-index]
04-13 19:43:26.324 I/sysui_count( 3847): [window_time_0,0]
04-13 19:43:26.324 I/sysui_multi_action( 3847): [757,803,799,window_time_0,802,0]
04-13 19:43:26.324 I/am_finish_activity( 3847): [0,113034607,171,io.faceapp/.PhotoMainActivity,clear-task-index]
04-13 19:43:26.327 I/am_kill ( 3847): [0,22715,io.faceapp,904,17,remove task]
04-13 19:43:26.327 I/sysui_count( 3847): [window_time_0,0]
04-13 19:43:26.327 I/sysui_multi_action( 3847): [757,803,799,window_time_0,802,0]
04-13 19:43:26.328 I/am_finish_activity( 3847): [0,218897463,170,com.yodo1.crossyroad/com.hipsterwhale.hwutils.OverrideUnityActivity,clear-task-index]
04-13 19:43:26.331 I/sysui_count( 3847): [window_time_0,0]
04-13 19:43:26.331 I/sysui_multi_action( 3847): [757,803,799,window_time_0,802,0]
04-13 19:43:26.332 I/am_finish_activity( 3847): [0,217451875,169,com.rizwan.simplepdfreader2018/.ui.activity.MainActivity,clear-task-index]
04-13 19:43:26.335 I/sysui_count( 3847): [window_time_0,0]
04-13 19:43:26.335 I/sysui_multi_action( 3847): [757,803,799,window_time_0,802,0]
04-13 19:43:26.335 I/am_finish_activity( 3847): [0,220137940,168,com.nytimes.crossword/com.nytimes.crosswordlib.activity.MainActivity,clear-task-index]
04-13 19:43:26.338 I/sysui_count( 3847): [window_time_0,0]
04-13 19:43:26.338 I/sysui_multi_action( 3847): [757,803,799,window_time_0,802,0]
04-13 19:43:26.338 I/am_finish_activity( 3847): [0,5460183,167,com.king.candycrushsaga/.CandyCrushSagaActivity,clear-task-index]
04-13 19:43:26.341 I/sysui_count( 3847): [window_time_0,0]
04-13 19:43:26.341 I/sysui_multi_action( 3847): [757,803,799,window_time_0,802,0]
04-13 19:43:26.342 I/am_finish_activity( 3847): [0,165553832,166,com.king.candycrushjellysaga/.StritzActivity,clear-task-index]
04-13 19:43:26.344 I/sysui_count( 3847): [window_time_0,0]
04-13 19:43:26.344 I/sysui_multi_action( 3847): [757,803,799,window_time_0,802,0]
04-13 19:43:26.345 I/am_finish_activity( 3847): [0,85658116,165,com.whatsapp/.registration.EULA,clear-task-index]
04-13 19:43:26.348 I/sysui_count( 3847): [window_time_0,0]
04-13 19:43:26.348 I/sysui_multi_action( 3847): [757,803,799,window_time_0,802,0]
04-13 19:43:26.348 I/am_finish_activity( 3847): [0,266660439,164,com.amazon.sellermobile.android/.auth.PreLoginActivity,clear-task-index]
04-13 19:43:26.351 I/sysui_count( 3847): [window_time_0,0]
04-13 19:43:26.351 I/sysui_multi_action( 3847): [757,803,799,window_time_0,802,0]
04-13 19:43:26.351 I/am_finish_activity( 3847): [0,103914054,163,com.bitstrips.imoji/.ui.LoginActivity,clear-task-index]
04-13 19:43:26.354 I/sysui_count( 3847): [window_time_0,0]
04-13 19:43:26.354 I/sysui_multi_action( 3847): [757,803,799,window_time_0,802,0]
04-13 19:43:26.416 I/am_proc_died( 3847): [0,22496,org.videolan.vlc,900,17,373,728]
04-13 19:43:26.417 I/am_uid_stopped( 3847): 10235
04-13 19:43:26.419 I/wm_task_removed( 3847): [192,removeAppToken: last token]
04-13 19:43:26.419 I/wm_task_removed( 3847): [192,removeTask]
04-13 19:43:26.551 I/am_proc_died( 3847): [0,15181,org.telegram.messenger,900,17,573,728]
04-13 19:43:26.551 I/am_uid_stopped( 3847): 10228
04-13 19:43:26.554 I/wm_task_removed( 3847): [175,removeAppToken: last token]
04-13 19:43:26.554 I/wm_task_removed( 3847): [175,removeTask]
04-13 19:43:26.560 I/am_proc_died( 3847): [0,21556,com.cloudmosa.puffinFree,900,17,581,728]
04-13 19:43:26.561 I/am_uid_stopped( 3847): 10234
04-13 19:43:26.562 I/wm_task_removed( 3847): [190,removeAppToken: last token]
04-13 19:43:26.562 I/wm_task_removed( 3847): [190,removeTask]
04-13 19:43:26.666 I/am_proc_died( 3847): [0,21677,com.android.chrome:sandboxed_process0,0,11,686,727]
04-13 19:43:26.667 I/am_uid_stopped( 3847): 99350
04-13 19:43:26.695 I/am_proc_died( 3847): [0,17247,com.android.chrome:sandboxed_process0,900,17,711,727]
04-13 19:43:26.695 I/am_schedule_service_restart( 3847): [0,com.king.candycrushsodasaga/org.chromium.content.app.SandboxedProcessService0,10500]
04-13 19:43:26.695 I/am_uid_stopped( 3847): 99342
04-13 19:43:26.703 I/am_proc_died( 3847): [0,19926,com.android.chrome:sandboxed_process0,900,17,720,727]
04-13 19:43:26.703 I/am_schedule_service_restart( 3847): [0,com.gjg.colorfill3d/org.chromium.content.app.SandboxedProcessService0,20491]
04-13 19:43:26.703 I/am_uid_stopped( 3847): 99348
04-13 19:43:26.749 I/am_proc_died( 3847): [0,18167,com.android.chrome:sandboxed_process0,900,17,805,727]
04-13 19:43:26.750 I/am_schedule_service_restart( 3847): [0,com.fingersoft.hillclimb/org.chromium.content.app.SandboxedProcessService0,30445]
04-13 19:43:26.750 I/am_uid_stopped( 3847): 99345
04-13 19:43:26.769 I/am_proc_died( 3847): [0,18856,com.android.chrome:sandboxed_process0,900,17,822,727]
04-13 19:43:26.769 I/am_schedule_service_restart( 3847): [0,com.appstar.callrecorder/org.chromium.content.app.SandboxedProcessService0,40426]
04-13 19:43:26.769 I/am_uid_stopped( 3847): 99346
04-13 19:43:26.802 I/am_proc_died( 3847): [0,16669,com.android.chrome:sandboxed_process0,900,17,839,727]
04-13 19:43:26.802 I/am_schedule_service_restart( 3847): [0,com.coinbase.android/org.chromium.content.app.SandboxedProcessService0,50392]
04-13 19:43:26.802 I/am_uid_stopped( 3847): 99341
04-13 19:43:26.835 I/am_proc_died( 3847): [0,22123,com.crunchyroll.crunchyroid,900,17,900,726]
04-13 19:43:26.836 I/am_uid_stopped( 3847): 10214
04-13 19:43:26.840 I/wm_task_removed( 3847): [191,removeAppToken: last token]
04-13 19:43:26.840 I/wm_task_removed( 3847): [191,removeTask]
04-13 19:43:26.850 I/am_proc_died( 3847): [0,20869,com.android.chrome:sandboxed_process0,900,17,908,726]
04-13 19:43:26.850 I/am_schedule_service_restart( 3847): [0,com.blockchainvault/org.chromium.content.app.SandboxedProcessService0,60345]
04-13 19:43:26.850 I/am_uid_stopped( 3847): 99349
04-13 19:43:26.863 I/power_partial_wake_state( 3847): [5,RILJ:com.android.phone]
04-13 19:43:26.921 I/am_proc_died( 3847): [0,16322,org.mozilla.firefox:gpu,900,17,943,726]
04-13 19:43:26.921 I/am_schedule_service_restart( 3847): [0,org.mozilla.firefox/org.mozilla.gecko.process.GeckoChildProcessServices$gpu,70273]
04-13 19:43:26.930 I/am_proc_died( 3847): [0,22715,io.faceapp,904,17,954,726]
04-13 19:43:26.930 I/am_uid_stopped( 3847): 10225
04-13 19:43:26.937 I/am_proc_died( 3847): [0,19163,kik.android,900,17,959,726]
04-13 19:43:26.939 I/am_uid_stopped( 3847): 10232
04-13 19:43:26.942 I/wm_task_removed( 3847): [184,removeAppToken: last token]
04-13 19:43:26.942 I/wm_task_removed( 3847): [184,removeTask]
04-13 19:43:26.960 I/am_proc_died( 3847): [0,17589,com.android.chrome:sandboxed_process0,900,17,965,728]
04-13 19:43:26.960 I/am_schedule_service_restart( 3847): [0,com.gokids.transport2/org.chromium.content.app.SandboxedProcessService0,80234]
04-13 19:43:26.960 I/am_uid_stopped( 3847): 99343
04-13 19:43:26.987 I/am_proc_died( 3847): [0,18744,com.appstar.callrecorder,900,17,1002,728]
04-13 19:43:26.988 I/am_uid_stopped( 3847): 10217
04-13 19:43:27.006 I/wm_task_removed( 3847): [183,removeAppToken: last token]
04-13 19:43:27.007 I/wm_task_removed( 3847): [183,removeTask]
04-13 19:43:27.018 I/am_proc_died( 3847): [0,14473,com.android.chrome:sandboxed_process0,900,17,1051,728]
04-13 19:43:27.018 I/am_schedule_service_restart( 3847): [0,com.seenax.HideAndSeek/org.chromium.content.app.SandboxedProcessService0,90177]
04-13 19:43:27.018 I/am_uid_stopped( 3847): 99339
04-13 19:43:27.049 I/am_proc_died( 3847): [0,20684,com.blockchainvault,900,17,1073,728]
04-13 19:43:27.050 I/am_uid_stopped( 3847): 10236
04-13 19:43:27.058 I/wm_task_removed( 3847): [187,removeAppToken: last token]
04-13 19:43:27.058 I/wm_task_removed( 3847): [187,removeTask]
04-13 19:43:27.115 I/am_proc_died( 3847): [0,20271,com.etsy.android,900,17,1237,728]
04-13 19:43:27.116 I/am_uid_stopped( 3847): 10213
04-13 19:43:27.124 I/wm_task_removed( 3847): [186,removeAppToken: last token]
04-13 19:43:27.124 I/wm_task_removed( 3847): [186,removeTask]
04-13 19:43:27.191 I/am_proc_died( 3847): [0,18014,com.fingersoft.hillclimb,900,17,1331,728]
04-13 19:43:27.192 I/am_uid_stopped( 3847): 10215
04-13 19:43:27.199 I/wm_task_removed( 3847): [182,removeAppToken: last token]
04-13 19:43:27.199 I/wm_task_removed( 3847): [182,removeTask]
04-13 19:43:27.224 I/am_proc_died( 3847): [0,16167,org.mozilla.firefox,900,17,1354,729]
04-13 19:43:27.249 I/wm_task_removed( 3847): [178,removeAppToken: last token]
04-13 19:43:27.250 I/wm_task_removed( 3847): [178,removeTask]
04-13 19:43:27.261 I/am_proc_died( 3847): [0,15465,org.thoughtcrime.securesms,900,17,1370,730]
04-13 19:43:27.262 I/am_uid_stopped( 3847): 10229
04-13 19:43:27.276 I/wm_task_removed( 3847): [176,removeAppToken: last token]
04-13 19:43:27.278 I/wm_task_removed( 3847): [176,removeTask]
04-13 19:43:27.297 I/am_proc_died( 3847): [0,10625,com.coinbase.android,900,17,1391,730]
04-13 19:43:27.298 I/am_uid_stopped( 3847): 10211
04-13 19:43:27.333 I/wm_task_removed( 3847): [179,removeAppToken: last token]
04-13 19:43:27.333 I/wm_task_removed( 3847): [179,removeTask]
04-13 19:43:27.432 I/am_proc_died( 3847): [0,19573,com.gjg.colorfill3d,900,17,1651,730]
04-13 19:43:27.433 I/am_uid_stopped( 3847): 10210
04-13 19:43:27.472 I/wm_task_removed( 3847): [185,removeAppToken: last token]
04-13 19:43:27.474 I/wm_task_removed( 3847): [185,removeTask]
04-13 19:43:27.488 I/am_proc_died( 3847): [0,17340,com.gokids.transport2,900,17,1711,730]
04-13 19:43:27.489 I/am_uid_stopped( 3847): 10216
04-13 19:43:27.491 I/wm_task_removed( 3847): [181,removeAppToken: last token]
04-13 19:43:27.492 I/wm_task_removed( 3847): [181,removeTask]
04-13 19:43:27.505 I/am_proc_died( 3847): [0,16253,org.mozilla.firefox:tab28,0,11,1725,730]
04-13 19:43:27.506 I/am_uid_stopped( 3847): 10231
04-13 19:43:27.719 I/am_proc_died( 3847): [0,16873,com.king.candycrushsodasaga,900,17,2055,730]
04-13 19:43:27.720 I/am_uid_stopped( 3847): 10204
04-13 19:43:27.732 I/wm_task_removed( 3847): [180,removeAppToken: last token]
04-13 19:43:27.733 I/wm_task_removed( 3847): [180,removeTask]
04-13 19:43:27.758 I/am_proc_died( 3847): [0,16026,com.android.chrome:sandboxed_process0,900,17,2087,730]
04-13 19:43:27.759 I/am_schedule_service_restart( 3847): [0,com.amazon.kindle/org.chromium.content.app.SandboxedProcessService0,1000]
04-13 19:43:27.759 I/am_uid_stopped( 3847): 99340
04-13 19:43:27.893 I/am_proc_died( 3847): [0,21146,com.soccer.score.star,900,17,2369,730]
04-13 19:43:27.899 I/am_uid_stopped( 3847): 10233
04-13 19:43:27.904 I/wm_task_removed( 3847): [188,removeAppToken: last token]
04-13 19:43:27.904 I/wm_task_removed( 3847): [188,removeTask]
04-13 19:43:27.926 I/am_proc_died( 3847): [0,15715,com.amazon.kindle,900,17,2460,730]
04-13 19:43:27.938 I/am_uid_stopped( 3847): 10221
04-13 19:43:27.958 I/wm_task_removed( 3847): [177,removeAppToken: last token]
04-13 19:43:27.958 I/wm_task_removed( 3847): [177,removeTask]
04-13 19:43:27.966 I/am_proc_died( 3847): [0,14305,com.seenax.HideAndSeek,902,17,2475,731]
04-13 19:43:27.971 I/am_uid_stopped( 3847): 10227
04-13 19:43:27.972 I/wm_task_removed( 3847): [174,removeAppToken: last token]
04-13 19:43:27.973 I/wm_task_removed( 3847): [174,removeTask]
04-13 19:43:28.061 I/am_proc_died( 3847): [0,15872,com.samsung.SMT,0,11,2498,732]
04-13 19:43:30.239 I/power_partial_wake_state( 3847): [3007,AudioMix:audioserver]
04-13 19:43:30.555 I/power_partial_wake_state( 3847): [193,*alarm*:android]
04-13 19:43:32.066 I/power_partial_wake_state( 3847): [1671,*job*/com.android.vending/com.google.android.finsky.scheduler.process.mainimpl.PhoneskyJobServiceMain:android]
04-13 19:43:32.132 I/am_pss  ( 3847): [23205,1000,com.samsung.android.sm.provider,17065984,10878976,309248]
04-13 19:43:33.768 I/power_partial_wake_state( 3847): [41,*alarm*:android]
04-13 19:43:33.912 I/power_partial_wake_state( 3847): [90,com.kpns.pa.action.KEEP_ALIVE:com.ktpns.pa]
04-13 19:43:33.953 I/power_partial_wake_state( 3847): [189,wake:com.ktpns.pa/com.ktpns.lib.service.KeepAliveService:com.ktpns.pa]
04-13 19:43:34.894 I/notification_cancel( 3847): [10004,4250,com.android.systemui,2,low_battery,-1,0,1088,8,NULL]
04-13 19:43:34.897 I/notification_cancel( 3847): [10004,4250,com.android.systemui,3,low_battery,-1,0,1088,8,NULL]
04-13 19:43:36.927 I/power_partial_wake_state( 3847): [15,RILJ:com.android.phone]
04-13 19:43:39.993 I/am_proc_start( 3847): [0,23270,10055,com.android.vending:instant_app_installer,service,com.android.vending/com.google.android.finsky.instantapps.metrics.LogFlushJob]
04-13 19:43:39.994 I/power_partial_wake_state( 3847): [32,*alarm*:android]
04-13 19:43:40.045 I/power_partial_wake_state( 3847): [17,RILJ:com.android.phone]
04-13 19:43:40.048 I/am_proc_bound( 3847): [0,23270,com.android.vending:instant_app_installer]
04-13 19:43:40.069 I/am_pss  ( 3847): [5231,10090,com.sec.android.app.launcher,131529728,91203584,37027840]
04-13 19:43:40.150 I/am_pss  ( 3847): [2071,10092,com.google.android.googlequicksearchbox:search,76426240,34906112,39276544]
04-13 19:43:40.177 I/power_partial_wake_state( 3847): [250,SmartManager Framework Thread:android]
04-13 19:43:40.396 I/power_partial_wake_state( 3847): [232,GmsDownloadIntentOp:com.google.android.gms]
04-13 19:43:40.428 I/notification_cancel( 3847): [10055,23270,com.android.vending,10436,NULL,0,0,1088,8,NULL]
04-13 19:43:40.570 I/power_partial_wake_state( 3847): [265,*job*/com.android.vending/com.google.android.finsky.instantapps.metrics.LogFlushJob:android]
04-13 19:43:43.089 I/power_partial_wake_state( 3847): [15,GCM_READ:com.google.android.gms]
04-13 19:43:43.140 I/c2dm    ( 1619): [-1,,17,9]
04-13 19:43:43.142 I/power_partial_wake_state( 3847): [56,GCM_WORK:com.google.android.gms]
04-13 19:43:45.040 I/notification_cancel( 3847): [10004,4250,com.android.systemui,2,low_battery,-1,0,1088,8,NULL]
04-13 19:43:45.045 I/notification_cancel( 3847): [10004,4250,com.android.systemui,3,low_battery,-1,0,1088,8,NULL]
04-13 19:43:47.018 I/power_partial_wake_state( 3847): [15,RILJ:com.android.phone]
04-13 19:43:55.167 I/notification_cancel( 3847): [10004,4250,com.android.systemui,2,low_battery,-1,0,1088,8,NULL]
04-13 19:43:55.173 I/notification_cancel( 3847): [10004,4250,com.android.systemui,3,low_battery,-1,0,1088,8,NULL]
04-13 19:43:57.113 I/power_partial_wake_state( 3847): [16,RILJ:com.android.phone]
04-13 19:43:58.249 I/am_pss  ( 3847): [13141,10116,com.android.chrome,15221760,1691648,10098688]
04-13 19:44:00.077 I/power_partial_wake_state( 3847): [73,*alarm*:android]
04-13 19:44:03.645 I/content_query_sample( 5628): contents_sample_state: [CONTACT contacts(0) data(0) accounts({}) accounts deleted({}) calls([]) countryIso(KR) userId(0)  ]
04-13 19:44:03.645 I/content_query_sample( 5628): contents_sample_state: [ agr({})  ]
04-13 19:44:03.645 I/content_query_sample( 5628): contents_sample_state: [ actCnt({android.process.acore(5628)=1})  ]
04-13 19:44:03.645 I/content_query_sample( 5628): contents_sample_state: [PROFILE contacts(0) data(0) accounts({})  ]
04-13 19:44:03.645 I/content_query_sample( 5628): contents_sample_state: [SAPROFILE contacts(1) data(1) accounts({vnd.sec.contact.phone (1)=1})  ]
04-13 19:44:05.302 I/notification_cancel( 3847): [10004,4250,com.android.systemui,2,low_battery,-1,0,1088,8,NULL]
04-13 19:44:05.303 I/notification_cancel( 3847): [10004,4250,com.android.systemui,3,low_battery,-1,0,1088,8,NULL]
04-13 19:44:05.314 I/notification_enqueue( 3847): [10004,4250,com.android.systemui,2131362716,charging_state,-1,Notification(channel=GEN pri=-2 contentView=null vibrate=null sound=null defaults=0x0 flags=0xa color=0xff607d8b category=sys number=0 vis=PUBLIC semFlags=0x0 semPriority=0 semMissedCount=0),1,NULL]
04-13 19:44:07.201 I/power_partial_wake_state( 3847): [18,RILJ:com.android.phone]
04-13 19:44:15.431 I/notification_cancel( 3847): [10004,4250,com.android.systemui,2,low_battery,-1,0,1088,8,NULL]
04-13 19:44:15.433 I/notification_cancel( 3847): [10004,4250,com.android.systemui,3,low_battery,-1,0,1088,8,NULL]
04-13 19:44:17.294 I/power_partial_wake_state( 3847): [16,RILJ:com.android.phone]
04-13 19:44:18.710 I/power_partial_wake_state( 3847): [7,*alarm*:android]
04-13 19:44:18.796 I/am_pss  ( 3847): [23270,10055,com.android.vending:instant_app_installer,44362752,27156480,617472]
04-13 19:44:18.870 I/am_pss  ( 3847): [16491,10030,com.google.android.gms,92557312,62488576,25275392]
04-13 19:44:18.936 I/am_pss  ( 3847): [10266,10055,com.android.vending,95955968,54239232,30620672]
04-13 19:44:18.976 I/am_pss  ( 3847): [17808,99344,com.android.chrome:sandboxed_process0,56735744,36237312,18286592]
04-13 19:44:18.993 I/am_uid_active( 3847): 10007
04-13 19:44:19.030 I/power_partial_wake_state( 3847): [242,*job*/com.google.android.googlequicksearchbox/com.google.android.apps.gsa.tasks.BackgroundTasksJobService:android]
04-13 19:44:25.564 I/notification_cancel( 3847): [10004,4250,com.android.systemui,2,low_battery,-1,0,1088,8,NULL]
04-13 19:44:25.566 I/notification_cancel( 3847): [10004,4250,com.android.systemui,3,low_battery,-1,0,1088,8,NULL]
04-13 19:44:27.386 I/power_partial_wake_state( 3847): [14,RILJ:com.android.phone]
04-13 19:44:35.702 I/notification_cancel( 3847): [10004,4250,com.android.systemui,2,low_battery,-1,0,1088,8,NULL]
04-13 19:44:35.706 I/notification_cancel( 3847): [10004,4250,com.android.systemui,3,low_battery,-1,0,1088,8,NULL]
04-13 19:44:35.725 I/notification_enqueue( 3847): [10004,4250,com.android.systemui,2131362716,charging_state,-1,Notification(channel=GEN pri=-2 contentView=null vibrate=null sound=null defaults=0x0 flags=0xa color=0xff607d8b category=sys number=0 vis=PUBLIC semFlags=0x0 semPriority=0 semMissedCount=0),1,NULL]
04-13 19:44:37.475 I/power_partial_wake_state( 3847): [14,RILJ:com.android.phone]
04-13 19:44:45.832 I/notification_cancel( 3847): [10004,4250,com.android.systemui,2,low_battery,-1,0,1088,8,NULL]
04-13 19:44:45.834 I/notification_cancel( 3847): [10004,4250,com.android.systemui,3,low_battery,-1,0,1088,8,NULL]
04-13 19:44:47.564 I/power_partial_wake_state( 3847): [15,RILJ:com.android.phone]
04-13 19:44:55.954 I/notification_cancel( 3847): [10004,4250,com.android.systemui,2,low_battery,-1,0,1088,8,NULL]
04-13 19:44:55.956 I/notification_cancel( 3847): [10004,4250,com.android.systemui,3,low_battery,-1,0,1088,8,NULL]
04-13 19:44:57.654 I/power_partial_wake_state( 3847): [14,RILJ:com.android.phone]
04-13 19:45:00.078 I/power_partial_wake_state( 3847): [13,*alarm*:android]
04-13 19:45:00.129 I/am_pss  ( 3847): [2071,10092,com.google.android.googlequicksearchbox:search,97144832,58724352,35864576]
04-13 19:45:03.762 I/content_query_sample( 5628): contents_sample_state: [CONTACT contacts(0) data(0) accounts({}) accounts deleted({}) calls([]) countryIso(KR) userId(0)  ]
04-13 19:45:03.762 I/content_query_sample( 5628): contents_sample_state: [ agr({})  ]
04-13 19:45:03.762 I/content_query_sample( 5628): contents_sample_state: [ actCnt({android.process.acore(5628)=1, com.google.android.googlequicksearchbox:search(2071)=1})  ]
04-13 19:45:03.762 I/content_query_sample( 5628): contents_sample_state: [PROFILE contacts(0) data(0) accounts({})  ]
04-13 19:45:03.762 I/content_query_sample( 5628): contents_sample_state: [SAPROFILE contacts(1) data(1) accounts({vnd.sec.contact.phone (1)=1})  ]
04-13 19:45:06.087 I/notification_cancel( 3847): [10004,4250,com.android.systemui,2,low_battery,-1,0,1088,8,NULL]
04-13 19:45:06.091 I/notification_cancel( 3847): [10004,4250,com.android.systemui,3,low_battery,-1,0,1088,8,NULL]
04-13 19:45:06.105 I/notification_enqueue( 3847): [10004,4250,com.android.systemui,2131362716,charging_state,-1,Notification(channel=GEN pri=-2 contentView=null vibrate=null sound=null defaults=0x0 flags=0xa color=0xff607d8b category=sys number=0 vis=PUBLIC semFlags=0x0 semPriority=0 semMissedCount=0),1,NULL]
04-13 19:45:07.746 I/power_partial_wake_state( 3847): [15,RILJ:com.android.phone]
04-13 19:45:11.669 I/power_partial_wake_state( 3847): [8,*alarm*:android]
04-13 19:45:11.689 I/power_partial_wake_state( 3847): [3,SyncLoopWakeLock:android]
04-13 19:45:11.690 I/power_partial_wake_state( 3847): [14,*job*/com.android.contacts.metadata/com.google/eM_ADDR:android:android]
04-13 19:45:11.719 I/power_partial_wake_state( 3847): [2,SyncLoopWakeLock:android]
04-13 19:45:11.721 I/power_partial_wake_state( 3847): [5,*job*/com.google.android.gms.auth.api.credentials/com.google/eM_ADDR:android:android]
04-13 19:45:11.747 I/power_partial_wake_state( 3847): [18,SyncLoopWakeLock:android]
04-13 19:45:11.749 I/power_partial_wake_state( 3847): [32,*job*/com.google.android.gms.photos.iu.EsGoogleIuProvider/com.google/eM_ADDR:android:android]
04-13 19:45:12.240 I/power_partial_wake_state( 3847): [9,*alarm*:android]
04-13 19:45:12.264 I/sync    ( 3847): [com.google.android.gms.reminders,0,4,1546474410]
04-13 19:45:12.310 I/power_partial_wake_state( 3847): [60,SyncLoopWakeLock:android]
04-13 19:45:12.433 I/power_partial_wake_state( 3847): [2,SyncLoopWakeLock:android]
04-13 19:45:12.601 I/power_partial_wake_state( 3847): [353,*job*/com.google.android.gms.reminders/com.google/eM_ADDR:android:android]
04-13 19:45:12.605 I/power_partial_wake_state( 3847): [339,*sync*/com.google.android.gms.reminders/com.google/eM_ADDR:android]
04-13 19:45:12.624 I/sync    ( 3847): [com.google.android.gms.reminders,1,4,1546474410]
04-13 19:45:12.625 I/notification_cancel( 3847): [1000,3847,android,18,-849393836,0,0,0,8,NULL]
04-13 19:45:12.632 I/power_partial_wake_state( 3847): [34,SyncLoopWakeLock:android]
04-13 19:45:13.563 I/power_partial_wake_state( 3847): [8,*alarm*:android]
04-13 19:45:13.586 I/sync    ( 3847): [subscribedfeeds,0,4,1546474410]
04-13 19:45:13.614 I/power_partial_wake_state( 3847): [34,SyncLoopWakeLock:android]
04-13 19:45:13.636 I/power_partial_wake_state( 3847): [1,SyncLoopWakeLock:android]
04-13 19:45:13.665 I/power_partial_wake_state( 3847): [2,SyncLoopWakeLock:android]
04-13 19:45:13.669 I/power_partial_wake_state( 3847): [2,SyncLoopWakeLock:android]
04-13 19:45:13.738 I/am_uid_active( 3847): 99344
04-13 19:45:13.782 I/notification_cancel( 3847): [1000,3847,android,37,AccountManagerService:37:1575116973,0,0,0,8,NULL]
04-13 19:45:14.566 I/power_partial_wake_state( 3847): [7,*alarm*:android]
04-13 19:45:14.590 I/sync    ( 3847): [com.google.android.gms.chromesync,0,4,1546474410]
04-13 19:45:14.621 I/power_partial_wake_state( 3847): [34,SyncLoopWakeLock:android]
04-13 19:45:14.625 I/sync    ( 3847): [com.google.android.gms.drive.sync,0,4,1546474410]
04-13 19:45:14.645 I/power_partial_wake_state( 3847): [23,SyncLoopWakeLock:android]
04-13 19:45:14.649 I/sync    ( 3847): [com.google.android.location.reporting,0,4,1546474410]
04-13 19:45:14.664 I/power_partial_wake_state( 3847): [18,SyncLoopWakeLock:android]
04-13 19:45:14.666 I/power_partial_wake_state( 3847): [1,SyncLoopWakeLock:android]
04-13 19:45:14.666 I/power_partial_wake_state( 3847): [1,SyncLoopWakeLock:android]
04-13 19:45:14.677 I/power_partial_wake_state( 3847): [0,SyncLoopWakeLock:android]
04-13 19:45:14.702 I/power_partial_wake_state( 3847): [122,*job*/com.google.android.gms.chromesync/com.google/eM_ADDR:android:android]
04-13 19:45:14.703 I/power_partial_wake_state( 3847): [112,*sync*/com.google.android.gms.chromesync/com.google/eM_ADDR:android]
04-13 19:45:14.717 I/sync    ( 3847): [com.google.android.gms.chromesync,1,4,1546474410]
04-13 19:45:14.717 I/notification_cancel( 3847): [1000,3847,android,18,1802509808,0,0,0,8,NULL]
04-13 19:45:14.718 I/power_partial_wake_state( 3847): [18,SyncLoopWakeLock:android]
04-13 19:45:14.876 I/notification_cancel( 3847): [1000,3847,android,37,AccountManagerService:37:1575116973,0,0,0,8,NULL]
04-13 19:45:14.946 I/power_partial_wake_state( 3847): [1376,*job*/subscribedfeeds/com.google/eM_ADDR:android:android]
04-13 19:45:14.950 I/power_partial_wake_state( 3847): [1363,*sync*/subscribedfeeds/com.google/eM_ADDR:android]
04-13 19:45:14.962 I/sync    ( 3847): [subscribedfeeds,1,4,1546474410]
04-13 19:45:14.962 I/power_partial_wake_state( 3847): [17,SyncLoopWakeLock:android]
04-13 19:45:14.963 I/notification_cancel( 3847): [1000,3847,android,18,-2039035178,0,0,0,8,NULL]
04-13 19:45:15.173 I/power_partial_wake_state( 3847): [590,*job*/com.google.android.gms.drive.sync/com.google/eM_ADDR:android:android]
04-13 19:45:15.177 I/power_partial_wake_state( 3847): [551,*sync*/com.google.android.gms.drive.sync/com.google/eM_ADDR:android]
04-13 19:45:15.187 I/sync    ( 3847): [com.google.android.gms.drive.sync,1,4,1546474410]
04-13 19:45:15.187 I/power_partial_wake_state( 3847): [15,SyncLoopWakeLock:android]
04-13 19:45:15.188 I/notification_cancel( 3847): [1000,3847,android,18,-304538262,0,0,0,8,NULL]
04-13 19:45:15.572 I/power_partial_wake_state( 3847): [988,*job*/com.google.android.location.reporting/com.google/eM_ADDR:android:android]
04-13 19:45:15.576 I/power_partial_wake_state( 3847): [927,*sync*/com.google.android.location.reporting/com.google/eM_ADDR:android]
04-13 19:45:15.591 I/sync    ( 3847): [com.google.android.location.reporting,1,4,1546474410]
04-13 19:45:15.592 I/notification_cancel( 3847): [1000,3847,android,18,-1340936175,0,0,0,8,NULL]
04-13 19:45:15.592 I/power_partial_wake_state( 3847): [21,SyncLoopWakeLock:android]
04-13 19:45:15.622 I/power_partial_wake_state( 3847): [19,UlrDispSvcFastWL:com.google.android.gms]
04-13 19:45:15.636 I/power_partial_wake_state( 3847): [4,UlrDispSvcFastWL:com.google.android.gms]
04-13 19:45:16.223 I/notification_cancel( 3847): [10004,4250,com.android.systemui,2,low_battery,-1,0,1088,8,NULL]
04-13 19:45:16.226 I/notification_cancel( 3847): [10004,4250,com.android.systemui,3,low_battery,-1,0,1088,8,NULL]
04-13 19:45:17.838 I/power_partial_wake_state( 3847): [14,RILJ:com.android.phone]
04-13 19:45:19.026 I/am_uid_idle( 3847): 10007
04-13 19:45:26.347 I/notification_cancel( 3847): [10004,4250,com.android.systemui,2,low_battery,-1,0,1088,8,NULL]
04-13 19:45:26.350 I/notification_cancel( 3847): [10004,4250,com.android.systemui,3,low_battery,-1,0,1088,8,NULL]
04-13 19:45:27.928 I/power_partial_wake_state( 3847): [16,RILJ:com.android.phone]
04-13 19:45:36.474 I/notification_cancel( 3847): [10004,4250,com.android.systemui,2,low_battery,-1,0,1088,8,NULL]
04-13 19:45:36.478 I/notification_cancel( 3847): [10004,4250,com.android.systemui,3,low_battery,-1,0,1088,8,NULL]
04-13 19:45:36.492 I/notification_enqueue( 3847): [10004,4250,com.android.systemui,2131362716,charging_state,-1,Notification(channel=GEN pri=-2 contentView=null vibrate=null sound=null defaults=0x0 flags=0xa color=0xff607d8b category=sys number=0 vis=PUBLIC semFlags=0x0 semPriority=0 semMissedCount=0),1,NULL]
04-13 19:45:38.014 I/power_partial_wake_state( 3847): [13,RILJ:com.android.phone]
04-13 19:45:46.619 I/notification_cancel( 3847): [10004,4250,com.android.systemui,2,low_battery,-1,0,1088,8,NULL]
04-13 19:45:46.624 I/notification_cancel( 3847): [10004,4250,com.android.systemui,3,low_battery,-1,0,1088,8,NULL]
04-13 19:45:48.104 I/power_partial_wake_state( 3847): [15,RILJ:com.android.phone]
04-13 19:45:56.745 I/notification_cancel( 3847): [10004,4250,com.android.systemui,2,low_battery,-1,0,1088,8,NULL]
04-13 19:45:56.748 I/notification_cancel( 3847): [10004,4250,com.android.systemui,3,low_battery,-1,0,1088,8,NULL]
04-13 19:45:56.758 I/notification_enqueue( 3847): [10004,4250,com.android.systemui,2131362716,charging_state,-1,Notification(channel=GEN pri=-2 contentView=null vibrate=null sound=null defaults=0x0 flags=0xa color=0xff607d8b category=sys number=0 vis=PUBLIC semFlags=0x0 semPriority=0 semMissedCount=0),1,NULL]
04-13 19:45:58.193 I/power_partial_wake_state( 3847): [15,RILJ:com.android.phone]
04-13 19:46:00.107 I/power_partial_wake_state( 3847): [12,*alarm*:android]
04-13 19:46:00.149 I/am_pss  ( 3847): [5231,10090,com.sec.android.app.launcher,133440512,93280256,36951040]
04-13 19:46:00.229 I/am_pss  ( 3847): [16491,10030,com.google.android.gms,120223744,89157632,24806400]
04-13 19:46:00.275 I/am_pss  ( 3847): [17808,99344,com.android.chrome:sandboxed_process0,56576000,36077568,18286592]
04-13 19:46:03.873 I/content_query_sample( 5628): contents_sample_state: [CONTACT contacts(0) data(0) accounts({}) accounts deleted({}) calls([]) countryIso(KR) userId(0)  ]
04-13 19:46:03.873 I/content_query_sample( 5628): contents_sample_state: [ agr({})  ]
04-13 19:46:03.873 I/content_query_sample( 5628): contents_sample_state: [ actCnt({android.process.acore(5628)=1})  ]
04-13 19:46:03.873 I/content_query_sample( 5628): contents_sample_state: [PROFILE contacts(0) data(0) accounts({})  ]
04-13 19:46:03.873 I/content_query_sample( 5628): contents_sample_state: [SAPROFILE contacts(1) data(1) accounts({vnd.sec.contact.phone (1)=1})  ]
04-13 19:46:06.893 I/notification_cancel( 3847): [10004,4250,com.android.systemui,2,low_battery,-1,0,1088,8,NULL]
04-13 19:46:06.895 I/notification_cancel( 3847): [10004,4250,com.android.systemui,3,low_battery,-1,0,1088,8,NULL]
04-13 19:46:08.282 I/power_partial_wake_state( 3847): [13,RILJ:com.android.phone]
04-13 19:46:17.033 I/notification_cancel( 3847): [10004,4250,com.android.systemui,2,low_battery,-1,0,1088,8,NULL]
04-13 19:46:17.036 I/notification_cancel( 3847): [10004,4250,com.android.systemui,3,low_battery,-1,0,1088,8,NULL]
04-13 19:46:18.372 I/power_partial_wake_state( 3847): [14,RILJ:com.android.phone]
04-13 19:46:27.160 I/notification_cancel( 3847): [10004,4250,com.android.systemui,2,low_battery,-1,0,1088,8,NULL]
04-13 19:46:27.164 I/notification_cancel( 3847): [10004,4250,com.android.systemui,3,low_battery,-1,0,1088,8,NULL]
04-13 19:46:27.175 I/notification_enqueue( 3847): [10004,4250,com.android.systemui,2131362716,charging_state,-1,Notification(channel=GEN pri=-2 contentView=null vibrate=null sound=null defaults=0x0 flags=0xa color=0xff607d8b category=sys number=0 vis=PUBLIC semFlags=0x0 semPriority=0 semMissedCount=0),1,NULL]
04-13 19:46:28.462 I/power_partial_wake_state( 3847): [16,RILJ:com.android.phone]
04-13 19:46:28.787 I/am_uid_idle( 3847): 99344
04-13 19:46:37.298 I/notification_cancel( 3847): [10004,4250,com.android.systemui,2,low_battery,-1,0,1088,8,NULL]
04-13 19:46:37.299 I/notification_cancel( 3847): [10004,4250,com.android.systemui,3,low_battery,-1,0,1088,8,NULL]
04-13 19:46:38.106 I/power_partial_wake_state( 3847): [4938,PKMService:android]
04-13 19:46:38.555 I/power_partial_wake_state( 3847): [15,RILJ:com.android.phone]
04-13 19:46:47.429 I/notification_cancel( 3847): [10004,4250,com.android.systemui,2,low_battery,-1,0,1088,8,NULL]
04-13 19:46:47.434 I/notification_cancel( 3847): [10004,4250,com.android.systemui,3,low_battery,-1,0,1088,8,NULL]
04-13 19:46:48.644 I/power_partial_wake_state( 3847): [14,RILJ:com.android.phone]
04-13 19:46:57.571 I/notification_cancel( 3847): [10004,4250,com.android.systemui,2,low_battery,-1,0,1088,8,NULL]
04-13 19:46:57.575 I/notification_cancel( 3847): [10004,4250,com.android.systemui,3,low_battery,-1,0,1088,8,NULL]
04-13 19:46:57.590 I/notification_enqueue( 3847): [10004,4250,com.android.systemui,2131362716,charging_state,-1,Notification(channel=GEN pri=-2 contentView=null vibrate=null sound=null defaults=0x0 flags=0xa color=0xff607d8b category=sys number=0 vis=PUBLIC semFlags=0x0 semPriority=0 semMissedCount=0),1,NULL]
04-13 19:46:58.725 I/power_partial_wake_state( 3847): [15,RILJ:com.android.phone]
04-13 19:47:00.038 I/power_partial_wake_state( 3847): [4,MotionRecognitionSensorChecker:android]
04-13 19:47:00.060 I/sync    ( 3847): [gmail-ls,0,4,1546474410]
04-13 19:47:00.085 I/am_uid_running( 3847): 10133
04-13 19:47:00.109 I/am_proc_start( 3847): [0,23403,10133,com.google.android.gm,service,com.google.android.gm/.provider.MailSyncAdapterService]
04-13 19:47:00.111 I/power_partial_wake_state( 3847): [64,SyncLoopWakeLock:android]
04-13 19:47:00.116 I/power_partial_wake_state( 3847): [97,*alarm*:android]
04-13 19:47:00.170 I/am_proc_bound( 3847): [0,23403,com.google.android.gm]
04-13 19:47:00.665 I/power_partial_wake_state( 3847): [3,SyncLoopWakeLock:android]
04-13 19:47:00.741 I/notification_cancel( 3847): [10133,23403,com.google.android.gm,10436,NULL,0,0,1088,8,NULL]
04-13 19:47:00.746 I/power_partial_wake_state( 3847): [52,*job*/com.google.android.gm/com.android.mail.job.NotifyDatasetChangedJob$NotifyDatasetChangedJobService:android]
04-13 19:47:00.771 I/power_partial_wake_state( 3847): [18,*job*/com.google.android.gm/.job.ProviderCreatedJob$ProviderCreatedJobService:android]
04-13 19:47:00.799 I/power_partial_wake_state( 3847): [7,*job*/com.google.android.gm/com.android.mail.job.NotifyDatasetChangedJob$NotifyDatasetChangedJobService:android]
04-13 19:47:00.800 I/force_gc( 3847): Binder
04-13 19:47:02.055 I/notification_cancel( 3847): [10030,1619,com.google.android.gms,0,com.google.android.gms.auth.TokenNotificationManager:99c97bb522177575aa9f865676a78d2b:com.google,0,0,1088,8,NULL]
04-13 19:47:02.078 I/notification_cancel( 3847): [1000,3847,android,37,AccountManagerService:37:1575116973,0,0,0,8,NULL]
04-13 19:47:03.818 I/power_partial_wake_state( 3847): [4,SyncLoopWakeLock:android]
04-13 19:47:03.821 I/power_partial_wake_state( 3847): [3778,*job*/gmail-ls/com.google/eM_ADDR:android:android]
04-13 19:47:03.824 I/power_partial_wake_state( 3847): [3763,*sync*/gmail-ls/com.google/eM_ADDR:android]
