04-13 20:11:26.670 I/notification_cancel( 3847): [10004,4250,com.android.systemui,2,low_battery,-1,0,1088,8,NULL]
04-13 20:11:26.673 I/notification_cancel( 3847): [10004,4250,com.android.systemui,3,low_battery,-1,0,1088,8,NULL]
04-13 20:11:26.683 I/notification_enqueue( 3847): [10004,4250,com.android.systemui,2131362716,charging_state,-1,Notification(channel=GEN pri=-2 contentView=null vibrate=null sound=null defaults=0x0 flags=0xa color=0xff607d8b category=sys number=0 vis=PUBLIC semFlags=0x0 semPriority=0 semMissedCount=0),1,NULL]
04-13 20:11:29.252 I/storaged_disk_stats( 3500): [stalled,191229860,191349863,2,0,72,0,252,162,3112,232,0,140,228]
04-13 20:11:31.940 I/power_partial_wake_state( 3847): [14,RILJ:com.android.phone]
04-13 20:11:36.801 I/notification_cancel( 3847): [10004,4250,com.android.systemui,2,low_battery,-1,0,1088,8,NULL]
04-13 20:11:36.803 I/notification_cancel( 3847): [10004,4250,com.android.systemui,3,low_battery,-1,0,1088,8,NULL]
04-13 20:11:38.063 I/power_partial_wake_state( 3847): [4891,PKMService:android]
04-13 20:11:42.034 I/power_partial_wake_state( 3847): [14,RILJ:com.android.phone]
04-13 20:11:46.930 I/notification_cancel( 3847): [10004,4250,com.android.systemui,2,low_battery,-1,0,1088,8,NULL]
04-13 20:11:46.934 I/notification_cancel( 3847): [10004,4250,com.android.systemui,3,low_battery,-1,0,1088,8,NULL]
04-13 20:11:52.122 I/power_partial_wake_state( 3847): [14,RILJ:com.android.phone]
04-13 20:11:57.041 I/notification_cancel( 3847): [10004,4250,com.android.systemui,2,low_battery,-1,0,1088,8,NULL]
04-13 20:11:57.044 I/notification_cancel( 3847): [10004,4250,com.android.systemui,3,low_battery,-1,0,1088,8,NULL]
04-13 20:11:57.056 I/notification_enqueue( 3847): [10004,4250,com.android.systemui,2131362716,charging_state,-1,Notification(channel=GEN pri=-2 contentView=null vibrate=null sound=null defaults=0x0 flags=0xa color=0xff607d8b category=sys number=0 vis=PUBLIC semFlags=0x0 semPriority=0 semMissedCount=0),1,NULL]
04-13 20:12:00.079 I/power_partial_wake_state( 3847): [75,*alarm*:android]
04-13 20:12:00.149 I/am_pss  ( 3847): [5231,10090,com.sec.android.app.launcher,140525568,102612992,33959936]
04-13 20:12:00.200 I/am_pss  ( 3847): [13033,10057,com.sec.spp.push:RemoteDlcProcess,17359872,2940928,13571072]
04-13 20:12:00.243 I/am_pss  ( 3847): [24483,10016,com.android.defcontainer,10155008,5566464,457728]
04-13 20:12:00.285 I/am_pss  ( 3847): [24718,10036,com.google.android.partnersetup,11356160,6688768,567296]
04-13 20:12:00.322 I/am_pss  ( 3847): [30384,10041,com.kt.olleh.storefront,15357952,7385088,6292480]
04-13 20:12:00.366 I/am_pss  ( 3847): [1619,10030,com.google.android.gms.persistent,125315072,103542784,18171904]
04-13 20:12:00.397 I/am_pss  ( 3847): [17761,10092,com.google.android.googlequicksearchbox:interactor,66788352,26120192,39454720]
04-13 20:12:00.426 I/am_pss  ( 3847): [19655,10126,com.enhance.gameservice,20682752,8159232,11316224]
04-13 20:12:00.456 I/am_pss  ( 3847): [12628,10026,com.sec.android.app.samsungapps,30188544,8192,28925952]
04-13 20:12:00.480 I/am_pss  ( 3847): [30202,1000,com.trustonic.tuiservice,6978560,106496,5944320]
04-13 20:12:00.505 I/am_pss  ( 3847): [30182,1000,com.ims.dm,7583744,4096,6563840]
04-13 20:12:00.532 I/am_pss  ( 3847): [4228,10165,com.sec.android.inputmethod,36682752,3395584,32186368]
04-13 20:12:00.558 I/am_pss  ( 3847): [29125,1000,com.samsung.android.MtpApplication,9110528,761856,7202816]
04-13 20:12:00.582 I/am_pss  ( 3847): [29272,5009,com.samsung.android.scloud:auth,8166400,1048576,6042624]
04-13 20:12:00.607 I/am_pss  ( 3847): [9708,5006,com.samsung.android.beaconmanager,8992768,4096,8347648]
04-13 20:12:00.632 I/am_pss  ( 3847): [5534,10007,com.samsung.android.contacts,12675072,2945024,8810496]
04-13 20:12:00.656 I/am_pss  ( 3847): [4764,1001,com.sec.phone,7976960,4096,7387136]
04-13 20:12:00.684 I/am_pss  ( 3847): [9016,1002,com.android.bluetooth,13384704,1101824,11486208]
04-13 20:12:00.712 I/am_pss  ( 3847): [6718,10013,com.samsung.android.app.cocktailbarservice,27430912,10975232,15037440]
04-13 20:12:00.739 I/am_pss  ( 3847): [4447,5013,com.sec.location.nsflp2,18879488,2142208,15927296]
04-13 20:12:02.208 I/power_partial_wake_state( 3847): [11,RILJ:com.android.phone]
04-13 20:12:06.053 I/content_query_sample( 5628): contents_sample_state: [CONTACT contacts(0) data(0) accounts({}) accounts deleted({}) calls([]) countryIso(KR) userId(0)  ]
04-13 20:12:06.053 I/content_query_sample( 5628): contents_sample_state: [ agr({})  ]
04-13 20:12:06.053 I/content_query_sample( 5628): contents_sample_state: [ actCnt({android.process.acore(5628)=1})  ]
04-13 20:12:06.053 I/content_query_sample( 5628): contents_sample_state: [PROFILE contacts(0) data(0) accounts({})  ]
04-13 20:12:06.053 I/content_query_sample( 5628): contents_sample_state: [SAPROFILE contacts(1) data(1) accounts({vnd.sec.contact.phone (1)=1})  ]
04-13 20:12:07.184 I/notification_cancel( 3847): [10004,4250,com.android.systemui,2,low_battery,-1,0,1088,8,NULL]
04-13 20:12:07.186 I/notification_cancel( 3847): [10004,4250,com.android.systemui,3,low_battery,-1,0,1088,8,NULL]
04-13 20:12:10.214 I/am_uid_idle( 3847): 10016
04-13 20:12:12.285 I/power_partial_wake_state( 3847): [13,RILJ:com.android.phone]
04-13 20:12:17.311 I/notification_cancel( 3847): [10004,4250,com.android.systemui,2,low_battery,-1,0,1088,8,NULL]
04-13 20:12:17.316 I/notification_cancel( 3847): [10004,4250,com.android.systemui,3,low_battery,-1,0,1088,8,NULL]
04-13 20:12:22.373 I/power_partial_wake_state( 3847): [17,RILJ:com.android.phone]
04-13 20:12:27.327 I/am_pss  ( 3847): [30221,10009,com.samsung.android.app.spage,12597248,2576384,8761344]
04-13 20:12:27.401 I/notification_cancel( 3847): [10004,4250,com.android.systemui,2,low_battery,-1,0,1088,8,NULL]
04-13 20:12:27.405 I/notification_cancel( 3847): [10004,4250,com.android.systemui,3,low_battery,-1,0,1088,8,NULL]
04-13 20:12:27.418 I/notification_enqueue( 3847): [10004,4250,com.android.systemui,2131362716,charging_state,-1,Notification(channel=GEN pri=-2 contentView=null vibrate=null sound=null defaults=0x0 flags=0xa color=0xff607d8b category=sys number=0 vis=PUBLIC semFlags=0x0 semPriority=0 semMissedCount=0),1,NULL]
04-13 20:12:32.465 I/power_partial_wake_state( 3847): [14,RILJ:com.android.phone]
04-13 20:12:37.542 I/notification_cancel( 3847): [10004,4250,com.android.systemui,2,low_battery,-1,0,1088,8,NULL]
04-13 20:12:37.545 I/notification_cancel( 3847): [10004,4250,com.android.systemui,3,low_battery,-1,0,1088,8,NULL]
04-13 20:12:42.560 I/power_partial_wake_state( 3847): [15,RILJ:com.android.phone]
04-13 20:12:47.674 I/notification_cancel( 3847): [10004,4250,com.android.systemui,2,low_battery,-1,0,1088,8,NULL]
04-13 20:12:47.678 I/notification_cancel( 3847): [10004,4250,com.android.systemui,3,low_battery,-1,0,1088,8,NULL]
04-13 20:12:52.652 I/power_partial_wake_state( 3847): [14,RILJ:com.android.phone]
04-13 20:12:57.803 I/notification_cancel( 3847): [10004,4250,com.android.systemui,2,low_battery,-1,0,1088,8,NULL]
04-13 20:12:57.805 I/notification_cancel( 3847): [10004,4250,com.android.systemui,3,low_battery,-1,0,1088,8,NULL]
04-13 20:12:57.817 I/notification_enqueue( 3847): [10004,4250,com.android.systemui,2131362716,charging_state,-1,Notification(channel=GEN pri=-2 contentView=null vibrate=null sound=null defaults=0x0 flags=0xa color=0xff607d8b category=sys number=0 vis=PUBLIC semFlags=0x0 semPriority=0 semMissedCount=0),1,NULL]
04-13 20:13:00.016 I/am_kill ( 3847): [0,21048,com.samsung.android.scloud,906,17,empty for 1813s]
04-13 20:13:00.074 I/power_partial_wake_state( 3847): [71,*alarm*:android]
04-13 20:13:00.077 I/am_proc_died( 3847): [0,21048,com.samsung.android.scloud,906,17,1644,1483]
04-13 20:13:00.141 I/am_pss  ( 3847): [4250,10004,com.android.systemui,162899968,100338688,55536640]
04-13 20:13:00.190 I/am_pss  ( 3847): [5135,10044,com.kt.serviceagent,8772608,4096,8072192]
04-13 20:13:00.237 I/am_pss  ( 3847): [5117,1000,com.sec.downloadablekeystore,8475648,4096,7837696]
04-13 20:13:00.280 I/am_pss  ( 3847): [5110,1000,com.skt.skaf.OA00412131,12701696,4096,12484608]
04-13 20:13:00.337 I/am_pss  ( 3847): [5092,10043,com.ktpns.pa,28121088,8937472,18028544]
04-13 20:13:00.363 I/am_pss  ( 3847): [5078,10014,com.samsung.android.providers.context,21508096,3190784,17495040]
04-13 20:13:00.395 I/am_pss  ( 3847): [4566,1001,com.android.phone,29039616,14036992,13774848]
04-13 20:13:00.424 I/am_pss  ( 3847): [4548,1000,com.sec.imsservice,26208256,4505600,20827136]
04-13 20:13:00.450 I/am_pss  ( 3847): [4542,1027,com.android.nfc,20843520,3813376,15943680]
04-13 20:13:00.476 I/am_pss  ( 3847): [4530,1000,com.sec.sve,9717760,8192,9105408]
04-13 20:13:00.504 I/am_pss  ( 3847): [4391,10004,com.android.systemui:InfinityWallpaper,57669632,40729600,15804416]
04-13 20:13:00.576 I/am_pss  ( 3847): [3847,1000,system,200872960,158941184,33187840]
04-13 20:13:02.743 I/power_partial_wake_state( 3847): [15,RILJ:com.android.phone]
04-13 20:13:06.101 I/content_query_sample( 5628): contents_sample_state: [CONTACT contacts(0) data(0) accounts({}) accounts deleted({}) calls([]) countryIso(KR) userId(0)  ]
04-13 20:13:06.101 I/content_query_sample( 5628): contents_sample_state: [ agr({})  ]
04-13 20:13:06.101 I/content_query_sample( 5628): contents_sample_state: [ actCnt({android.process.acore(5628)=1})  ]
04-13 20:13:06.101 I/content_query_sample( 5628): contents_sample_state: [PROFILE contacts(0) data(0) accounts({})  ]
04-13 20:13:06.101 I/content_query_sample( 5628): contents_sample_state: [SAPROFILE contacts(1) data(1) accounts({vnd.sec.contact.phone (1)=1})  ]
04-13 20:13:07.925 I/notification_cancel( 3847): [10004,4250,com.android.systemui,2,low_battery,-1,0,1088,8,NULL]
04-13 20:13:07.928 I/notification_cancel( 3847): [10004,4250,com.android.systemui,3,low_battery,-1,0,1088,8,NULL]
04-13 20:13:12.837 I/power_partial_wake_state( 3847): [14,RILJ:com.android.phone]
04-13 20:13:18.062 I/notification_cancel( 3847): [10004,4250,com.android.systemui,2,low_battery,-1,0,1088,8,NULL]
04-13 20:13:18.064 I/notification_cancel( 3847): [10004,4250,com.android.systemui,3,low_battery,-1,0,1088,8,NULL]
04-13 20:13:22.925 I/power_partial_wake_state( 3847): [14,RILJ:com.android.phone]
04-13 20:13:28.036 I/am_uid_running( 3847): 10220
04-13 20:13:28.071 I/am_proc_start( 3847): [0,24792,10220,com.amazon.sellermobile.android,service,com.amazon.sellermobile.android/com.amazon.mls.config.internal.sushi.uploader.BackupUploaderService]
04-13 20:13:28.124 I/power_partial_wake_state( 3847): [92,*alarm*:android]
04-13 20:13:28.154 I/am_proc_bound( 3847): [0,24792,com.amazon.sellermobile.android]
04-13 20:13:28.156 I/notification_cancel( 3847): [10004,4250,com.android.systemui,2,low_battery,-1,0,1088,8,NULL]
04-13 20:13:28.158 I/notification_cancel( 3847): [10004,4250,com.android.systemui,3,low_battery,-1,0,1088,8,NULL]
04-13 20:13:28.169 I/notification_enqueue( 3847): [10004,4250,com.android.systemui,2131362716,charging_state,-1,Notification(channel=GEN pri=-2 contentView=null vibrate=null sound=null defaults=0x0 flags=0xa color=0xff607d8b category=sys number=0 vis=PUBLIC semFlags=0x0 semPriority=0 semMissedCount=0),1,NULL]
04-13 20:13:28.194 I/am_pss  ( 3847): [30513,10108,com.kt.android.showtouch,37548032,19779584,12281856]
04-13 20:13:28.613 I/am_uid_running( 3847): 99353
04-13 20:13:28.633 I/am_proc_start( 3847): [0,24840,99353,com.android.chrome:sandboxed_process0,webview_service,com.amazon.sellermobile.android/org.chromium.content.app.SandboxedProcessService0]
04-13 20:13:28.718 I/am_proc_bound( 3847): [0,24840,com.android.chrome:sandboxed_process0]
04-13 20:13:28.893 I/power_partial_wake_state( 3847): [19,HTTPMetricsTransportWakeLock:com.amazon.sellermobile.android]
04-13 20:13:28.906 I/power_partial_wake_state( 3847): [8,HTTPMetricsTransportWakeLock:com.amazon.sellermobile.android]
04-13 20:13:29.253 I/power_partial_wake_state( 3847): [1,*job*/com.amazon.sellermobile.android/com.amazon.mls.config.internal.sushi.uploader.BackupUploaderService:android]
04-13 20:13:29.328 I/power_partial_wake_state( 3847): [10,*job*/com.amazon.sellermobile.android/com.amazon.mls.config.internal.sushi.uploader.BackupUploaderService:android]
04-13 20:13:29.343 I/notification_cancel( 3847): [10220,24792,com.amazon.sellermobile.android,10436,NULL,0,0,1088,8,NULL]
04-13 20:13:33.014 I/power_partial_wake_state( 3847): [16,RILJ:com.android.phone]
04-13 20:13:34.427 I/power_partial_wake_state( 3847): [28,*alarm*:android]
04-13 20:13:34.447 I/am_pss  ( 3847): [23205,1000,com.samsung.android.sm.provider,15122432,10125312,421888]
04-13 20:13:34.534 I/power_partial_wake_state( 3847): [63,com.kpns.pa.action.KEEP_ALIVE:com.ktpns.pa]
04-13 20:13:34.566 I/power_partial_wake_state( 3847): [141,wake:com.ktpns.pa/com.ktpns.lib.service.KeepAliveService:com.ktpns.pa]
04-13 20:13:38.313 I/notification_cancel( 3847): [10004,4250,com.android.systemui,2,low_battery,-1,0,1088,8,NULL]
04-13 20:13:38.316 I/notification_cancel( 3847): [10004,4250,com.android.systemui,3,low_battery,-1,0,1088,8,NULL]
04-13 20:13:43.108 I/power_partial_wake_state( 3847): [14,RILJ:com.android.phone]
04-13 20:13:43.612 I/am_kill ( 3847): [0,23270,com.android.vending:instant_app_installer,904,17,empty for 1803s]
04-13 20:13:43.685 I/am_proc_died( 3847): [0,23270,com.android.vending:instant_app_installer,904,17,1605,1503]
04-13 20:13:48.429 I/notification_cancel( 3847): [10004,4250,com.android.systemui,2,low_battery,-1,0,1088,8,NULL]
04-13 20:13:48.430 I/notification_cancel( 3847): [10004,4250,com.android.systemui,3,low_battery,-1,0,1088,8,NULL]
04-13 20:13:53.208 I/power_partial_wake_state( 3847): [16,RILJ:com.android.phone]
04-13 20:13:58.552 I/notification_cancel( 3847): [10004,4250,com.android.systemui,2,low_battery,-1,0,1088,8,NULL]
04-13 20:13:58.555 I/notification_cancel( 3847): [10004,4250,com.android.systemui,3,low_battery,-1,0,1088,8,NULL]
04-13 20:13:58.573 I/notification_enqueue( 3847): [10004,4250,com.android.systemui,2131362716,charging_state,-1,Notification(channel=GEN pri=-2 contentView=null vibrate=null sound=null defaults=0x0 flags=0xa color=0xff607d8b category=sys number=0 vis=PUBLIC semFlags=0x0 semPriority=0 semMissedCount=0),1,NULL]
04-13 20:14:00.089 I/power_partial_wake_state( 3847): [86,*alarm*:android]
04-13 20:14:00.102 I/power_partial_wake_state( 3847): [6,RILJ:com.android.phone]
04-13 20:14:00.112 I/am_pss  ( 3847): [13141,10116,com.android.chrome,13686784,905216,10139648]
04-13 20:14:00.176 I/am_pss  ( 3847): [24792,10220,com.amazon.sellermobile.android,84486144,71135232,474112]
04-13 20:14:00.191 I/power_partial_wake_state( 3847): [181,SmartManager Framework Thread:android]
04-13 20:14:00.214 I/am_pss  ( 3847): [24840,99353,com.android.chrome:sandboxed_process0,70275072,55332864,1738752]
04-13 20:14:00.278 I/am_pss  ( 3847): [5231,10090,com.sec.android.app.launcher,142570496,104771584,33927168]
04-13 20:14:03.299 I/power_partial_wake_state( 3847): [14,RILJ:com.android.phone]
04-13 20:14:06.205 I/content_query_sample( 5628): contents_sample_state: [CONTACT contacts(0) data(0) accounts({}) accounts deleted({}) calls([]) countryIso(KR) userId(0)  ]
04-13 20:14:06.205 I/content_query_sample( 5628): contents_sample_state: [ agr({})  ]
04-13 20:14:06.205 I/content_query_sample( 5628): contents_sample_state: [ actCnt({android.process.acore(5628)=1})  ]
04-13 20:14:06.205 I/content_query_sample( 5628): contents_sample_state: [PROFILE contacts(0) data(0) accounts({})  ]
04-13 20:14:06.205 I/content_query_sample( 5628): contents_sample_state: [SAPROFILE contacts(1) data(1) accounts({vnd.sec.contact.phone (1)=1})  ]
04-13 20:14:08.682 I/notification_cancel( 3847): [10004,4250,com.android.systemui,2,low_battery,-1,0,1088,8,NULL]
04-13 20:14:08.686 I/notification_cancel( 3847): [10004,4250,com.android.systemui,3,low_battery,-1,0,1088,8,NULL]
04-13 20:14:13.384 I/power_partial_wake_state( 3847): [8,RILJ:com.android.phone]
04-13 20:14:18.799 I/notification_cancel( 3847): [10004,4250,com.android.systemui,2,low_battery,-1,0,1088,8,NULL]
04-13 20:14:18.801 I/notification_cancel( 3847): [10004,4250,com.android.systemui,3,low_battery,-1,0,1088,8,NULL]
04-13 20:14:23.470 I/power_partial_wake_state( 3847): [20,RILJ:com.android.phone]
04-13 20:14:28.943 I/notification_cancel( 3847): [10004,4250,com.android.systemui,2,low_battery,-1,0,1088,8,NULL]
04-13 20:14:28.947 I/notification_cancel( 3847): [10004,4250,com.android.systemui,3,low_battery,-1,0,1088,8,NULL]
04-13 20:14:28.958 I/notification_enqueue( 3847): [10004,4250,com.android.systemui,2131362716,charging_state,-1,Notification(channel=GEN pri=-2 contentView=null vibrate=null sound=null defaults=0x0 flags=0xa color=0xff607d8b category=sys number=0 vis=PUBLIC semFlags=0x0 semPriority=0 semMissedCount=0),1,NULL]
04-13 20:14:33.558 I/power_partial_wake_state( 3847): [14,RILJ:com.android.phone]
04-13 20:14:39.071 I/notification_cancel( 3847): [10004,4250,com.android.systemui,2,low_battery,-1,0,1088,8,NULL]
04-13 20:14:39.076 I/notification_cancel( 3847): [10004,4250,com.android.systemui,3,low_battery,-1,0,1088,8,NULL]
04-13 20:14:43.653 I/power_partial_wake_state( 3847): [14,RILJ:com.android.phone]
04-13 20:14:49.209 I/notification_cancel( 3847): [10004,4250,com.android.systemui,2,low_battery,-1,0,1088,8,NULL]
04-13 20:14:49.213 I/notification_cancel( 3847): [10004,4250,com.android.systemui,3,low_battery,-1,0,1088,8,NULL]
04-13 20:14:53.746 I/power_partial_wake_state( 3847): [14,RILJ:com.android.phone]
04-13 20:14:59.335 I/notification_cancel( 3847): [10004,4250,com.android.systemui,2,low_battery,-1,0,1088,8,NULL]
04-13 20:14:59.338 I/notification_cancel( 3847): [10004,4250,com.android.systemui,3,low_battery,-1,0,1088,8,NULL]
04-13 20:14:59.351 I/notification_enqueue( 3847): [10004,4250,com.android.systemui,2131362716,charging_state,-1,Notification(channel=GEN pri=-2 contentView=null vibrate=null sound=null defaults=0x0 flags=0xa color=0xff607d8b category=sys number=0 vis=PUBLIC semFlags=0x0 semPriority=0 semMissedCount=0),1,NULL]
04-13 20:15:00.072 I/power_partial_wake_state( 3847): [68,*alarm*:android]
04-13 20:15:00.152 I/power_partial_wake_state( 3847): [12,*job*/com.kt.olleh.storefront/com.onestore.android.shopclient.component.service.ConnectingPowerJobService:android]
04-13 20:15:00.153 I/am_uid_active( 3847): 10016
04-13 20:15:00.159 I/am_pss  ( 3847): [16491,10030,com.google.android.gms,157884416,114909184,23463936]
04-13 20:15:00.184 I/power_partial_wake_state( 3847): [54,*alarm*:android]
04-13 20:15:00.212 I/am_pss  ( 3847): [17808,99344,com.android.chrome:sandboxed_process0,52407296,31764480,17373184]
04-13 20:15:03.838 I/power_partial_wake_state( 3847): [15,RILJ:com.android.phone]
04-13 20:15:06.322 I/content_query_sample( 5628): contents_sample_state: [CONTACT contacts(0) data(0) accounts({}) accounts deleted({}) calls([]) countryIso(KR) userId(0)  ]
04-13 20:15:06.322 I/content_query_sample( 5628): contents_sample_state: [ agr({})  ]
04-13 20:15:06.322 I/content_query_sample( 5628): contents_sample_state: [ actCnt({android.process.acore(5628)=1})  ]
04-13 20:15:06.322 I/content_query_sample( 5628): contents_sample_state: [PROFILE contacts(0) data(0) accounts({})  ]
04-13 20:15:06.322 I/content_query_sample( 5628): contents_sample_state: [SAPROFILE contacts(1) data(1) accounts({vnd.sec.contact.phone (1)=1})  ]
04-13 20:15:09.484 I/notification_cancel( 3847): [10004,4250,com.android.systemui,2,low_battery,-1,0,1088,8,NULL]
04-13 20:15:09.486 I/notification_cancel( 3847): [10004,4250,com.android.systemui,3,low_battery,-1,0,1088,8,NULL]
04-13 20:15:13.929 I/power_partial_wake_state( 3847): [15,RILJ:com.android.phone]
04-13 20:15:19.627 I/notification_cancel( 3847): [10004,4250,com.android.systemui,2,low_battery,-1,0,1088,8,NULL]
04-13 20:15:19.629 I/notification_cancel( 3847): [10004,4250,com.android.systemui,3,low_battery,-1,0,1088,8,NULL]
04-13 20:15:24.029 I/power_partial_wake_state( 3847): [18,RILJ:com.android.phone]
04-13 20:15:29.763 I/notification_cancel( 3847): [10004,4250,com.android.systemui,2,low_battery,-1,0,1088,8,NULL]
04-13 20:15:29.765 I/notification_cancel( 3847): [10004,4250,com.android.systemui,3,low_battery,-1,0,1088,8,NULL]
04-13 20:15:29.775 I/notification_enqueue( 3847): [10004,4250,com.android.systemui,2131362716,charging_state,-1,Notification(channel=GEN pri=-2 contentView=null vibrate=null sound=null defaults=0x0 flags=0xa color=0xff607d8b category=sys number=0 vis=PUBLIC semFlags=0x0 semPriority=0 semMissedCount=0),1,NULL]
04-13 20:15:34.120 I/power_partial_wake_state( 3847): [14,RILJ:com.android.phone]
04-13 20:15:39.916 I/notification_cancel( 3847): [10004,4250,com.android.systemui,2,low_battery,-1,0,1088,8,NULL]
04-13 20:15:39.918 I/notification_cancel( 3847): [10004,4250,com.android.systemui,3,low_battery,-1,0,1088,8,NULL]
04-13 20:15:44.213 I/power_partial_wake_state( 3847): [14,RILJ:com.android.phone]
04-13 20:15:50.015 I/battery_level( 3847): [74,4044,318]
04-13 20:15:50.063 I/notification_cancel( 3847): [10004,4250,com.android.systemui,2,low_battery,-1,0,1088,8,NULL]
04-13 20:15:50.069 I/notification_cancel( 3847): [10004,4250,com.android.systemui,3,low_battery,-1,0,1088,8,NULL]
04-13 20:15:50.082 I/notification_enqueue( 3847): [10004,4250,com.android.systemui,2131362716,charging_state,-1,Notification(channel=GEN pri=-2 contentView=null vibrate=null sound=null defaults=0x0 flags=0xa color=0xff607d8b category=sys number=0 vis=PUBLIC semFlags=0x0 semPriority=0 semMissedCount=0),1,NULL]
04-13 20:15:50.111 I/power_partial_wake_state( 3847): [7,RILJ:com.android.phone]
04-13 20:15:54.306 I/power_partial_wake_state( 3847): [14,RILJ:com.android.phone]
04-13 20:15:54.383 I/power_partial_wake_state( 3847): [1,RILJ:com.android.phone]
04-13 20:16:00.088 I/power_partial_wake_state( 3847): [84,*alarm*:android]
04-13 20:16:00.132 I/am_pss  ( 3847): [24483,10016,com.android.defcontainer,10413056,5554176,472064]
04-13 20:16:00.142 I/notification_cancel( 3847): [10004,4250,com.android.systemui,2,low_battery,-1,0,1088,8,NULL]
04-13 20:16:00.143 I/notification_cancel( 3847): [10004,4250,com.android.systemui,3,low_battery,-1,0,1088,8,NULL]
04-13 20:16:00.210 I/am_pss  ( 3847): [30384,10041,com.kt.olleh.storefront,15562752,7561216,6295552]
04-13 20:16:00.284 I/am_pss  ( 3847): [5231,10090,com.sec.android.app.launcher,144663552,106868736,33923072]
04-13 20:16:04.404 I/power_partial_wake_state( 3847): [15,RILJ:com.android.phone]
04-13 20:16:06.440 I/content_query_sample( 5628): contents_sample_state: [CONTACT contacts(0) data(0) accounts({}) accounts deleted({}) calls([]) countryIso(KR) userId(0)  ]
04-13 20:16:06.440 I/content_query_sample( 5628): contents_sample_state: [ agr({})  ]
04-13 20:16:06.440 I/content_query_sample( 5628): contents_sample_state: [ actCnt({android.process.acore(5628)=1})  ]
04-13 20:16:06.440 I/content_query_sample( 5628): contents_sample_state: [PROFILE contacts(0) data(0) accounts({})  ]
04-13 20:16:06.440 I/content_query_sample( 5628): contents_sample_state: [SAPROFILE contacts(1) data(1) accounts({vnd.sec.contact.phone (1)=1})  ]
04-13 20:16:10.209 I/am_uid_idle( 3847): 10016
04-13 20:16:10.298 I/notification_cancel( 3847): [10004,4250,com.android.systemui,2,low_battery,-1,0,1088,8,NULL]
04-13 20:16:10.300 I/notification_cancel( 3847): [10004,4250,com.android.systemui,3,low_battery,-1,0,1088,8,NULL]
04-13 20:16:14.495 I/power_partial_wake_state( 3847): [14,RILJ:com.android.phone]
04-13 20:16:20.434 I/notification_cancel( 3847): [10004,4250,com.android.systemui,2,low_battery,-1,0,1088,8,NULL]
04-13 20:16:20.441 I/notification_cancel( 3847): [10004,4250,com.android.systemui,3,low_battery,-1,0,1088,8,NULL]
04-13 20:16:24.586 I/power_partial_wake_state( 3847): [13,RILJ:com.android.phone]
04-13 20:16:30.582 I/notification_cancel( 3847): [10004,4250,com.android.systemui,2,low_battery,-1,0,1088,8,NULL]
04-13 20:16:30.585 I/notification_cancel( 3847): [10004,4250,com.android.systemui,3,low_battery,-1,0,1088,8,NULL]
04-13 20:16:30.595 I/notification_enqueue( 3847): [10004,4250,com.android.systemui,2131362716,charging_state,-1,Notification(channel=GEN pri=-2 contentView=null vibrate=null sound=null defaults=0x0 flags=0xa color=0xff607d8b category=sys number=0 vis=PUBLIC semFlags=0x0 semPriority=0 semMissedCount=0),1,NULL]
04-13 20:16:34.675 I/power_partial_wake_state( 3847): [13,RILJ:com.android.phone]
04-13 20:16:37.999 I/power_partial_wake_state( 3847): [4825,PKMService:android]
04-13 20:16:40.694 I/notification_cancel( 3847): [10004,4250,com.android.systemui,2,low_battery,-1,0,1088,8,NULL]
04-13 20:16:40.697 I/notification_cancel( 3847): [10004,4250,com.android.systemui,3,low_battery,-1,0,1088,8,NULL]
04-13 20:16:44.756 I/power_partial_wake_state( 3847): [12,RILJ:com.android.phone]
04-13 20:16:50.823 I/notification_cancel( 3847): [10004,4250,com.android.systemui,2,low_battery,-1,0,1088,8,NULL]
04-13 20:16:50.826 I/notification_cancel( 3847): [10004,4250,com.android.systemui,3,low_battery,-1,0,1088,8,NULL]
04-13 20:16:50.836 I/notification_enqueue( 3847): [10004,4250,com.android.systemui,2131362716,charging_state,-1,Notification(channel=GEN pri=-2 contentView=null vibrate=null sound=null defaults=0x0 flags=0xa color=0xff607d8b category=sys number=0 vis=PUBLIC semFlags=0x0 semPriority=0 semMissedCount=0),1,NULL]
04-13 20:16:54.840 I/power_partial_wake_state( 3847): [16,RILJ:com.android.phone]
04-13 20:17:00.109 I/power_partial_wake_state( 3847): [21,*alarm*:android]
04-13 20:17:00.944 I/notification_cancel( 3847): [10004,4250,com.android.systemui,2,low_battery,-1,0,1088,8,NULL]
04-13 20:17:00.948 I/notification_cancel( 3847): [10004,4250,com.android.systemui,3,low_battery,-1,0,1088,8,NULL]
04-13 20:17:04.924 I/power_partial_wake_state( 3847): [14,RILJ:com.android.phone]
04-13 20:17:06.457 I/content_query_sample( 5628): contents_sample_state: [CONTACT contacts(0) data(0) accounts({}) accounts deleted({}) calls([]) countryIso(KR) userId(0)  ]
04-13 20:17:06.457 I/content_query_sample( 5628): contents_sample_state: [ agr({})  ]
04-13 20:17:06.457 I/content_query_sample( 5628): contents_sample_state: [ actCnt({android.process.acore(5628)=1})  ]
04-13 20:17:06.457 I/content_query_sample( 5628): contents_sample_state: [PROFILE contacts(0) data(0) accounts({})  ]
04-13 20:17:06.457 I/content_query_sample( 5628): contents_sample_state: [SAPROFILE contacts(1) data(1) accounts({vnd.sec.contact.phone (1)=1})  ]
04-13 20:17:11.077 I/notification_cancel( 3847): [10004,4250,com.android.systemui,2,low_battery,-1,0,1088,8,NULL]
04-13 20:17:11.081 I/notification_cancel( 3847): [10004,4250,com.android.systemui,3,low_battery,-1,0,1088,8,NULL]
04-13 20:17:15.017 I/power_partial_wake_state( 3847): [15,RILJ:com.android.phone]
04-13 20:17:21.206 I/notification_cancel( 3847): [10004,4250,com.android.systemui,2,low_battery,-1,0,1088,8,NULL]
04-13 20:17:21.208 I/notification_cancel( 3847): [10004,4250,com.android.systemui,3,low_battery,-1,0,1088,8,NULL]
04-13 20:17:21.218 I/notification_enqueue( 3847): [10004,4250,com.android.systemui,2131362716,charging_state,-1,Notification(channel=GEN pri=-2 contentView=null vibrate=null sound=null defaults=0x0 flags=0xa color=0xff607d8b category=sys number=0 vis=PUBLIC semFlags=0x0 semPriority=0 semMissedCount=0),1,NULL]
04-13 20:17:25.108 I/power_partial_wake_state( 3847): [15,RILJ:com.android.phone]
04-13 20:17:29.260 I/storaged_disk_stats( 3500): [stalled,191649870,191709871,0,0,0,0,102,60,1200,92,0,80,92]
04-13 20:17:31.348 I/notification_cancel( 3847): [10004,4250,com.android.systemui,2,low_battery,-1,0,1088,8,NULL]
04-13 20:17:31.351 I/notification_cancel( 3847): [10004,4250,com.android.systemui,3,low_battery,-1,0,1088,8,NULL]
04-13 20:17:35.197 I/power_partial_wake_state( 3847): [14,RILJ:com.android.phone]
04-13 20:17:41.481 I/notification_cancel( 3847): [10004,4250,com.android.systemui,2,low_battery,-1,0,1088,8,NULL]
04-13 20:17:41.486 I/notification_cancel( 3847): [10004,4250,com.android.systemui,3,low_battery,-1,0,1088,8,NULL]
04-13 20:17:41.496 I/notification_enqueue( 3847): [10004,4250,com.android.systemui,2131362716,charging_state,-1,Notification(channel=GEN pri=-2 contentView=null vibrate=null sound=null defaults=0x0 flags=0xa color=0xff607d8b category=sys number=0 vis=PUBLIC semFlags=0x0 semPriority=0 semMissedCount=0),1,NULL]
04-13 20:17:45.284 I/power_partial_wake_state( 3847): [14,RILJ:com.android.phone]
04-13 20:17:51.608 I/notification_cancel( 3847): [10004,4250,com.android.systemui,2,low_battery,-1,0,1088,8,NULL]
04-13 20:17:51.612 I/notification_cancel( 3847): [10004,4250,com.android.systemui,3,low_battery,-1,0,1088,8,NULL]
04-13 20:17:55.376 I/power_partial_wake_state( 3847): [14,RILJ:com.android.phone]
04-13 20:18:00.016 I/am_kill ( 3847): [0,23403,com.google.android.gm,904,17,empty for 1856s]
04-13 20:18:00.071 I/power_partial_wake_state( 3847): [67,*alarm*:android]
04-13 20:18:00.102 I/am_proc_died( 3847): [0,23403,com.google.android.gm,904,17,1620,1503]
04-13 20:18:00.103 I/am_uid_stopped( 3847): 10133
04-13 20:18:00.159 I/am_pss  ( 3847): [5231,10090,com.sec.android.app.launcher,146119680,108236800,33933312]
04-13 20:18:01.737 I/notification_cancel( 3847): [10004,4250,com.android.systemui,2,low_battery,-1,0,1088,8,NULL]
04-13 20:18:01.742 I/notification_cancel( 3847): [10004,4250,com.android.systemui,3,low_battery,-1,0,1088,8,NULL]
04-13 20:18:05.466 I/power_partial_wake_state( 3847): [16,RILJ:com.android.phone]
04-13 20:18:06.506 I/content_query_sample( 5628): contents_sample_state: [CONTACT contacts(0) data(0) accounts({}) accounts deleted({}) calls([]) countryIso(KR) userId(0)  ]
04-13 20:18:06.506 I/content_query_sample( 5628): contents_sample_state: [ agr({})  ]
04-13 20:18:06.506 I/content_query_sample( 5628): contents_sample_state: [ actCnt({android.process.acore(5628)=1})  ]
04-13 20:18:06.506 I/content_query_sample( 5628): contents_sample_state: [PROFILE contacts(0) data(0) accounts({})  ]
04-13 20:18:06.506 I/content_query_sample( 5628): contents_sample_state: [SAPROFILE contacts(1) data(1) accounts({vnd.sec.contact.phone (1)=1})  ]
04-13 20:18:11.865 I/notification_cancel( 3847): [10004,4250,com.android.systemui,2,low_battery,-1,0,1088,8,NULL]
04-13 20:18:11.872 I/notification_cancel( 3847): [10004,4250,com.android.systemui,3,low_battery,-1,0,1088,8,NULL]
04-13 20:18:11.893 I/notification_enqueue( 3847): [10004,4250,com.android.systemui,2131362716,charging_state,-1,Notification(channel=GEN pri=-2 contentView=null vibrate=null sound=null defaults=0x0 flags=0xa color=0xff607d8b category=sys number=0 vis=PUBLIC semFlags=0x0 semPriority=0 semMissedCount=0),1,NULL]
04-13 20:18:15.558 I/power_partial_wake_state( 3847): [14,RILJ:com.android.phone]
04-13 20:18:21.825 I/am_uid_running( 3847): 10209
04-13 20:18:21.845 I/am_proc_start( 3847): [0,25074,10209,com.dna.evolutionrunner,activity,com.dna.evolutionrunner/by.saygames.SayKitActivity]
04-13 20:18:21.897 I/wm_stack_created( 3847): 1
04-13 20:18:21.898 I/wm_task_created( 3847): [196,1]
04-13 20:18:21.898 I/wm_task_moved( 3847): [196,1,0]
04-13 20:18:21.898 I/am_focused_stack( 3847): [0,1,0,reuseOrNewTask]
04-13 20:18:21.898 I/wm_task_moved( 3847): [196,1,0]
04-13 20:18:21.898 I/am_create_task( 3847): [0,196]
04-13 20:18:21.898 I/am_create_activity( 3847): [0,266375118,196,com.dna.evolutionrunner/by.saygames.SayKitActivity,android.intent.action.MAIN,NULL,NULL,270532608,com.sec.android.app.launcher]
04-13 20:18:21.898 I/wm_task_moved( 3847): [196,1,0]
04-13 20:18:21.901 I/am_pause_activity( 3847): [0,123749643,com.sec.android.app.launcher/.activities.LauncherActivity]
04-13 20:18:21.905 I/am_proc_bound( 3847): [0,25074,com.dna.evolutionrunner]
04-13 20:18:21.916 I/am_on_paused_called( 5231): [0,com.sec.android.app.launcher.activities.LauncherActivity,handlePauseActivity]
04-13 20:18:21.922 I/power_partial_wake_state( 3847): [0,RILJ:com.android.phone]
04-13 20:18:21.929 I/am_uid_active( 3847): 10209
04-13 20:18:21.929 I/am_restart_activity( 3847): [0,266375118,196,com.dna.evolutionrunner/by.saygames.SayKitActivity]
04-13 20:18:21.930 I/am_set_resumed_activity( 3847): [0,com.dna.evolutionrunner/by.saygames.SayKitActivity,minimalResumeActivityLocked]
04-13 20:18:21.936 I/am_uid_running( 3847): 10028
04-13 20:18:21.947 I/am_proc_start( 3847): [0,25097,10028,com.samsung.android.game.gametools,service,com.samsung.android.game.gametools/.floatingui.service.external.GameToolsIntentService]
04-13 20:18:21.951 I/sysui_count( 3847): [window_time_0,671]
04-13 20:18:21.951 I/sysui_multi_action( 3847): [757,803,799,window_time_0,802,671]
04-13 20:18:21.964 I/notification_cancel( 3847): [10004,4250,com.android.systemui,2,low_battery,-1,0,1088,8,NULL]
04-13 20:18:21.965 I/notification_cancel( 3847): [10004,4250,com.android.systemui,3,low_battery,-1,0,1088,8,NULL]
04-13 20:18:21.978 I/am_proc_bound( 3847): [0,25097,com.samsung.android.game.gametools]
04-13 20:18:21.989 I/am_uid_running( 3847): 5004
04-13 20:18:22.001 I/am_proc_start( 3847): [0,25118,5004,com.samsung.cmh:CMH,service,com.samsung.cmh/.service.CMHService]
04-13 20:18:22.020 I/am_proc_bound( 3847): [0,25118,com.samsung.cmh:CMH]
04-13 20:18:22.033 I/am_uid_active( 3847): 99344
04-13 20:18:22.066 I/am_uid_active( 3847): 10055
04-13 20:18:22.139 I/am_uid_running( 3847): 10153
04-13 20:18:22.156 I/am_proc_start( 3847): [0,25179,10153,com.samsung.android.sm.policy,content provider,com.samsung.android.sm.policy/com.samsung.android.scpm.db.ScpmProvider]
04-13 20:18:22.180 I/am_proc_bound( 3847): [0,25179,com.samsung.android.sm.policy]
04-13 20:18:22.286 I/notification_cancel( 3847): [10028,25097,com.samsung.android.game.gametools,2131492873,NULL,0,0,1088,8,NULL]
04-13 20:18:22.286 I/notification_cancel( 3847): [10028,25097,com.samsung.android.game.gametools,2131492876,NULL,0,0,1088,8,NULL]
04-13 20:18:22.286 I/notification_cancel( 3847): [10028,25097,com.samsung.android.game.gametools,2131492869,NULL,0,0,1088,8,NULL]
04-13 20:18:22.289 I/am_proc_start( 3847): [0,25224,5009,com.samsung.android.scloud,content provider,com.samsung.android.scloud/.cloudagent.CloudProvider]
04-13 20:18:22.314 I/am_proc_start( 3847): [0,25234,5004,com.samsung.enhanceservice,service,com.samsung.enhanceservice/.EnhanceService]
04-13 20:18:22.330 I/am_proc_start( 3847): [0,25246,5004,com.samsung.dcmservice,service,com.samsung.dcmservice/.DCMService]
04-13 20:18:22.339 I/am_proc_bound( 3847): [0,25224,com.samsung.android.scloud]
04-13 20:18:22.352 I/sysui_multi_action( 4250): [757,931,758,4,759,3,932,0,933,0]
04-13 20:18:22.354 I/am_proc_bound( 3847): [0,25234,com.samsung.enhanceservice]
04-13 20:18:22.363 I/am_proc_bound( 3847): [0,25246,com.samsung.dcmservice]
04-13 20:18:22.469 I/sysui_multi_action( 4250): [757,931,758,4,759,3,932,0,933,1]
04-13 20:18:22.481 I/am_new_intent( 3847): [0,58488883,2,com.sec.android.app.launcher/.activities.LauncherActivity,android.intent.action.MAIN,NULL,NULL,278921216,android]
04-13 20:18:22.481 I/wm_task_moved( 3847): [2,1,0]
04-13 20:18:22.481 I/am_focused_stack( 3847): [0,0,1,bringingFoundTaskToFront]
04-13 20:18:22.481 I/wm_task_moved( 3847): [2,1,0]
04-13 20:18:22.482 I/am_pause_activity( 3847): [0,266375118,com.dna.evolutionrunner/by.saygames.SayKitActivity]
04-13 20:18:22.485 I/am_set_resumed_activity( 3847): [0,com.sec.android.app.launcher/.activities.LauncherActivity,resumeTopActivityInnerLocked]
04-13 20:18:22.489 I/am_resume_activity( 3847): [0,123749643,2,com.sec.android.app.launcher/.activities.LauncherActivity]
04-13 20:18:22.499 I/am_task_to_front( 3847): [0,2]
04-13 20:18:22.502 I/sysui_multi_action( 3847): [757,1143,758,8,806,com.dna.evolutionrunner,871,by.saygames.SayKitActivity]
04-13 20:18:22.503 I/am_stop_activity( 3847): [0,266375118,com.dna.evolutionrunner/by.saygames.SayKitActivity]
04-13 20:18:22.515 I/am_on_resume_called( 5231): [0,com.sec.android.app.launcher.activities.LauncherActivity,performNewIntents]
04-13 20:18:22.518 I/notification_cancel( 3847): [10028,25097,com.samsung.android.game.gametools,2131492873,NULL,0,0,1088,8,NULL]
04-13 20:18:22.518 I/am_on_paused_called( 5231): [0,com.sec.android.app.launcher.activities.LauncherActivity,performNewIntents]
04-13 20:18:22.527 I/am_on_resume_called( 5231): [0,com.sec.android.app.launcher.activities.LauncherActivity,RESUME_ACTIVITY]
04-13 20:18:22.531 I/notification_cancel( 3847): [10028,25097,com.samsung.android.game.gametools,2131492869,NULL,0,0,1088,8,NULL]
04-13 20:18:22.537 I/am_on_resume_called(25074): [0,by.saygames.SayKitActivity,LAUNCH_ACTIVITY]
04-13 20:18:22.565 I/power_partial_wake_state( 3847): [83,*launch*:android]
04-13 20:18:22.737 I/am_on_paused_called(25074): [0,by.saygames.SayKitActivity,handlePauseActivity]
04-13 20:18:22.745 I/am_on_stop_called(25074): [0,by.saygames.SayKitActivity,handleStopActivity]
04-13 20:18:22.996 I/power_partial_wake_state( 3847): [5,*gms_scheduler*:internal:com.google.android.gms]
04-13 20:18:23.343 I/sync    ( 3847): [com.google.android.gms.fitness,0,4,1546474410]
04-13 20:18:23.359 I/power_partial_wake_state( 3847): [19,SyncLoopWakeLock:android]
04-13 20:18:23.365 I/power_partial_wake_state( 3847): [1,SyncLoopWakeLock:android]
04-13 20:18:23.392 I/power_partial_wake_state( 3847): [55,*alarm*:android]
04-13 20:18:23.394 I/force_gc( 1619): Binder
04-13 20:18:23.509 I/sysui_multi_action( 4250): [757,931,758,4,759,187,932,0,933,0]
04-13 20:18:23.511 I/power_partial_wake_state( 3847): [172,*job*/com.google.android.gms.fitness/com.google/eM_ADDR:android:android]
04-13 20:18:23.512 I/power_partial_wake_state( 3847): [169,*sync*/com.google.android.gms.fitness/com.google/eM_ADDR:android]
04-13 20:18:23.519 I/sync    ( 3847): [com.google.android.gms.fitness,1,4,1546474410]
04-13 20:18:23.519 I/notification_cancel( 3847): [1000,3847,android,18,1534586125,0,0,0,8,NULL]
04-13 20:18:23.519 I/power_partial_wake_state( 3847): [11,SyncLoopWakeLock:android]
04-13 20:18:23.626 I/sysui_multi_action( 4250): [757,931,758,4,759,187,932,0,933,1]
04-13 20:18:23.642 I/force_gc( 3847): Binder
04-13 20:18:23.647 I/am_new_intent( 3847): [0,227260872,3,com.android.systemui/.recents.RecentsActivity,NULL,NULL,NULL,276840448,com.android.systemui]
04-13 20:18:23.647 I/wm_task_moved( 3847): [3,1,0]
04-13 20:18:23.648 I/am_focused_stack( 3847): [0,5,0,bringingFoundTaskToFront]
04-13 20:18:23.648 I/wm_task_moved( 3847): [3,1,0]
04-13 20:18:23.649 I/am_pause_activity( 3847): [0,123749643,com.sec.android.app.launcher/.activities.LauncherActivity]
04-13 20:18:23.658 I/am_set_resumed_activity( 3847): [0,com.android.systemui/.recents.RecentsActivity,resumeTopActivityInnerLocked]
04-13 20:18:23.666 I/am_resume_activity( 3847): [0,241881128,3,com.android.systemui/.recents.RecentsActivity]
04-13 20:18:23.669 I/am_task_to_front( 3847): [0,3]
04-13 20:18:23.677 I/sysui_count( 3847): [window_time_0,1]
04-13 20:18:23.677 I/sysui_multi_action( 3847): [757,803,799,window_time_0,802,1]
04-13 20:18:23.678 I/am_on_paused_called( 5231): [0,com.sec.android.app.launcher.activities.LauncherActivity,handlePauseActivity]
04-13 20:18:23.689 I/am_stop_activity( 3847): [0,123749643,com.sec.android.app.launcher/.activities.LauncherActivity]
04-13 20:18:23.694 I/am_on_stop_called( 5231): [0,com.sec.android.app.launcher.activities.LauncherActivity,handleStopActivity]
04-13 20:18:23.696 I/sysui_count( 4250): [overview_trigger_nav_btn,1]
04-13 20:18:23.696 I/sysui_multi_action( 4250): [757,803,799,overview_trigger_nav_btn,802,1]
04-13 20:18:23.696 I/sysui_count( 4250): [overview_source_home,1]
04-13 20:18:23.696 I/sysui_multi_action( 4250): [757,803,799,overview_source_home,802,1]
04-13 20:18:23.697 I/sysui_histogram( 4250): [overview_task_count,1]
04-13 20:18:23.697 I/sysui_multi_action( 4250): [757,804,799,overview_task_count,801,1,802,1]
04-13 20:18:23.698 I/sysui_view_visibility( 4250): [224,100]
04-13 20:18:23.698 I/sysui_multi_action( 4250): [757,224,758,1]
04-13 20:18:23.698 I/am_on_resume_called( 4250): [0,com.android.systemui.recents.RecentsActivity,RESUME_ACTIVITY]
04-13 20:18:23.736 I/sysui_multi_action( 3847): [319,90,322,92,325,191824,757,761,758,9,759,2,806,com.android.systemui,871,com.android.systemui.recents.RecentsActivity,905,0]
04-13 20:18:24.150 I/power_partial_wake_state( 3847): [496,*launch*:android]
04-13 20:18:24.601 I/sysui_count( 4250): [overview_task_all_dismissed,1]
04-13 20:18:24.601 I/sysui_multi_action( 4250): [757,803,799,overview_task_all_dismissed,802,1]
04-13 20:18:24.601 I/sysui_action( 4250): [357,]
04-13 20:18:24.601 I/am_finish_activity( 3847): [0,266375118,196,com.dna.evolutionrunner/by.saygames.SayKitActivity,clear-task-index]
04-13 20:18:24.601 I/sysui_multi_action( 4250): [757,357,758,4]
04-13 20:18:24.602 I/am_destroy_activity( 3847): [0,266375118,196,com.dna.evolutionrunner/by.saygames.SayKitActivity,finish-imm]
04-13 20:18:24.608 I/am_kill ( 3847): [0,25074,com.dna.evolutionrunner,900,17,remove task]
04-13 20:18:24.608 I/sysui_count( 3847): [window_time_0,1]
04-13 20:18:24.608 I/sysui_multi_action( 3847): [757,803,799,window_time_0,802,1]
04-13 20:18:24.617 I/am_new_intent( 3847): [0,70403946,2,com.sec.android.app.launcher/.activities.LauncherActivity,android.intent.action.MAIN,NULL,NULL,278921216,com.android.systemui]
04-13 20:18:24.617 I/wm_task_moved( 3847): [2,1,0]
04-13 20:18:24.617 I/am_focused_stack( 3847): [0,0,5,bringingFoundTaskToFront]
04-13 20:18:24.617 I/wm_task_moved( 3847): [2,1,0]
04-13 20:18:24.618 I/am_pause_activity( 3847): [0,241881128,com.android.systemui/.recents.RecentsActivity]
04-13 20:18:24.621 I/am_set_resumed_activity( 3847): [0,com.sec.android.app.launcher/.activities.LauncherActivity,resumeTopActivityInnerLocked]
04-13 20:18:24.623 I/am_resume_activity( 3847): [0,123749643,2,com.sec.android.app.launcher/.activities.LauncherActivity]
04-13 20:18:24.625 I/am_task_to_front( 3847): [0,2]
04-13 20:18:24.632 I/sysui_count( 3847): [window_time_0,0]
04-13 20:18:24.632 I/sysui_multi_action( 3847): [757,803,799,window_time_0,802,0]
04-13 20:18:24.632 I/am_on_paused_called( 4250): [0,com.android.systemui.recents.RecentsActivity,handlePauseActivity]
04-13 20:18:24.633 I/am_stop_activity( 3847): [0,241881128,com.android.systemui/.recents.RecentsActivity]
04-13 20:18:24.645 I/am_on_resume_called( 5231): [0,com.sec.android.app.launcher.activities.LauncherActivity,RESUME_ACTIVITY]
04-13 20:18:24.666 I/sysui_view_visibility( 4250): [224,0]
04-13 20:18:24.666 I/sysui_multi_action( 4250): [757,224,758,2]
04-13 20:18:24.666 I/am_on_stop_called( 4250): [0,com.android.systemui.recents.RecentsActivity,handleStopActivity]
04-13 20:18:24.679 I/power_partial_wake_state( 3847): [60,*launch*:android]
04-13 20:18:24.692 I/am_proc_died( 3847): [0,25074,com.dna.evolutionrunner,900,17,1512,1584]
04-13 20:18:24.693 I/am_uid_stopped( 3847): 10209
04-13 20:18:24.694 I/wm_task_removed( 3847): [196,removeAppToken: last token]
04-13 20:18:24.694 I/wm_task_removed( 3847): [196,removeTask]
04-13 20:18:24.694 I/wm_stack_removed( 3847): 1
04-13 20:18:24.698 I/sysui_multi_action( 3847): [319,77,322,81,325,191825,757,761,758,9,759,2,806,com.sec.android.app.launcher,871,com.sec.android.app.launcher.activities.LauncherActivity,905,0]
04-13 20:18:25.241 I/am_uid_running( 3847): 10235
04-13 20:18:25.249 I/am_proc_start( 3847): [0,25341,10235,org.videolan.vlc,activity,org.videolan.vlc/.StartActivity]
04-13 20:18:25.266 I/am_proc_bound( 3847): [0,25341,org.videolan.vlc]
04-13 20:18:25.347 I/wm_stack_created( 3847): 1
04-13 20:18:25.348 I/wm_task_created( 3847): [197,1]
04-13 20:18:25.348 I/wm_task_moved( 3847): [197,1,0]
04-13 20:18:25.348 I/am_focused_stack( 3847): [0,1,0,reuseOrNewTask]
04-13 20:18:25.348 I/wm_task_moved( 3847): [197,1,0]
04-13 20:18:25.348 I/am_create_task( 3847): [0,197]
04-13 20:18:25.348 I/am_create_activity( 3847): [0,201833512,197,org.videolan.vlc/.StartActivity,android.intent.action.MAIN,NULL,NULL,270532608,com.sec.android.app.launcher]
04-13 20:18:25.348 I/wm_task_moved( 3847): [197,1,0]
04-13 20:18:25.350 I/am_pause_activity( 3847): [0,123749643,com.sec.android.app.launcher/.activities.LauncherActivity]
04-13 20:18:25.359 I/am_on_paused_called( 5231): [0,com.sec.android.app.launcher.activities.LauncherActivity,handlePauseActivity]
04-13 20:18:25.361 I/am_uid_active( 3847): 10235
04-13 20:18:25.361 I/am_restart_activity( 3847): [0,201833512,197,org.videolan.vlc/.StartActivity]
04-13 20:18:25.363 I/am_set_resumed_activity( 3847): [0,org.videolan.vlc/.StartActivity,minimalResumeActivityLocked]
04-13 20:18:25.369 I/sysui_count( 3847): [window_time_0,1]
04-13 20:18:25.369 I/sysui_multi_action( 3847): [757,803,799,window_time_0,802,1]
04-13 20:18:25.476 I/wm_task_moved( 3847): [197,1,0]
04-13 20:18:25.476 I/wm_task_moved( 3847): [197,1,0]
04-13 20:18:25.476 I/am_create_activity( 3847): [0,114660217,197,org.videolan.vlc/.gui.MainActivity,android.intent.action.VIEW,NULL,NULL,268435456,org.videolan.vlc]
04-13 20:18:25.477 I/am_pause_activity( 3847): [0,201833512,org.videolan.vlc/.StartActivity]
04-13 20:18:25.482 I/am_finish_activity( 3847): [0,201833512,197,org.videolan.vlc/.StartActivity,app-request]
04-13 20:18:25.485 I/sysui_count( 3847): [window_time_0,0]
04-13 20:18:25.485 I/sysui_multi_action( 3847): [757,803,799,window_time_0,802,0]
04-13 20:18:25.503 I/am_restart_activity( 3847): [0,114660217,197,org.videolan.vlc/.gui.MainActivity]
04-13 20:18:25.504 I/am_set_resumed_activity( 3847): [0,org.videolan.vlc/.gui.MainActivity,minimalResumeActivityLocked]
04-13 20:18:25.508 I/sysui_count( 3847): [window_time_0,0]
04-13 20:18:25.508 I/sysui_multi_action( 3847): [757,803,799,window_time_0,802,0]
04-13 20:18:25.518 I/am_uid_running( 3847): 10051
04-13 20:18:25.529 I/am_proc_start( 3847): [0,25372,10051,android.process.media,content provider,com.android.providers.media/.MediaProvider]
04-13 20:18:25.548 I/am_proc_bound( 3847): [0,25372,android.process.media]
04-13 20:18:25.602 I/power_partial_wake_state( 3847): [7,RILJ:com.android.phone]
04-13 20:18:25.776 I/am_on_resume_called(25341): [0,org.videolan.vlc.gui.MainActivity,LAUNCH_ACTIVITY]
04-13 20:18:25.863 I/power_partial_wake_state( 3847): [35,*gms_scheduler*:internal:com.google.android.gms]
04-13 20:18:25.876 I/power_partial_wake_state( 3847): [12,*gms_scheduler*:internal:com.google.android.gms]
04-13 20:18:25.877 I/power_partial_wake_state( 3847): [30,*gms_scheduler*/com.google.android.gms/.ipa.base.IpaGcmTaskService:com.google.android.gms]
04-13 20:18:25.894 I/power_partial_wake_state( 3847): [17,*gms_scheduler*:internal:com.google.android.gms]
04-13 20:18:25.930 I/notification_enqueue( 3847): [1000,3847,android,40,NULL,0,Notification(channel=FOREGROUND_SERVICE pri=0 contentView=null vibrate=null sound=null defaults=0x0 flags=0x2 color=0xff607d8b number=0 vis=PRIVATE semFlags=0x0 semPriority=0 semMissedCount=0),1,NULL]
04-13 20:18:25.937 I/notification_enqueue( 3847): [10235,25341,org.videolan.vlc,43,NULL,0,Notification(channel=vlc_medialibrary pri=0 contentView=null vibrate=null sound=null defaults=0x0 flags=0x42 color=0x00000000 category=progress actions=1 number=0 vis=PUBLIC semFlags=0x0 semPriority=0 semMissedCount=0),0,NULL]
04-13 20:18:25.947 I/notification_enqueue( 3847): [10235,25341,org.videolan.vlc,43,NULL,0,Notification(channel=vlc_medialibrary pri=0 contentView=null vibrate=null sound=null defaults=0x0 flags=0x42 color=0x00000000 category=progress actions=1 number=0 vis=PUBLIC semFlags=0x0 semPriority=0 semMissedCount=0),1,NULL]
04-13 20:18:25.949 I/power_partial_wake_state( 3847): [55,*gms_scheduler*:internal:com.google.android.gms]
04-13 20:18:25.956 I/power_partial_wake_state( 3847): [44,*gms_scheduler*/com.google.android.gms/com.google.android.contextmanager.service.ContextManagerLogsUploadBoundService:com.google.android.gms]
04-13 20:18:25.957 I/power_partial_wake_state( 3847): [27,CMWakeLock:com.google.android.gms]
04-13 20:18:25.978 I/power_partial_wake_state( 3847): [20,*gms_scheduler*:internal:com.google.android.gms]
04-13 20:18:26.013 I/sysui_multi_action( 3847): [319,664,322,665,325,191825,757,761,758,8,759,2,806,org.videolan.vlc,871,org.videolan.vlc.gui.MainActivity,905,0]
04-13 20:18:26.013 I/am_activity_launch_time( 3847): [0,114660217,org.videolan.vlc/.gui.MainActivity,505,647]
04-13 20:18:26.022 I/power_partial_wake_state( 3847): [42,*gms_scheduler*:internal:com.google.android.gms]
04-13 20:18:26.077 I/power_partial_wake_state( 3847): [726,*launch*:android]
04-13 20:18:26.179 I/force_gc( 3847): Binder
04-13 20:18:26.370 I/am_stop_activity( 3847): [0,123749643,com.sec.android.app.launcher/.activities.LauncherActivity]
04-13 20:18:26.370 I/am_destroy_activity( 3847): [0,201833512,197,org.videolan.vlc/.StartActivity,finish-imm]
04-13 20:18:26.371 I/am_on_stop_called( 5231): [0,com.sec.android.app.launcher.activities.LauncherActivity,handleStopActivity]
04-13 20:18:26.376 I/force_gc(16491): Binder
04-13 20:18:26.608 I/force_gc( 3847): Binder
04-13 20:18:26.841 I/power_partial_wake_state( 3847): [914,*gms_scheduler*/com.google.android.gms/.common.stats.net.NetworkReportService:com.google.android.gms]
04-13 20:18:26.857 I/power_partial_wake_state( 3847): [13,*gms_scheduler*:internal:com.google.android.gms]
04-13 20:18:26.879 I/power_partial_wake_state( 3847): [21,*gms_scheduler*:internal:com.google.android.gms]
04-13 20:18:27.069 I/power_partial_wake_state( 3847): [1129,VLC:MediaParsingService:org.videolan.vlc]
04-13 20:18:27.078 I/notification_enqueue( 3847): [1000,3847,android,40,NULL,0,Notification(channel=FOREGROUND_SERVICE pri=0 contentView=null vibrate=null sound=null defaults=0x0 flags=0x2 color=0xff607d8b number=0 vis=PRIVATE semFlags=0x0 semPriority=0 semMissedCount=0),1,NULL]
04-13 20:18:27.078 I/notification_cancel( 3847): [1000,3847,org.videolan.vlc,43,NULL,0,0,0,8,NULL]
04-13 20:18:27.080 I/sysui_multi_action( 3847): [757,128,758,5,759,8,793,1149,794,0,795,1137,796,43,806,org.videolan.vlc,857,vlc_medialibrary,858,2,947,0]
04-13 20:18:27.080 I/notification_canceled( 3847): [0|org.videolan.vlc|43|null|10235,8,1149,1137,0]
04-13 20:18:28.443 I/power_partial_wake_state( 3847): [2990,AudioMix:audioserver]
