04-13 20:04:05.442 I/content_query_sample( 5628): contents_sample_state: [PROFILE contacts(0) data(0) accounts({})  ]
04-13 20:04:05.442 I/content_query_sample( 5628): contents_sample_state: [SAPROFILE contacts(1) data(1) accounts({vnd.sec.contact.phone (1)=1})  ]
04-13 20:04:07.867 I/power_partial_wake_state( 3847): [15,RILJ:com.android.phone]
04-13 20:04:10.966 I/notification_cancel( 3847): [10004,4250,com.android.systemui,2,low_battery,-1,0,1088,8,NULL]
04-13 20:04:10.970 I/notification_cancel( 3847): [10004,4250,com.android.systemui,3,low_battery,-1,0,1088,8,NULL]
04-13 20:04:10.981 I/notification_enqueue( 3847): [10004,4250,com.android.systemui,2131362716,charging_state,-1,Notification(channel=GEN pri=-2 contentView=null vibrate=null sound=null defaults=0x0 flags=0xa color=0xff607d8b category=sys number=0 vis=PUBLIC semFlags=0x0 semPriority=0 semMissedCount=0),1,NULL]
04-13 20:04:17.965 I/power_partial_wake_state( 3847): [14,RILJ:com.android.phone]
04-13 20:04:21.082 I/notification_cancel( 3847): [10004,4250,com.android.systemui,2,low_battery,-1,0,1088,8,NULL]
04-13 20:04:21.085 I/notification_cancel( 3847): [10004,4250,com.android.systemui,3,low_battery,-1,0,1088,8,NULL]
04-13 20:04:28.059 I/power_partial_wake_state( 3847): [14,RILJ:com.android.phone]
04-13 20:04:31.210 I/notification_cancel( 3847): [10004,4250,com.android.systemui,2,low_battery,-1,0,1088,8,NULL]
04-13 20:04:31.218 I/notification_cancel( 3847): [10004,4250,com.android.systemui,3,low_battery,-1,0,1088,8,NULL]
04-13 20:04:33.154 I/power_partial_wake_state( 3847): [17,*alarm*:android]
04-13 20:04:33.201 I/c2dm    ( 1619): [0,,17,10]
04-13 20:04:33.202 I/power_partial_wake_state( 3847): [45,GCM_HB_ALARM:com.google.android.gms]
04-13 20:04:33.205 I/power_partial_wake_state( 3847): [55,GCM_WORK:com.google.android.gms]
04-13 20:04:33.242 I/power_partial_wake_state( 3847): [4,GCM_READ:com.google.android.gms]
04-13 20:04:33.269 I/power_partial_wake_state( 3847): [30,GCM_WORK:com.google.android.gms]
04-13 20:04:33.414 I/power_partial_wake_state( 3847): [181,*gms_scheduler*:internal:com.google.android.gms]
04-13 20:04:33.444 I/power_partial_wake_state( 3847): [27,*gms_scheduler*:internal:com.google.android.gms]
04-13 20:04:33.463 I/aggregation(16491): 1681383873463
04-13 20:04:33.546 I/power_partial_wake_state( 3847): [234,*gms_scheduler*/com.google.android.gms/.semanticlocationhistory.deidentifieddata.uploads.BatchDeidentifiedDataUploadService:com.google.android.gms]
04-13 20:04:33.561 I/power_partial_wake_state( 3847): [12,*gms_scheduler*:internal:com.google.android.gms]
04-13 20:04:33.587 I/power_partial_wake_state( 3847): [23,*gms_scheduler*:internal:com.google.android.gms]
04-13 20:04:33.607 I/power_partial_wake_state( 3847): [29,IntentOp:.common.broadcast.BackgroundBroadcastReceiverSupport$PersistentReceiverIntentOperation:com.google.android.gms]
04-13 20:04:33.620 I/power_partial_wake_state( 3847): [255,*gms_scheduler*/com.google.android.gms/.checkin.EventLogService:com.google.android.gms]
04-13 20:04:33.647 I/power_partial_wake_state( 3847): [21,*gms_scheduler*:internal:com.google.android.gms]
04-13 20:04:33.666 I/power_partial_wake_state( 3847): [16,*gms_scheduler*:internal:com.google.android.gms]
04-13 20:04:38.150 I/power_partial_wake_state( 3847): [14,RILJ:com.android.phone]
04-13 20:04:41.330 I/notification_cancel( 3847): [10004,4250,com.android.systemui,2,low_battery,-1,0,1088,8,NULL]
04-13 20:04:41.332 I/notification_cancel( 3847): [10004,4250,com.android.systemui,3,low_battery,-1,0,1088,8,NULL]
04-13 20:04:41.342 I/notification_enqueue( 3847): [10004,4250,com.android.systemui,2131362716,charging_state,-1,Notification(channel=GEN pri=-2 contentView=null vibrate=null sound=null defaults=0x0 flags=0xa color=0xff607d8b category=sys number=0 vis=PUBLIC semFlags=0x0 semPriority=0 semMissedCount=0),1,NULL]
04-13 20:04:48.248 I/power_partial_wake_state( 3847): [15,RILJ:com.android.phone]
04-13 20:04:51.474 I/notification_cancel( 3847): [10004,4250,com.android.systemui,2,low_battery,-1,0,1088,8,NULL]
04-13 20:04:51.478 I/notification_cancel( 3847): [10004,4250,com.android.systemui,3,low_battery,-1,0,1088,8,NULL]
04-13 20:04:58.341 I/power_partial_wake_state( 3847): [14,RILJ:com.android.phone]
04-13 20:05:00.093 I/power_partial_wake_state( 3847): [19,*alarm*:android]
04-13 20:05:01.618 I/notification_cancel( 3847): [10004,4250,com.android.systemui,2,low_battery,-1,0,1088,8,NULL]
04-13 20:05:01.620 I/notification_cancel( 3847): [10004,4250,com.android.systemui,3,low_battery,-1,0,1088,8,NULL]
04-13 20:05:01.633 I/notification_enqueue( 3847): [10004,4250,com.android.systemui,2131362716,charging_state,-1,Notification(channel=GEN pri=-2 contentView=null vibrate=null sound=null defaults=0x0 flags=0xa color=0xff607d8b category=sys number=0 vis=PUBLIC semFlags=0x0 semPriority=0 semMissedCount=0),1,NULL]
04-13 20:05:05.506 I/content_query_sample( 5628): contents_sample_state: [CONTACT contacts(0) data(0) accounts({}) accounts deleted({}) calls([]) countryIso(KR) userId(0)  ]
04-13 20:05:05.506 I/content_query_sample( 5628): contents_sample_state: [ agr({})  ]
04-13 20:05:05.506 I/content_query_sample( 5628): contents_sample_state: [ actCnt({android.process.acore(5628)=1})  ]
04-13 20:05:05.506 I/content_query_sample( 5628): contents_sample_state: [PROFILE contacts(0) data(0) accounts({})  ]
04-13 20:05:05.506 I/content_query_sample( 5628): contents_sample_state: [SAPROFILE contacts(1) data(1) accounts({vnd.sec.contact.phone (1)=1})  ]
04-13 20:05:08.423 I/power_partial_wake_state( 3847): [14,RILJ:com.android.phone]
04-13 20:05:11.742 I/notification_cancel( 3847): [10004,4250,com.android.systemui,2,low_battery,-1,0,1088,8,NULL]
04-13 20:05:11.746 I/notification_cancel( 3847): [10004,4250,com.android.systemui,3,low_battery,-1,0,1088,8,NULL]
04-13 20:05:18.520 I/power_partial_wake_state( 3847): [15,RILJ:com.android.phone]
04-13 20:05:21.878 I/notification_cancel( 3847): [10004,4250,com.android.systemui,2,low_battery,-1,0,1088,8,NULL]
04-13 20:05:21.881 I/notification_cancel( 3847): [10004,4250,com.android.systemui,3,low_battery,-1,0,1088,8,NULL]
04-13 20:05:21.899 I/notification_enqueue( 3847): [10004,4250,com.android.systemui,2131362716,charging_state,-1,Notification(channel=GEN pri=-2 contentView=null vibrate=null sound=null defaults=0x0 flags=0xa color=0xff607d8b category=sys number=0 vis=PUBLIC semFlags=0x0 semPriority=0 semMissedCount=0),1,NULL]
04-13 20:05:28.619 I/power_partial_wake_state( 3847): [14,RILJ:com.android.phone]
04-13 20:05:32.034 I/notification_cancel( 3847): [10004,4250,com.android.systemui,2,low_battery,-1,0,1088,8,NULL]
04-13 20:05:32.037 I/notification_cancel( 3847): [10004,4250,com.android.systemui,3,low_battery,-1,0,1088,8,NULL]
04-13 20:05:38.716 I/power_partial_wake_state( 3847): [21,RILJ:com.android.phone]
04-13 20:05:42.151 I/notification_cancel( 3847): [10004,4250,com.android.systemui,2,low_battery,-1,0,1088,8,NULL]
04-13 20:05:42.157 I/notification_cancel( 3847): [10004,4250,com.android.systemui,3,low_battery,-1,0,1088,8,NULL]
04-13 20:05:48.809 I/power_partial_wake_state( 3847): [14,RILJ:com.android.phone]
04-13 20:05:52.267 I/notification_cancel( 3847): [10004,4250,com.android.systemui,2,low_battery,-1,0,1088,8,NULL]
04-13 20:05:52.269 I/notification_cancel( 3847): [10004,4250,com.android.systemui,3,low_battery,-1,0,1088,8,NULL]
04-13 20:05:52.279 I/notification_enqueue( 3847): [10004,4250,com.android.systemui,2131362716,charging_state,-1,Notification(channel=GEN pri=-2 contentView=null vibrate=null sound=null defaults=0x0 flags=0xa color=0xff607d8b category=sys number=0 vis=PUBLIC semFlags=0x0 semPriority=0 semMissedCount=0),1,NULL]
04-13 20:05:58.903 I/power_partial_wake_state( 3847): [14,RILJ:com.android.phone]
04-13 20:06:00.079 I/power_partial_wake_state( 3847): [75,*alarm*:android]
04-13 20:06:00.143 I/am_pss  ( 3847): [16491,10030,com.google.android.gms,158166016,117231616,23533568]
04-13 20:06:00.189 I/am_pss  ( 3847): [22659,10030,com.google.process.gapps,13362176,8155136,539648]
04-13 20:06:00.235 I/am_pss  ( 3847): [17808,99344,com.android.chrome:sandboxed_process0,55169024,33996800,18270208]
04-13 20:06:00.292 I/am_pss  ( 3847): [5231,10090,com.sec.android.app.launcher,163439616,124166144,35014656]
04-13 20:06:02.394 I/notification_cancel( 3847): [10004,4250,com.android.systemui,2,low_battery,-1,0,1088,8,NULL]
04-13 20:06:02.399 I/notification_cancel( 3847): [10004,4250,com.android.systemui,3,low_battery,-1,0,1088,8,NULL]
04-13 20:06:05.549 I/content_query_sample( 5628): contents_sample_state: [CONTACT contacts(0) data(0) accounts({}) accounts deleted({}) calls([]) countryIso(KR) userId(0)  ]
04-13 20:06:05.549 I/content_query_sample( 5628): contents_sample_state: [ agr({})  ]
04-13 20:06:05.549 I/content_query_sample( 5628): contents_sample_state: [ actCnt({android.process.acore(5628)=1})  ]
04-13 20:06:05.549 I/content_query_sample( 5628): contents_sample_state: [PROFILE contacts(0) data(0) accounts({})  ]
04-13 20:06:05.549 I/content_query_sample( 5628): contents_sample_state: [SAPROFILE contacts(1) data(1) accounts({vnd.sec.contact.phone (1)=1})  ]
04-13 20:06:08.993 I/power_partial_wake_state( 3847): [15,RILJ:com.android.phone]
04-13 20:06:12.504 I/battery_level( 3847): [72,4035,321]
04-13 20:06:12.539 I/power_partial_wake_state( 3847): [22,RILJ:com.android.phone]
04-13 20:06:12.589 I/notification_cancel( 3847): [10004,4250,com.android.systemui,2,low_battery,-1,0,1088,8,NULL]
04-13 20:06:12.590 I/notification_cancel( 3847): [10004,4250,com.android.systemui,3,low_battery,-1,0,1088,8,NULL]
04-13 20:06:12.602 I/notification_enqueue( 3847): [10004,4250,com.android.systemui,2131362716,charging_state,-1,Notification(channel=GEN pri=-2 contentView=null vibrate=null sound=null defaults=0x0 flags=0xa color=0xff607d8b category=sys number=0 vis=PUBLIC semFlags=0x0 semPriority=0 semMissedCount=0),1,NULL]
04-13 20:06:12.610 I/power_partial_wake_state( 3847): [14,RILJ:com.android.phone]
04-13 20:06:12.667 I/power_partial_wake_state( 3847): [90,*job*/com.google.android.googlequicksearchbox/com.google.android.apps.gsa.tasks.BackgroundTasksJobService:android]
04-13 20:06:12.681 I/am_uid_active( 3847): 10007
04-13 20:06:12.691 I/power_partial_wake_state( 3847): [112,*job*/com.google.android.googlequicksearchbox/com.google.android.apps.gsa.tasks.BackgroundTasksJobService:android]
04-13 20:06:12.778 I/power_partial_wake_state( 3847): [203,*job*/com.google.android.googlequicksearchbox/com.google.android.apps.gsa.tasks.BackgroundTasksJobService:android]
04-13 20:06:12.889 I/am_uid_active( 3847): 99344
04-13 20:06:12.937 I/notification_cancel( 3847): [1000,3847,android,37,AccountManagerService:37:1575116973,0,0,0,8,NULL]
04-13 20:06:13.048 I/power_partial_wake_state( 3847): [468,*job*/com.google.android.googlequicksearchbox/com.google.android.apps.gsa.tasks.BackgroundTasksJobService:android]
04-13 20:06:13.234 I/power_partial_wake_state( 3847): [649,*job*/com.google.android.googlequicksearchbox/com.google.android.apps.gsa.tasks.BackgroundTasksJobService:android]
04-13 20:06:13.252 I/power_partial_wake_state( 3847): [5,*job*/com.google.android.googlequicksearchbox/com.google.android.apps.gsa.tasks.BackgroundTasksJobService:android]
04-13 20:06:13.259 I/am_uid_active( 3847): 10055
04-13 20:06:13.265 I/power_partial_wake_state( 3847): [679,*job*/com.google.android.googlequicksearchbox/com.google.android.apps.gsa.tasks.BackgroundTasksJobService:android]
04-13 20:06:13.289 I/power_partial_wake_state( 3847): [10,*job*/android/com.android.server.backup.KeyValueBackupJob:android]
04-13 20:06:13.334 I/am_uid_running( 3847): 10016
04-13 20:06:13.353 I/am_proc_start( 3847): [0,24483,10016,com.android.defcontainer,service,com.android.defcontainer/.DefaultContainerService]
04-13 20:06:13.370 I/power_partial_wake_state( 3847): [64,*job*/com.kt.olleh.storefront/com.onestore.android.shopclient.component.service.ConnectingPowerJobService:android]
04-13 20:06:13.400 I/am_proc_bound( 3847): [0,24483,com.android.defcontainer]
04-13 20:06:13.402 I/am_uid_active( 3847): 10016
04-13 20:06:13.441 I/power_partial_wake_state( 3847): [737,WorkManager:TikTokListenableWorker startWork -> com.google.apps.tiktok.sync.impl.workmanager.SyncWorker startWork() -> com.google.apps.tiktok.sync.impl.workmanager.SyncWorker startWork() -> NoAccountWorkerFactory startWork():com.google.android.googlequicksearchbox]
04-13 20:06:13.447 I/power_partial_wake_state( 3847): [63,*job*/com.google.android.googlequicksearchbox/androidx.work.impl.background.systemjob.SystemJobService:android]
04-13 20:06:13.456 I/power_partial_wake_state( 3847): [2,*job*/com.google.android.googlequicksearchbox/com.google.android.apps.gsa.tasks.BackgroundTasksJobService:android]
04-13 20:06:13.519 I/power_partial_wake_state( 3847): [810,*job*/com.google.android.googlequicksearchbox/com.google.android.apps.gsa.tasks.BackgroundTasksJobService:android]
04-13 20:06:13.600 I/power_partial_wake_state( 3847): [916,WorkManager:TikTokListenableWorker startWork -> com.google.apps.tiktok.sync.impl.workmanager.SyncWorker startWork() -> com.google.apps.tiktok.sync.impl.workmanager.SyncWorker startWork() -> NoAccountWorkerFactory startWork():com.google.android.googlequicksearchbox]
04-13 20:06:13.984 I/power_partial_wake_state( 3847): [710,*job*/com.google.android.googlequicksearchbox/com.google.android.apps.gsa.tasks.BackgroundTasksJobService:android]
04-13 20:06:13.993 I/power_partial_wake_state( 3847): [2,*job*/com.google.android.googlequicksearchbox/com.google.android.apps.gsa.tasks.BackgroundTasksJobService:android]
04-13 20:06:15.012 I/power_partial_wake_state( 3847): [1948,*job*/com.google.android.googlequicksearchbox/com.google.android.apps.gsa.tasks.BackgroundTasksJobService:android]
04-13 20:06:15.034 I/power_partial_wake_state( 3847): [4,*job*/com.google.android.googlequicksearchbox/com.google.android.apps.gsa.tasks.BackgroundTasksJobService:android]
04-13 20:06:16.967 I/power_partial_wake_state( 3847): [4254,*job*/com.google.android.googlequicksearchbox/com.google.android.apps.gsa.tasks.BackgroundTasksJobService:android]
04-13 20:06:16.977 I/power_partial_wake_state( 3847): [4162,*job*/com.google.android.googlequicksearchbox/com.google.android.apps.gsa.tasks.BackgroundTasksJobService:android]
04-13 20:06:16.988 I/power_partial_wake_state( 3847): [5,*job*/com.google.android.googlequicksearchbox/com.google.android.apps.gsa.tasks.BackgroundTasksJobService:android]
04-13 20:06:16.995 I/power_partial_wake_state( 3847): [9,*job*/com.google.android.googlequicksearchbox/com.google.android.apps.gsa.tasks.BackgroundTasksJobService:android]
04-13 20:06:19.090 I/power_partial_wake_state( 3847): [16,RILJ:com.android.phone]
04-13 20:06:19.171 I/power_partial_wake_state( 3847): [2,RILJ:com.android.phone]
04-13 20:06:22.686 I/notification_cancel( 3847): [10004,4250,com.android.systemui,2,low_battery,-1,0,1088,8,NULL]
04-13 20:06:22.688 I/notification_cancel( 3847): [10004,4250,com.android.systemui,3,low_battery,-1,0,1088,8,NULL]
04-13 20:06:28.005 I/am_pss  ( 3847): [5628,10007,android.process.acore,20673536,6946816,12861440]
04-13 20:06:29.188 I/power_partial_wake_state( 3847): [15,RILJ:com.android.phone]
04-13 20:06:32.816 I/notification_cancel( 3847): [10004,4250,com.android.systemui,2,low_battery,-1,0,1088,8,NULL]
04-13 20:06:32.818 I/notification_cancel( 3847): [10004,4250,com.android.systemui,3,low_battery,-1,0,1088,8,NULL]
04-13 20:06:38.057 I/power_partial_wake_state( 3847): [4888,PKMService:android]
04-13 20:06:39.279 I/power_partial_wake_state( 3847): [15,RILJ:com.android.phone]
04-13 20:06:42.965 I/notification_cancel( 3847): [10004,4250,com.android.systemui,2,low_battery,-1,0,1088,8,NULL]
04-13 20:06:42.969 I/notification_cancel( 3847): [10004,4250,com.android.systemui,3,low_battery,-1,0,1088,8,NULL]
04-13 20:06:42.980 I/notification_enqueue( 3847): [10004,4250,com.android.systemui,2131362716,charging_state,-1,Notification(channel=GEN pri=-2 contentView=null vibrate=null sound=null defaults=0x0 flags=0xa color=0xff607d8b category=sys number=0 vis=PUBLIC semFlags=0x0 semPriority=0 semMissedCount=0),1,NULL]
04-13 20:06:49.373 I/power_partial_wake_state( 3847): [14,RILJ:com.android.phone]
04-13 20:06:53.085 I/notification_cancel( 3847): [10004,4250,com.android.systemui,2,low_battery,-1,0,1088,8,NULL]
04-13 20:06:53.090 I/notification_cancel( 3847): [10004,4250,com.android.systemui,3,low_battery,-1,0,1088,8,NULL]
04-13 20:06:59.460 I/power_partial_wake_state( 3847): [15,RILJ:com.android.phone]
04-13 20:07:00.072 I/power_partial_wake_state( 3847): [20,*job*/com.kt.olleh.storefront/com.onestore.android.shopclient.component.service.ConnectingPowerJobService:android]
04-13 20:07:00.113 I/power_partial_wake_state( 3847): [5,*alarm*:android]
04-13 20:07:00.190 I/am_pss  ( 3847): [16491,10030,com.google.android.gms,157275136,116535296,23533568]
04-13 20:07:00.242 I/am_pss  ( 3847): [17808,99344,com.android.chrome:sandboxed_process0,55168000,33996800,18270208]
04-13 20:07:00.310 I/am_pss  ( 3847): [10266,10055,com.android.vending,94842880,53870592,29736960]
04-13 20:07:01.334 I/power_partial_wake_state( 3847): [8,*alarm*:android]
04-13 20:07:02.279 I/power_partial_wake_state( 3847): [819,*job*/com.etsy.android/androidx.work.impl.background.systemjob.SystemJobService:android]
04-13 20:07:03.245 I/notification_cancel( 3847): [10004,4250,com.android.systemui,2,low_battery,-1,0,1088,8,NULL]
04-13 20:07:03.248 I/notification_cancel( 3847): [10004,4250,com.android.systemui,3,low_battery,-1,0,1088,8,NULL]
04-13 20:07:03.258 I/notification_enqueue( 3847): [10004,4250,com.android.systemui,2131362716,charging_state,-1,Notification(channel=GEN pri=-2 contentView=null vibrate=null sound=null defaults=0x0 flags=0xa color=0xff607d8b category=sys number=0 vis=PUBLIC semFlags=0x0 semPriority=0 semMissedCount=0),1,NULL]
04-13 20:07:05.646 I/content_query_sample( 5628): contents_sample_state: [CONTACT contacts(0) data(0) accounts({}) accounts deleted({}) calls([]) countryIso(KR) userId(0)  ]
04-13 20:07:05.646 I/content_query_sample( 5628): contents_sample_state: [ agr({})  ]
04-13 20:07:05.646 I/content_query_sample( 5628): contents_sample_state: [ actCnt({android.process.acore(5628)=1, com.google.android.googlequicksearchbox:search(2071)=3})  ]
04-13 20:07:05.646 I/content_query_sample( 5628): contents_sample_state: [PROFILE contacts(0) data(0) accounts({})  ]
04-13 20:07:05.646 I/content_query_sample( 5628): contents_sample_state: [SAPROFILE contacts(1) data(1) accounts({vnd.sec.contact.phone (1)=1})  ]
04-13 20:07:06.160 I/am_uid_running( 3847): 10235
04-13 20:07:06.190 I/am_proc_start( 3847): [0,24540,10235,org.videolan.vlc,activity,org.videolan.vlc/.StartActivity]
04-13 20:07:06.229 I/am_proc_bound( 3847): [0,24540,org.videolan.vlc]
04-13 20:07:06.242 I/wm_stack_created( 3847): 1
04-13 20:07:06.243 I/wm_task_created( 3847): [195,1]
04-13 20:07:06.243 I/wm_task_moved( 3847): [195,1,0]
04-13 20:07:06.244 I/am_focused_stack( 3847): [0,1,0,reuseOrNewTask]
04-13 20:07:06.244 I/wm_task_moved( 3847): [195,1,0]
04-13 20:07:06.244 I/am_create_task( 3847): [0,195]
04-13 20:07:06.244 I/am_create_activity( 3847): [0,262265398,195,org.videolan.vlc/.StartActivity,android.intent.action.MAIN,NULL,NULL,270532608,com.sec.android.app.launcher]
04-13 20:07:06.244 I/wm_task_moved( 3847): [195,1,0]
04-13 20:07:06.245 I/am_pause_activity( 3847): [0,123749643,com.sec.android.app.launcher/.activities.LauncherActivity]
04-13 20:07:06.256 I/am_on_paused_called( 5231): [0,com.sec.android.app.launcher.activities.LauncherActivity,handlePauseActivity]
04-13 20:07:06.258 I/am_uid_active( 3847): 10235
04-13 20:07:06.258 I/am_restart_activity( 3847): [0,262265398,195,org.videolan.vlc/.StartActivity]
04-13 20:07:06.260 I/am_set_resumed_activity( 3847): [0,org.videolan.vlc/.StartActivity,minimalResumeActivityLocked]
04-13 20:07:06.264 I/sysui_count( 3847): [window_time_0,921]
04-13 20:07:06.264 I/sysui_multi_action( 3847): [757,803,799,window_time_0,802,921]
04-13 20:07:06.370 I/wm_task_moved( 3847): [195,1,0]
04-13 20:07:06.371 I/wm_task_moved( 3847): [195,1,0]
04-13 20:07:06.371 I/am_create_activity( 3847): [0,152562735,195,org.videolan.vlc/.gui.MainActivity,android.intent.action.VIEW,NULL,NULL,268435456,org.videolan.vlc]
04-13 20:07:06.372 I/am_pause_activity( 3847): [0,262265398,org.videolan.vlc/.StartActivity]
04-13 20:07:06.377 I/am_finish_activity( 3847): [0,262265398,195,org.videolan.vlc/.StartActivity,app-request]
04-13 20:07:06.380 I/sysui_count( 3847): [window_time_0,0]
04-13 20:07:06.380 I/sysui_multi_action( 3847): [757,803,799,window_time_0,802,0]
04-13 20:07:06.398 I/am_restart_activity( 3847): [0,152562735,195,org.videolan.vlc/.gui.MainActivity]
04-13 20:07:06.399 I/am_set_resumed_activity( 3847): [0,org.videolan.vlc/.gui.MainActivity,minimalResumeActivityLocked]
04-13 20:07:06.403 I/sysui_count( 3847): [window_time_0,0]
04-13 20:07:06.403 I/sysui_multi_action( 3847): [757,803,799,window_time_0,802,0]
04-13 20:07:06.626 I/am_on_resume_called(24540): [0,org.videolan.vlc.gui.MainActivity,LAUNCH_ACTIVITY]
04-13 20:07:06.753 I/notification_enqueue( 3847): [1000,3847,android,40,NULL,0,Notification(channel=FOREGROUND_SERVICE pri=0 contentView=null vibrate=null sound=null defaults=0x0 flags=0x2 color=0xff607d8b number=0 vis=PRIVATE semFlags=0x0 semPriority=0 semMissedCount=0),1,NULL]
04-13 20:07:06.755 I/notification_enqueue( 3847): [10235,24540,org.videolan.vlc,43,NULL,0,Notification(channel=vlc_medialibrary pri=0 contentView=null vibrate=null sound=null defaults=0x0 flags=0x42 color=0x00000000 category=progress actions=1 number=0 vis=PUBLIC semFlags=0x0 semPriority=0 semMissedCount=0),0,NULL]
04-13 20:07:06.761 I/notification_enqueue( 3847): [10235,24540,org.videolan.vlc,43,NULL,0,Notification(channel=vlc_medialibrary pri=0 contentView=null vibrate=null sound=null defaults=0x0 flags=0x42 color=0x00000000 category=progress actions=1 number=0 vis=PUBLIC semFlags=0x0 semPriority=0 semMissedCount=0),1,NULL]
04-13 20:07:06.831 I/sysui_multi_action( 3847): [319,590,322,591,325,191146,757,761,758,8,759,2,806,org.videolan.vlc,871,org.videolan.vlc.gui.MainActivity,905,0]
04-13 20:07:06.831 I/am_activity_launch_time( 3847): [0,152562735,org.videolan.vlc/.gui.MainActivity,428,568]
04-13 20:07:06.864 I/force_gc( 3847): Binder
04-13 20:07:06.881 I/power_partial_wake_state( 3847): [635,*launch*:android]
04-13 20:07:07.210 I/am_stop_activity( 3847): [0,123749643,com.sec.android.app.launcher/.activities.LauncherActivity]
04-13 20:07:07.210 I/am_destroy_activity( 3847): [0,262265398,195,org.videolan.vlc/.StartActivity,finish-imm]
04-13 20:07:07.214 I/am_on_stop_called( 5231): [0,com.sec.android.app.launcher.activities.LauncherActivity,handleStopActivity]
04-13 20:07:07.879 I/power_partial_wake_state( 3847): [1121,VLC:MediaParsingService:org.videolan.vlc]
04-13 20:07:07.899 I/notification_enqueue( 3847): [1000,3847,android,40,NULL,0,Notification(channel=FOREGROUND_SERVICE pri=0 contentView=null vibrate=null sound=null defaults=0x0 flags=0x2 color=0xff607d8b number=0 vis=PRIVATE semFlags=0x0 semPriority=0 semMissedCount=0),1,NULL]
04-13 20:07:07.900 I/notification_cancel( 3847): [1000,3847,org.videolan.vlc,43,NULL,0,0,0,8,NULL]
04-13 20:07:07.905 I/sysui_multi_action( 3847): [757,128,758,5,759,8,793,1150,794,0,795,1144,796,43,806,org.videolan.vlc,857,vlc_medialibrary,858,2,947,0]
04-13 20:07:07.905 I/notification_canceled( 3847): [0|org.videolan.vlc|43|null|10235,8,1150,1144,0]
04-13 20:07:09.358 I/power_partial_wake_state( 3847): [3007,AudioMix:audioserver]
04-13 20:07:09.361 I/power_partial_wake_state( 3847): [3009,AudioMix:audioserver]
04-13 20:07:09.547 I/power_partial_wake_state( 3847): [17,RILJ:com.android.phone]
04-13 20:07:09.638 I/sysui_multi_action( 4250): [757,931,758,4,759,3,932,0,933,0]
04-13 20:07:09.794 I/sysui_multi_action( 4250): [757,931,758,4,759,3,932,0,933,1]
04-13 20:07:09.817 I/am_new_intent( 3847): [0,155772212,2,com.sec.android.app.launcher/.activities.LauncherActivity,android.intent.action.MAIN,NULL,NULL,278921216,android]
04-13 20:07:09.817 I/wm_task_moved( 3847): [2,1,0]
04-13 20:07:09.818 I/am_focused_stack( 3847): [0,0,1,bringingFoundTaskToFront]
04-13 20:07:09.818 I/wm_task_moved( 3847): [2,1,0]
04-13 20:07:09.818 I/am_pause_activity( 3847): [0,152562735,org.videolan.vlc/.gui.MainActivity]
04-13 20:07:09.822 I/am_on_paused_called(24540): [0,org.videolan.vlc.gui.MainActivity,handlePauseActivity]
04-13 20:07:09.822 I/am_set_resumed_activity( 3847): [0,com.sec.android.app.launcher/.activities.LauncherActivity,resumeTopActivityInnerLocked]
04-13 20:07:09.826 I/am_resume_activity( 3847): [0,123749643,2,com.sec.android.app.launcher/.activities.LauncherActivity]
04-13 20:07:09.828 I/am_task_to_front( 3847): [0,2]
04-13 20:07:09.830 I/sysui_count( 3847): [window_time_0,4]
04-13 20:07:09.830 I/sysui_multi_action( 3847): [757,803,799,window_time_0,802,4]
04-13 20:07:09.830 I/am_stop_activity( 3847): [0,152562735,org.videolan.vlc/.gui.MainActivity]
04-13 20:07:09.840 I/am_on_resume_called( 5231): [0,com.sec.android.app.launcher.activities.LauncherActivity,RESUME_ACTIVITY]
04-13 20:07:09.866 I/power_partial_wake_state( 3847): [47,*launch*:android]
04-13 20:07:09.894 I/sysui_multi_action( 3847): [319,53,322,55,325,191150,757,761,758,9,759,2,806,com.sec.android.app.launcher,871,com.sec.android.app.launcher.activities.LauncherActivity,905,0]
04-13 20:07:09.911 I/am_on_stop_called(24540): [0,org.videolan.vlc.gui.MainActivity,handleStopActivity]
04-13 20:07:10.197 I/sysui_multi_action( 4250): [757,931,758,4,759,187,932,0,933,0]
04-13 20:07:10.297 I/sysui_multi_action( 4250): [757,931,758,4,759,187,932,0,933,1]
04-13 20:07:10.305 I/am_new_intent( 3847): [0,254731803,3,com.android.systemui/.recents.RecentsActivity,NULL,NULL,NULL,276840448,com.android.systemui]
04-13 20:07:10.305 I/wm_task_moved( 3847): [3,1,0]
04-13 20:07:10.306 I/am_focused_stack( 3847): [0,5,0,bringingFoundTaskToFront]
04-13 20:07:10.306 I/wm_task_moved( 3847): [3,1,0]
04-13 20:07:10.306 I/am_pause_activity( 3847): [0,123749643,com.sec.android.app.launcher/.activities.LauncherActivity]
04-13 20:07:10.309 I/am_set_resumed_activity( 3847): [0,com.android.systemui/.recents.RecentsActivity,resumeTopActivityInnerLocked]
04-13 20:07:10.313 I/am_resume_activity( 3847): [0,241881128,3,com.android.systemui/.recents.RecentsActivity]
04-13 20:07:10.317 I/am_task_to_front( 3847): [0,3]
04-13 20:07:10.321 I/sysui_count( 3847): [window_time_0,0]
04-13 20:07:10.321 I/am_on_paused_called( 5231): [0,com.sec.android.app.launcher.activities.LauncherActivity,handlePauseActivity]
04-13 20:07:10.321 I/sysui_count( 4250): [overview_trigger_nav_btn,1]
04-13 20:07:10.321 I/sysui_multi_action( 4250): [757,803,799,overview_trigger_nav_btn,802,1]
04-13 20:07:10.321 I/sysui_count( 4250): [overview_source_home,1]
04-13 20:07:10.321 I/sysui_multi_action( 4250): [757,803,799,overview_source_home,802,1]
04-13 20:07:10.322 I/sysui_multi_action( 3847): [757,803,799,window_time_0,802,0]
04-13 20:07:10.322 I/am_stop_activity( 3847): [0,123749643,com.sec.android.app.launcher/.activities.LauncherActivity]
04-13 20:07:10.322 I/sysui_histogram( 4250): [overview_task_count,1]
04-13 20:07:10.322 I/sysui_multi_action( 4250): [757,804,799,overview_task_count,801,1,802,1]
04-13 20:07:10.326 I/sysui_view_visibility( 4250): [224,100]
04-13 20:07:10.326 I/sysui_multi_action( 4250): [757,224,758,1]
04-13 20:07:10.326 I/am_on_resume_called( 4250): [0,com.android.systemui.recents.RecentsActivity,RESUME_ACTIVITY]
04-13 20:07:10.327 I/am_on_stop_called( 5231): [0,com.sec.android.app.launcher.activities.LauncherActivity,handleStopActivity]
04-13 20:07:10.367 I/sysui_multi_action( 3847): [319,61,322,63,325,191150,757,761,758,9,759,2,806,com.android.systemui,871,com.android.systemui.recents.RecentsActivity,905,0]
04-13 20:07:10.786 I/power_partial_wake_state( 3847): [479,*launch*:android]
04-13 20:07:11.504 I/sysui_count( 4250): [overview_task_all_dismissed,1]
04-13 20:07:11.504 I/sysui_multi_action( 4250): [757,803,799,overview_task_all_dismissed,802,1]
04-13 20:07:11.504 I/sysui_action( 4250): [357,]
04-13 20:07:11.504 I/sysui_multi_action( 4250): [757,357,758,4]
04-13 20:07:11.504 I/am_finish_activity( 3847): [0,152562735,195,org.videolan.vlc/.gui.MainActivity,clear-task-index]
04-13 20:07:11.505 I/am_destroy_activity( 3847): [0,152562735,195,org.videolan.vlc/.gui.MainActivity,finish-imm]
04-13 20:07:11.511 I/am_kill ( 3847): [0,24540,org.videolan.vlc,900,17,remove task]
04-13 20:07:11.512 I/sysui_count( 3847): [window_time_0,1]
04-13 20:07:11.512 I/sysui_multi_action( 3847): [757,803,799,window_time_0,802,1]
04-13 20:07:11.527 I/am_new_intent( 3847): [0,157648329,2,com.sec.android.app.launcher/.activities.LauncherActivity,android.intent.action.MAIN,NULL,NULL,278921216,com.android.systemui]
04-13 20:07:11.527 I/wm_task_moved( 3847): [2,1,0]
04-13 20:07:11.528 I/am_focused_stack( 3847): [0,0,5,bringingFoundTaskToFront]
04-13 20:07:11.528 I/wm_task_moved( 3847): [2,1,0]
04-13 20:07:11.528 I/am_pause_activity( 3847): [0,241881128,com.android.systemui/.recents.RecentsActivity]
04-13 20:07:11.531 I/am_set_resumed_activity( 3847): [0,com.sec.android.app.launcher/.activities.LauncherActivity,resumeTopActivityInnerLocked]
04-13 20:07:11.534 I/am_resume_activity( 3847): [0,123749643,2,com.sec.android.app.launcher/.activities.LauncherActivity]
04-13 20:07:11.536 I/am_task_to_front( 3847): [0,2]
04-13 20:07:11.540 I/sysui_count( 3847): [window_time_0,0]
04-13 20:07:11.540 I/sysui_multi_action( 3847): [757,803,799,window_time_0,802,0]
04-13 20:07:11.540 I/am_stop_activity( 3847): [0,241881128,com.android.systemui/.recents.RecentsActivity]
04-13 20:07:11.544 I/am_on_paused_called( 4250): [0,com.android.systemui.recents.RecentsActivity,handlePauseActivity]
04-13 20:07:11.547 I/sysui_view_visibility( 4250): [224,0]
04-13 20:07:11.547 I/sysui_multi_action( 4250): [757,224,758,2]
04-13 20:07:11.547 I/am_on_stop_called( 4250): [0,com.android.systemui.recents.RecentsActivity,handleStopActivity]
04-13 20:07:11.549 I/am_on_resume_called( 5231): [0,com.sec.android.app.launcher.activities.LauncherActivity,RESUME_ACTIVITY]
04-13 20:07:11.583 I/sysui_multi_action( 3847): [319,73,322,74,325,191152,757,761,758,9,759,2,806,com.sec.android.app.launcher,871,com.sec.android.app.launcher.activities.LauncherActivity,905,0]
04-13 20:07:11.589 I/power_partial_wake_state( 3847): [61,*launch*:android]
04-13 20:07:11.618 I/am_proc_died( 3847): [0,24540,org.videolan.vlc,900,17,1558,1477]
04-13 20:07:11.618 I/am_uid_stopped( 3847): 10235
04-13 20:07:11.621 I/wm_task_removed( 3847): [195,removeAppToken: last token]
04-13 20:07:11.621 I/wm_task_removed( 3847): [195,removeTask]
04-13 20:07:11.621 I/wm_stack_removed( 3847): 1
04-13 20:07:12.867 I/am_uid_idle( 3847): 10007
04-13 20:07:13.294 I/am_uid_idle( 3847): 10055
04-13 20:07:13.334 I/notification_cancel( 3847): [10004,4250,com.android.systemui,2,low_battery,-1,0,1088,8,NULL]
04-13 20:07:13.336 I/notification_cancel( 3847): [10004,4250,com.android.systemui,3,low_battery,-1,0,1088,8,NULL]
04-13 20:07:18.671 I/am_pss  ( 3847): [21048,5009,com.samsung.android.scloud,15245312,5120000,5805056]
04-13 20:07:19.640 I/power_partial_wake_state( 3847): [14,RILJ:com.android.phone]
04-13 20:07:22.185 I/notification_cancel( 3847): [1000,3847,android,37,AccountManagerService:37:1575116973,0,0,0,8,NULL]
04-13 20:07:22.185 I/notification_cancel( 3847): [1000,3847,android,37,AccountManagerService:37:1575116973,0,0,0,8,NULL]
04-13 20:07:22.244 I/am_pss  ( 3847): [5231,10090,com.sec.android.app.launcher,137713664,99639296,34340864]
04-13 20:07:22.298 I/am_pss  ( 3847): [30384,10041,com.kt.olleh.storefront,14903296,7163904,6293504]
04-13 20:07:23.473 I/notification_cancel( 3847): [10004,4250,com.android.systemui,2,low_battery,-1,0,1088,8,NULL]
04-13 20:07:23.475 I/notification_cancel( 3847): [10004,4250,com.android.systemui,3,low_battery,-1,0,1088,8,NULL]
04-13 20:07:27.966 I/am_uid_idle( 3847): 99344
04-13 20:07:29.734 I/power_partial_wake_state( 3847): [16,RILJ:com.android.phone]
04-13 20:07:32.074 I/am_pss  ( 3847): [2071,10092,com.google.android.googlequicksearchbox:search,165982208,137854976,24232960]
04-13 20:07:33.598 I/notification_cancel( 3847): [10004,4250,com.android.systemui,2,low_battery,-1,0,1088,8,NULL]
04-13 20:07:33.602 I/notification_cancel( 3847): [10004,4250,com.android.systemui,3,low_battery,-1,0,1088,8,NULL]
04-13 20:07:33.613 I/notification_enqueue( 3847): [10004,4250,com.android.systemui,2131362716,charging_state,-1,Notification(channel=GEN pri=-2 contentView=null vibrate=null sound=null defaults=0x0 flags=0xa color=0xff607d8b category=sys number=0 vis=PUBLIC semFlags=0x0 semPriority=0 semMissedCount=0),1,NULL]
04-13 20:07:37.327 I/am_pss  ( 3847): [23925,10213,com.etsy.android,82643968,61419520,478208]
04-13 20:07:39.831 I/power_partial_wake_state( 3847): [14,RILJ:com.android.phone]
04-13 20:07:43.741 I/notification_cancel( 3847): [10004,4250,com.android.systemui,2,low_battery,-1,0,1088,8,NULL]
04-13 20:07:43.746 I/notification_cancel( 3847): [10004,4250,com.android.systemui,3,low_battery,-1,0,1088,8,NULL]
04-13 20:07:49.913 I/power_partial_wake_state( 3847): [14,RILJ:com.android.phone]
04-13 20:07:53.886 I/notification_cancel( 3847): [10004,4250,com.android.systemui,2,low_battery,-1,0,1088,8,NULL]
04-13 20:07:53.890 I/notification_cancel( 3847): [10004,4250,com.android.systemui,3,low_battery,-1,0,1088,8,NULL]
04-13 20:08:00.005 I/power_partial_wake_state( 3847): [14,RILJ:com.android.phone]
04-13 20:08:00.021 I/am_kill ( 3847): [0,21277,com.sec.android.app.soundalive,906,17,empty for 1810s]
04-13 20:08:00.118 I/am_proc_died( 3847): [0,21277,com.sec.android.app.soundalive,906,17,1564,1478]
04-13 20:08:00.119 I/am_uid_stopped( 3847): 10079
04-13 20:08:00.146 I/power_partial_wake_state( 3847): [9,*job*/com.kt.olleh.storefront/com.onestore.android.shopclient.component.service.ConnectingPowerJobService:android]
04-13 20:08:00.157 I/power_partial_wake_state( 3847): [39,CMWakeLock:com.google.android.gms]
04-13 20:08:00.171 I/netstats_mobile_sample( 3847): [0,0,0,0,0,0,0,0,0,0,0,0,1681384081482]
04-13 20:08:00.172 I/netstats_wifi_sample( 3847): [852462932,775898,87268506,408165,853257368,785182,82047714,418241,852671427,780195,81090132,407573,1681384081482]
04-13 20:08:00.172 I/power_partial_wake_state( 3847): [68,NetworkStats:android]
04-13 20:08:00.175 I/power_partial_wake_state( 3847): [39,*alarm*:android]
04-13 20:08:00.323 I/notification_cancel( 3847): [1000,3847,android,37,AccountManagerService:37:1575116973,0,0,0,8,NULL]
04-13 20:08:04.041 I/notification_cancel( 3847): [10004,4250,com.android.systemui,2,low_battery,-1,0,1088,8,NULL]
04-13 20:08:04.043 I/notification_cancel( 3847): [10004,4250,com.android.systemui,3,low_battery,-1,0,1088,8,NULL]
04-13 20:08:04.053 I/notification_enqueue( 3847): [10004,4250,com.android.systemui,2131362716,charging_state,-1,Notification(channel=GEN pri=-2 contentView=null vibrate=null sound=null defaults=0x0 flags=0xa color=0xff607d8b category=sys number=0 vis=PUBLIC semFlags=0x0 semPriority=0 semMissedCount=0),1,NULL]
04-13 20:08:05.763 I/content_query_sample( 5628): contents_sample_state: [CONTACT contacts(0) data(0) accounts({}) accounts deleted({}) calls([]) countryIso(KR) userId(0)  ]
04-13 20:08:05.763 I/content_query_sample( 5628): contents_sample_state: [ agr({})  ]
04-13 20:08:05.763 I/content_query_sample( 5628): contents_sample_state: [ actCnt({android.process.acore(5628)=1})  ]
04-13 20:08:05.763 I/content_query_sample( 5628): contents_sample_state: [PROFILE contacts(0) data(0) accounts({})  ]
04-13 20:08:05.763 I/content_query_sample( 5628): contents_sample_state: [SAPROFILE contacts(1) data(1) accounts({vnd.sec.contact.phone (1)=1})  ]
04-13 20:08:10.110 I/power_partial_wake_state( 3847): [14,RILJ:com.android.phone]
04-13 20:08:14.170 I/notification_cancel( 3847): [10004,4250,com.android.systemui,2,low_battery,-1,0,1088,8,NULL]
04-13 20:08:14.174 I/notification_cancel( 3847): [10004,4250,com.android.systemui,3,low_battery,-1,0,1088,8,NULL]
04-13 20:08:20.198 I/power_partial_wake_state( 3847): [13,RILJ:com.android.phone]
04-13 20:08:24.301 I/notification_cancel( 3847): [10004,4250,com.android.systemui,2,low_battery,-1,0,1088,8,NULL]
04-13 20:08:24.303 I/notification_cancel( 3847): [10004,4250,com.android.systemui,3,low_battery,-1,0,1088,8,NULL]
04-13 20:08:30.292 I/power_partial_wake_state( 3847): [14,RILJ:com.android.phone]
04-13 20:08:34.436 I/notification_cancel( 3847): [10004,4250,com.android.systemui,2,low_battery,-1,0,1088,8,NULL]
04-13 20:08:34.438 I/notification_cancel( 3847): [10004,4250,com.android.systemui,3,low_battery,-1,0,1088,8,NULL]
04-13 20:08:34.448 I/notification_enqueue( 3847): [10004,4250,com.android.systemui,2131362716,charging_state,-1,Notification(channel=GEN pri=-2 contentView=null vibrate=null sound=null defaults=0x0 flags=0xa color=0xff607d8b category=sys number=0 vis=PUBLIC semFlags=0x0 semPriority=0 semMissedCount=0),1,NULL]
04-13 20:08:40.386 I/power_partial_wake_state( 3847): [14,RILJ:com.android.phone]
04-13 20:08:44.571 I/notification_cancel( 3847): [10004,4250,com.android.systemui,2,low_battery,-1,0,1088,8,NULL]
04-13 20:08:44.573 I/notification_cancel( 3847): [10004,4250,com.android.systemui,3,low_battery,-1,0,1088,8,NULL]
04-13 20:08:50.474 I/power_partial_wake_state( 3847): [14,RILJ:com.android.phone]
04-13 20:08:54.704 I/notification_cancel( 3847): [10004,4250,com.android.systemui,2,low_battery,-1,0,1088,8,NULL]
04-13 20:08:54.708 I/notification_cancel( 3847): [10004,4250,com.android.systemui,3,low_battery,-1,0,1088,8,NULL]
04-13 20:09:00.017 I/am_kill ( 3847): [0,10533,com.samsung.visionprovider:VisionFramework,906,17,empty for 1801s]
04-13 20:09:00.018 I/am_kill ( 3847): [0,21014,android.process.media,906,17,empty for 1806s]
04-13 20:09:00.020 I/am_kill ( 3847): [0,12397,com.samsung.cmh:CMH,906,17,empty for 1806s]
04-13 20:09:00.021 I/am_kill ( 3847): [0,12433,com.samsung.enhanceservice,906,17,empty for 1834s]
04-13 20:09:00.022 I/am_kill ( 3847): [0,6239,com.samsung.dcmservice,906,17,empty for 1834s]
04-13 20:09:00.024 I/am_kill ( 3847): [0,23370,com.samsung.storyservice,906,17,empty for 1834s]
04-13 20:09:00.025 I/am_kill ( 3847): [0,19112,com.samsung.ipservice,906,17,empty for 1834s]
04-13 20:09:00.026 I/am_kill ( 3847): [0,25496,com.samsung.mlp,906,17,empty for 1834s]
04-13 20:09:00.028 I/am_kill ( 3847): [0,19082,com.samsung.faceservice,906,17,empty for 1834s]
04-13 20:09:00.084 I/am_proc_died( 3847): [0,12433,com.samsung.enhanceservice,906,17,1570,1480]
04-13 20:09:00.085 I/am_schedule_service_restart( 3847): [0,com.samsung.enhanceservice/.EnhanceService,1000]
04-13 20:09:00.121 I/am_proc_died( 3847): [0,21014,android.process.media,906,17,1586,1480]
04-13 20:09:00.126 I/am_uid_stopped( 3847): 10051
04-13 20:09:00.140 I/am_proc_died( 3847): [0,6239,com.samsung.dcmservice,906,17,1603,1480]
04-13 20:09:00.141 I/am_schedule_service_restart( 3847): [0,com.samsung.dcmservice/.DCMService,10945]
04-13 20:09:00.167 I/am_pss  ( 3847): [24483,10016,com.android.defcontainer,10007552,5558272,414720]
04-13 20:09:00.174 I/power_partial_wake_state( 3847): [170,*alarm*:android]
04-13 20:09:00.177 I/am_proc_died( 3847): [0,10533,com.samsung.visionprovider:VisionFramework,906,17,1625,1480]
04-13 20:09:00.177 I/am_uid_stopped( 3847): 5019
04-13 20:09:00.189 I/am_proc_died( 3847): [0,25496,com.samsung.mlp,906,17,1625,1480]
04-13 20:09:00.190 I/am_schedule_service_restart( 3847): [0,com.samsung.mlp/.platform.LPService,20896]
04-13 20:09:00.197 I/am_proc_died( 3847): [0,19112,com.samsung.ipservice,906,17,1625,1480]
04-13 20:09:00.198 I/am_schedule_service_restart( 3847): [0,com.samsung.ipservice/.IPService,30888]
04-13 20:09:00.204 I/am_proc_died( 3847): [0,23370,com.samsung.storyservice,906,17,1625,1480]
04-13 20:09:00.205 I/am_schedule_service_restart( 3847): [0,com.samsung.storyservice/.StoryService,40881]
04-13 20:09:00.211 I/am_proc_died( 3847): [0,19082,com.samsung.faceservice,906,17,1626,1480]
04-13 20:09:00.211 I/am_schedule_service_restart( 3847): [0,com.samsung.faceservice/.FaceService,50874]
04-13 20:09:00.215 I/am_proc_died( 3847): [0,12397,com.samsung.cmh:CMH,906,17,1626,1480]
04-13 20:09:00.216 I/am_uid_stopped( 3847): 5004
04-13 20:09:00.221 I/am_pss  ( 3847): [30384,10041,com.kt.olleh.storefront,15251456,7245824,6324224]
04-13 20:09:00.303 I/am_pss  ( 3847): [16491,10030,com.google.android.gms,160196608,119029760,23519232]
04-13 20:09:00.351 I/am_pss  ( 3847): [17808,99344,com.android.chrome:sandboxed_process0,55182336,34000896,18270208]
04-13 20:09:00.569 I/power_partial_wake_state( 3847): [14,RILJ:com.android.phone]
04-13 20:09:04.817 I/notification_cancel( 3847): [10004,4250,com.android.systemui,2,low_battery,-1,0,1088,8,NULL]
04-13 20:09:04.822 I/notification_cancel( 3847): [10004,4250,com.android.systemui,3,low_battery,-1,0,1088,8,NULL]
04-13 20:09:04.832 I/notification_enqueue( 3847): [10004,4250,com.android.systemui,2131362716,charging_state,-1,Notification(channel=GEN pri=-2 contentView=null vibrate=null sound=null defaults=0x0 flags=0xa color=0xff607d8b category=sys number=0 vis=PUBLIC semFlags=0x0 semPriority=0 semMissedCount=0),1,NULL]
04-13 20:09:05.797 I/content_query_sample( 5628): contents_sample_state: [CONTACT contacts(0) data(0) accounts({}) accounts deleted({}) calls([]) countryIso(KR) userId(0)  ]
04-13 20:09:05.797 I/content_query_sample( 5628): contents_sample_state: [ agr({})  ]
04-13 20:09:05.797 I/content_query_sample( 5628): contents_sample_state: [ actCnt({android.process.acore(5628)=1})  ]
04-13 20:09:05.797 I/content_query_sample( 5628): contents_sample_state: [PROFILE contacts(0) data(0) accounts({})  ]
04-13 20:09:05.797 I/content_query_sample( 5628): contents_sample_state: [SAPROFILE contacts(1) data(1) accounts({vnd.sec.contact.phone (1)=1})  ]
04-13 20:09:10.211 I/am_uid_idle( 3847): 10016
04-13 20:09:10.661 I/power_partial_wake_state( 3847): [14,RILJ:com.android.phone]
04-13 20:09:14.946 I/notification_cancel( 3847): [10004,4250,com.android.systemui,2,low_battery,-1,0,1088,8,NULL]
04-13 20:09:14.954 I/notification_cancel( 3847): [10004,4250,com.android.systemui,3,low_battery,-1,0,1088,8,NULL]
04-13 20:09:20.762 I/power_partial_wake_state( 3847): [16,RILJ:com.android.phone]
04-13 20:09:25.071 I/notification_cancel( 3847): [10004,4250,com.android.systemui,2,low_battery,-1,0,1088,8,NULL]
04-13 20:09:25.077 I/notification_cancel( 3847): [10004,4250,com.android.systemui,3,low_battery,-1,0,1088,8,NULL]
04-13 20:09:30.852 I/power_partial_wake_state( 3847): [14,RILJ:com.android.phone]
04-13 20:09:35.210 I/notification_cancel( 3847): [10004,4250,com.android.systemui,2,low_battery,-1,0,1088,8,NULL]
04-13 20:09:35.212 I/notification_cancel( 3847): [10004,4250,com.android.systemui,3,low_battery,-1,0,1088,8,NULL]
04-13 20:09:35.222 I/notification_enqueue( 3847): [10004,4250,com.android.systemui,2131362716,charging_state,-1,Notification(channel=GEN pri=-2 contentView=null vibrate=null sound=null defaults=0x0 flags=0xa color=0xff607d8b category=sys number=0 vis=PUBLIC semFlags=0x0 semPriority=0 semMissedCount=0),1,NULL]
04-13 20:09:40.940 I/power_partial_wake_state( 3847): [15,RILJ:com.android.phone]
04-13 20:09:45.338 I/notification_cancel( 3847): [10004,4250,com.android.systemui,2,low_battery,-1,0,1088,8,NULL]
04-13 20:09:45.339 I/notification_cancel( 3847): [10004,4250,com.android.systemui,3,low_battery,-1,0,1088,8,NULL]
04-13 20:09:51.034 I/power_partial_wake_state( 3847): [16,RILJ:com.android.phone]
04-13 20:09:55.474 I/notification_cancel( 3847): [10004,4250,com.android.systemui,2,low_battery,-1,0,1088,8,NULL]
04-13 20:09:55.478 I/notification_cancel( 3847): [10004,4250,com.android.systemui,3,low_battery,-1,0,1088,8,NULL]
04-13 20:10:00.017 I/am_kill ( 3847): [0,21787,com.samsung.android.dqagent,906,17,empty for 1814s]
04-13 20:10:00.082 I/power_partial_wake_state( 3847): [79,*alarm*:android]
04-13 20:10:00.093 I/am_proc_died( 3847): [0,21787,com.samsung.android.dqagent,906,17,1628,1480]
04-13 20:10:00.146 I/am_pss  ( 3847): [5231,10090,com.sec.android.app.launcher,138362880,100335616,34011136]
04-13 20:10:00.197 I/am_pss  ( 3847): [21048,5009,com.samsung.android.scloud,16848896,5804032,5831680]
04-13 20:10:01.128 I/power_partial_wake_state( 3847): [13,RILJ:com.android.phone]
04-13 20:10:05.596 I/notification_cancel( 3847): [10004,4250,com.android.systemui,2,low_battery,-1,0,1088,8,NULL]
04-13 20:10:05.599 I/notification_cancel( 3847): [10004,4250,com.android.systemui,3,low_battery,-1,0,1088,8,NULL]
04-13 20:10:05.619 I/notification_enqueue( 3847): [10004,4250,com.android.systemui,2131362716,charging_state,-1,Notification(channel=GEN pri=-2 contentView=null vibrate=null sound=null defaults=0x0 flags=0xa color=0xff607d8b category=sys number=0 vis=PUBLIC semFlags=0x0 semPriority=0 semMissedCount=0),1,NULL]
04-13 20:10:05.908 I/content_query_sample( 5628): contents_sample_state: [CONTACT contacts(0) data(0) accounts({}) accounts deleted({}) calls([]) countryIso(KR) userId(0)  ]
04-13 20:10:05.908 I/content_query_sample( 5628): contents_sample_state: [ agr({})  ]
04-13 20:10:05.908 I/content_query_sample( 5628): contents_sample_state: [ actCnt({android.process.acore(5628)=1})  ]
04-13 20:10:05.908 I/content_query_sample( 5628): contents_sample_state: [PROFILE contacts(0) data(0) accounts({})  ]
04-13 20:10:05.908 I/content_query_sample( 5628): contents_sample_state: [SAPROFILE contacts(1) data(1) accounts({vnd.sec.contact.phone (1)=1})  ]
04-13 20:10:11.218 I/power_partial_wake_state( 3847): [15,RILJ:com.android.phone]
04-13 20:10:15.733 I/notification_cancel( 3847): [10004,4250,com.android.systemui,2,low_battery,-1,0,1088,8,NULL]
04-13 20:10:15.735 I/notification_cancel( 3847): [10004,4250,com.android.systemui,3,low_battery,-1,0,1088,8,NULL]
04-13 20:10:21.310 I/power_partial_wake_state( 3847): [14,RILJ:com.android.phone]
04-13 20:10:25.858 I/notification_cancel( 3847): [10004,4250,com.android.systemui,2,low_battery,-1,0,1088,8,NULL]
04-13 20:10:25.863 I/notification_cancel( 3847): [10004,4250,com.android.systemui,3,low_battery,-1,0,1088,8,NULL]
04-13 20:10:25.876 I/notification_enqueue( 3847): [10004,4250,com.android.systemui,2131362716,charging_state,-1,Notification(channel=GEN pri=-2 contentView=null vibrate=null sound=null defaults=0x0 flags=0xa color=0xff607d8b category=sys number=0 vis=PUBLIC semFlags=0x0 semPriority=0 semMissedCount=0),1,NULL]
04-13 20:10:31.400 I/power_partial_wake_state( 3847): [14,RILJ:com.android.phone]
04-13 20:10:36.007 I/notification_cancel( 3847): [10004,4250,com.android.systemui,2,low_battery,-1,0,1088,8,NULL]
04-13 20:10:36.011 I/notification_cancel( 3847): [10004,4250,com.android.systemui,3,low_battery,-1,0,1088,8,NULL]
04-13 20:10:41.479 I/power_partial_wake_state( 3847): [9,RILJ:com.android.phone]
04-13 20:10:46.150 I/notification_cancel( 3847): [10004,4250,com.android.systemui,2,low_battery,-1,0,1088,8,NULL]
04-13 20:10:46.152 I/notification_cancel( 3847): [10004,4250,com.android.systemui,3,low_battery,-1,0,1088,8,NULL]
04-13 20:10:51.561 I/power_partial_wake_state( 3847): [15,RILJ:com.android.phone]
04-13 20:10:56.245 I/battery_level( 3847): [73,4034,319]
04-13 20:10:56.292 I/notification_cancel( 3847): [10004,4250,com.android.systemui,2,low_battery,-1,0,1088,8,NULL]
04-13 20:10:56.295 I/notification_cancel( 3847): [10004,4250,com.android.systemui,3,low_battery,-1,0,1088,8,NULL]
04-13 20:10:56.305 I/notification_enqueue( 3847): [10004,4250,com.android.systemui,2131362716,charging_state,-1,Notification(channel=GEN pri=-2 contentView=null vibrate=null sound=null defaults=0x0 flags=0xa color=0xff607d8b category=sys number=0 vis=PUBLIC semFlags=0x0 semPriority=0 semMissedCount=0),1,NULL]
04-13 20:10:56.339 I/power_partial_wake_state( 3847): [7,RILJ:com.android.phone]
04-13 20:11:00.020 I/am_uid_running( 3847): 10036
04-13 20:11:00.062 I/am_proc_start( 3847): [0,24718,10036,com.google.android.partnersetup,service,com.google.android.partnersetup/.InstalledAppJobService]
04-13 20:11:00.110 I/power_partial_wake_state( 3847): [19,*job*/com.kt.olleh.storefront/com.onestore.android.shopclient.component.service.ConnectingPowerJobService:android]
04-13 20:11:00.111 I/am_uid_active( 3847): 10016
04-13 20:11:00.165 I/power_partial_wake_state( 3847): [82,*alarm*:android]
04-13 20:11:00.187 I/am_proc_bound( 3847): [0,24718,com.google.android.partnersetup]
04-13 20:11:00.374 I/power_partial_wake_state( 3847): [99,*job*/com.google.android.partnersetup/.InstalledAppJobService:android]
04-13 20:11:01.662 I/power_partial_wake_state( 3847): [18,RILJ:com.android.phone]
04-13 20:11:01.749 I/power_partial_wake_state( 3847): [1,RILJ:com.android.phone]
04-13 20:11:05.937 I/content_query_sample( 5628): contents_sample_state: [CONTACT contacts(0) data(0) accounts({}) accounts deleted({}) calls([]) countryIso(KR) userId(0)  ]
04-13 20:11:05.937 I/content_query_sample( 5628): contents_sample_state: [ agr({})  ]
04-13 20:11:05.937 I/content_query_sample( 5628): contents_sample_state: [ actCnt({android.process.acore(5628)=1})  ]
04-13 20:11:05.937 I/content_query_sample( 5628): contents_sample_state: [PROFILE contacts(0) data(0) accounts({})  ]
04-13 20:11:05.937 I/content_query_sample( 5628): contents_sample_state: [SAPROFILE contacts(1) data(1) accounts({vnd.sec.contact.phone (1)=1})  ]
04-13 20:11:06.399 I/notification_cancel( 3847): [10004,4250,com.android.systemui,2,low_battery,-1,0,1088,8,NULL]
04-13 20:11:06.402 I/notification_cancel( 3847): [10004,4250,com.android.systemui,3,low_battery,-1,0,1088,8,NULL]
04-13 20:11:11.758 I/power_partial_wake_state( 3847): [15,RILJ:com.android.phone]
04-13 20:11:16.532 I/notification_cancel( 3847): [10004,4250,com.android.systemui,2,low_battery,-1,0,1088,8,NULL]
04-13 20:11:16.534 I/notification_cancel( 3847): [10004,4250,com.android.systemui,3,low_battery,-1,0,1088,8,NULL]
04-13 20:11:21.849 I/power_partial_wake_state( 3847): [15,RILJ:com.android.phone]
