04-12 22:27:35.004 I/notification_cancel( 3847): [1000,3847,android,37,AccountManagerService:37:1575116973,0,0,0,8,NULL]
04-12 22:27:35.488 I/power_partial_wake_state( 3847): [620,*gms_scheduler*/com.google.android.gms/.semanticlocationhistory.db.OdlhUserEditSyncJob:com.google.android.gms]
04-12 22:27:35.508 I/power_partial_wake_state( 3847): [14,*gms_scheduler*:internal:com.google.android.gms]
04-12 22:27:35.538 I/power_partial_wake_state( 3847): [28,*gms_scheduler*:internal:com.google.android.gms]
04-12 22:27:40.887 I/power_partial_wake_state( 3847): [16,RILJ:com.android.phone]
04-12 22:27:44.437 I/power_partial_wake_state( 3847): [746,AOD_Notification:com.samsung.android.app.aodservice]
04-12 22:27:50.973 I/power_partial_wake_state( 3847): [14,RILJ:com.android.phone]
04-12 22:28:00.138 I/am_pss  ( 3847): [4722,10009,com.samsung.android.app.spage,15322112,10735616,440320]
04-12 22:28:00.176 I/power_partial_wake_state( 3847): [43,*alarm*:android]
04-12 22:28:00.181 I/am_pss  ( 3847): [4584,1000,com.ims.dm,11083776,6819840,481280]
04-12 22:28:00.223 I/am_pss  ( 3847): [4510,1000,com.trustonic.tuiservice,8988672,5431296,506880]
04-12 22:28:00.446 I/power_partial_wake_state( 3847): [303,AOD_OnTick:com.samsung.android.app.aodservice]
04-12 22:28:00.483 I/power_partial_wake_state( 3847): [318,AOD_Notification:com.samsung.android.app.aodservice]
04-12 22:28:01.056 I/power_partial_wake_state( 3847): [12,RILJ:com.android.phone]
04-12 22:28:04.702 I/notification_cancel( 3847): [10004,4250,com.android.systemui,2,low_battery,-1,0,1088,8,NULL]
04-12 22:28:04.708 I/notification_cancel( 3847): [10004,4250,com.android.systemui,3,low_battery,-1,0,1088,8,NULL]
04-12 22:28:11.145 I/power_partial_wake_state( 3847): [15,RILJ:com.android.phone]
04-12 22:28:21.237 I/power_partial_wake_state( 3847): [15,RILJ:com.android.phone]
04-12 22:28:29.320 I/am_pss  ( 3847): [4277,10030,com.google.android.gms,78582784,41820160,425984]
04-12 22:28:29.377 I/am_pss  ( 3847): [30726,10030,com.google.process.gapps,13664256,4915200,4687872]
04-12 22:28:29.436 I/am_pss  ( 3847): [8755,10224,com.whatsapp,54634496,47906816,427008]
04-12 22:28:29.488 I/am_pss  ( 3847): [7934,10213,com.etsy.android,76401664,60923904,427008]
04-12 22:28:31.338 I/power_partial_wake_state( 3847): [14,RILJ:com.android.phone]
04-12 22:28:31.495 I/content_query_sample( 5628): contents_sample_state: [CONTACT contacts(0) data(0) accounts({}) accounts deleted({}) calls([]) countryIso(KR) userId(0)  ]
04-12 22:28:31.495 I/content_query_sample( 5628): contents_sample_state: [ agr({})  ]
04-12 22:28:31.495 I/content_query_sample( 5628): contents_sample_state: [ actCnt({android.process.acore(5628)=1})  ]
04-12 22:28:31.495 I/content_query_sample( 5628): contents_sample_state: [PROFILE contacts(0) data(0) accounts({})  ]
04-12 22:28:31.495 I/content_query_sample( 5628): contents_sample_state: [SAPROFILE contacts(1) data(1) accounts({vnd.sec.contact.phone (1)=1})  ]
04-12 22:28:41.434 I/power_partial_wake_state( 3847): [15,RILJ:com.android.phone]
04-12 22:28:51.522 I/power_partial_wake_state( 3847): [10,RILJ:com.android.phone]
04-12 22:29:00.154 I/am_pss  ( 3847): [4975,10145,com.samsung.android.app.notes,64381952,34979840,3184640]
04-12 22:29:00.210 I/power_partial_wake_state( 3847): [65,*alarm*:android]
04-12 22:29:00.459 I/power_partial_wake_state( 3847): [301,AOD_OnTick:com.samsung.android.app.aodservice]
04-12 22:29:00.518 I/power_partial_wake_state( 3847): [318,AOD_Notification:com.samsung.android.app.aodservice]
04-12 22:29:01.609 I/power_partial_wake_state( 3847): [15,RILJ:com.android.phone]
04-12 22:29:04.944 I/notification_cancel( 3847): [10004,4250,com.android.systemui,2,low_battery,-1,0,1088,8,NULL]
04-12 22:29:04.948 I/notification_cancel( 3847): [10004,4250,com.android.systemui,3,low_battery,-1,0,1088,8,NULL]
04-12 22:29:11.706 I/power_partial_wake_state( 3847): [14,RILJ:com.android.phone]
04-12 22:29:21.801 I/power_partial_wake_state( 3847): [14,RILJ:com.android.phone]
04-12 22:29:31.542 I/content_query_sample( 5628): contents_sample_state: [CONTACT contacts(0) data(0) accounts({}) accounts deleted({}) calls([]) countryIso(KR) userId(0)  ]
04-12 22:29:31.542 I/content_query_sample( 5628): contents_sample_state: [ agr({})  ]
04-12 22:29:31.542 I/content_query_sample( 5628): contents_sample_state: [ actCnt({android.process.acore(5628)=1})  ]
04-12 22:29:31.542 I/content_query_sample( 5628): contents_sample_state: [PROFILE contacts(0) data(0) accounts({})  ]
04-12 22:29:31.542 I/content_query_sample( 5628): contents_sample_state: [SAPROFILE contacts(1) data(1) accounts({vnd.sec.contact.phone (1)=1})  ]
04-12 22:29:31.902 I/power_partial_wake_state( 3847): [15,RILJ:com.android.phone]
04-12 22:29:35.064 I/notification_cancel( 3847): [10004,4250,com.android.systemui,2,low_battery,-1,0,1088,8,NULL]
04-12 22:29:35.066 I/notification_cancel( 3847): [10004,4250,com.android.systemui,3,low_battery,-1,0,1088,8,NULL]
04-12 22:29:41.997 I/power_partial_wake_state( 3847): [15,RILJ:com.android.phone]
04-12 22:29:52.089 I/power_partial_wake_state( 3847): [15,RILJ:com.android.phone]
04-12 22:30:00.115 I/am_pss  ( 3847): [5628,10007,android.process.acore,19542016,5832704,12703744]
04-12 22:30:00.207 I/power_partial_wake_state( 3847): [72,*alarm*:android]
04-12 22:30:00.223 I/am_pss  ( 3847): [1619,10030,com.google.android.gms.persistent,115126272,76947456,419840]
04-12 22:30:00.449 I/power_partial_wake_state( 3847): [302,AOD_OnTick:com.samsung.android.app.aodservice]
04-12 22:30:00.518 I/power_partial_wake_state( 3847): [321,AOD_Notification:com.samsung.android.app.aodservice]
04-12 22:30:02.163 I/power_partial_wake_state( 3847): [9,RILJ:com.android.phone]
04-12 22:30:12.245 I/power_partial_wake_state( 3847): [15,RILJ:com.android.phone]
04-12 22:30:22.338 I/power_partial_wake_state( 3847): [15,RILJ:com.android.phone]
04-12 22:30:31.659 I/content_query_sample( 5628): contents_sample_state: [CONTACT contacts(0) data(0) accounts({}) accounts deleted({}) calls([]) countryIso(KR) userId(0)  ]
04-12 22:30:31.659 I/content_query_sample( 5628): contents_sample_state: [ agr({})  ]
04-12 22:30:31.659 I/content_query_sample( 5628): contents_sample_state: [ actCnt({android.process.acore(5628)=1})  ]
04-12 22:30:31.659 I/content_query_sample( 5628): contents_sample_state: [PROFILE contacts(0) data(0) accounts({})  ]
04-12 22:30:31.659 I/content_query_sample( 5628): contents_sample_state: [SAPROFILE contacts(1) data(1) accounts({vnd.sec.contact.phone (1)=1})  ]
04-12 22:30:32.427 I/power_partial_wake_state( 3847): [14,RILJ:com.android.phone]
04-12 22:30:42.522 I/power_partial_wake_state( 3847): [14,RILJ:com.android.phone]
04-12 22:30:52.613 I/power_partial_wake_state( 3847): [14,RILJ:com.android.phone]
04-12 22:31:00.210 I/power_partial_wake_state( 3847): [51,*alarm*:android]
04-12 22:31:00.267 I/am_pss  ( 3847): [2052,1250,com.samsung.android.knox.containeragent,17816576,13893632,484352]
04-12 22:31:00.473 I/power_partial_wake_state( 3847): [302,AOD_OnTick:com.samsung.android.app.aodservice]
04-12 22:31:00.530 I/power_partial_wake_state( 3847): [330,AOD_Notification:com.samsung.android.app.aodservice]
04-12 22:31:02.704 I/power_partial_wake_state( 3847): [15,RILJ:com.android.phone]
04-12 22:31:12.797 I/power_partial_wake_state( 3847): [14,RILJ:com.android.phone]
04-12 22:31:16.002 I/power_partial_wake_state( 3847): [12,RILJ:com.android.phone]
04-12 22:31:22.808 I/storaged_disk_stats( 3500): [regular,172808534,176408619,13512,9882,1455288,9544,25086,17735,7696736,313512,0,26612,322892]
04-12 22:31:22.878 I/power_partial_wake_state( 3847): [12,RILJ:com.android.phone]
04-12 22:31:31.775 I/content_query_sample( 5628): contents_sample_state: [CONTACT contacts(0) data(0) accounts({}) accounts deleted({}) calls([]) countryIso(KR) userId(0)  ]
04-12 22:31:31.775 I/content_query_sample( 5628): contents_sample_state: [ agr({})  ]
04-12 22:31:31.775 I/content_query_sample( 5628): contents_sample_state: [ actCnt({android.process.acore(5628)=1})  ]
04-12 22:31:31.775 I/content_query_sample( 5628): contents_sample_state: [PROFILE contacts(0) data(0) accounts({})  ]
04-12 22:31:31.775 I/content_query_sample( 5628): contents_sample_state: [SAPROFILE contacts(1) data(1) accounts({vnd.sec.contact.phone (1)=1})  ]
04-12 22:31:32.543 I/power_partial_wake_state( 3847): [4870,PKMService:android]
04-12 22:31:32.969 I/power_partial_wake_state( 3847): [14,RILJ:com.android.phone]
04-12 22:31:43.063 I/power_partial_wake_state( 3847): [14,RILJ:com.android.phone]
04-12 22:31:53.157 I/power_partial_wake_state( 3847): [14,RILJ:com.android.phone]
04-12 22:32:00.165 I/power_partial_wake_state( 3847): [47,*alarm*:android]
04-12 22:32:00.432 I/power_partial_wake_state( 3847): [301,AOD_OnTick:com.samsung.android.app.aodservice]
04-12 22:32:00.471 I/power_partial_wake_state( 3847): [317,AOD_Notification:com.samsung.android.app.aodservice]
04-12 22:32:03.245 I/power_partial_wake_state( 3847): [15,RILJ:com.android.phone]
04-12 22:32:11.119 I/am_uid_running( 3847): 10220
04-12 22:32:11.154 I/am_proc_start( 3847): [0,8867,10220,com.amazon.sellermobile.android,service,com.amazon.sellermobile.android/com.amazon.mls.config.internal.sushi.uploader.BackupUploaderService]
04-12 22:32:11.205 I/am_kill ( 3847): [0,8457,com.google.android.gms.unstable,904,17,empty for 1804s]
04-12 22:32:11.206 I/am_kill ( 3847): [0,6472,com.android.vending,906,17,empty for 1810s]
04-12 22:32:11.212 I/am_proc_bound( 3847): [0,8867,com.amazon.sellermobile.android]
04-12 22:32:11.277 I/am_proc_died( 3847): [0,6472,com.android.vending,906,17,634,2841]
04-12 22:32:11.278 I/am_uid_stopped( 3847): 10055
04-12 22:32:11.290 I/am_proc_died( 3847): [0,8457,com.google.android.gms.unstable,904,17,651,2825]
04-12 22:32:11.605 I/am_uid_running( 3847): 99220
04-12 22:32:11.650 I/am_proc_start( 3847): [0,8913,99220,com.android.chrome:sandboxed_process0,webview_service,com.amazon.sellermobile.android/org.chromium.content.app.SandboxedProcessService0]
04-12 22:32:11.768 I/am_proc_bound( 3847): [0,8913,com.android.chrome:sandboxed_process0]
04-12 22:32:12.089 I/ntp_success( 3847): [asia.pool.ntp.org/80.241.0.72,939,1311]
04-12 22:32:12.129 I/netstats_mobile_sample( 3847): [0,0,0,0,0,0,0,0,0,0,0,0,1681306333440]
04-12 22:32:12.130 I/netstats_wifi_sample( 3847): [554833105,501205,53786101,250931,555459621,508378,50741847,258679,555026496,504628,50012635,250567,1681306333440]
04-12 22:32:12.132 I/power_partial_wake_state( 3847): [17,NetworkStats:android]
04-12 22:32:12.138 I/am_uid_running( 3847): 10071
04-12 22:32:12.164 I/am_proc_start( 3847): [0,9001,10071,com.sec.android.app.myfiles,broadcast,com.sec.android.app.myfiles/.receiver.NotificationReceiver]
04-12 22:32:12.189 I/power_partial_wake_state( 3847): [8,RILJ:com.android.phone]
04-12 22:32:12.243 I/am_proc_bound( 3847): [0,9001,com.sec.android.app.myfiles]
04-12 22:32:12.282 I/power_partial_wake_state( 3847): [1,*job*/com.amazon.sellermobile.android/com.amazon.mls.config.internal.sushi.uploader.BackupUploaderService:android]
04-12 22:32:12.316 I/power_partial_wake_state( 3847): [174,SmartManager Framework Thread:android]
04-12 22:32:12.361 I/power_partial_wake_state( 3847): [14,*job*/com.amazon.sellermobile.android/com.amazon.mls.config.internal.sushi.uploader.BackupUploaderService:android]
04-12 22:32:12.380 I/notification_cancel( 3847): [10220,8867,com.amazon.sellermobile.android,10436,NULL,0,0,1088,8,NULL]
04-12 22:32:12.655 I/power_partial_wake_state( 3847): [4,*alarm*:android]
04-12 22:32:12.672 I/am_proc_start( 3847): [0,9054,1000,com.samsung.android.dqagent,broadcast,com.samsung.android.dqagent/.receiver.DQADataReceiver]
04-12 22:32:12.722 I/am_proc_bound( 3847): [0,9054,com.samsung.android.dqagent]
04-12 22:32:12.739 I/power_partial_wake_state( 3847): [82,*gms_scheduler*:internal:com.google.android.gms]
04-12 22:32:12.754 I/am_uid_running( 3847): 10055
04-12 22:32:12.771 I/am_proc_start( 3847): [0,9073,10055,com.android.vending,service,com.android.vending/com.google.android.finsky.contentfilterui.ContentFiltersService]
04-12 22:32:12.840 I/am_proc_bound( 3847): [0,9073,com.android.vending]
04-12 22:32:12.848 I/am_uid_active( 3847): 10055
04-12 22:32:13.325 I/power_partial_wake_state( 3847): [8,RILJ:com.android.phone]
04-12 22:32:13.729 I/notification_cancel( 3847): [10055,9073,com.android.vending,-1050172287,NULL,0,0,1088,8,NULL]
04-12 22:32:13.878 I/am_proc_start( 3847): [0,9175,10055,com.android.vending:background,service,com.android.vending/com.google.android.finsky.ipcservers.background.BackgroundGrpcServerAndroidService]
04-12 22:32:13.932 I/am_proc_bound( 3847): [0,9175,com.android.vending:background]
04-12 22:32:13.959 I/notification_cancel( 3847): [1000,3847,android,37,AccountManagerService:37:1575116973,0,0,0,8,NULL]
04-12 22:32:13.959 I/notification_cancel( 3847): [1000,3847,android,37,AccountManagerService:37:1575116973,0,0,0,8,NULL]
04-12 22:32:14.268 I/notification_cancel_all( 3847): [1000,3847,com.android.vending,0,0,0,17,NULL]
04-12 22:32:14.292 I/chatty  ( 3847): uid=1000 system_server identical 3 lines
04-12 22:32:14.292 I/notification_cancel_all( 3847): [1000,3847,com.android.vending,0,0,0,17,NULL]
04-12 22:32:14.387 I/power_partial_wake_state( 3847): [1685,*gms_scheduler*/com.google.android.gms/.instantapps.routing.DomainFilterUpdateService:com.google.android.gms]
04-12 22:32:14.408 I/power_partial_wake_state( 3847): [18,*gms_scheduler*:internal:com.google.android.gms]
04-12 22:32:14.426 I/power_partial_wake_state( 3847): [16,*gms_scheduler*:internal:com.google.android.gms]
04-12 22:32:14.437 I/am_pss  ( 3847): [2071,10092,com.google.android.googlequicksearchbox:search,177649664,162496512,393216]
04-12 22:32:23.376 I/power_partial_wake_state( 3847): [9,RILJ:com.android.phone]
04-12 22:32:25.150 I/power_partial_wake_state( 3847): [733,AOD_Notification:com.samsung.android.app.aodservice]
04-12 22:32:31.890 I/content_query_sample( 5628): contents_sample_state: [CONTACT contacts(0) data(0) accounts({}) accounts deleted({}) calls([]) countryIso(KR) userId(0)  ]
04-12 22:32:31.890 I/content_query_sample( 5628): contents_sample_state: [ agr({})  ]
04-12 22:32:31.890 I/content_query_sample( 5628): contents_sample_state: [ actCnt({android.process.acore(5628)=1})  ]
04-12 22:32:31.890 I/content_query_sample( 5628): contents_sample_state: [PROFILE contacts(0) data(0) accounts({})  ]
04-12 22:32:31.890 I/content_query_sample( 5628): contents_sample_state: [SAPROFILE contacts(1) data(1) accounts({vnd.sec.contact.phone (1)=1})  ]
04-12 22:32:33.449 I/power_partial_wake_state( 3847): [16,RILJ:com.android.phone]
04-12 22:32:42.509 I/storage_state( 3847): [41217664-9172-527a-b3d5-edabb50a7d69,0,0,46773006336,58006503424]
04-12 22:32:43.541 I/power_partial_wake_state( 3847): [14,RILJ:com.android.phone]
04-12 22:32:53.634 I/power_partial_wake_state( 3847): [14,RILJ:com.android.phone]
04-12 22:33:00.145 I/force_gc( 3847): Binder
04-12 22:33:00.150 I/am_pss  ( 3847): [9073,10055,com.android.vending,80361472,59301888,420864]
04-12 22:33:00.189 I/power_partial_wake_state( 3847): [58,*alarm*:android]
04-12 22:33:00.202 I/am_pss  ( 3847): [30726,10030,com.google.process.gapps,13162496,4878336,4654080]
04-12 22:33:00.246 I/am_pss  ( 3847): [9054,1000,com.samsung.android.dqagent,14615552,9543680,376832]
04-12 22:33:00.303 I/am_pss  ( 3847): [8867,10220,com.amazon.sellermobile.android,80749568,69439488,404480]
04-12 22:33:00.341 I/am_pss  ( 3847): [9001,10071,com.sec.android.app.myfiles,18257920,14270464,393216]
04-12 22:33:00.370 I/am_pss  ( 3847): [8913,99220,com.android.chrome:sandboxed_process0,37486592,15699968,1605632]
04-12 22:33:00.397 I/am_pss  ( 3847): [6896,5009,com.samsung.android.scloud:auth,13064192,9048064,440320]
04-12 22:33:00.425 I/am_pss  ( 3847): [4297,10041,com.kt.olleh.storefront,19250176,15085568,454656]
04-12 22:33:00.443 I/power_partial_wake_state( 3847): [301,AOD_OnTick:com.samsung.android.app.aodservice]
04-12 22:33:00.517 I/power_partial_wake_state( 3847): [344,AOD_Notification:com.samsung.android.app.aodservice]
04-12 22:33:03.730 I/power_partial_wake_state( 3847): [17,RILJ:com.android.phone]
04-12 22:33:03.982 I/power_partial_wake_state( 3847): [29,*alarm*:android]
04-12 22:33:04.083 I/power_partial_wake_state( 3847): [46,com.kpns.pa.action.KEEP_ALIVE:com.ktpns.pa]
04-12 22:33:04.097 I/power_partial_wake_state( 3847): [116,wake:com.ktpns.pa/com.ktpns.lib.service.KeepAliveService:com.ktpns.pa]
04-12 22:33:04.151 I/am_pss  ( 3847): [3847,1000,system,194950144,154716160,33452032]
04-12 22:33:13.835 I/power_partial_wake_state( 3847): [15,RILJ:com.android.phone]
04-12 22:33:13.916 I/am_uid_idle( 3847): 10055
04-12 22:33:23.930 I/power_partial_wake_state( 3847): [13,RILJ:com.android.phone]
04-12 22:33:32.006 I/content_query_sample( 5628): contents_sample_state: [CONTACT contacts(0) data(0) accounts({}) accounts deleted({}) calls([]) countryIso(KR) userId(0)  ]
04-12 22:33:32.006 I/content_query_sample( 5628): contents_sample_state: [ agr({})  ]
04-12 22:33:32.006 I/content_query_sample( 5628): contents_sample_state: [ actCnt({android.process.acore(5628)=1})  ]
04-12 22:33:32.006 I/content_query_sample( 5628): contents_sample_state: [PROFILE contacts(0) data(0) accounts({})  ]
04-12 22:33:32.006 I/content_query_sample( 5628): contents_sample_state: [SAPROFILE contacts(1) data(1) accounts({vnd.sec.contact.phone (1)=1})  ]
04-12 22:33:34.015 I/power_partial_wake_state( 3847): [14,RILJ:com.android.phone]
04-12 22:33:44.114 I/power_partial_wake_state( 3847): [15,RILJ:com.android.phone]
04-12 22:33:54.210 I/power_partial_wake_state( 3847): [15,RILJ:com.android.phone]
04-12 22:34:00.157 I/am_pss  ( 3847): [4250,10004,com.android.systemui,257686528,121019392,128397312]
04-12 22:34:00.197 I/power_partial_wake_state( 3847): [52,*alarm*:android]
04-12 22:34:00.204 I/am_pss  ( 3847): [9175,10055,com.android.vending:background,38674432,19017728,449536]
04-12 22:34:00.260 I/am_pss  ( 3847): [4277,10030,com.google.android.gms,77998080,40599552,406528]
04-12 22:34:00.461 I/power_partial_wake_state( 3847): [303,AOD_OnTick:com.samsung.android.app.aodservice]
04-12 22:34:00.504 I/power_partial_wake_state( 3847): [318,AOD_Notification:com.samsung.android.app.aodservice]
04-12 22:34:04.300 I/power_partial_wake_state( 3847): [14,RILJ:com.android.phone]
04-12 22:34:14.397 I/power_partial_wake_state( 3847): [14,RILJ:com.android.phone]
04-12 22:34:24.492 I/power_partial_wake_state( 3847): [14,RILJ:com.android.phone]
04-12 22:34:32.113 I/content_query_sample( 5628): contents_sample_state: [CONTACT contacts(0) data(0) accounts({}) accounts deleted({}) calls([]) countryIso(KR) userId(0)  ]
04-12 22:34:32.113 I/content_query_sample( 5628): contents_sample_state: [ agr({})  ]
04-12 22:34:32.113 I/content_query_sample( 5628): contents_sample_state: [ actCnt({android.process.acore(5628)=1})  ]
04-12 22:34:32.113 I/content_query_sample( 5628): contents_sample_state: [PROFILE contacts(0) data(0) accounts({})  ]
04-12 22:34:32.113 I/content_query_sample( 5628): contents_sample_state: [SAPROFILE contacts(1) data(1) accounts({vnd.sec.contact.phone (1)=1})  ]
04-12 22:34:34.578 I/power_partial_wake_state( 3847): [14,RILJ:com.android.phone]
04-12 22:34:44.678 I/power_partial_wake_state( 3847): [15,RILJ:com.android.phone]
04-12 22:34:54.771 I/power_partial_wake_state( 3847): [14,RILJ:com.android.phone]
04-12 22:35:00.171 I/am_pss  ( 3847): [5231,10090,com.sec.android.app.launcher,100241408,56638464,40957952]
04-12 22:35:00.185 I/power_partial_wake_state( 3847): [45,*alarm*:android]
04-12 22:35:00.454 I/power_partial_wake_state( 3847): [302,AOD_OnTick:com.samsung.android.app.aodservice]
04-12 22:35:00.492 I/power_partial_wake_state( 3847): [318,AOD_Notification:com.samsung.android.app.aodservice]
04-12 22:35:04.862 I/power_partial_wake_state( 3847): [15,RILJ:com.android.phone]
04-12 22:35:14.955 I/power_partial_wake_state( 3847): [13,RILJ:com.android.phone]
04-12 22:35:25.046 I/power_partial_wake_state( 3847): [14,RILJ:com.android.phone]
04-12 22:35:32.239 I/content_query_sample( 5628): contents_sample_state: [CONTACT contacts(0) data(0) accounts({}) accounts deleted({}) calls([]) countryIso(KR) userId(0)  ]
04-12 22:35:32.239 I/content_query_sample( 5628): contents_sample_state: [ agr({})  ]
04-12 22:35:32.239 I/content_query_sample( 5628): contents_sample_state: [ actCnt({android.process.acore(5628)=1})  ]
04-12 22:35:32.239 I/content_query_sample( 5628): contents_sample_state: [PROFILE contacts(0) data(0) accounts({})  ]
04-12 22:35:32.239 I/content_query_sample( 5628): contents_sample_state: [SAPROFILE contacts(1) data(1) accounts({vnd.sec.contact.phone (1)=1})  ]
04-12 22:35:35.137 I/power_partial_wake_state( 3847): [14,RILJ:com.android.phone]
04-12 22:35:45.233 I/power_partial_wake_state( 3847): [15,RILJ:com.android.phone]
04-12 22:35:55.328 I/power_partial_wake_state( 3847): [14,RILJ:com.android.phone]
04-12 22:36:00.085 I/am_pss  ( 3847): [13033,10057,com.sec.spp.push:RemoteDlcProcess,15376384,6205440,8136704]
04-12 22:36:00.143 I/am_pss  ( 3847): [17761,10092,com.google.android.googlequicksearchbox:interactor,66239488,34177024,26905600]
04-12 22:36:00.165 I/power_partial_wake_state( 3847): [49,*alarm*:android]
04-12 22:36:00.197 I/am_pss  ( 3847): [19655,10126,com.enhance.gameservice,19502080,6504448,11358208]
04-12 22:36:00.248 I/am_pss  ( 3847): [12628,10026,com.sec.android.app.samsungapps,25009152,7266304,15432704]
04-12 22:36:00.285 I/am_pss  ( 3847): [9708,5006,com.samsung.android.beaconmanager,9283584,1150976,7486464]
04-12 22:36:00.329 I/am_pss  ( 3847): [14453,10004,com.samsung.android.app.aodservice,77578240,58753024,11785216]
04-12 22:36:00.360 I/am_pss  ( 3847): [4764,1001,com.sec.phone,8377344,589824,7298048]
04-12 22:36:00.391 I/am_pss  ( 3847): [9016,1002,com.android.bluetooth,12729344,1257472,10700800]
04-12 22:36:00.419 I/am_pss  ( 3847): [6718,10013,com.samsung.android.app.cocktailbarservice,28041216,11516928,15470592]
04-12 22:36:00.429 I/power_partial_wake_state( 3847): [302,AOD_OnTick:com.samsung.android.app.aodservice]
04-12 22:36:00.443 I/am_pss  ( 3847): [5135,10044,com.kt.serviceagent,8592384,327680,7692288]
04-12 22:36:00.466 I/am_pss  ( 3847): [5117,1000,com.sec.downloadablekeystore,8687616,282624,7905280]
04-12 22:36:00.491 I/am_pss  ( 3847): [5110,1000,com.skt.skaf.OA00412131,13749248,692224,10377216]
04-12 22:36:00.499 I/power_partial_wake_state( 3847): [344,AOD_Notification:com.samsung.android.app.aodservice]
04-12 22:36:00.531 I/am_pss  ( 3847): [5092,10043,com.ktpns.pa,20367360,9695232,9118720]
04-12 22:36:00.556 I/am_pss  ( 3847): [5078,10014,com.samsung.android.providers.context,21325824,3301376,17022976]
04-12 22:36:00.584 I/am_pss  ( 3847): [4228,10165,com.sec.android.inputmethod,36988928,2818048,33444864]
04-12 22:36:00.615 I/am_pss  ( 3847): [4566,1001,com.android.phone,32896000,18010112,13041664]
04-12 22:36:00.644 I/am_pss  ( 3847): [4548,1000,com.sec.imsservice,26811392,5914624,20164608]
04-12 22:36:00.671 I/am_pss  ( 3847): [4542,1027,com.android.nfc,27798528,13590528,10727424]
04-12 22:36:00.696 I/am_pss  ( 3847): [4530,1000,com.sec.sve,9723904,303104,8929280]
04-12 22:36:00.724 I/am_pss  ( 3847): [4447,5013,com.sec.location.nsflp2,22232064,2809856,18572288]
04-12 22:36:00.752 I/am_pss  ( 3847): [4391,10004,com.android.systemui:InfinityWallpaper,66828288,49925120,15855616]
04-12 22:36:05.417 I/power_partial_wake_state( 3847): [15,RILJ:com.android.phone]
04-12 22:36:15.517 I/chatty  ( 3847): uid=1000(system) Binder:3847_C identical 1 line
04-12 22:36:25.613 I/power_partial_wake_state( 3847): [15,RILJ:com.android.phone]
04-12 22:36:32.366 I/content_query_sample( 5628): contents_sample_state: [CONTACT contacts(0) data(0) accounts({}) accounts deleted({}) calls([]) countryIso(KR) userId(0)  ]
04-12 22:36:32.366 I/content_query_sample( 5628): contents_sample_state: [ agr({})  ]
04-12 22:36:32.366 I/content_query_sample( 5628): contents_sample_state: [ actCnt({android.process.acore(5628)=1})  ]
04-12 22:36:32.366 I/content_query_sample( 5628): contents_sample_state: [PROFILE contacts(0) data(0) accounts({})  ]
04-12 22:36:32.366 I/content_query_sample( 5628): contents_sample_state: [SAPROFILE contacts(1) data(1) accounts({vnd.sec.contact.phone (1)=1})  ]
04-12 22:36:32.552 I/power_partial_wake_state( 3847): [4878,PKMService:android]
04-12 22:36:35.704 I/power_partial_wake_state( 3847): [14,RILJ:com.android.phone]
04-12 22:36:45.802 I/power_partial_wake_state( 3847): [15,RILJ:com.android.phone]
04-12 22:36:55.889 I/power_partial_wake_state( 3847): [14,RILJ:com.android.phone]
04-12 22:37:00.157 I/am_uid_running( 3847): 10016
04-12 22:37:00.205 I/am_proc_start( 3847): [0,9270,10016,com.android.defcontainer,service,com.android.defcontainer/.DefaultContainerService]
04-12 22:37:00.208 I/power_partial_wake_state( 3847): [61,*alarm*:android]
04-12 22:37:00.220 I/power_partial_wake_state( 3847): [81,*job*/com.kt.olleh.storefront/com.onestore.android.shopclient.component.service.NetworkConnectivityJobService:android]
04-12 22:37:00.236 I/power_partial_wake_state( 3847): [89,*job*/com.kt.olleh.storefront/com.onestore.android.shopclient.component.service.ConnectingPowerJobService:android]
04-12 22:37:00.278 I/am_proc_bound( 3847): [0,9270,com.android.defcontainer]
04-12 22:37:00.285 I/am_uid_active( 3847): 10016
04-12 22:37:00.457 I/power_partial_wake_state( 3847): [301,AOD_OnTick:com.samsung.android.app.aodservice]
04-12 22:37:00.510 I/power_partial_wake_state( 3847): [315,AOD_Notification:com.samsung.android.app.aodservice]
04-12 22:37:05.985 I/power_partial_wake_state( 3847): [18,RILJ:com.android.phone]
04-12 22:37:16.084 I/power_partial_wake_state( 3847): [14,RILJ:com.android.phone]
04-12 22:37:26.177 I/power_partial_wake_state( 3847): [14,RILJ:com.android.phone]
04-12 22:37:32.459 I/content_query_sample( 5628): contents_sample_state: [CONTACT contacts(0) data(0) accounts({}) accounts deleted({}) calls([]) countryIso(KR) userId(0)  ]
04-12 22:37:32.459 I/content_query_sample( 5628): contents_sample_state: [ agr({})  ]
04-12 22:37:32.459 I/content_query_sample( 5628): contents_sample_state: [ actCnt({android.process.acore(5628)=1})  ]
04-12 22:37:32.459 I/content_query_sample( 5628): contents_sample_state: [PROFILE contacts(0) data(0) accounts({})  ]
04-12 22:37:32.459 I/content_query_sample( 5628): contents_sample_state: [SAPROFILE contacts(1) data(1) accounts({vnd.sec.contact.phone (1)=1})  ]
04-12 22:37:34.259 I/am_proc_died( 3847): [0,4277,com.google.android.gms,900,17,550,2825]
04-12 22:37:34.332 I/am_pss  ( 3847): [4297,10041,com.kt.olleh.storefront,18503680,14209024,474112]
04-12 22:37:36.269 I/power_partial_wake_state( 3847): [15,RILJ:com.android.phone]
04-12 22:37:46.365 I/power_partial_wake_state( 3847): [14,RILJ:com.android.phone]
04-12 22:37:56.461 I/power_partial_wake_state( 3847): [14,RILJ:com.android.phone]
04-12 22:38:00.103 I/am_pss  ( 3847): [9270,10016,com.android.defcontainer,8808448,5406720,477184]
04-12 22:38:00.173 I/am_pss  ( 3847): [1335,10108,com.kt.android.showtouch,88590336,59670528,5044224]
04-12 22:38:00.181 I/power_partial_wake_state( 3847): [51,*alarm*:android]
04-12 22:38:00.445 I/power_partial_wake_state( 3847): [303,AOD_OnTick:com.samsung.android.app.aodservice]
04-12 22:38:00.487 I/power_partial_wake_state( 3847): [318,AOD_Notification:com.samsung.android.app.aodservice]
04-12 22:38:06.547 I/power_partial_wake_state( 3847): [15,RILJ:com.android.phone]
04-12 22:38:10.415 I/am_uid_idle( 3847): 10016
04-12 22:38:16.645 I/power_partial_wake_state( 3847): [15,RILJ:com.android.phone]
04-12 22:38:26.742 I/power_partial_wake_state( 3847): [14,RILJ:com.android.phone]
04-12 22:38:32.575 I/content_query_sample( 5628): contents_sample_state: [CONTACT contacts(0) data(0) accounts({}) accounts deleted({}) calls([]) countryIso(KR) userId(0)  ]
04-12 22:38:32.575 I/content_query_sample( 5628): contents_sample_state: [ agr({})  ]
04-12 22:38:32.575 I/content_query_sample( 5628): contents_sample_state: [ actCnt({android.process.acore(5628)=1})  ]
04-12 22:38:32.575 I/content_query_sample( 5628): contents_sample_state: [PROFILE contacts(0) data(0) accounts({})  ]
04-12 22:38:32.575 I/content_query_sample( 5628): contents_sample_state: [SAPROFILE contacts(1) data(1) accounts({vnd.sec.contact.phone (1)=1})  ]
04-12 22:38:36.836 I/power_partial_wake_state( 3847): [13,RILJ:com.android.phone]
04-12 22:38:46.916 I/power_partial_wake_state( 3847): [8,RILJ:com.android.phone]
04-12 22:38:57.001 I/power_partial_wake_state( 3847): [14,RILJ:com.android.phone]
04-12 22:39:00.195 I/force_gc( 4391): Binder
04-12 22:39:00.248 I/power_partial_wake_state( 3847): [70,*alarm*:android]
04-12 22:39:00.495 I/power_partial_wake_state( 3847): [303,AOD_OnTick:com.samsung.android.app.aodservice]
04-12 22:39:00.556 I/power_partial_wake_state( 3847): [318,AOD_Notification:com.samsung.android.app.aodservice]
04-12 22:39:07.094 I/power_partial_wake_state( 3847): [14,RILJ:com.android.phone]
04-12 22:39:17.196 I/power_partial_wake_state( 3847): [15,RILJ:com.android.phone]
04-12 22:39:27.294 I/power_partial_wake_state( 3847): [15,RILJ:com.android.phone]
04-12 22:39:30.534 I/power_partial_wake_state( 3847): [78,*alarm*:android]
04-12 22:39:30.694 I/power_partial_wake_state( 3847): [166,WorkManager:TikTokListenableWorker startWork -> com.google.apps.tiktok.sync.impl.workmanager.SyncWorker startWork() -> com.google.apps.tiktok.sync.impl.workmanager.SyncWorker startWork() -> NoAccountWorkerFactory startWork():com.google.android.googlequicksearchbox]
04-12 22:39:30.709 I/power_partial_wake_state( 3847): [231,*job*/com.google.android.googlequicksearchbox/androidx.work.impl.background.systemjob.SystemJobService:android]
04-12 22:39:30.963 I/power_partial_wake_state( 3847): [447,WorkManager:TikTokListenableWorker startWork -> com.google.apps.tiktok.sync.impl.workmanager.SyncWorker startWork() -> com.google.apps.tiktok.sync.impl.workmanager.SyncWorker startWork() -> NoAccountWorkerFactory startWork():com.google.android.googlequicksearchbox]
04-12 22:39:32.690 I/content_query_sample( 5628): contents_sample_state: [CONTACT contacts(0) data(0) accounts({}) accounts deleted({}) calls([]) countryIso(KR) userId(0)  ]
04-12 22:39:32.690 I/content_query_sample( 5628): contents_sample_state: [ agr({})  ]
04-12 22:39:32.690 I/content_query_sample( 5628): contents_sample_state: [ actCnt({android.process.acore(5628)=1})  ]
04-12 22:39:32.690 I/content_query_sample( 5628): contents_sample_state: [PROFILE contacts(0) data(0) accounts({})  ]
04-12 22:39:32.690 I/content_query_sample( 5628): contents_sample_state: [SAPROFILE contacts(1) data(1) accounts({vnd.sec.contact.phone (1)=1})  ]
04-12 22:39:37.390 I/power_partial_wake_state( 3847): [15,RILJ:com.android.phone]
04-12 22:39:47.477 I/power_partial_wake_state( 3847): [15,RILJ:com.android.phone]
04-12 22:39:57.565 I/power_partial_wake_state( 3847): [14,RILJ:com.android.phone]
04-12 22:40:00.146 I/am_pss  ( 3847): [2071,10092,com.google.android.googlequicksearchbox:search,177002496,161050624,411648]
04-12 22:40:00.175 I/power_partial_wake_state( 3847): [45,*alarm*:android]
04-12 22:40:00.219 I/am_pss  ( 3847): [2664,10231,org.mozilla.firefox,107812864,44855296,60498944]
04-12 22:40:00.258 I/am_pss  ( 3847): [2759,10231,org.mozilla.firefox:tab34,9630720,299008,8681472]
04-12 22:40:00.292 I/am_pss  ( 3847): [2456,99216,com.android.chrome:sandboxed_process0,26680320,4702208,1792000]
04-12 22:40:00.443 I/power_partial_wake_state( 3847): [302,AOD_OnTick:com.samsung.android.app.aodservice]
04-12 22:40:00.484 I/power_partial_wake_state( 3847): [319,AOD_Notification:com.samsung.android.app.aodservice]
04-12 22:40:07.662 I/power_partial_wake_state( 3847): [14,RILJ:com.android.phone]
04-12 22:40:17.750 I/power_partial_wake_state( 3847): [15,RILJ:com.android.phone]
04-12 22:40:27.848 I/power_partial_wake_state( 3847): [15,RILJ:com.android.phone]
04-12 22:40:32.807 I/content_query_sample( 5628): contents_sample_state: [CONTACT contacts(0) data(0) accounts({}) accounts deleted({}) calls([]) countryIso(KR) userId(0)  ]
04-12 22:40:32.807 I/content_query_sample( 5628): contents_sample_state: [ agr({})  ]
04-12 22:40:32.807 I/content_query_sample( 5628): contents_sample_state: [ actCnt({android.process.acore(5628)=1})  ]
04-12 22:40:32.807 I/content_query_sample( 5628): contents_sample_state: [PROFILE contacts(0) data(0) accounts({})  ]
04-12 22:40:32.807 I/content_query_sample( 5628): contents_sample_state: [SAPROFILE contacts(1) data(1) accounts({vnd.sec.contact.phone (1)=1})  ]
04-12 22:40:37.944 I/power_partial_wake_state( 3847): [16,RILJ:com.android.phone]
04-12 22:40:48.032 I/power_partial_wake_state( 3847): [14,RILJ:com.android.phone]
04-12 22:40:58.126 I/power_partial_wake_state( 3847): [15,RILJ:com.android.phone]
04-12 22:41:00.214 I/power_partial_wake_state( 3847): [59,*alarm*:android]
04-12 22:41:00.467 I/power_partial_wake_state( 3847): [302,AOD_OnTick:com.samsung.android.app.aodservice]
04-12 22:41:00.521 I/power_partial_wake_state( 3847): [317,AOD_Notification:com.samsung.android.app.aodservice]
04-12 22:41:08.222 I/power_partial_wake_state( 3847): [14,RILJ:com.android.phone]
04-12 22:41:18.314 I/power_partial_wake_state( 3847): [14,RILJ:com.android.phone]
04-12 22:41:28.404 I/power_partial_wake_state( 3847): [9,RILJ:com.android.phone]
04-12 22:41:31.771 I/power_partial_wake_state( 3847): [58,*alarm*:android]
04-12 22:41:31.815 I/power_partial_wake_state( 3847): [25,*job*/com.etsy.android/androidx.work.impl.background.systemjob.SystemJobService:android]
04-12 22:41:32.378 I/power_partial_wake_state( 3847): [4704,PKMService:android]
04-12 22:41:32.856 I/content_query_sample( 5628): contents_sample_state: [CONTACT contacts(0) data(0) accounts({}) accounts deleted({}) calls([]) countryIso(KR) userId(0)  ]
04-12 22:41:32.856 I/content_query_sample( 5628): contents_sample_state: [ agr({})  ]
04-12 22:41:32.856 I/content_query_sample( 5628): contents_sample_state: [ actCnt({android.process.acore(5628)=1})  ]
04-12 22:41:32.856 I/content_query_sample( 5628): contents_sample_state: [PROFILE contacts(0) data(0) accounts({})  ]
04-12 22:41:32.856 I/content_query_sample( 5628): contents_sample_state: [SAPROFILE contacts(1) data(1) accounts({vnd.sec.contact.phone (1)=1})  ]
04-12 22:41:38.053 I/notification_cancel( 3847): [10004,4250,com.android.systemui,2,low_battery,-1,0,1088,8,NULL]
04-12 22:41:38.055 I/notification_cancel( 3847): [10004,4250,com.android.systemui,3,low_battery,-1,0,1088,8,NULL]
04-12 22:41:38.461 I/power_partial_wake_state( 3847): [10,RILJ:com.android.phone]
04-12 22:41:48.537 I/power_partial_wake_state( 3847): [14,RILJ:com.android.phone]
04-12 22:41:58.632 I/power_partial_wake_state( 3847): [15,RILJ:com.android.phone]
04-12 22:42:00.209 I/power_partial_wake_state( 3847): [66,*alarm*:android]
04-12 22:42:00.457 I/power_partial_wake_state( 3847): [302,AOD_OnTick:com.samsung.android.app.aodservice]
04-12 22:42:00.520 I/power_partial_wake_state( 3847): [321,AOD_Notification:com.samsung.android.app.aodservice]
04-12 22:42:08.174 I/notification_cancel( 3847): [10004,4250,com.android.systemui,2,low_battery,-1,0,1088,8,NULL]
04-12 22:42:08.177 I/notification_cancel( 3847): [10004,4250,com.android.systemui,3,low_battery,-1,0,1088,8,NULL]
04-12 22:42:08.720 I/power_partial_wake_state( 3847): [15,RILJ:com.android.phone]
04-12 22:42:18.810 I/power_partial_wake_state( 3847): [15,RILJ:com.android.phone]
04-12 22:42:27.347 I/am_pss  ( 3847): [7934,10213,com.etsy.android,80961536,61624320,427008]
04-12 22:42:28.906 I/power_partial_wake_state( 3847): [14,RILJ:com.android.phone]
04-12 22:42:32.932 I/content_query_sample( 5628): contents_sample_state: [CONTACT contacts(0) data(0) accounts({}) accounts deleted({}) calls([]) countryIso(KR) userId(0)  ]
04-12 22:42:32.932 I/content_query_sample( 5628): contents_sample_state: [ agr({})  ]
04-12 22:42:32.932 I/content_query_sample( 5628): contents_sample_state: [ actCnt({android.process.acore(5628)=1})  ]
04-12 22:42:32.932 I/content_query_sample( 5628): contents_sample_state: [PROFILE contacts(0) data(0) accounts({})  ]
04-12 22:42:32.932 I/content_query_sample( 5628): contents_sample_state: [SAPROFILE contacts(1) data(1) accounts({vnd.sec.contact.phone (1)=1})  ]
04-12 22:42:38.994 I/power_partial_wake_state( 3847): [15,RILJ:com.android.phone]
04-12 22:42:49.081 I/power_partial_wake_state( 3847): [14,RILJ:com.android.phone]
04-12 22:42:59.176 I/power_partial_wake_state( 3847): [14,RILJ:com.android.phone]
04-12 22:43:00.021 I/am_kill ( 3847): [0,8613,com.google.android.googlequicksearchbox:train,906,17,empty for 1808s]
04-12 22:43:00.118 I/am_proc_died( 3847): [0,8613,com.google.android.googlequicksearchbox:train,906,17,581,2826]
04-12 22:43:00.216 I/power_partial_wake_state( 3847): [72,*alarm*:android]
04-12 22:43:00.460 I/power_partial_wake_state( 3847): [303,AOD_OnTick:com.samsung.android.app.aodservice]
04-12 22:43:00.524 I/power_partial_wake_state( 3847): [318,AOD_Notification:com.samsung.android.app.aodservice]
04-12 22:43:08.418 I/notification_cancel( 3847): [10004,4250,com.android.systemui,2,low_battery,-1,0,1088,8,NULL]
04-12 22:43:08.421 I/notification_cancel( 3847): [10004,4250,com.android.systemui,3,low_battery,-1,0,1088,8,NULL]
04-12 22:43:09.265 I/power_partial_wake_state( 3847): [15,RILJ:com.android.phone]
04-12 22:43:19.354 I/power_partial_wake_state( 3847): [15,RILJ:com.android.phone]
04-12 22:43:29.454 I/power_partial_wake_state( 3847): [15,RILJ:com.android.phone]
04-12 22:43:33.005 I/content_query_sample( 5628): contents_sample_state: [CONTACT contacts(0) data(0) accounts({}) accounts deleted({}) calls([]) countryIso(KR) userId(0)  ]
04-12 22:43:33.005 I/content_query_sample( 5628): contents_sample_state: [ agr({})  ]
04-12 22:43:33.005 I/content_query_sample( 5628): contents_sample_state: [ actCnt({android.process.acore(5628)=1})  ]
04-12 22:43:33.005 I/content_query_sample( 5628): contents_sample_state: [PROFILE contacts(0) data(0) accounts({})  ]
04-12 22:43:33.005 I/content_query_sample( 5628): contents_sample_state: [SAPROFILE contacts(1) data(1) accounts({vnd.sec.contact.phone (1)=1})  ]
04-12 22:43:39.548 I/power_partial_wake_state( 3847): [18,RILJ:com.android.phone]
04-12 22:43:49.638 I/power_partial_wake_state( 3847): [15,RILJ:com.android.phone]
04-12 22:43:59.735 I/power_partial_wake_state( 3847): [15,RILJ:com.android.phone]
04-12 22:44:00.201 I/power_partial_wake_state( 3847): [55,*alarm*:android]
04-12 22:44:00.462 I/power_partial_wake_state( 3847): [302,AOD_OnTick:com.samsung.android.app.aodservice]
04-12 22:44:00.507 I/power_partial_wake_state( 3847): [318,AOD_Notification:com.samsung.android.app.aodservice]
04-12 22:44:08.667 I/notification_cancel( 3847): [10004,4250,com.android.systemui,2,low_battery,-1,0,1088,8,NULL]
04-12 22:44:08.669 I/notification_cancel( 3847): [10004,4250,com.android.systemui,3,low_battery,-1,0,1088,8,NULL]
04-12 22:44:09.825 I/power_partial_wake_state( 3847): [15,RILJ:com.android.phone]
04-12 22:44:19.914 I/power_partial_wake_state( 3847): [14,RILJ:com.android.phone]
04-12 22:44:30.013 I/power_partial_wake_state( 3847): [14,RILJ:com.android.phone]
04-12 22:44:33.121 I/content_query_sample( 5628): contents_sample_state: [CONTACT contacts(0) data(0) accounts({}) accounts deleted({}) calls([]) countryIso(KR) userId(0)  ]
04-12 22:44:33.121 I/content_query_sample( 5628): contents_sample_state: [ agr({})  ]
04-12 22:44:33.121 I/content_query_sample( 5628): contents_sample_state: [ actCnt({android.process.acore(5628)=1})  ]
04-12 22:44:33.121 I/content_query_sample( 5628): contents_sample_state: [PROFILE contacts(0) data(0) accounts({})  ]
04-12 22:44:33.121 I/content_query_sample( 5628): contents_sample_state: [SAPROFILE contacts(1) data(1) accounts({vnd.sec.contact.phone (1)=1})  ]
04-12 22:44:38.787 I/notification_cancel( 3847): [10004,4250,com.android.systemui,2,low_battery,-1,0,1088,8,NULL]
04-12 22:44:38.790 I/notification_cancel( 3847): [10004,4250,com.android.systemui,3,low_battery,-1,0,1088,8,NULL]
04-12 22:44:40.097 I/power_partial_wake_state( 3847): [13,RILJ:com.android.phone]
04-12 22:44:50.181 I/power_partial_wake_state( 3847): [15,RILJ:com.android.phone]
04-12 22:45:00.184 I/power_partial_wake_state( 3847): [48,*alarm*:android]
04-12 22:45:00.236 I/am_pss  ( 3847): [1619,10030,com.google.android.gms.persistent,146522112,125227008,438272]
04-12 22:45:00.242 I/power_partial_wake_state( 3847): [8,RILJ:com.android.phone]
04-12 22:45:00.450 I/power_partial_wake_state( 3847): [302,AOD_OnTick:com.samsung.android.app.aodservice]
04-12 22:45:00.492 I/power_partial_wake_state( 3847): [319,AOD_Notification:com.samsung.android.app.aodservice]
04-12 22:45:10.319 I/power_partial_wake_state( 3847): [14,RILJ:com.android.phone]
04-12 22:45:20.410 I/power_partial_wake_state( 3847): [15,RILJ:com.android.phone]
04-12 22:45:30.506 I/power_partial_wake_state( 3847): [15,RILJ:com.android.phone]
04-12 22:45:33.141 I/content_query_sample( 5628): contents_sample_state: [CONTACT contacts(0) data(0) accounts({}) accounts deleted({}) calls([]) countryIso(KR) userId(0)  ]
04-12 22:45:33.141 I/content_query_sample( 5628): contents_sample_state: [ agr({})  ]
04-12 22:45:33.141 I/content_query_sample( 5628): contents_sample_state: [ actCnt({android.process.acore(5628)=1})  ]
04-12 22:45:33.141 I/content_query_sample( 5628): contents_sample_state: [PROFILE contacts(0) data(0) accounts({})  ]
04-12 22:45:33.141 I/content_query_sample( 5628): contents_sample_state: [SAPROFILE contacts(1) data(1) accounts({vnd.sec.contact.phone (1)=1})  ]
04-12 22:45:40.601 I/power_partial_wake_state( 3847): [14,RILJ:com.android.phone]
04-12 22:45:50.691 I/power_partial_wake_state( 3847): [14,RILJ:com.android.phone]
04-12 22:46:00.193 I/power_partial_wake_state( 3847): [50,*alarm*:android]
04-12 22:46:00.458 I/power_partial_wake_state( 3847): [302,AOD_OnTick:com.samsung.android.app.aodservice]
04-12 22:46:00.499 I/power_partial_wake_state( 3847): [317,AOD_Notification:com.samsung.android.app.aodservice]
04-12 22:46:00.779 I/power_partial_wake_state( 3847): [14,RILJ:com.android.phone]
04-12 22:46:10.889 I/power_partial_wake_state( 3847): [15,RILJ:com.android.phone]
04-12 22:46:20.981 I/power_partial_wake_state( 3847): [18,RILJ:com.android.phone]
04-12 22:46:31.072 I/power_partial_wake_state( 3847): [15,RILJ:com.android.phone]
04-12 22:46:32.483 I/power_partial_wake_state( 3847): [4809,PKMService:android]
04-12 22:46:33.194 I/content_query_sample( 5628): contents_sample_state: [CONTACT contacts(0) data(0) accounts({}) accounts deleted({}) calls([]) countryIso(KR) userId(0)  ]
04-12 22:46:33.194 I/content_query_sample( 5628): contents_sample_state: [ agr({})  ]
04-12 22:46:33.194 I/content_query_sample( 5628): contents_sample_state: [ actCnt({android.process.acore(5628)=1})  ]
04-12 22:46:33.194 I/content_query_sample( 5628): contents_sample_state: [PROFILE contacts(0) data(0) accounts({})  ]
04-12 22:46:33.194 I/content_query_sample( 5628): contents_sample_state: [SAPROFILE contacts(1) data(1) accounts({vnd.sec.contact.phone (1)=1})  ]
04-12 22:46:39.296 I/notification_cancel( 3847): [10004,4250,com.android.systemui,2,low_battery,-1,0,1088,8,NULL]
04-12 22:46:39.300 I/notification_cancel( 3847): [10004,4250,com.android.systemui,3,low_battery,-1,0,1088,8,NULL]
04-12 22:46:41.159 I/power_partial_wake_state( 3847): [14,RILJ:com.android.phone]
04-12 22:46:51.253 I/power_partial_wake_state( 3847): [14,RILJ:com.android.phone]
04-12 22:47:00.189 I/power_partial_wake_state( 3847): [50,*alarm*:android]
04-12 22:47:00.452 I/power_partial_wake_state( 3847): [302,AOD_OnTick:com.samsung.android.app.aodservice]
04-12 22:47:00.492 I/power_partial_wake_state( 3847): [317,AOD_Notification:com.samsung.android.app.aodservice]
04-12 22:47:01.348 I/power_partial_wake_state( 3847): [13,RILJ:com.android.phone]
04-12 22:47:09.426 I/notification_cancel( 3847): [10004,4250,com.android.systemui,2,low_battery,-1,0,1088,8,NULL]
04-12 22:47:09.429 I/notification_cancel( 3847): [10004,4250,com.android.systemui,3,low_battery,-1,0,1088,8,NULL]
04-12 22:47:11.437 I/power_partial_wake_state( 3847): [14,RILJ:com.android.phone]
04-12 22:47:21.530 I/power_partial_wake_state( 3847): [14,RILJ:com.android.phone]
04-12 22:47:22.121 I/force_gc(17761): Binder
04-12 22:47:31.625 I/power_partial_wake_state( 3847): [14,RILJ:com.android.phone]
04-12 22:47:33.309 I/content_query_sample( 5628): contents_sample_state: [CONTACT contacts(0) data(0) accounts({}) accounts deleted({}) calls([]) countryIso(KR) userId(0)  ]
04-12 22:47:33.309 I/content_query_sample( 5628): contents_sample_state: [ agr({})  ]
04-12 22:47:33.309 I/content_query_sample( 5628): contents_sample_state: [ actCnt({android.process.acore(5628)=1})  ]
04-12 22:47:33.309 I/content_query_sample( 5628): contents_sample_state: [PROFILE contacts(0) data(0) accounts({})  ]
04-12 22:47:33.309 I/content_query_sample( 5628): contents_sample_state: [SAPROFILE contacts(1) data(1) accounts({vnd.sec.contact.phone (1)=1})  ]
04-12 22:47:41.721 I/power_partial_wake_state( 3847): [15,RILJ:com.android.phone]
04-12 22:47:51.813 I/power_partial_wake_state( 3847): [14,RILJ:com.android.phone]
04-12 22:47:59.919 I/power_partial_wake_state( 3847): [8,HTTPMetricsTransportWakeLock:com.amazon.sellermobile.android]
04-12 22:48:00.137 I/am_pss  ( 3847): [4722,10009,com.samsung.android.app.spage,14752768,10600448,385024]
04-12 22:48:00.183 I/am_pss  ( 3847): [4584,1000,com.ims.dm,10633216,6795264,420864]
04-12 22:48:00.201 I/power_partial_wake_state( 3847): [62,*alarm*:android]
04-12 22:48:00.228 I/am_pss  ( 3847): [4510,1000,com.trustonic.tuiservice,8614912,5431296,445440]
04-12 22:48:00.456 I/power_partial_wake_state( 3847): [303,AOD_OnTick:com.samsung.android.app.aodservice]
04-12 22:48:00.508 I/power_partial_wake_state( 3847): [324,AOD_Notification:com.samsung.android.app.aodservice]
04-12 22:48:00.888 I/power_partial_wake_state( 3847): [960,HTTPMetricsTransportWakeLock:com.amazon.sellermobile.android]
04-12 22:48:01.904 I/power_partial_wake_state( 3847): [14,RILJ:com.android.phone]
04-12 22:48:12.001 I/power_partial_wake_state( 3847): [14,RILJ:com.android.phone]
04-12 22:48:22.095 I/power_partial_wake_state( 3847): [14,RILJ:com.android.phone]
04-12 22:48:32.194 I/power_partial_wake_state( 3847): [14,RILJ:com.android.phone]
04-12 22:48:33.424 I/content_query_sample( 5628): contents_sample_state: [CONTACT contacts(0) data(0) accounts({}) accounts deleted({}) calls([]) countryIso(KR) userId(0)  ]
04-12 22:48:33.424 I/content_query_sample( 5628): contents_sample_state: [ agr({})  ]
04-12 22:48:33.424 I/content_query_sample( 5628): contents_sample_state: [ actCnt({android.process.acore(5628)=1})  ]
04-12 22:48:33.424 I/content_query_sample( 5628): contents_sample_state: [PROFILE contacts(0) data(0) accounts({})  ]
04-12 22:48:33.424 I/content_query_sample( 5628): contents_sample_state: [SAPROFILE contacts(1) data(1) accounts({vnd.sec.contact.phone (1)=1})  ]
04-12 22:48:39.808 I/notification_cancel( 3847): [10004,4250,com.android.systemui,2,low_battery,-1,0,1088,8,NULL]
04-12 22:48:39.810 I/notification_cancel( 3847): [10004,4250,com.android.systemui,3,low_battery,-1,0,1088,8,NULL]
04-12 22:48:42.245 I/power_partial_wake_state( 3847): [9,RILJ:com.android.phone]
04-12 22:48:52.324 I/power_partial_wake_state( 3847): [12,RILJ:com.android.phone]
04-12 22:48:57.000 I/power_partial_wake_state( 3847): [2,*alarm*:android]
04-12 22:48:58.176 I/am_pss  ( 3847): [3847,1000,system,206438400,166172672,33314816]
04-12 22:49:00.010 I/power_partial_wake_state( 3847): [2,MotionRecognitionSensorChecker:android]
04-12 22:49:00.151 I/am_pss  ( 3847): [4250,10004,com.android.systemui,264493056,127884288,128337920]
04-12 22:49:00.201 I/am_pss  ( 3847): [4975,10145,com.samsung.android.app.notes,60011520,34979840,3184640]
04-12 22:49:00.203 I/power_partial_wake_state( 3847): [48,*alarm*:android]
04-12 22:49:00.467 I/power_partial_wake_state( 3847): [301,AOD_OnTick:com.samsung.android.app.aodservice]
04-12 22:49:00.511 I/power_partial_wake_state( 3847): [318,AOD_Notification:com.samsung.android.app.aodservice]
04-12 22:49:02.418 I/power_partial_wake_state( 3847): [15,RILJ:com.android.phone]
04-12 22:49:03.946 I/power_partial_wake_state( 3847): [12,*alarm*:android]
04-12 22:49:03.968 I/c2dm    ( 1619): [0,,11,11]
04-12 22:49:03.970 I/power_partial_wake_state( 3847): [22,GCM_HB_ALARM:com.google.android.gms]
04-12 22:49:03.974 I/power_partial_wake_state( 3847): [32,GCM_WORK:com.google.android.gms]
04-12 22:49:04.030 I/power_partial_wake_state( 3847): [6,GCM_READ:com.google.android.gms]
04-12 22:49:04.056 I/gtalk_conn_close( 1619): [284,10201]
04-12 22:49:04.063 I/power_partial_wake_state( 3847): [35,GCM_WORK:com.google.android.gms]
04-12 22:49:04.173 I/am_proc_start( 3847): [0,9348,10030,com.google.android.gms,service,com.google.android.gms/.checkin.EventLogService]
04-12 22:49:04.177 I/power_partial_wake_state( 3847): [152,*gms_scheduler*:internal:com.google.android.gms]
04-12 22:49:04.231 I/am_proc_bound( 3847): [0,9348,com.google.android.gms]
04-12 22:49:04.258 I/power_partial_wake_state( 3847): [34,GCM_WORK:com.google.android.gms]
04-12 22:49:04.268 I/c2dm    ( 1619): [-2,,1,1]
04-12 22:49:04.269 I/power_partial_wake_state( 3847): [8,GCM_WORK:com.google.android.gms]
04-12 22:49:04.357 I/power_partial_wake_state( 3847): [3,GCM_READ:com.google.android.gms]
04-12 22:49:04.362 I/power_partial_wake_state( 3847): [2,GCM_READ:com.google.android.gms]
04-12 22:49:04.369 I/gtalk_heartbeat_reset( 1619): [66786,64.233.187.188:5228]
04-12 22:49:04.370 I/power_partial_wake_state( 3847): [316,GCM_CONN_ALARM:com.google.android.gms]
04-12 22:49:04.371 I/gtalk_connection( 1619): 0
04-12 22:49:04.389 I/power_partial_wake_state( 3847): [33,GCM_WORK:com.google.android.gms]
04-12 22:49:04.407 I/power_partial_wake_state( 3847): [15,*gms_scheduler*:internal:com.google.android.gms]
