04-12 23:33:16.584 I/am_proc_start( 3847): [0,10244,10071,com.sec.android.app.myfiles,broadcast,com.sec.android.app.myfiles/.receiver.NotificationReceiver]
04-12 23:33:16.591 I/power_partial_wake_state( 3847): [32,*job*/com.google.android.googlequicksearchbox/com.google.android.apps.gsa.tasks.BackgroundTasksJobService:android]
04-12 23:33:16.655 I/am_proc_bound( 3847): [0,10244,com.sec.android.app.myfiles]
04-12 23:33:16.667 I/power_partial_wake_state( 3847): [9,RILJ:com.android.phone]
04-12 23:33:16.904 I/am_kill ( 3847): [0,9529,com.android.vending,906,17,empty for 1800s]
04-12 23:33:16.958 I/power_partial_wake_state( 3847): [5,*alarm*:android]
04-12 23:33:16.963 I/am_proc_died( 3847): [0,9529,com.android.vending,906,17,602,2836]
04-12 23:33:17.035 I/power_partial_wake_state( 3847): [77,*gms_scheduler*:internal:com.google.android.gms]
04-12 23:33:17.066 I/am_proc_start( 3847): [0,10266,10055,com.android.vending,service,com.android.vending/com.google.android.finsky.contentfilterui.ContentFiltersService]
04-12 23:33:17.121 I/am_proc_bound( 3847): [0,10266,com.android.vending]
04-12 23:33:17.131 I/am_uid_active( 3847): 10055
04-12 23:33:17.951 I/force_gc( 1619): Binder
04-12 23:33:17.988 I/notification_cancel( 3847): [10055,10266,com.android.vending,-1050172287,NULL,0,0,1088,8,NULL]
04-12 23:33:18.537 I/power_partial_wake_state( 3847): [1533,*gms_scheduler*/com.google.android.gms/.instantapps.routing.DomainFilterUpdateService:com.google.android.gms]
04-12 23:33:18.561 I/power_partial_wake_state( 3847): [19,*gms_scheduler*:internal:com.google.android.gms]
04-12 23:33:18.715 I/power_partial_wake_state( 3847): [151,*gms_scheduler*:internal:com.google.android.gms]
04-12 23:33:26.723 I/power_partial_wake_state( 3847): [11,RILJ:com.android.phone]
04-12 23:33:27.821 I/notification_cancel( 3847): [1000,3847,android,37,AccountManagerService:37:1575116973,0,0,0,8,NULL]
04-12 23:33:30.423 I/power_partial_wake_state( 3847): [11773,*gms_scheduler*/com.google.android.gms/.phenotype.service.sync.PhenotypeConfigurator:com.google.android.gms]
04-12 23:33:30.469 I/power_partial_wake_state( 3847): [35,*gms_scheduler*:internal:com.google.android.gms]
04-12 23:33:30.494 I/power_partial_wake_state( 3847): [23,*gms_scheduler*:internal:com.google.android.gms]
04-12 23:33:30.844 I/power_partial_wake_state( 3847): [4,nearby:ENWearableDeviceManager:com.google.android.gms]
04-12 23:33:30.867 I/notification_cancel( 3847): [10030,1619,com.google.android.gms,56933,NULL,0,0,1088,8,NULL]
04-12 23:33:30.881 I/notification_cancel( 3847): [10030,1619,com.google.android.gms,56932,NULL,0,0,1088,8,NULL]
04-12 23:33:30.885 I/notification_cancel( 3847): [10030,1619,com.google.android.gms,56935,NULL,0,0,1088,8,NULL]
04-12 23:33:30.889 I/notification_cancel( 3847): [10030,1619,com.google.android.gms,115357,NULL,0,0,1088,8,NULL]
04-12 23:33:30.894 I/notification_cancel( 3847): [10030,1619,com.google.android.gms,115356,NULL,0,0,1088,8,NULL]
04-12 23:33:30.898 I/notification_cancel( 3847): [10030,1619,com.google.android.gms,115358,NULL,0,0,1088,8,NULL]
04-12 23:33:36.809 I/power_partial_wake_state( 3847): [13,RILJ:com.android.phone]
04-12 23:33:37.350 I/content_query_sample( 5628): contents_sample_state: [CONTACT contacts(0) data(0) accounts({}) accounts deleted({}) calls([]) countryIso(KR) userId(0)  ]
04-12 23:33:37.350 I/content_query_sample( 5628): contents_sample_state: [ agr({})  ]
04-12 23:33:37.350 I/content_query_sample( 5628): contents_sample_state: [ actCnt({android.process.acore(5628)=1})  ]
04-12 23:33:37.350 I/content_query_sample( 5628): contents_sample_state: [PROFILE contacts(0) data(0) accounts({})  ]
04-12 23:33:37.350 I/content_query_sample( 5628): contents_sample_state: [SAPROFILE contacts(1) data(1) accounts({vnd.sec.contact.phone (1)=1})  ]
04-12 23:33:38.149 I/am_pss  ( 3847): [2071,10092,com.google.android.googlequicksearchbox:search,178923520,162803712,411648]
04-12 23:33:41.571 I/power_partial_wake_state( 3847): [731,AOD_Notification:com.samsung.android.app.aodservice]
04-12 23:33:46.906 I/power_partial_wake_state( 3847): [14,RILJ:com.android.phone]
04-12 23:33:57.004 I/power_partial_wake_state( 3847): [14,RILJ:com.android.phone]
04-12 23:34:00.143 I/am_pss  ( 3847): [10266,10055,com.android.vending,77859840,56168448,445440]
04-12 23:34:00.188 I/am_pss  ( 3847): [10244,10071,com.sec.android.app.myfiles,18637824,14376960,412672]
04-12 23:34:00.200 I/power_partial_wake_state( 3847): [54,*alarm*:android]
04-12 23:34:00.250 I/am_pss  ( 3847): [4250,10004,com.android.systemui,258350080,122092544,127964160]
04-12 23:34:00.347 I/am_pss  ( 3847): [3847,1000,system,205670400,165353472,33222656]
04-12 23:34:00.460 I/power_partial_wake_state( 3847): [302,AOD_OnTick:com.samsung.android.app.aodservice]
04-12 23:34:00.504 I/power_partial_wake_state( 3847): [317,AOD_Notification:com.samsung.android.app.aodservice]
04-12 23:34:07.097 I/power_partial_wake_state( 3847): [15,RILJ:com.android.phone]
04-12 23:34:17.194 I/power_partial_wake_state( 3847): [13,RILJ:com.android.phone]
04-12 23:34:18.108 I/am_uid_idle( 3847): 10055
04-12 23:34:27.290 I/power_partial_wake_state( 3847): [13,RILJ:com.android.phone]
04-12 23:34:37.382 I/power_partial_wake_state( 3847): [15,RILJ:com.android.phone]
04-12 23:34:37.458 I/content_query_sample( 5628): contents_sample_state: [CONTACT contacts(0) data(0) accounts({}) accounts deleted({}) calls([]) countryIso(KR) userId(0)  ]
04-12 23:34:37.458 I/content_query_sample( 5628): contents_sample_state: [ agr({})  ]
04-12 23:34:37.458 I/content_query_sample( 5628): contents_sample_state: [ actCnt({android.process.acore(5628)=1})  ]
04-12 23:34:37.458 I/content_query_sample( 5628): contents_sample_state: [PROFILE contacts(0) data(0) accounts({})  ]
04-12 23:34:37.458 I/content_query_sample( 5628): contents_sample_state: [SAPROFILE contacts(1) data(1) accounts({vnd.sec.contact.phone (1)=1})  ]
04-12 23:34:47.480 I/power_partial_wake_state( 3847): [14,RILJ:com.android.phone]
04-12 23:34:57.572 I/power_partial_wake_state( 3847): [14,RILJ:com.android.phone]
04-12 23:35:00.133 I/am_pss  ( 3847): [9348,10030,com.google.android.gms,116592640,96792576,448512]
04-12 23:35:00.179 I/am_pss  ( 3847): [30726,10030,com.google.process.gapps,13651968,4976640,4666368]
04-12 23:35:00.186 I/power_partial_wake_state( 3847): [60,*alarm*:android]
04-12 23:35:00.225 I/am_pss  ( 3847): [9623,10055,com.android.vending:background,39076864,19009536,479232]
04-12 23:35:00.283 I/am_pss  ( 3847): [5231,10090,com.sec.android.app.launcher,102343680,61815808,37815296]
04-12 23:35:00.441 I/power_partial_wake_state( 3847): [302,AOD_OnTick:com.samsung.android.app.aodservice]
04-12 23:35:00.495 I/power_partial_wake_state( 3847): [318,AOD_Notification:com.samsung.android.app.aodservice]
04-12 23:35:07.664 I/power_partial_wake_state( 3847): [14,RILJ:com.android.phone]
04-12 23:35:17.760 I/power_partial_wake_state( 3847): [14,RILJ:com.android.phone]
04-12 23:35:27.857 I/power_partial_wake_state( 3847): [14,RILJ:com.android.phone]
04-12 23:35:37.501 I/content_query_sample( 5628): contents_sample_state: [CONTACT contacts(0) data(0) accounts({}) accounts deleted({}) calls([]) countryIso(KR) userId(0)  ]
04-12 23:35:37.501 I/content_query_sample( 5628): contents_sample_state: [ agr({})  ]
04-12 23:35:37.501 I/content_query_sample( 5628): contents_sample_state: [ actCnt({android.process.acore(5628)=1})  ]
04-12 23:35:37.501 I/content_query_sample( 5628): contents_sample_state: [PROFILE contacts(0) data(0) accounts({})  ]
04-12 23:35:37.501 I/content_query_sample( 5628): contents_sample_state: [SAPROFILE contacts(1) data(1) accounts({vnd.sec.contact.phone (1)=1})  ]
04-12 23:35:37.950 I/power_partial_wake_state( 3847): [14,RILJ:com.android.phone]
04-12 23:35:48.053 I/power_partial_wake_state( 3847): [15,RILJ:com.android.phone]
04-12 23:35:58.149 I/power_partial_wake_state( 3847): [14,RILJ:com.android.phone]
04-12 23:36:00.149 I/power_partial_wake_state( 3847): [43,*alarm*:android]
04-12 23:36:00.165 I/force_gc( 3847): Binder
04-12 23:36:00.171 I/am_pss  ( 3847): [13033,10057,com.sec.spp.push:RemoteDlcProcess,15454208,6205440,8158208]
04-12 23:36:00.223 I/am_pss  ( 3847): [17761,10092,com.google.android.googlequicksearchbox:interactor,65873920,45789184,14414848]
04-12 23:36:00.268 I/am_pss  ( 3847): [19655,10126,com.enhance.gameservice,19764224,6586368,11369472]
04-12 23:36:00.312 I/am_pss  ( 3847): [12628,10026,com.sec.android.app.samsungapps,25247744,7266304,15454208]
04-12 23:36:00.347 I/am_pss  ( 3847): [9708,5006,com.samsung.android.beaconmanager,9333760,1150976,7503872]
04-12 23:36:00.379 I/am_pss  ( 3847): [14453,10004,com.samsung.android.app.aodservice,83758080,64819200,11715584]
04-12 23:36:00.404 I/am_pss  ( 3847): [4764,1001,com.sec.phone,8415232,589824,7316480]
04-12 23:36:00.417 I/power_partial_wake_state( 3847): [301,AOD_OnTick:com.samsung.android.app.aodservice]
04-12 23:36:00.432 I/am_pss  ( 3847): [9016,1002,com.android.bluetooth,12847104,1335296,10710016]
04-12 23:36:00.459 I/power_partial_wake_state( 3847): [322,AOD_Notification:com.samsung.android.app.aodservice]
04-12 23:36:00.459 I/am_pss  ( 3847): [6718,10013,com.samsung.android.app.cocktailbarservice,28497920,11955200,15451136]
04-12 23:36:00.483 I/am_pss  ( 3847): [5135,10044,com.kt.serviceagent,8632320,327680,7713792]
04-12 23:36:00.507 I/am_pss  ( 3847): [5117,1000,com.sec.downloadablekeystore,8723456,282624,7922688]
04-12 23:36:00.530 I/am_pss  ( 3847): [5110,1000,com.skt.skaf.OA00412131,13749248,692224,10377216]
04-12 23:36:00.572 I/am_pss  ( 3847): [5092,10043,com.ktpns.pa,23208960,12455936,9084928]
04-12 23:36:00.597 I/am_pss  ( 3847): [5078,10014,com.samsung.android.providers.context,21411840,3321856,17036288]
04-12 23:36:00.625 I/am_pss  ( 3847): [4228,10165,com.sec.android.inputmethod,37379072,3178496,33446912]
04-12 23:36:00.656 I/am_pss  ( 3847): [4566,1001,com.android.phone,28724224,13721600,13040640]
04-12 23:36:00.685 I/am_pss  ( 3847): [4548,1000,com.sec.imsservice,27164672,6262784,20134912]
04-12 23:36:00.712 I/am_pss  ( 3847): [4542,1027,com.android.nfc,28065792,13848576,10721280]
04-12 23:36:00.737 I/am_pss  ( 3847): [4530,1000,com.sec.sve,9760768,303104,8946688]
04-12 23:36:00.763 I/am_pss  ( 3847): [4447,5013,com.sec.location.nsflp2,22297600,2822144,18581504]
04-12 23:36:00.803 I/am_pss  ( 3847): [4391,10004,com.android.systemui:InfinityWallpaper,63172608,51432448,10482688]
04-12 23:36:08.241 I/power_partial_wake_state( 3847): [14,RILJ:com.android.phone]
04-12 23:36:18.335 I/power_partial_wake_state( 3847): [14,RILJ:com.android.phone]
04-12 23:36:28.431 I/power_partial_wake_state( 3847): [15,RILJ:com.android.phone]
04-12 23:36:32.529 I/power_partial_wake_state( 3847): [4851,PKMService:android]
04-12 23:36:37.556 I/content_query_sample( 5628): contents_sample_state: [CONTACT contacts(0) data(0) accounts({}) accounts deleted({}) calls([]) countryIso(KR) userId(0)  ]
04-12 23:36:37.556 I/content_query_sample( 5628): contents_sample_state: [ agr({})  ]
04-12 23:36:37.556 I/content_query_sample( 5628): contents_sample_state: [ actCnt({android.process.acore(5628)=1})  ]
04-12 23:36:37.556 I/content_query_sample( 5628): contents_sample_state: [PROFILE contacts(0) data(0) accounts({})  ]
04-12 23:36:37.556 I/content_query_sample( 5628): contents_sample_state: [SAPROFILE contacts(1) data(1) accounts({vnd.sec.contact.phone (1)=1})  ]
04-12 23:36:38.520 I/power_partial_wake_state( 3847): [14,RILJ:com.android.phone]
04-12 23:36:48.607 I/power_partial_wake_state( 3847): [14,RILJ:com.android.phone]
04-12 23:36:58.701 I/power_partial_wake_state( 3847): [14,RILJ:com.android.phone]
04-12 23:37:00.178 I/power_partial_wake_state( 3847): [46,*alarm*:android]
04-12 23:37:00.445 I/power_partial_wake_state( 3847): [301,AOD_OnTick:com.samsung.android.app.aodservice]
04-12 23:37:00.487 I/power_partial_wake_state( 3847): [318,AOD_Notification:com.samsung.android.app.aodservice]
04-12 23:37:08.799 I/power_partial_wake_state( 3847): [15,RILJ:com.android.phone]
04-12 23:37:18.869 I/power_partial_wake_state( 3847): [9,RILJ:com.android.phone]
04-12 23:37:28.949 I/power_partial_wake_state( 3847): [12,RILJ:com.android.phone]
04-12 23:37:37.621 I/content_query_sample( 5628): contents_sample_state: [CONTACT contacts(0) data(0) accounts({}) accounts deleted({}) calls([]) countryIso(KR) userId(0)  ]
04-12 23:37:37.621 I/content_query_sample( 5628): contents_sample_state: [ agr({})  ]
04-12 23:37:37.621 I/content_query_sample( 5628): contents_sample_state: [ actCnt({android.process.acore(5628)=1})  ]
04-12 23:37:37.621 I/content_query_sample( 5628): contents_sample_state: [PROFILE contacts(0) data(0) accounts({})  ]
04-12 23:37:37.621 I/content_query_sample( 5628): contents_sample_state: [SAPROFILE contacts(1) data(1) accounts({vnd.sec.contact.phone (1)=1})  ]
04-12 23:37:39.040 I/power_partial_wake_state( 3847): [14,RILJ:com.android.phone]
04-12 23:37:49.129 I/chatty  ( 3847): uid=1000(system) Binder:3847_15 identical 1 line
04-12 23:37:59.225 I/power_partial_wake_state( 3847): [14,RILJ:com.android.phone]
04-12 23:38:00.131 I/am_pss  ( 3847): [4297,10041,com.kt.olleh.storefront,19266560,14741504,474112]
04-12 23:38:00.176 I/power_partial_wake_state( 3847): [42,*alarm*:android]
04-12 23:38:00.188 I/am_pss  ( 3847): [1335,10108,com.kt.android.showtouch,87544832,58777600,4900864]
04-12 23:38:00.445 I/power_partial_wake_state( 3847): [302,AOD_OnTick:com.samsung.android.app.aodservice]
04-12 23:38:00.485 I/power_partial_wake_state( 3847): [320,AOD_Notification:com.samsung.android.app.aodservice]
04-12 23:38:09.318 I/power_partial_wake_state( 3847): [14,RILJ:com.android.phone]
04-12 23:38:16.795 I/battery_status( 3847): [3,2,1,0,Li-ion]
04-12 23:38:16.823 I/power_partial_wake_state( 3847): [3,Wakeful StateMachine: GeofencerStateMachine:com.google.android.gms]
04-12 23:38:16.876 I/screen_toggled( 3847): 1
04-12 23:38:16.880 I/device_idle( 3847): [1,no activity]
04-12 23:38:16.880 I/power_screen_broadcast_send( 3847): 1
04-12 23:38:16.882 I/device_idle_light( 3847): [1,no activity]
04-12 23:38:16.898 I/sysui_view_visibility( 3847): [127,100]
04-12 23:38:16.898 I/sysui_multi_action( 3847): [757,127,758,1]
04-12 23:38:16.898 I/sysui_histogram( 3847): [note_load,14]
04-12 23:38:16.898 I/sysui_multi_action( 3847): [757,804,799,note_load,801,14,802,1]
04-12 23:38:16.898 I/notification_panel_revealed( 3847): 14
04-12 23:38:16.924 I/power_partial_wake_state( 3847): [35,RILJ:com.android.phone]
04-12 23:38:16.943 I/power_partial_wake_state( 3847): [88,NlpWakeLock:com.google.android.gms]
04-12 23:38:16.948 I/sysui_multi_action( 3847): [757,128,758,1,793,96034131,794,0,795,96034131,796,121315,798,0,806,com.sec.android.app.samsungapps,857,galaxy_apps_urgent_notifica-62ca306b,858,4,947,0]
04-12 23:38:16.948 I/sysui_histogram( 3847): [note_freshness,96034131]
04-12 23:38:16.948 I/sysui_multi_action( 3847): [757,804,799,note_freshness,801,96034131,802,1]
04-12 23:38:16.948 I/notification_visibility( 3847): [0|com.sec.android.app.samsungapps|121315|null|10026,1,96034131,96034131,0,0]
04-12 23:38:16.948 I/sysui_multi_action( 3847): [757,128,758,1,793,13316319,794,0,795,13316319,796,-1866520919,798,2,806,com.coinbase.android,857,NOTIFICATION_PRICE_ALERTS_CHANNEL,858,4,946,ranker_group,947,0]
04-12 23:38:16.948 I/sysui_histogram( 3847): [note_freshness,13316319]
04-12 23:38:16.948 I/sysui_multi_action( 3847): [757,804,799,note_freshness,801,13316319,802,1]
04-12 23:38:16.948 I/notification_visibility( 3847): [0|com.coinbase.android|-1866520919|null|10211,1,13316319,13316319,0,2]
04-12 23:38:16.948 I/sysui_multi_action( 3847): [757,128,758,1,793,13303846,794,0,795,13303846,796,65537,798,6,806,com.king.candycrushsaga,857,king-notification,858,3,947,0]
04-12 23:38:16.948 I/sysui_histogram( 3847): [note_freshness,13303846]
04-12 23:38:16.949 I/sysui_multi_action( 3847): [757,804,799,note_freshness,801,13303846,802,1]
04-12 23:38:16.949 I/notification_visibility( 3847): [0|com.king.candycrushsaga|65537|null|10203,1,13303846,13303846,0,6]
04-12 23:38:16.949 I/sysui_multi_action( 3847): [757,128,758,1,793,13316304,794,0,795,13316304,796,2147483647,797,ranker_group,798,1,806,com.coinbase.android,857,NOTIFICATION_PRICE_ALERTS_CHANNEL,858,4,946,ranker_group,947,1]
04-12 23:38:16.949 I/sysui_histogram( 3847): [note_freshness,13316304]
04-12 23:38:16.949 I/sysui_multi_action( 3847): [757,804,799,note_freshness,801,13316304,802,1]
04-12 23:38:16.949 I/notification_visibility( 3847): [0|com.coinbase.android|2147483647|ranker_group|10211|ranker_group,1,13316304,13316304,0,1]
04-12 23:38:16.949 I/sysui_multi_action( 3847): [757,128,758,1,793,13317157,794,0,795,13317157,796,2114990478,798,3,806,com.coinbase.android,857,NOTIFICATION_PRICE_ALERTS_CHANNEL,858,4,946,ranker_group,947,0]
04-12 23:38:16.949 I/sysui_histogram( 3847): [note_freshness,13317157]
04-12 23:38:16.949 I/sysui_multi_action( 3847): [757,804,799,note_freshness,801,13317157,802,1]
04-12 23:38:16.949 I/notification_visibility( 3847): [0|com.coinbase.android|2114990478|null|10211,1,13317157,13317157,0,3]
04-12 23:38:16.949 I/sysui_multi_action( 3847): [757,128,758,1,793,96064421,794,0,795,96064421,796,-213921521,798,4,806,com.coinbase.android,857,NOTIFICATION_PRICE_ALERTS_CHANNEL,858,4,946,ranker_group,947,0]
04-12 23:38:16.949 I/sysui_histogram( 3847): [note_freshness,96064421]
04-12 23:38:16.949 I/sysui_multi_action( 3847): [757,804,799,note_freshness,801,96064421,802,1]
04-12 23:38:16.949 I/notification_visibility( 3847): [0|com.coinbase.android|-213921521|null|10211,1,96064421,96064421,0,4]
04-12 23:38:17.353 I/notification_cancel( 3847): [10092,2071,com.google.android.googlequicksearchbox,2200,com.google.android.apps.gsa.staticplugins.opa.samson.activity.OpaAmbActivity.RestartActivity,0,0,1088,8,NULL]
04-12 23:38:17.354 I/notification_cancel( 3847): [10092,2071,com.google.android.googlequicksearchbox,327685,amb,0,0,1088,8,NULL]
04-12 23:38:17.360 I/power_partial_wake_state( 3847): [8,RILJ:com.android.phone]
04-12 23:38:17.429 I/power_partial_wake_state( 3847): [27,RILJ:com.android.phone]
04-12 23:38:17.436 I/device_idle( 3847): [0,screen]
04-12 23:38:17.436 I/device_idle_light( 3847): [0,screen]
04-12 23:38:17.437 I/device_idle_off_start( 3847): screen
04-12 23:38:17.442 I/sysui_multi_action( 3847): [757,198,758,1,759,0,793,613]
04-12 23:38:17.443 I/device_idle_off_complete( 3847): 
04-12 23:38:17.446 I/power_screen_state( 3847): [1,0,0,0,613]
04-12 23:38:17.449 I/power_partial_wake_state( 3847): [123,IntentOp:.common.broadcast.BackgroundBroadcastReceiverSupport$PersistentReceiverIntentOperation:com.google.android.gms]
04-12 23:38:17.454 I/sysui_view_visibility( 3847): [223,0]
04-12 23:38:17.454 I/sysui_multi_action( 3847): [757,223,758,2]
04-12 23:38:17.454 I/sysui_histogram( 3847): [dozing_minutes,2842]
04-12 23:38:17.455 I/sysui_multi_action( 3847): [757,804,799,dozing_minutes,801,2842,802,1]
04-12 23:38:17.485 I/am_proc_start( 3847): [0,10446,5009,com.samsung.android.scloud,broadcast,com.samsung.android.scloud/.cloudagent.detector.DetectorReceiver]
04-12 23:38:17.541 I/power_partial_wake_state( 3847): [1,RILJ:com.android.phone]
04-12 23:38:17.595 I/power_partial_wake_state( 3847): [172,NfcService:mRoutingWakeLock:com.android.nfc]
04-12 23:38:17.623 I/am_proc_bound( 3847): [0,10446,com.samsung.android.scloud]
04-12 23:38:17.739 I/power_partial_wake_state( 3847): [2,NfcService:mRoutingWakeLock:com.android.nfc]
04-12 23:38:17.787 I/power_partial_wake_state( 3847): [2,Wakeful StateMachine: GeofencerStateMachine:com.google.android.gms]
04-12 23:38:17.794 I/power_partial_wake_state( 3847): [6,NlpWakeLock:com.google.android.gms]
04-12 23:38:17.846 I/power_screen_broadcast_done( 3847): [1,966,1]
04-12 23:38:17.946 I/power_partial_wake_state( 3847): [6,RILJ:com.android.phone]
04-12 23:38:18.035 I/power_partial_wake_state( 3847): [177,SmartManager Framework Thread:android]
04-12 23:38:18.168 I/am_kill ( 3847): [0,4975,com.samsung.android.app.notes,906,17,empty for 11428s]
04-12 23:38:18.246 I/am_proc_died( 3847): [0,4975,com.samsung.android.app.notes,906,17,416,2939]
04-12 23:38:18.247 I/am_uid_stopped( 3847): 10145
04-12 23:38:18.483 I/am_uid_running( 3847): 5012
04-12 23:38:18.501 I/am_proc_start( 3847): [0,10507,5012,com.samsung.android.sm.devicesecurity,broadcast,com.samsung.android.sm.devicesecurity/.StatusReceiver]
04-12 23:38:18.532 I/am_proc_bound( 3847): [0,10507,com.samsung.android.sm.devicesecurity]
04-12 23:38:18.703 I/am_proc_start( 3847): [0,10528,1000,com.samsung.android.dqagent,broadcast,com.samsung.android.dqagent/.receiver.DQADataReceiver]
04-12 23:38:18.741 I/am_proc_bound( 3847): [0,10528,com.samsung.android.dqagent]
04-12 23:38:19.222 I/sysui_multi_action( 3847): [757,128,758,2,793,96036405,794,2274,795,96036405,796,121315,798,0,806,com.sec.android.app.samsungapps,857,galaxy_apps_urgent_notifica-62ca306b,858,4,947,0]
04-12 23:38:19.222 I/notification_visibility( 3847): [0|com.sec.android.app.samsungapps|121315|null|10026,0,96036405,96036405,0,0]
04-12 23:38:19.223 I/sysui_multi_action( 3847): [757,128,758,2,793,13318593,794,2274,795,13318593,796,-1866520919,798,2,806,com.coinbase.android,857,NOTIFICATION_PRICE_ALERTS_CHANNEL,858,4,946,ranker_group,947,0]
04-12 23:38:19.223 I/notification_visibility( 3847): [0|com.coinbase.android|-1866520919|null|10211,0,13318593,13318593,0,2]
04-12 23:38:19.223 I/sysui_multi_action( 3847): [757,128,758,2,793,13306121,794,2275,795,13306121,796,65537,798,6,806,com.king.candycrushsaga,857,king-notification,858,3,947,0]
04-12 23:38:19.223 I/notification_visibility( 3847): [0|com.king.candycrushsaga|65537|null|10203,0,13306121,13306121,0,6]
04-12 23:38:19.223 I/sysui_multi_action( 3847): [757,128,758,2,793,13318578,794,2274,795,13318578,796,2147483647,797,ranker_group,798,1,806,com.coinbase.android,857,NOTIFICATION_PRICE_ALERTS_CHANNEL,858,4,946,ranker_group,947,1]
04-12 23:38:19.223 I/notification_visibility( 3847): [0|com.coinbase.android|2147483647|ranker_group|10211|ranker_group,0,13318578,13318578,0,1]
04-12 23:38:19.223 I/sysui_multi_action( 3847): [757,128,758,2,793,13319431,794,2274,795,13319431,796,2114990478,798,3,806,com.coinbase.android,857,NOTIFICATION_PRICE_ALERTS_CHANNEL,858,4,946,ranker_group,947,0]
04-12 23:38:19.223 I/notification_visibility( 3847): [0|com.coinbase.android|2114990478|null|10211,0,13319431,13319431,0,3]
04-12 23:38:19.223 I/sysui_multi_action( 3847): [757,128,758,2,793,96066695,794,2274,795,96066695,796,-213921521,798,4,806,com.coinbase.android,857,NOTIFICATION_PRICE_ALERTS_CHANNEL,858,4,946,ranker_group,947,0]
04-12 23:38:19.223 I/notification_visibility( 3847): [0|com.coinbase.android|-213921521|null|10211,0,96066695,96066695,0,4]
04-12 23:38:19.224 I/sysui_view_visibility( 3847): [127,0]
04-12 23:38:19.224 I/sysui_multi_action( 3847): [757,127,758,2]
04-12 23:38:19.224 I/notification_panel_hidden( 3847): 
04-12 23:38:19.228 I/screen_toggled( 4250): 3
04-12 23:38:19.251 I/am_set_resumed_activity( 3847): [0,com.sec.android.app.launcher/.activities.LauncherActivity,resumeTopActivityInnerLocked]
04-12 23:38:19.256 I/am_resume_activity( 3847): [0,123749643,2,com.sec.android.app.launcher/.activities.LauncherActivity]
04-12 23:38:19.271 I/am_uid_running( 3847): 10028
04-12 23:38:19.289 I/am_proc_start( 3847): [0,10551,10028,com.samsung.android.game.gametools,service,com.samsung.android.game.gametools/.floatingui.service.external.GameToolsIntentService]
04-12 23:38:19.299 I/power_partial_wake_state( 3847): [6,lockout reset callback:android]
04-12 23:38:19.303 I/power_partial_wake_state( 3847): [6,lockoutResetCallback:com.android.systemui]
04-12 23:38:19.339 I/am_on_resume_called( 5231): [0,com.sec.android.app.launcher.activities.LauncherActivity,RESUME_ACTIVITY]
04-12 23:38:19.341 I/am_proc_bound( 3847): [0,10551,com.samsung.android.game.gametools]
04-12 23:38:19.396 I/power_partial_wake_state( 3847): [12,RILJ:com.android.phone]
04-12 23:38:19.501 I/sysui_multi_action( 4250): [757,196,758,2,759,0]
04-12 23:38:19.501 I/sysui_status_bar_state( 4250): [1,0,0,0,0,1]
04-12 23:38:19.507 I/sysui_view_visibility( 4250): [111,0]
04-12 23:38:19.507 I/sysui_multi_action( 4250): [757,111,758,2]
04-12 23:38:19.535 I/power_partial_wake_state( 3847): [7,NlpWakeLock:com.google.android.gms]
04-12 23:38:19.538 I/am_uid_running( 3847): 10153
04-12 23:38:19.566 I/am_proc_start( 3847): [0,10578,10153,com.samsung.android.sm.policy,content provider,com.samsung.android.sm.policy/com.samsung.android.scpm.db.ScpmProvider]
04-12 23:38:19.584 I/power_partial_wake_state( 3847): [48,NfcService:mRoutingWakeLock:com.android.nfc]
04-12 23:38:19.599 I/am_proc_start( 3847): [0,10593,1000,com.samsung.android.lool,broadcast,com.samsung.android.lool/com.samsung.android.sm.ui.battery.AppLockingUserReceiver]
04-12 23:38:19.622 I/am_proc_bound( 3847): [0,10578,com.samsung.android.sm.policy]
04-12 23:38:19.630 I/am_proc_bound( 3847): [0,10593,com.samsung.android.lool]
04-12 23:38:19.636 I/power_partial_wake_state( 3847): [59,IntentOp:.common.broadcast.BackgroundBroadcastReceiverSupport$PersistentReceiverIntentOperation:com.google.android.gms]
04-12 23:38:19.726 I/notification_cancel( 3847): [10028,10551,com.samsung.android.game.gametools,2131492873,NULL,0,0,1088,8,NULL]
04-12 23:38:19.726 I/notification_cancel( 3847): [10028,10551,com.samsung.android.game.gametools,2131492876,NULL,0,0,1088,8,NULL]
04-12 23:38:19.726 I/notification_cancel( 3847): [10028,10551,com.samsung.android.game.gametools,2131492869,NULL,0,0,1088,8,NULL]
04-12 23:38:19.726 I/notification_cancel( 3847): [10030,1619,com.google.android.gms,3,nearby_sharing,0,0,1088,8,NULL]
04-12 23:38:19.762 I/force_gc( 3847): Binder
04-12 23:38:19.878 I/am_uid_running( 3847): 5018
04-12 23:38:19.895 I/am_proc_start( 3847): [0,10634,5018,com.samsung.android.bixby.agent,broadcast,com.samsung.android.bixby.agent/com.samsung.phoebus.utils.KeyguardUtils$KeyguardStateReceiver]
04-12 23:38:19.910 I/am_proc_start( 3847): [0,10647,1000,com.samsung.android.sm.provider,content provider,com.samsung.android.lool/com.samsung.android.sm.database.SmProvider]
04-12 23:38:19.922 I/am_proc_bound( 3847): [0,10634,com.samsung.android.bixby.agent]
04-12 23:38:19.937 I/am_proc_bound( 3847): [0,10647,com.samsung.android.sm.provider]
04-12 23:38:19.942 I/am_meminfo( 3847): [2146320384,313970688,0,717897728,389072896]
04-12 23:38:19.965 I/am_pss  ( 3847): [13033,10057,com.sec.spp.push:RemoteDlcProcess,15419392,6610944,7851008]
04-12 23:38:19.998 I/am_pss  ( 3847): [9654,10235,org.videolan.vlc,74985472,50180096,21177344]
04-12 23:38:20.039 I/am_pss  ( 3847): [2664,10231,org.mozilla.firefox,109970432,56606720,51045376]
04-12 23:38:20.066 I/am_pss  ( 3847): [2830,10231,org.mozilla.firefox:gpu,21399552,917504,19032064]
04-12 23:38:20.089 I/am_pss  ( 3847): [2759,10231,org.mozilla.firefox:tab34,9566208,303104,8676352]
04-12 23:38:20.113 I/am_pss  ( 3847): [2052,1250,com.samsung.android.knox.containeragent,16629760,13918208,330752]
04-12 23:38:20.141 I/am_pss  ( 3847): [17761,10092,com.google.android.googlequicksearchbox:interactor,66114560,46829568,14316544]
04-12 23:38:20.178 I/am_pss  ( 3847): [1619,10030,com.google.android.gms.persistent,153066496,142798848,419840]
04-12 23:38:20.210 I/am_pss  ( 3847): [1335,10108,com.kt.android.showtouch,98609152,73293824,4898816]
04-12 23:38:20.232 I/am_pss  ( 3847): [2456,99216,com.android.chrome:sandboxed_process0,30917632,4661248,1792000]
04-12 23:38:20.263 I/am_pss  ( 3847): [10027,10213,com.etsy.android,82432000,62111744,424960]
04-12 23:38:20.285 I/am_uid_running( 3847): 10059
04-12 23:38:20.305 I/am_proc_start( 3847): [0,10680,10059,com.osp.app.signin,service,com.osp.app.signin/com.msc.sa.service.RequestService]
04-12 23:38:20.305 I/am_pss  ( 3847): [10020,10224,com.whatsapp,53232640,47538176,436224]
04-12 23:38:20.332 I/am_pss  ( 3847): [19655,10126,com.enhance.gameservice,19469312,6676480,11243520]
04-12 23:38:20.347 I/am_proc_bound( 3847): [0,10680,com.osp.app.signin]
04-12 23:38:20.367 I/am_pss  ( 3847): [9792,10220,com.amazon.sellermobile.android,80180224,69566464,405504]
04-12 23:38:20.390 I/am_pss  ( 3847): [9838,99221,com.android.chrome:sandboxed_process0,41613312,15425536,1605632]
04-12 23:38:20.418 I/am_pss  ( 3847): [4297,10041,com.kt.olleh.storefront,18384896,14770176,445440]
04-12 23:38:20.442 I/am_pss  ( 3847): [6896,5009,com.samsung.android.scloud:auth,10972160,6402048,326656]
04-12 23:38:20.471 I/am_pss  ( 3847): [12628,10026,com.sec.android.app.samsungapps,24656896,7266304,15429632]
04-12 23:38:20.496 I/am_pss  ( 3847): [4722,10009,com.samsung.android.app.spage,13748224,10604544,304128]
04-12 23:38:20.520 I/am_pss  ( 3847): [4584,1000,com.ims.dm,9628672,6762496,331776]
04-12 23:38:20.545 I/am_uid_running( 3847): 10162
04-12 23:38:20.564 I/am_proc_start( 3847): [0,10707,10162,com.samsung.android.mobileservice,service,com.samsung.android.mobileservice/com.msc.sa.service.RequestService]
04-12 23:38:20.565 I/am_pss  ( 3847): [4510,1000,com.trustonic.tuiservice,7778304,5431296,348160]
04-12 23:38:20.597 I/am_proc_start( 3847): [0,10718,1000,com.android.settings,broadcast,com.android.settings/.inappnotification.InAppNotificationReceiver]
04-12 23:38:20.605 I/am_pss  ( 3847): [5628,10007,android.process.acore,19474432,5976064,12674048]
04-12 23:38:20.617 I/am_proc_bound( 3847): [0,10707,com.samsung.android.mobileservice]
04-12 23:38:20.630 I/am_pss  ( 3847): [9708,5006,com.samsung.android.beaconmanager,9209856,1462272,7080960]
04-12 23:38:20.640 I/am_proc_bound( 3847): [0,10718,com.android.settings]
04-12 23:38:20.654 I/am_pss  ( 3847): [5534,10007,com.samsung.android.contacts,13065216,3342336,8885248]
04-12 23:38:20.678 I/am_pss  ( 3847): [4764,1001,com.sec.phone,8161280,589824,7168000]
04-12 23:38:20.705 I/am_pss  ( 3847): [9016,1002,com.android.bluetooth,16296960,6762496,8349696]
04-12 23:38:20.732 I/am_pss  ( 3847): [6718,10013,com.samsung.android.app.cocktailbarservice,30987264,15742976,13461504]
04-12 23:38:20.755 I/am_pss  ( 3847): [5135,10044,com.kt.serviceagent,8510464,327680,7686144]
04-12 23:38:20.778 I/am_pss  ( 3847): [5117,1000,com.sec.downloadablekeystore,8475648,282624,7782400]
04-12 23:38:20.801 I/am_pss  ( 3847): [5110,1000,com.skt.skaf.OA00412131,16111616,827392,12079104]
04-12 23:38:20.841 I/am_pss  ( 3847): [5092,10043,com.ktpns.pa,23260160,12926976,8965120]
04-12 23:38:20.865 I/am_pss  ( 3847): [5078,10014,com.samsung.android.providers.context,21434368,3948544,16674816]
04-12 23:38:20.891 I/am_pss  ( 3847): [4228,10165,com.sec.android.inputmethod,39005184,6328320,32013312]
04-12 23:38:20.921 I/am_pss  ( 3847): [4566,1001,com.android.phone,30840832,16318464,12863488]
04-12 23:38:20.948 I/am_pss  ( 3847): [4548,1000,com.sec.imsservice,32252928,12230656,19412992]
04-12 23:38:20.975 I/am_pss  ( 3847): [4542,1027,com.android.nfc,29414400,15757312,10247168]
04-12 23:38:20.999 I/am_pss  ( 3847): [4530,1000,com.sec.sve,9505792,303104,8800256]
04-12 23:38:21.009 I/power_partial_wake_state( 3847): [3005,AudioMix:audioserver]
04-12 23:38:21.024 I/am_pss  ( 3847): [4447,5013,com.sec.location.nsflp2,22069248,3055616,18298880]
04-12 23:38:21.050 I/am_pss  ( 3847): [4391,10004,com.android.systemui:InfinityWallpaper,64433152,52488192,10189824]
04-12 23:38:21.122 I/am_pss  ( 3847): [3847,1000,system,202015744,163465216,31804416]
04-12 23:38:21.188 I/notification_enqueue( 3847): [1000,10718,com.android.settings,2354,NULL,0,Notification(channel=DeviceMaintenanceNoBadge pri=0 contentView=null vibrate=null sound=null defaults=0x0 flags=0x110 color=0xff7ccbe2 actions=1 number=0 vis=PRIVATE semFlags=0x0 semPriority=0 semMissedCount=0),0,NULL]
04-12 23:38:21.197 I/sysui_multi_action( 3847): [757,199,758,1,759,1,793,15,794,0,795,15,796,2354,806,com.android.settings,857,DeviceMaintenanceNoBadge,858,3,947,0]
04-12 23:38:21.197 I/notification_alert( 3847): [0|com.android.settings|2354|null|1000,1,9,0]
04-12 23:38:21.241 I/power_partial_wake_state( 3847): [3042,AudioMix:audioserver]
04-12 23:38:22.221 I/battery_status( 3847): [2,2,1,2,Li-ion]
04-12 23:38:22.256 I/power_partial_wake_state( 3847): [15,Wakeful StateMachine: GeofencerStateMachine:com.google.android.gms]
04-12 23:38:22.308 I/notification_cancel( 3847): [10004,4250,com.android.systemui,2,low_battery,-1,0,1088,8,NULL]
04-12 23:38:22.308 I/notification_cancel( 3847): [10004,4250,com.android.systemui,3,low_battery,-1,0,1088,8,NULL]
04-12 23:38:22.311 I/power_partial_wake_state( 3847): [16,RILJ:com.android.phone]
04-12 23:38:22.312 I/notification_enqueue( 3847): [1000,3847,android,27,NULL,-1,Notification(channel=USB pri=0 contentView=null vibrate=null sound=null tick defaults=0x0 flags=0x2 color=0xff607d8b number=0 vis=PUBLIC semFlags=0x0 semPriority=0 semMissedCount=0),0,NULL]
04-12 23:38:22.375 I/power_partial_wake_state( 3847): [673,*vibrator*:android]
04-12 23:38:22.376 I/power_partial_wake_state( 3847): [118,NlpWakeLock:com.google.android.gms]
04-12 23:38:22.388 I/am_uid_running( 3847): 10067
04-12 23:38:22.388 I/power_partial_wake_state( 3847): [11,RILJ:com.android.phone]
04-12 23:38:22.438 I/am_proc_start( 3847): [0,10782,10067,com.samsung.android.themestore,service,com.samsung.android.themestore/.manager.autoSelfUpgradeService.AutoSelfUpgradeService]
04-12 23:38:22.466 I/am_uid_running( 3847): 10051
04-12 23:38:22.472 I/power_partial_wake_state( 3847): [97,IntentOp:.common.broadcast.BackgroundBroadcastReceiverSupport$PersistentReceiverIntentOperation:com.google.android.gms]
04-12 23:38:22.481 I/power_partial_wake_state( 3847): [7,RILJ:com.android.phone]
04-12 23:38:22.511 I/am_proc_start( 3847): [0,10799,10051,android.process.media,broadcast,com.android.providers.media/.MtpReceiver]
04-12 23:38:22.543 I/am_proc_bound( 3847): [0,10782,com.samsung.android.themestore]
04-12 23:38:22.598 I/power_partial_wake_state( 3847): [76,*job*/com.android.chrome/com.google/eM_ADDR:android:android]
04-12 23:38:22.607 I/power_partial_wake_state( 3847): [81,SyncLoopWakeLock:android]
04-12 23:38:22.626 I/am_proc_bound( 3847): [0,10799,android.process.media]
04-12 23:38:22.652 I/power_partial_wake_state( 3847): [275,SmartManager Framework Thread:android]
04-12 23:38:22.692 I/power_partial_wake_state( 3847): [219,*gms_scheduler*:internal:com.google.android.gms]
04-12 23:38:22.794 I/force_gc( 3847): Binder
04-12 23:38:22.889 I/am_uid_active( 3847): 10067
04-12 23:38:22.931 I/am_proc_start( 3847): [0,10845,1000,com.samsung.android.themecenter,service,com.samsung.android.themecenter/com.samsung.android.thememanager.ThemeManagerService]
04-12 23:38:22.937 I/power_partial_wake_state( 3847): [69,*job*/com.samsung.android.themestore/com.samsung.android.sdk.ppmt.PpmtDataJobService:android]
04-12 23:38:23.028 I/am_proc_start( 3847): [0,10866,1000,com.samsung.android.MtpApplication,broadcast,com.samsung.android.MtpApplication/.MtpReceiver]
04-12 23:38:23.048 I/am_proc_bound( 3847): [0,10845,com.samsung.android.themecenter]
04-12 23:38:23.060 I/notification_enqueue( 3847): [1000,3847,android,40,NULL,0,Notification(channel=FOREGROUND_SERVICE pri=0 contentView=null vibrate=null sound=null defaults=0x0 flags=0x2 color=0xff607d8b number=0 vis=PRIVATE semFlags=0x0 semPriority=0 semMissedCount=0),1,NULL]
04-12 23:38:23.061 I/sysui_count( 4250): [panel_open,1]
04-12 23:38:23.061 I/sysui_multi_action( 4250): [757,803,799,panel_open,802,1]
04-12 23:38:23.064 I/notification_enqueue( 3847): [10067,10782,com.samsung.android.themestore,19800801,NULL,0,Notification(channel=NOTIFICATION_CHANNEL_NOTICE pri=0 contentView=null vibrate=null sound=null defaults=0x0 flags=0x40 color=0x00000000 number=0 vis=PRIVATE semFlags=0x0 semPriority=0 semMissedCount=0),0,NULL]
04-12 23:38:23.079 I/am_proc_bound( 3847): [0,10866,com.samsung.android.MtpApplication]
04-12 23:38:23.084 I/sysui_view_visibility( 3847): [127,100]
04-12 23:38:23.084 I/sysui_multi_action( 3847): [757,127,758,1]
04-12 23:38:23.084 I/sysui_histogram( 3847): [note_load,16]
04-12 23:38:23.084 I/sysui_multi_action( 3847): [757,804,799,note_load,801,16,802,1]
04-12 23:38:23.084 I/notification_panel_revealed( 3847): 16
04-12 23:38:23.085 I/sysui_multi_action( 3847): [757,128,758,1,793,13322456,794,0,795,13322456,796,-1866520919,798,2,806,com.coinbase.android,857,NOTIFICATION_PRICE_ALERTS_CHANNEL,858,4,946,ranker_group,947,0]
04-12 23:38:23.085 I/sysui_histogram( 3847): [note_freshness,13322456]
04-12 23:38:23.085 I/sysui_multi_action( 3847): [757,804,799,note_freshness,801,13322456,802,1]
04-12 23:38:23.085 I/notification_visibility( 3847): [0|com.coinbase.android|-1866520919|null|10211,1,13322456,13322456,0,2]
04-12 23:38:23.181 I/am_proc_start( 3847): [0,10891,1000,com.samsung.android.SettingsReceiver,broadcast,com.samsung.android.SettingsReceiver/.SettingsIntentReceiver]
04-12 23:38:23.206 I/notification_cancel( 3847): [1000,10845,com.samsung.android.themecenter,2,NULL,0,0,0,8,NULL]
04-12 23:38:23.208 I/am_proc_bound( 3847): [0,10891,com.samsung.android.SettingsReceiver]
04-12 23:38:23.226 I/notification_cancel( 3847): [1000,3847,com.samsung.android.themestore,19800801,NULL,0,0,0,8,NULL]
04-12 23:38:23.228 I/sysui_multi_action( 3847): [757,128,758,5,759,8,793,168,794,0,795,168,796,19800801,806,com.samsung.android.themestore,857,NOTIFICATION_CHANNEL_NOTICE,858,2,947,0]
04-12 23:38:23.228 I/notification_canceled( 3847): [0|com.samsung.android.themestore|19800801|null|10067,8,168,168,0]
04-12 23:38:23.251 I/power_partial_wake_state( 3847): [385,*job*/com.samsung.android.themestore/.manager.autoSelfUpgradeService.AutoSelfUpgradeService:android]
04-12 23:38:23.305 I/am_proc_start( 3847): [0,10916,1000,com.wssnps,broadcast,com.wssnps/.smlNpsReceiver]
04-12 23:38:23.329 I/am_proc_bound( 3847): [0,10916,com.wssnps]
04-12 23:38:23.360 I/am_uid_running( 3847): 10196
04-12 23:38:23.371 I/am_proc_start( 3847): [0,10931,10196,com.sec.android.easyMover,broadcast,com.sec.android.easyMover/.Receiver$UsbStateReceiver]
04-12 23:38:23.395 I/am_proc_bound( 3847): [0,10931,com.sec.android.easyMover]
04-12 23:38:23.609 I/sysui_multi_action( 3847): [757,128,758,1,793,96040792,794,0,795,96040792,796,121315,798,0,806,com.sec.android.app.samsungapps,857,galaxy_apps_urgent_notifica-62ca306b,858,4,947,0]
04-12 23:38:23.609 I/sysui_histogram( 3847): [note_freshness,96040792]
04-12 23:38:23.609 I/sysui_multi_action( 3847): [757,804,799,note_freshness,801,96040792,802,1]
04-12 23:38:23.610 I/notification_visibility( 3847): [0|com.sec.android.app.samsungapps|121315|null|10026,1,96040792,96040792,0,0]
04-12 23:38:23.610 I/sysui_multi_action( 3847): [757,128,758,1,793,2428,794,0,795,2428,796,2354,798,6,806,com.android.settings,857,DeviceMaintenanceNoBadge,858,3,947,0]
04-12 23:38:23.610 I/sysui_histogram( 3847): [note_freshness,2428]
04-12 23:38:23.610 I/sysui_multi_action( 3847): [757,804,799,note_freshness,801,2428,802,1]
04-12 23:38:23.610 I/notification_visibility( 3847): [0|com.android.settings|2354|null|1000,1,2428,2428,0,6]
04-12 23:38:23.610 I/sysui_multi_action( 3847): [757,128,758,1,793,13310508,794,0,795,13310508,796,65537,798,7,806,com.king.candycrushsaga,857,king-notification,858,3,947,0]
04-12 23:38:23.610 I/sysui_histogram( 3847): [note_freshness,13310508]
04-12 23:38:23.610 I/sysui_multi_action( 3847): [757,804,799,note_freshness,801,13310508,802,1]
04-12 23:38:23.610 I/notification_visibility( 3847): [0|com.king.candycrushsaga|65537|null|10203,1,13310508,13310508,0,7]
04-12 23:38:23.610 I/sysui_multi_action( 3847): [757,128,758,1,793,96076680,794,0,795,96076680,796,0,797,campaign_collapse_key_1215443827607858925,798,11,806,com.gjg.colorfill3d,857,fcm_fallback_notification_channel,858,3,947,0]
04-12 23:38:23.610 I/sysui_histogram( 3847): [note_freshness,96076680]
04-12 23:38:23.610 I/sysui_multi_action( 3847): [757,804,799,note_freshness,801,96076680,802,1]
04-12 23:38:23.610 I/notification_visibility( 3847): [0|com.gjg.colorfill3d|0|campaign_collapse_key_1215443827607858925|10210,1,96076680,96076680,0,11]
04-12 23:38:23.610 I/sysui_multi_action( 3847): [757,128,758,1,793,13322965,794,0,795,13322965,796,2147483647,797,ranker_group,798,1,806,com.coinbase.android,857,NOTIFICATION_PRICE_ALERTS_CHANNEL,858,4,946,ranker_group,947,1]
04-12 23:38:23.610 I/sysui_histogram( 3847): [note_freshness,13322965]
04-12 23:38:23.610 I/sysui_multi_action( 3847): [757,804,799,note_freshness,801,13322965,802,1]
04-12 23:38:23.610 I/notification_visibility( 3847): [0|com.coinbase.android|2147483647|ranker_group|10211|ranker_group,1,13322965,13322965,0,1]
04-12 23:38:23.610 I/sysui_multi_action( 3847): [757,128,758,1,793,13323818,794,0,795,13323818,796,2114990478,798,3,806,com.coinbase.android,857,NOTIFICATION_PRICE_ALERTS_CHANNEL,858,4,946,ranker_group,947,0]
04-12 23:38:23.610 I/sysui_histogram( 3847): [note_freshness,13323818]
04-12 23:38:23.610 I/sysui_multi_action( 3847): [757,804,799,note_freshness,801,13323818,802,1]
04-12 23:38:23.610 I/notification_visibility( 3847): [0|com.coinbase.android|2114990478|null|10211,1,13323818,13323818,0,3]
04-12 23:38:23.610 I/sysui_multi_action( 3847): [757,128,758,1,793,96060945,794,0,795,96060945,796,0,797,FCM-Notification:84368402,798,10,806,com.dna.evolutionrunner,857,fcm_fallback_notification_channel,858,3,947,0]
04-12 23:38:23.610 I/sysui_histogram( 3847): [note_freshness,96060945]
04-12 23:38:23.610 I/sysui_multi_action( 3847): [757,804,799,note_freshness,801,96060945,802,1]
04-12 23:38:23.610 I/notification_visibility( 3847): [0|com.dna.evolutionrunner|0|FCM-Notification:84368402|10209,1,96060945,96060945,0,10]
04-12 23:38:23.610 I/sysui_multi_action( 3847): [757,128,758,1,793,96071082,794,0,795,96071082,796,-213921521,798,4,806,com.coinbase.android,857,NOTIFICATION_PRICE_ALERTS_CHANNEL,858,4,946,ranker_group,947,0]
04-12 23:38:23.610 I/sysui_histogram( 3847): [note_freshness,96071082]
04-12 23:38:23.610 I/sysui_multi_action( 3847): [757,804,799,note_freshness,801,96071082,802,1]
04-12 23:38:23.610 I/notification_visibility( 3847): [0|com.coinbase.android|-213921521|null|10211,1,96071082,96071082,0,4]
04-12 23:38:23.611 I/sysui_multi_action( 3847): [757,128,758,1,793,31492417,794,0,795,31492417,796,1,797,org.mozilla.fenix.default.browser.tag,798,9,806,org.mozilla.firefox,857,org.mozilla.fenix.default.b-9fd4f998,858,3,947,0]
04-12 23:38:23.611 I/sysui_histogram( 3847): [note_freshness,31492417]
04-12 23:38:23.611 I/sysui_multi_action( 3847): [757,804,799,note_freshness,801,31492417,802,1]
04-12 23:38:23.611 I/notification_visibility( 3847): [0|org.mozilla.firefox|1|org.mozilla.fenix.default.browser.tag|10231,1,31492417,31492417,0,9]
04-12 23:38:23.611 I/sysui_multi_action( 3847): [757,128,758,1,793,13330802,794,0,795,13330802,796,0,797,FCM-Notification:167098429,798,8,806,com.dna.evolutionrunner,857,fcm_fallback_notification_channel,858,3,947,0]
04-12 23:38:23.611 I/sysui_histogram( 3847): [note_freshness,13330802]
04-12 23:38:23.611 I/sysui_multi_action( 3847): [757,804,799,note_freshness,801,13330802,802,1]
04-12 23:38:23.611 I/notification_visibility( 3847): [0|com.dna.evolutionrunner|0|FCM-Notification:167098429|10209,1,13330802,13330802,0,8]
04-12 23:38:24.285 I/notification_enqueue( 3847): [10004,4250,com.android.systemui,2131362716,charging_state,-1,Notification(channel=GEN pri=-2 contentView=null vibrate=null sound=null defaults=0x0 flags=0xa color=0xff607d8b category=sys number=0 vis=PUBLIC semFlags=0x0 semPriority=0 semMissedCount=0),0,NULL]
04-12 23:38:24.305 I/am_proc_died( 3847): [0,10845,com.samsung.android.themecenter,0,11,97,2988]
04-12 23:38:25.346 I/power_partial_wake_state( 3847): [2964,AudioMix:audioserver]
04-12 23:38:25.347 I/power_partial_wake_state( 3847): [2959,AudioMix:audioserver]
04-12 23:38:26.100 I/sysui_multi_action( 3847): [757,128,758,2,793,96079170,794,2490,795,96079170,796,0,797,campaign_collapse_key_1215443827607858925,798,11,806,com.gjg.colorfill3d,857,fcm_fallback_notification_channel,858,3,947,0]
04-12 23:38:26.100 I/notification_visibility( 3847): [0|com.gjg.colorfill3d|0|campaign_collapse_key_1215443827607858925|10210,0,96079170,96079170,0,11]
04-12 23:38:26.232 I/notification_enqueue( 3847): [1000,3847,android,40,NULL,0,Notification(channel=FOREGROUND_SERVICE pri=0 contentView=null vibrate=null sound=null defaults=0x0 flags=0x2 color=0xff607d8b number=0 vis=PRIVATE semFlags=0x0 semPriority=0 semMissedCount=0),1,NULL]
04-12 23:38:26.482 I/notification_cancel_all( 3847): [10004,4250,NULL,0,0,0,3,NULL]
04-12 23:38:26.494 I/am_uid_active( 3847): 10055
04-12 23:38:26.497 I/sysui_histogram( 3847): [note_dismiss_longevity,221]
04-12 23:38:26.497 I/sysui_multi_action( 3847): [757,804,799,note_dismiss_longevity,801,221,802,1]
04-12 23:38:26.498 I/sysui_multi_action( 3847): [757,128,758,5,759,3,793,13283198,794,0,795,13283198,796,-234430262,806,com.android.vending,857,updates-available,858,2,947,0]
04-12 23:38:26.498 I/notification_canceled( 3847): [0|com.android.vending|-234430262|null|10055,3,13283198,13283198,0]
04-12 23:38:26.510 I/sysui_histogram( 3847): [note_dismiss_longevity,35]
04-12 23:38:26.510 I/sysui_multi_action( 3847): [757,804,799,note_dismiss_longevity,801,35,802,1]
04-12 23:38:26.510 I/sysui_multi_action( 3847): [757,128,758,5,759,3,793,2111411,794,0,795,2111411,796,0,797,1546474410::a:snotification:[0x394,wx.f,NOTIFICATION],806,com.google.android.googlequicksearchbox,857,27,858,2,946,1546474410::SUMMARY::wx,947,0]
04-12 23:38:26.511 I/notification_canceled( 3847): [0|com.google.android.googlequicksearchbox|0|1546474410::a:snotification:[0x394,wx.f,NOTIFICATION]|10092,3,2111411,2111411,0]
04-12 23:38:26.518 I/sysui_histogram( 3847): [note_dismiss_longevity,35]
04-12 23:38:26.518 I/sysui_multi_action( 3847): [757,804,799,note_dismiss_longevity,801,35,802,1]
04-12 23:38:26.519 I/sysui_multi_action( 3847): [757,128,758,5,759,3,793,2111455,794,0,795,2111455,796,0,797,1546474410::SUMMARY::wx,806,com.google.android.googlequicksearchbox,857,27,858,2,946,1546474410::SUMMARY::wx,947,1]
04-12 23:38:26.519 I/notification_canceled( 3847): [0|com.google.android.googlequicksearchbox|0|1546474410::SUMMARY::wx|10092,3,2111455,2111455,0]
04-12 23:38:26.529 I/sysui_histogram( 3847): [note_dismiss_longevity,1601]
04-12 23:38:26.529 I/sysui_multi_action( 3847): [757,804,799,note_dismiss_longevity,801,1601,802,1]
04-12 23:38:26.530 I/sysui_multi_action( 3847): [757,128,758,5,759,3,793,96079599,794,2919,795,96079599,796,0,797,campaign_collapse_key_1215443827607858925,806,com.gjg.colorfill3d,857,fcm_fallback_notification_channel,858,3,947,0]
04-12 23:38:26.530 I/notification_canceled( 3847): [0|com.gjg.colorfill3d|0|campaign_collapse_key_1215443827607858925|10210,3,96079599,96079599,2919]
04-12 23:38:26.542 I/sysui_histogram( 3847): [note_dismiss_longevity,1601]
04-12 23:38:26.543 I/sysui_multi_action( 3847): [757,804,799,note_dismiss_longevity,801,1601,802,1]
04-12 23:38:26.543 I/sysui_multi_action( 3847): [757,128,758,5,759,3,793,96063878,794,2933,795,96063878,796,0,797,FCM-Notification:84368402,806,com.dna.evolutionrunner,857,fcm_fallback_notification_channel,858,3,947,0]
04-12 23:38:26.543 I/notification_canceled( 3847): [0|com.dna.evolutionrunner|0|FCM-Notification:84368402|10209,3,96063878,96063878,2933]
04-12 23:38:26.545 I/sysui_histogram( 3847): [note_dismiss_longevity,524]
04-12 23:38:26.545 I/sysui_multi_action( 3847): [757,804,799,note_dismiss_longevity,801,524,802,1]
04-12 23:38:26.546 I/sysui_multi_action( 3847): [757,128,758,5,759,3,793,31495352,794,2935,795,31495352,796,1,797,org.mozilla.fenix.default.browser.tag,806,org.mozilla.firefox,857,org.mozilla.fenix.default.b-9fd4f998,858,3,947,0]
04-12 23:38:26.546 I/notification_canceled( 3847): [0|org.mozilla.firefox|1|org.mozilla.fenix.default.browser.tag|10231,3,31495352,31495352,2935]
04-12 23:38:26.548 I/sysui_histogram( 3847): [note_dismiss_longevity,222]
04-12 23:38:26.548 I/sysui_multi_action( 3847): [757,804,799,note_dismiss_longevity,801,222,802,1]
04-12 23:38:26.548 I/sysui_multi_action( 3847): [757,128,758,5,759,3,793,13333739,794,2937,795,13333739,796,0,797,FCM-Notification:167098429,806,com.dna.evolutionrunner,857,fcm_fallback_notification_channel,858,3,947,0]
04-12 23:38:26.548 I/notification_canceled( 3847): [0|com.dna.evolutionrunner|0|FCM-Notification:167098429|10209,3,13333739,13333739,2937]
04-12 23:38:26.550 I/sysui_histogram( 3847): [note_dismiss_longevity,221]
04-12 23:38:26.551 I/sysui_multi_action( 3847): [757,804,799,note_dismiss_longevity,801,221,802,1]
04-12 23:38:26.552 I/sysui_multi_action( 3847): [757,128,758,5,759,3,793,13313450,794,2942,795,13313450,796,65537,806,com.king.candycrushsaga,857,king-notification,858,3,947,0]
04-12 23:38:26.552 I/notification_canceled( 3847): [0|com.king.candycrushsaga|65537|null|10203,3,13313450,13313450,2942]
04-12 23:38:26.553 I/sysui_histogram( 3847): [note_dismiss_longevity,0]
04-12 23:38:26.554 I/sysui_multi_action( 3847): [757,804,799,note_dismiss_longevity,801,0,802,1]
04-12 23:38:26.554 I/sysui_multi_action( 3847): [757,128,758,5,759,3,793,5372,794,2944,795,5372,796,2354,806,com.android.settings,857,DeviceMaintenanceNoBadge,858,3,947,0]
04-12 23:38:26.554 I/notification_canceled( 3847): [0|com.android.settings|2354|null|1000,3,5372,5372,2944]
04-12 23:38:26.556 I/am_uid_running( 3847): 10211
04-12 23:38:26.584 I/am_proc_start( 3847): [0,10968,10211,com.coinbase.android,service,com.coinbase.android/app.notifee.core.ReceiverService]
04-12 23:38:26.585 I/sysui_histogram( 3847): [note_dismiss_longevity,1601]
04-12 23:38:26.586 I/sysui_multi_action( 3847): [757,804,799,note_dismiss_longevity,801,1601,802,1]
04-12 23:38:26.586 I/sysui_multi_action( 3847): [757,128,758,5,759,3,793,96074060,794,0,795,96074060,796,303251084,806,com.coinbase.android,857,NOTIFICATION_PRICE_ALERTS_CHANNEL,858,4,946,ranker_group,947,0]
04-12 23:38:26.586 I/notification_canceled( 3847): [0|com.coinbase.android|303251084|null|10211,3,96074060,96074060,0]
04-12 23:38:26.592 I/sysui_histogram( 3847): [note_dismiss_longevity,1601]
04-12 23:38:26.593 I/sysui_multi_action( 3847): [757,804,799,note_dismiss_longevity,801,1601,802,1]
