04-12 23:08:43.190 I/power_partial_wake_state( 3847): [14,RILJ:com.android.phone]
04-12 23:08:44.747 I/notification_cancel( 3847): [10004,4250,com.android.systemui,2,low_battery,-1,0,1088,8,NULL]
04-12 23:08:44.749 I/notification_cancel( 3847): [10004,4250,com.android.systemui,3,low_battery,-1,0,1088,8,NULL]
04-12 23:08:53.285 I/power_partial_wake_state( 3847): [15,RILJ:com.android.phone]
04-12 23:09:00.146 I/am_pss  ( 3847): [9348,10030,com.google.android.gms,109569024,101711872,464896]
04-12 23:09:00.197 I/am_pss  ( 3847): [4975,10145,com.samsung.android.app.notes,64525312,35086336,3184640]
04-12 23:09:00.212 I/power_partial_wake_state( 3847): [72,*alarm*:android]
04-12 23:09:00.454 I/power_partial_wake_state( 3847): [302,AOD_OnTick:com.samsung.android.app.aodservice]
04-12 23:09:00.517 I/power_partial_wake_state( 3847): [317,AOD_Notification:com.samsung.android.app.aodservice]
04-12 23:09:03.369 I/power_partial_wake_state( 3847): [14,RILJ:com.android.phone]
04-12 23:09:13.468 I/power_partial_wake_state( 3847): [15,RILJ:com.android.phone]
04-12 23:09:23.559 I/power_partial_wake_state( 3847): [15,RILJ:com.android.phone]
04-12 23:09:33.645 I/power_partial_wake_state( 3847): [14,RILJ:com.android.phone]
04-12 23:09:35.448 I/content_query_sample( 5628): contents_sample_state: [CONTACT contacts(0) data(0) accounts({}) accounts deleted({}) calls([]) countryIso(KR) userId(0)  ]
04-12 23:09:35.448 I/content_query_sample( 5628): contents_sample_state: [ agr({})  ]
04-12 23:09:35.448 I/content_query_sample( 5628): contents_sample_state: [ actCnt({android.process.acore(5628)=1})  ]
04-12 23:09:35.448 I/content_query_sample( 5628): contents_sample_state: [PROFILE contacts(0) data(0) accounts({})  ]
04-12 23:09:35.448 I/content_query_sample( 5628): contents_sample_state: [SAPROFILE contacts(1) data(1) accounts({vnd.sec.contact.phone (1)=1})  ]
04-12 23:09:43.742 I/power_partial_wake_state( 3847): [14,RILJ:com.android.phone]
04-12 23:09:53.836 I/power_partial_wake_state( 3847): [14,RILJ:com.android.phone]
04-12 23:10:00.191 I/power_partial_wake_state( 3847): [60,*alarm*:android]
04-12 23:10:00.445 I/power_partial_wake_state( 3847): [302,AOD_OnTick:com.samsung.android.app.aodservice]
04-12 23:10:00.492 I/power_partial_wake_state( 3847): [317,AOD_Notification:com.samsung.android.app.aodservice]
04-12 23:10:03.915 I/power_partial_wake_state( 3847): [14,RILJ:com.android.phone]
04-12 23:10:14.013 I/power_partial_wake_state( 3847): [14,RILJ:com.android.phone]
04-12 23:10:24.106 I/power_partial_wake_state( 3847): [15,RILJ:com.android.phone]
04-12 23:10:34.193 I/power_partial_wake_state( 3847): [14,RILJ:com.android.phone]
04-12 23:10:35.471 I/content_query_sample( 5628): contents_sample_state: [CONTACT contacts(0) data(0) accounts({}) accounts deleted({}) calls([]) countryIso(KR) userId(0)  ]
04-12 23:10:35.471 I/content_query_sample( 5628): contents_sample_state: [ agr({})  ]
04-12 23:10:35.471 I/content_query_sample( 5628): contents_sample_state: [ actCnt({android.process.acore(5628)=1})  ]
04-12 23:10:35.471 I/content_query_sample( 5628): contents_sample_state: [PROFILE contacts(0) data(0) accounts({})  ]
04-12 23:10:35.471 I/content_query_sample( 5628): contents_sample_state: [SAPROFILE contacts(1) data(1) accounts({vnd.sec.contact.phone (1)=1})  ]
04-12 23:10:44.290 I/power_partial_wake_state( 3847): [14,RILJ:com.android.phone]
04-12 23:10:54.388 I/power_partial_wake_state( 3847): [15,RILJ:com.android.phone]
04-12 23:11:00.213 I/power_partial_wake_state( 3847): [51,*alarm*:android]
04-12 23:11:00.476 I/power_partial_wake_state( 3847): [302,AOD_OnTick:com.samsung.android.app.aodservice]
04-12 23:11:00.519 I/power_partial_wake_state( 3847): [317,AOD_Notification:com.samsung.android.app.aodservice]
04-12 23:11:04.479 I/power_partial_wake_state( 3847): [14,RILJ:com.android.phone]
04-12 23:11:14.580 I/power_partial_wake_state( 3847): [14,RILJ:com.android.phone]
04-12 23:11:24.673 I/power_partial_wake_state( 3847): [14,RILJ:com.android.phone]
04-12 23:11:31.718 I/am_uid_running( 3847): 10220
04-12 23:11:31.718 I/netstats_mobile_sample( 3847): [0,0,0,0,0,0,0,0,0,0,0,0,1681308693029]
04-12 23:11:31.719 I/netstats_wifi_sample( 3847): [554982409,501947,53957994,252003,555674081,509826,50963888,260457,555206422,505761,50169296,251631,1681308693029]
04-12 23:11:31.745 I/am_proc_start( 3847): [0,9792,10220,com.amazon.sellermobile.android,service,com.amazon.sellermobile.android/com.amazon.mls.config.internal.sushi.uploader.BackupUploaderService]
04-12 23:11:31.749 I/power_partial_wake_state( 3847): [85,NetworkStats:android]
04-12 23:11:31.820 I/am_proc_bound( 3847): [0,9792,com.amazon.sellermobile.android]
04-12 23:11:31.837 I/power_partial_wake_state( 3847): [34,NlpWakeLock:com.google.android.gms]
04-12 23:11:31.859 I/power_partial_wake_state( 3847): [7,RILJ:com.android.phone]
04-12 23:11:31.882 I/power_partial_wake_state( 3847): [0,*alarm*:android]
04-12 23:11:31.980 I/power_partial_wake_state( 3847): [99,*gms_scheduler*:internal:com.google.android.gms]
04-12 23:11:31.999 I/power_partial_wake_state( 3847): [236,SmartManager Framework Thread:android]
04-12 23:11:32.058 I/power_partial_wake_state( 3847): [123,*gms_scheduler*/com.google.android.gms/.checkin.CheckinService:com.google.android.gms]
04-12 23:11:32.092 I/power_partial_wake_state( 3847): [32,*gms_scheduler*:internal:com.google.android.gms]
04-12 23:11:32.164 I/power_partial_wake_state( 3847): [71,*gms_scheduler*:internal:com.google.android.gms]
04-12 23:11:32.174 I/power_partial_wake_state( 3847): [21,*gms_scheduler*/com.google.android.gms/com.google.android.contextmanager.service.ContextManagerLogsUploadBoundService:com.google.android.gms]
04-12 23:11:32.183 I/am_uid_running( 3847): 99221
04-12 23:11:32.198 I/power_partial_wake_state( 3847): [26,CMWakeLock:com.google.android.gms]
04-12 23:11:32.203 I/power_partial_wake_state( 3847): [24,*gms_scheduler*:internal:com.google.android.gms]
04-12 23:11:32.207 I/am_proc_start( 3847): [0,9838,99221,com.android.chrome:sandboxed_process0,webview_service,com.amazon.sellermobile.android/org.chromium.content.app.SandboxedProcessService0]
04-12 23:11:32.253 I/power_partial_wake_state( 3847): [48,*gms_scheduler*:internal:com.google.android.gms]
04-12 23:11:32.282 I/am_proc_bound( 3847): [0,9838,com.android.chrome:sandboxed_process0]
04-12 23:11:32.379 I/power_partial_wake_state( 3847): [4703,PKMService:android]
04-12 23:11:32.663 I/power_partial_wake_state( 3847): [1,*job*/com.amazon.sellermobile.android/com.amazon.mls.config.internal.sushi.uploader.BackupUploaderService:android]
04-12 23:11:32.779 I/power_partial_wake_state( 3847): [60,*job*/com.amazon.sellermobile.android/com.amazon.mls.config.internal.sushi.uploader.BackupUploaderService:android]
04-12 23:11:32.794 I/notification_cancel( 3847): [10220,9792,com.amazon.sellermobile.android,10436,NULL,0,0,1088,8,NULL]
04-12 23:11:34.765 I/power_partial_wake_state( 3847): [13,RILJ:com.android.phone]
04-12 23:11:35.520 I/content_query_sample( 5628): contents_sample_state: [CONTACT contacts(0) data(0) accounts({}) accounts deleted({}) calls([]) countryIso(KR) userId(0)  ]
04-12 23:11:35.520 I/content_query_sample( 5628): contents_sample_state: [ agr({})  ]
04-12 23:11:35.520 I/content_query_sample( 5628): contents_sample_state: [ actCnt({android.process.acore(5628)=1})  ]
04-12 23:11:35.520 I/content_query_sample( 5628): contents_sample_state: [PROFILE contacts(0) data(0) accounts({})  ]
04-12 23:11:35.520 I/content_query_sample( 5628): contents_sample_state: [SAPROFILE contacts(1) data(1) accounts({vnd.sec.contact.phone (1)=1})  ]
04-12 23:11:44.861 I/power_partial_wake_state( 3847): [15,RILJ:com.android.phone]
04-12 23:11:54.955 I/power_partial_wake_state( 3847): [14,RILJ:com.android.phone]
04-12 23:12:00.192 I/power_partial_wake_state( 3847): [50,*alarm*:android]
04-12 23:12:00.454 I/power_partial_wake_state( 3847): [302,AOD_OnTick:com.samsung.android.app.aodservice]
04-12 23:12:00.518 I/power_partial_wake_state( 3847): [343,AOD_Notification:com.samsung.android.app.aodservice]
04-12 23:12:05.048 I/power_partial_wake_state( 3847): [14,RILJ:com.android.phone]
04-12 23:12:15.158 I/power_partial_wake_state( 3847): [15,RILJ:com.android.phone]
04-12 23:12:25.257 I/power_partial_wake_state( 3847): [14,RILJ:com.android.phone]
04-12 23:12:27.349 I/am_pss  ( 3847): [9792,10220,com.amazon.sellermobile.android,81231872,69017600,424960]
04-12 23:12:27.397 I/am_pss  ( 3847): [9838,99221,com.android.chrome:sandboxed_process0,37540864,15724544,1605632]
04-12 23:12:27.454 I/am_pss  ( 3847): [9348,10030,com.google.android.gms,118415360,110809088,444416]
04-12 23:12:27.498 I/am_pss  ( 3847): [30726,10030,com.google.process.gapps,13775872,4898816,4662272]
04-12 23:12:35.346 I/power_partial_wake_state( 3847): [15,RILJ:com.android.phone]
04-12 23:12:35.602 I/content_query_sample( 5628): contents_sample_state: [CONTACT contacts(0) data(0) accounts({}) accounts deleted({}) calls([]) countryIso(KR) userId(0)  ]
04-12 23:12:35.602 I/content_query_sample( 5628): contents_sample_state: [ agr({})  ]
04-12 23:12:35.602 I/content_query_sample( 5628): contents_sample_state: [ actCnt({android.process.acore(5628)=1})  ]
04-12 23:12:35.602 I/content_query_sample( 5628): contents_sample_state: [PROFILE contacts(0) data(0) accounts({})  ]
04-12 23:12:35.602 I/content_query_sample( 5628): contents_sample_state: [SAPROFILE contacts(1) data(1) accounts({vnd.sec.contact.phone (1)=1})  ]
04-12 23:12:45.444 I/power_partial_wake_state( 3847): [14,RILJ:com.android.phone]
04-12 23:12:45.726 I/notification_cancel( 3847): [10004,4250,com.android.systemui,2,low_battery,-1,0,1088,8,NULL]
04-12 23:12:45.731 I/notification_cancel( 3847): [10004,4250,com.android.systemui,3,low_battery,-1,0,1088,8,NULL]
04-12 23:12:55.538 I/power_partial_wake_state( 3847): [14,RILJ:com.android.phone]
04-12 23:13:00.117 I/am_pss  ( 3847): [6896,5009,com.samsung.android.scloud:auth,13798400,9052160,478208]
04-12 23:13:00.175 I/power_partial_wake_state( 3847): [48,*alarm*:android]
04-12 23:13:00.441 I/power_partial_wake_state( 3847): [302,AOD_OnTick:com.samsung.android.app.aodservice]
04-12 23:13:00.483 I/power_partial_wake_state( 3847): [319,AOD_Notification:com.samsung.android.app.aodservice]
04-12 23:13:05.629 I/power_partial_wake_state( 3847): [15,RILJ:com.android.phone]
04-12 23:13:15.720 I/power_partial_wake_state( 3847): [14,RILJ:com.android.phone]
04-12 23:13:15.822 I/notification_cancel( 3847): [10004,4250,com.android.systemui,2,low_battery,-1,0,1088,8,NULL]
04-12 23:13:15.825 I/notification_cancel( 3847): [10004,4250,com.android.systemui,3,low_battery,-1,0,1088,8,NULL]
04-12 23:13:25.814 I/power_partial_wake_state( 3847): [14,RILJ:com.android.phone]
04-12 23:13:35.718 I/content_query_sample( 5628): contents_sample_state: [CONTACT contacts(0) data(0) accounts({}) accounts deleted({}) calls([]) countryIso(KR) userId(0)  ]
04-12 23:13:35.718 I/content_query_sample( 5628): contents_sample_state: [ agr({})  ]
04-12 23:13:35.718 I/content_query_sample( 5628): contents_sample_state: [ actCnt({android.process.acore(5628)=1})  ]
04-12 23:13:35.718 I/content_query_sample( 5628): contents_sample_state: [PROFILE contacts(0) data(0) accounts({})  ]
04-12 23:13:35.718 I/content_query_sample( 5628): contents_sample_state: [SAPROFILE contacts(1) data(1) accounts({vnd.sec.contact.phone (1)=1})  ]
04-12 23:13:35.905 I/power_partial_wake_state( 3847): [14,RILJ:com.android.phone]
04-12 23:13:45.997 I/power_partial_wake_state( 3847): [14,RILJ:com.android.phone]
04-12 23:13:56.094 I/power_partial_wake_state( 3847): [15,RILJ:com.android.phone]
04-12 23:14:00.223 I/power_partial_wake_state( 3847): [61,*alarm*:android]
04-12 23:14:00.477 I/power_partial_wake_state( 3847): [302,AOD_OnTick:com.samsung.android.app.aodservice]
04-12 23:14:00.530 I/power_partial_wake_state( 3847): [318,AOD_Notification:com.samsung.android.app.aodservice]
04-12 23:14:06.181 I/power_partial_wake_state( 3847): [14,RILJ:com.android.phone]
04-12 23:14:16.277 I/power_partial_wake_state( 3847): [13,RILJ:com.android.phone]
04-12 23:14:26.379 I/power_partial_wake_state( 3847): [14,RILJ:com.android.phone]
04-12 23:14:35.747 I/content_query_sample( 5628): contents_sample_state: [CONTACT contacts(0) data(0) accounts({}) accounts deleted({}) calls([]) countryIso(KR) userId(0)  ]
04-12 23:14:35.747 I/content_query_sample( 5628): contents_sample_state: [ agr({})  ]
04-12 23:14:35.747 I/content_query_sample( 5628): contents_sample_state: [ actCnt({android.process.acore(5628)=1})  ]
04-12 23:14:35.747 I/content_query_sample( 5628): contents_sample_state: [PROFILE contacts(0) data(0) accounts({})  ]
04-12 23:14:35.747 I/content_query_sample( 5628): contents_sample_state: [SAPROFILE contacts(1) data(1) accounts({vnd.sec.contact.phone (1)=1})  ]
04-12 23:14:36.468 I/power_partial_wake_state( 3847): [14,RILJ:com.android.phone]
04-12 23:14:46.217 I/notification_cancel( 3847): [10004,4250,com.android.systemui,2,low_battery,-1,0,1088,8,NULL]
04-12 23:14:46.221 I/notification_cancel( 3847): [10004,4250,com.android.systemui,3,low_battery,-1,0,1088,8,NULL]
04-12 23:14:46.553 I/power_partial_wake_state( 3847): [14,RILJ:com.android.phone]
04-12 23:14:56.649 I/power_partial_wake_state( 3847): [13,RILJ:com.android.phone]
04-12 23:15:00.204 I/power_partial_wake_state( 3847): [53,*alarm*:android]
04-12 23:15:00.290 I/am_pss  ( 3847): [1619,10030,com.google.android.gms.persistent,150303744,128794624,417792]
04-12 23:15:00.466 I/power_partial_wake_state( 3847): [302,AOD_OnTick:com.samsung.android.app.aodservice]
04-12 23:15:00.542 I/power_partial_wake_state( 3847): [350,AOD_Notification:com.samsung.android.app.aodservice]
04-12 23:15:06.740 I/power_partial_wake_state( 3847): [14,RILJ:com.android.phone]
04-12 23:15:16.836 I/power_partial_wake_state( 3847): [14,RILJ:com.android.phone]
04-12 23:15:26.933 I/power_partial_wake_state( 3847): [14,RILJ:com.android.phone]
04-12 23:15:35.864 I/content_query_sample( 5628): contents_sample_state: [CONTACT contacts(0) data(0) accounts({}) accounts deleted({}) calls([]) countryIso(KR) userId(0)  ]
04-12 23:15:35.864 I/content_query_sample( 5628): contents_sample_state: [ agr({})  ]
04-12 23:15:35.864 I/content_query_sample( 5628): contents_sample_state: [ actCnt({android.process.acore(5628)=1})  ]
04-12 23:15:35.864 I/content_query_sample( 5628): contents_sample_state: [PROFILE contacts(0) data(0) accounts({})  ]
04-12 23:15:35.864 I/content_query_sample( 5628): contents_sample_state: [SAPROFILE contacts(1) data(1) accounts({vnd.sec.contact.phone (1)=1})  ]
04-12 23:15:37.024 I/power_partial_wake_state( 3847): [14,RILJ:com.android.phone]
04-12 23:15:46.459 I/notification_cancel( 3847): [10004,4250,com.android.systemui,2,low_battery,-1,0,1088,8,NULL]
04-12 23:15:46.463 I/notification_cancel( 3847): [10004,4250,com.android.systemui,3,low_battery,-1,0,1088,8,NULL]
04-12 23:15:47.110 I/power_partial_wake_state( 3847): [15,RILJ:com.android.phone]
04-12 23:15:57.209 I/power_partial_wake_state( 3847): [15,RILJ:com.android.phone]
04-12 23:16:00.208 I/power_partial_wake_state( 3847): [60,*alarm*:android]
04-12 23:16:00.464 I/power_partial_wake_state( 3847): [301,AOD_OnTick:com.samsung.android.app.aodservice]
04-12 23:16:00.510 I/power_partial_wake_state( 3847): [315,AOD_Notification:com.samsung.android.app.aodservice]
04-12 23:16:07.300 I/power_partial_wake_state( 3847): [14,RILJ:com.android.phone]
04-12 23:16:17.397 I/power_partial_wake_state( 3847): [14,RILJ:com.android.phone]
04-12 23:16:27.494 I/power_partial_wake_state( 3847): [14,RILJ:com.android.phone]
04-12 23:16:32.601 I/power_partial_wake_state( 3847): [4925,PKMService:android]
04-12 23:16:35.979 I/content_query_sample( 5628): contents_sample_state: [CONTACT contacts(0) data(0) accounts({}) accounts deleted({}) calls([]) countryIso(KR) userId(0)  ]
04-12 23:16:35.979 I/content_query_sample( 5628): contents_sample_state: [ agr({})  ]
04-12 23:16:35.979 I/content_query_sample( 5628): contents_sample_state: [ actCnt({android.process.acore(5628)=1})  ]
04-12 23:16:35.979 I/content_query_sample( 5628): contents_sample_state: [PROFILE contacts(0) data(0) accounts({})  ]
04-12 23:16:35.979 I/content_query_sample( 5628): contents_sample_state: [SAPROFILE contacts(1) data(1) accounts({vnd.sec.contact.phone (1)=1})  ]
04-12 23:16:37.586 I/power_partial_wake_state( 3847): [14,RILJ:com.android.phone]
04-12 23:16:47.677 I/power_partial_wake_state( 3847): [10,RILJ:com.android.phone]
04-12 23:16:57.754 I/power_partial_wake_state( 3847): [14,RILJ:com.android.phone]
04-12 23:17:00.153 I/am_pss  ( 3847): [2071,10092,com.google.android.googlequicksearchbox:search,180119552,164601856,408576]
04-12 23:17:00.183 I/power_partial_wake_state( 3847): [52,*alarm*:android]
04-12 23:17:00.445 I/power_partial_wake_state( 3847): [302,AOD_OnTick:com.samsung.android.app.aodservice]
04-12 23:17:00.491 I/power_partial_wake_state( 3847): [318,AOD_Notification:com.samsung.android.app.aodservice]
04-12 23:17:07.844 I/power_partial_wake_state( 3847): [14,RILJ:com.android.phone]
04-12 23:17:17.943 I/power_partial_wake_state( 3847): [16,RILJ:com.android.phone]
04-12 23:17:28.041 I/power_partial_wake_state( 3847): [13,RILJ:com.android.phone]
04-12 23:17:36.039 I/content_query_sample( 5628): contents_sample_state: [CONTACT contacts(0) data(0) accounts({}) accounts deleted({}) calls([]) countryIso(KR) userId(0)  ]
04-12 23:17:36.039 I/content_query_sample( 5628): contents_sample_state: [ agr({})  ]
04-12 23:17:36.039 I/content_query_sample( 5628): contents_sample_state: [ actCnt({android.process.acore(5628)=1})  ]
04-12 23:17:36.039 I/content_query_sample( 5628): contents_sample_state: [PROFILE contacts(0) data(0) accounts({})  ]
04-12 23:17:36.039 I/content_query_sample( 5628): contents_sample_state: [SAPROFILE contacts(1) data(1) accounts({vnd.sec.contact.phone (1)=1})  ]
04-12 23:17:38.134 I/power_partial_wake_state( 3847): [14,RILJ:com.android.phone]
04-12 23:17:45.808 I/power_partial_wake_state( 3847): [11,*alarm*:android]
04-12 23:17:46.907 I/notification_cancel( 3847): [10004,4250,com.android.systemui,2,low_battery,-1,0,1088,8,NULL]
04-12 23:17:46.910 I/notification_cancel( 3847): [10004,4250,com.android.systemui,3,low_battery,-1,0,1088,8,NULL]
04-12 23:17:48.219 I/power_partial_wake_state( 3847): [15,RILJ:com.android.phone]
04-12 23:17:58.317 I/power_partial_wake_state( 3847): [14,RILJ:com.android.phone]
04-12 23:18:00.130 I/am_pss  ( 3847): [4297,10041,com.kt.olleh.storefront,20640768,15859712,466944]
04-12 23:18:00.187 I/am_pss  ( 3847): [1335,10108,com.kt.android.showtouch,87391232,58613760,4900864]
04-12 23:18:00.212 I/power_partial_wake_state( 3847): [79,*alarm*:android]
04-12 23:18:00.445 I/power_partial_wake_state( 3847): [302,AOD_OnTick:com.samsung.android.app.aodservice]
04-12 23:18:00.518 I/power_partial_wake_state( 3847): [318,AOD_Notification:com.samsung.android.app.aodservice]
04-12 23:18:08.405 I/power_partial_wake_state( 3847): [13,RILJ:com.android.phone]
04-12 23:18:17.040 I/notification_cancel( 3847): [10004,4250,com.android.systemui,2,low_battery,-1,0,1088,8,NULL]
04-12 23:18:17.044 I/notification_cancel( 3847): [10004,4250,com.android.systemui,3,low_battery,-1,0,1088,8,NULL]
04-12 23:18:18.490 I/power_partial_wake_state( 3847): [14,RILJ:com.android.phone]
04-12 23:18:28.587 I/power_partial_wake_state( 3847): [14,RILJ:com.android.phone]
04-12 23:18:36.155 I/content_query_sample( 5628): contents_sample_state: [CONTACT contacts(0) data(0) accounts({}) accounts deleted({}) calls([]) countryIso(KR) userId(0)  ]
04-12 23:18:36.155 I/content_query_sample( 5628): contents_sample_state: [ agr({})  ]
04-12 23:18:36.155 I/content_query_sample( 5628): contents_sample_state: [ actCnt({android.process.acore(5628)=1})  ]
04-12 23:18:36.155 I/content_query_sample( 5628): contents_sample_state: [PROFILE contacts(0) data(0) accounts({})  ]
04-12 23:18:36.155 I/content_query_sample( 5628): contents_sample_state: [SAPROFILE contacts(1) data(1) accounts({vnd.sec.contact.phone (1)=1})  ]
04-12 23:18:38.678 I/power_partial_wake_state( 3847): [14,RILJ:com.android.phone]
04-12 23:18:48.766 I/power_partial_wake_state( 3847): [15,RILJ:com.android.phone]
04-12 23:18:58.872 I/power_partial_wake_state( 3847): [15,RILJ:com.android.phone]
04-12 23:19:00.199 I/power_partial_wake_state( 3847): [53,*alarm*:android]
04-12 23:19:00.241 I/am_pss  ( 3847): [3847,1000,system,196206592,155604992,33285120]
04-12 23:19:00.301 I/am_pss  ( 3847): [4250,10004,com.android.systemui,263682048,127167488,128056320]
04-12 23:19:00.462 I/power_partial_wake_state( 3847): [302,AOD_OnTick:com.samsung.android.app.aodservice]
04-12 23:19:00.526 I/power_partial_wake_state( 3847): [337,AOD_Notification:com.samsung.android.app.aodservice]
04-12 23:19:08.959 I/power_partial_wake_state( 3847): [14,RILJ:com.android.phone]
04-12 23:19:19.042 I/power_partial_wake_state( 3847): [14,RILJ:com.android.phone]
04-12 23:19:29.140 I/power_partial_wake_state( 3847): [14,RILJ:com.android.phone]
04-12 23:19:36.225 I/content_query_sample( 5628): contents_sample_state: [CONTACT contacts(0) data(0) accounts({}) accounts deleted({}) calls([]) countryIso(KR) userId(0)  ]
04-12 23:19:36.225 I/content_query_sample( 5628): contents_sample_state: [ agr({})  ]
04-12 23:19:36.225 I/content_query_sample( 5628): contents_sample_state: [ actCnt({android.process.acore(5628)=1})  ]
04-12 23:19:36.225 I/content_query_sample( 5628): contents_sample_state: [PROFILE contacts(0) data(0) accounts({})  ]
04-12 23:19:36.225 I/content_query_sample( 5628): contents_sample_state: [SAPROFILE contacts(1) data(1) accounts({vnd.sec.contact.phone (1)=1})  ]
04-12 23:19:39.232 I/power_partial_wake_state( 3847): [14,RILJ:com.android.phone]
04-12 23:19:49.318 I/power_partial_wake_state( 3847): [14,RILJ:com.android.phone]
04-12 23:19:57.405 I/power_partial_wake_state( 3847): [8,HTTPMetricsTransportWakeLock:com.amazon.sellermobile.android]
04-12 23:19:58.324 I/power_partial_wake_state( 3847): [910,HTTPMetricsTransportWakeLock:com.amazon.sellermobile.android]
04-12 23:19:59.421 I/power_partial_wake_state( 3847): [14,RILJ:com.android.phone]
04-12 23:20:00.206 I/power_partial_wake_state( 3847): [63,*alarm*:android]
04-12 23:20:00.293 I/am_pss  ( 3847): [5231,10090,com.sec.android.app.launcher,117259264,74382336,40114176]
04-12 23:20:00.337 I/am_pss  ( 3847): [2456,99216,com.android.chrome:sandboxed_process0,26700800,4661248,1792000]
04-12 23:20:00.459 I/power_partial_wake_state( 3847): [302,AOD_OnTick:com.samsung.android.app.aodservice]
04-12 23:20:00.515 I/power_partial_wake_state( 3847): [319,AOD_Notification:com.samsung.android.app.aodservice]
04-12 23:20:09.514 I/power_partial_wake_state( 3847): [15,RILJ:com.android.phone]
04-12 23:20:19.600 I/power_partial_wake_state( 3847): [14,RILJ:com.android.phone]
04-12 23:20:29.694 I/power_partial_wake_state( 3847): [14,RILJ:com.android.phone]
04-12 23:20:36.341 I/content_query_sample( 5628): contents_sample_state: [CONTACT contacts(0) data(0) accounts({}) accounts deleted({}) calls([]) countryIso(KR) userId(0)  ]
04-12 23:20:36.341 I/content_query_sample( 5628): contents_sample_state: [ agr({})  ]
04-12 23:20:36.341 I/content_query_sample( 5628): contents_sample_state: [ actCnt({android.process.acore(5628)=1})  ]
04-12 23:20:36.341 I/content_query_sample( 5628): contents_sample_state: [PROFILE contacts(0) data(0) accounts({})  ]
04-12 23:20:36.341 I/content_query_sample( 5628): contents_sample_state: [SAPROFILE contacts(1) data(1) accounts({vnd.sec.contact.phone (1)=1})  ]
04-12 23:20:39.787 I/power_partial_wake_state( 3847): [14,RILJ:com.android.phone]
04-12 23:20:49.877 I/power_partial_wake_state( 3847): [14,RILJ:com.android.phone]
04-12 23:20:54.320 I/power_partial_wake_state( 3847): [24,CMWakeLock:com.google.android.gms]
04-12 23:20:59.976 I/power_partial_wake_state( 3847): [14,RILJ:com.android.phone]
04-12 23:21:00.094 I/power_partial_wake_state( 3847): [13,*alarm*:android]
04-12 23:21:00.149 I/am_pss  ( 3847): [13033,10057,com.sec.spp.push:RemoteDlcProcess,15491072,6205440,8152064]
04-12 23:21:00.198 I/am_pss  ( 3847): [19655,10126,com.enhance.gameservice,19889152,6586368,11387904]
04-12 23:21:00.249 I/am_pss  ( 3847): [17761,10092,com.google.android.googlequicksearchbox:interactor,66181120,45776896,14414848]
04-12 23:21:00.294 I/am_pss  ( 3847): [12628,10026,com.sec.android.app.samsungapps,25366528,7266304,15451136]
04-12 23:21:00.325 I/power_partial_wake_state( 3847): [302,AOD_OnTick:com.samsung.android.app.aodservice]
04-12 23:21:00.331 I/am_pss  ( 3847): [9708,5006,com.samsung.android.beaconmanager,9376768,1150976,7523328]
04-12 23:21:00.368 I/am_pss  ( 3847): [14453,10004,com.samsung.android.app.aodservice,76865536,57745408,11735040]
04-12 23:21:00.395 I/am_pss  ( 3847): [4764,1001,com.sec.phone,8448000,589824,7334912]
04-12 23:21:00.414 I/power_partial_wake_state( 3847): [347,AOD_Notification:com.samsung.android.app.aodservice]
04-12 23:21:00.423 I/am_pss  ( 3847): [9016,1002,com.android.bluetooth,12826624,1269760,10725376]
04-12 23:21:00.451 I/am_pss  ( 3847): [6718,10013,com.samsung.android.app.cocktailbarservice,28443648,11832320,15479808]
04-12 23:21:00.475 I/am_pss  ( 3847): [5135,10044,com.kt.serviceagent,8641536,327680,7708672]
04-12 23:21:00.499 I/am_pss  ( 3847): [5117,1000,com.sec.downloadablekeystore,8752128,282624,7937024]
04-12 23:21:00.523 I/am_pss  ( 3847): [5110,1000,com.skt.skaf.OA00412131,13749248,692224,10377216]
04-12 23:21:00.564 I/am_pss  ( 3847): [5092,10043,com.ktpns.pa,22488064,11636736,9102336]
04-12 23:21:00.589 I/am_pss  ( 3847): [5078,10014,com.samsung.android.providers.context,21476352,3334144,17050624]
04-12 23:21:00.617 I/am_pss  ( 3847): [4228,10165,com.sec.android.inputmethod,37330944,3080192,33475584]
04-12 23:21:00.649 I/am_pss  ( 3847): [4566,1001,com.android.phone,33050624,17985536,13059072]
04-12 23:21:00.676 I/am_pss  ( 3847): [4548,1000,com.sec.imsservice,27205632,6262784,20151296]
04-12 23:21:00.703 I/am_pss  ( 3847): [4542,1027,com.android.nfc,28101632,13824000,10738688]
04-12 23:21:00.728 I/am_pss  ( 3847): [4530,1000,com.sec.sve,9792512,303104,8965120]
04-12 23:21:00.755 I/am_pss  ( 3847): [4447,5013,com.sec.location.nsflp2,22339584,2822144,18595840]
04-12 23:21:00.782 I/am_pss  ( 3847): [4391,10004,com.android.systemui:InfinityWallpaper,63155200,51365888,10504192]
04-12 23:21:10.073 I/power_partial_wake_state( 3847): [14,RILJ:com.android.phone]
04-12 23:21:20.160 I/power_partial_wake_state( 3847): [14,RILJ:com.android.phone]
04-12 23:21:30.261 I/power_partial_wake_state( 3847): [15,RILJ:com.android.phone]
04-12 23:21:32.556 I/power_partial_wake_state( 3847): [4879,PKMService:android]
04-12 23:21:36.392 I/content_query_sample( 5628): contents_sample_state: [CONTACT contacts(0) data(0) accounts({}) accounts deleted({}) calls([]) countryIso(KR) userId(0)  ]
04-12 23:21:36.392 I/content_query_sample( 5628): contents_sample_state: [ agr({})  ]
04-12 23:21:36.392 I/content_query_sample( 5628): contents_sample_state: [ actCnt({android.process.acore(5628)=1})  ]
04-12 23:21:36.392 I/content_query_sample( 5628): contents_sample_state: [PROFILE contacts(0) data(0) accounts({})  ]
04-12 23:21:36.392 I/content_query_sample( 5628): contents_sample_state: [SAPROFILE contacts(1) data(1) accounts({vnd.sec.contact.phone (1)=1})  ]
04-12 23:21:40.358 I/power_partial_wake_state( 3847): [14,RILJ:com.android.phone]
04-12 23:21:50.450 I/power_partial_wake_state( 3847): [14,RILJ:com.android.phone]
04-12 23:22:00.199 I/power_partial_wake_state( 3847): [55,*alarm*:android]
04-12 23:22:00.460 I/power_partial_wake_state( 3847): [303,AOD_OnTick:com.samsung.android.app.aodservice]
04-12 23:22:00.505 I/power_partial_wake_state( 3847): [317,AOD_Notification:com.samsung.android.app.aodservice]
04-12 23:22:00.539 I/power_partial_wake_state( 3847): [13,RILJ:com.android.phone]
04-12 23:22:10.624 I/power_partial_wake_state( 3847): [13,RILJ:com.android.phone]
04-12 23:22:20.709 I/power_partial_wake_state( 3847): [15,RILJ:com.android.phone]
04-12 23:22:27.350 I/am_pss  ( 3847): [9654,10235,org.videolan.vlc,72962048,47169536,21650432]
04-12 23:22:27.412 I/am_pss  ( 3847): [2830,10231,org.mozilla.firefox:gpu,21498880,917504,19024896]
04-12 23:22:27.459 I/am_pss  ( 3847): [5534,10007,com.samsung.android.contacts,13285376,3342336,8907776]
04-12 23:22:30.808 I/power_partial_wake_state( 3847): [14,RILJ:com.android.phone]
04-12 23:22:36.038 I/power_partial_wake_state( 3847): [9,GCM_READ:com.google.android.gms]
04-12 23:22:36.088 I/c2dm    ( 1619): [-1,,4,3]
04-12 23:22:36.089 I/power_partial_wake_state( 3847): [56,GCM_WORK:com.google.android.gms]
04-12 23:22:36.458 I/content_query_sample( 5628): contents_sample_state: [CONTACT contacts(0) data(0) accounts({}) accounts deleted({}) calls([]) countryIso(KR) userId(0)  ]
04-12 23:22:36.458 I/content_query_sample( 5628): contents_sample_state: [ agr({})  ]
04-12 23:22:36.458 I/content_query_sample( 5628): contents_sample_state: [ actCnt({android.process.acore(5628)=1})  ]
04-12 23:22:36.458 I/content_query_sample( 5628): contents_sample_state: [PROFILE contacts(0) data(0) accounts({})  ]
04-12 23:22:36.458 I/content_query_sample( 5628): contents_sample_state: [SAPROFILE contacts(1) data(1) accounts({vnd.sec.contact.phone (1)=1})  ]
04-12 23:22:40.894 I/power_partial_wake_state( 3847): [15,RILJ:com.android.phone]
04-12 23:22:50.984 I/power_partial_wake_state( 3847): [13,RILJ:com.android.phone]
04-12 23:23:00.219 I/power_partial_wake_state( 3847): [73,*alarm*:android]
04-12 23:23:00.469 I/power_partial_wake_state( 3847): [302,AOD_OnTick:com.samsung.android.app.aodservice]
04-12 23:23:00.517 I/power_partial_wake_state( 3847): [318,AOD_Notification:com.samsung.android.app.aodservice]
04-12 23:23:01.072 I/power_partial_wake_state( 3847): [14,RILJ:com.android.phone]
04-12 23:23:11.164 I/power_partial_wake_state( 3847): [14,RILJ:com.android.phone]
04-12 23:23:21.255 I/power_partial_wake_state( 3847): [14,RILJ:com.android.phone]
04-12 23:23:31.345 I/power_partial_wake_state( 3847): [15,RILJ:com.android.phone]
04-12 23:23:36.507 I/content_query_sample( 5628): contents_sample_state: [CONTACT contacts(0) data(0) accounts({}) accounts deleted({}) calls([]) countryIso(KR) userId(0)  ]
04-12 23:23:36.507 I/content_query_sample( 5628): contents_sample_state: [ agr({})  ]
04-12 23:23:36.507 I/content_query_sample( 5628): contents_sample_state: [ actCnt({android.process.acore(5628)=1})  ]
04-12 23:23:36.507 I/content_query_sample( 5628): contents_sample_state: [PROFILE contacts(0) data(0) accounts({})  ]
04-12 23:23:36.507 I/content_query_sample( 5628): contents_sample_state: [SAPROFILE contacts(1) data(1) accounts({vnd.sec.contact.phone (1)=1})  ]
04-12 23:23:41.437 I/power_partial_wake_state( 3847): [14,RILJ:com.android.phone]
04-12 23:23:51.527 I/power_partial_wake_state( 3847): [15,RILJ:com.android.phone]
04-12 23:24:00.020 I/am_kill ( 3847): [0,9422,com.google.android.partnersetup,906,17,empty for 1856s]
04-12 23:24:00.086 I/am_proc_died( 3847): [0,9422,com.google.android.partnersetup,906,17,590,2836]
04-12 23:24:00.086 I/am_uid_stopped( 3847): 10036
04-12 23:24:00.208 I/power_partial_wake_state( 3847): [62,*alarm*:android]
04-12 23:24:00.464 I/power_partial_wake_state( 3847): [303,AOD_OnTick:com.samsung.android.app.aodservice]
04-12 23:24:00.516 I/power_partial_wake_state( 3847): [318,AOD_Notification:com.samsung.android.app.aodservice]
04-12 23:24:01.612 I/power_partial_wake_state( 3847): [15,RILJ:com.android.phone]
04-12 23:24:11.719 I/power_partial_wake_state( 3847): [14,RILJ:com.android.phone]
04-12 23:24:21.805 I/power_partial_wake_state( 3847): [15,RILJ:com.android.phone]
04-12 23:24:31.904 I/power_partial_wake_state( 3847): [14,RILJ:com.android.phone]
04-12 23:24:36.622 I/content_query_sample( 5628): contents_sample_state: [CONTACT contacts(0) data(0) accounts({}) accounts deleted({}) calls([]) countryIso(KR) userId(0)  ]
04-12 23:24:36.622 I/content_query_sample( 5628): contents_sample_state: [ agr({})  ]
04-12 23:24:36.622 I/content_query_sample( 5628): contents_sample_state: [ actCnt({android.process.acore(5628)=1})  ]
04-12 23:24:36.622 I/content_query_sample( 5628): contents_sample_state: [PROFILE contacts(0) data(0) accounts({})  ]
04-12 23:24:36.622 I/content_query_sample( 5628): contents_sample_state: [SAPROFILE contacts(1) data(1) accounts({vnd.sec.contact.phone (1)=1})  ]
04-12 23:24:42.001 I/power_partial_wake_state( 3847): [15,RILJ:com.android.phone]
04-12 23:24:52.093 I/power_partial_wake_state( 3847): [14,RILJ:com.android.phone]
04-12 23:25:00.217 I/power_partial_wake_state( 3847): [58,*alarm*:android]
04-12 23:25:00.476 I/power_partial_wake_state( 3847): [303,AOD_OnTick:com.samsung.android.app.aodservice]
04-12 23:25:00.526 I/power_partial_wake_state( 3847): [318,AOD_Notification:com.samsung.android.app.aodservice]
04-12 23:25:02.191 I/power_partial_wake_state( 3847): [14,RILJ:com.android.phone]
04-12 23:25:12.288 I/power_partial_wake_state( 3847): [14,RILJ:com.android.phone]
04-12 23:25:22.348 I/power_partial_wake_state( 3847): [11,RILJ:com.android.phone]
04-12 23:25:32.431 I/power_partial_wake_state( 3847): [14,RILJ:com.android.phone]
04-12 23:25:36.739 I/content_query_sample( 5628): contents_sample_state: [CONTACT contacts(0) data(0) accounts({}) accounts deleted({}) calls([]) countryIso(KR) userId(0)  ]
04-12 23:25:36.739 I/content_query_sample( 5628): contents_sample_state: [ agr({})  ]
04-12 23:25:36.739 I/content_query_sample( 5628): contents_sample_state: [ actCnt({android.process.acore(5628)=1})  ]
04-12 23:25:36.739 I/content_query_sample( 5628): contents_sample_state: [PROFILE contacts(0) data(0) accounts({})  ]
04-12 23:25:36.739 I/content_query_sample( 5628): contents_sample_state: [SAPROFILE contacts(1) data(1) accounts({vnd.sec.contact.phone (1)=1})  ]
04-12 23:25:42.529 I/power_partial_wake_state( 3847): [14,RILJ:com.android.phone]
04-12 23:25:52.615 I/power_partial_wake_state( 3847): [14,RILJ:com.android.phone]
04-12 23:26:00.218 I/power_partial_wake_state( 3847): [75,*alarm*:android]
04-12 23:26:00.458 I/power_partial_wake_state( 3847): [302,AOD_OnTick:com.samsung.android.app.aodservice]
04-12 23:26:00.524 I/power_partial_wake_state( 3847): [317,AOD_Notification:com.samsung.android.app.aodservice]
04-12 23:26:02.705 I/power_partial_wake_state( 3847): [14,RILJ:com.android.phone]
04-12 23:26:12.799 I/power_partial_wake_state( 3847): [14,RILJ:com.android.phone]
04-12 23:26:22.892 I/power_partial_wake_state( 3847): [14,RILJ:com.android.phone]
04-12 23:26:32.511 I/power_partial_wake_state( 3847): [4834,PKMService:android]
04-12 23:26:32.994 I/power_partial_wake_state( 3847): [13,RILJ:com.android.phone]
04-12 23:26:36.778 I/content_query_sample( 5628): contents_sample_state: [CONTACT contacts(0) data(0) accounts({}) accounts deleted({}) calls([]) countryIso(KR) userId(0)  ]
04-12 23:26:36.778 I/content_query_sample( 5628): contents_sample_state: [ agr({})  ]
04-12 23:26:36.778 I/content_query_sample( 5628): contents_sample_state: [ actCnt({android.process.acore(5628)=1})  ]
04-12 23:26:36.778 I/content_query_sample( 5628): contents_sample_state: [PROFILE contacts(0) data(0) accounts({})  ]
04-12 23:26:36.778 I/content_query_sample( 5628): contents_sample_state: [SAPROFILE contacts(1) data(1) accounts({vnd.sec.contact.phone (1)=1})  ]
04-12 23:26:43.085 I/power_partial_wake_state( 3847): [14,RILJ:com.android.phone]
04-12 23:26:53.177 I/power_partial_wake_state( 3847): [16,RILJ:com.android.phone]
04-12 23:27:00.014 I/am_kill ( 3847): [0,7934,com.etsy.android,904,17,empty for 1828s]
04-12 23:27:00.102 I/am_proc_died( 3847): [0,7934,com.etsy.android,904,17,623,2836]
04-12 23:27:00.103 I/am_uid_stopped( 3847): 10213
04-12 23:27:00.151 I/am_pss  ( 3847): [2664,10231,org.mozilla.firefox,110164992,56332288,51125248]
04-12 23:27:00.195 I/am_pss  ( 3847): [2759,10231,org.mozilla.firefox:tab34,9760768,303104,8718336]
04-12 23:27:00.209 I/power_partial_wake_state( 3847): [82,*alarm*:android]
04-12 23:27:00.440 I/power_partial_wake_state( 3847): [302,AOD_OnTick:com.samsung.android.app.aodservice]
04-12 23:27:00.518 I/power_partial_wake_state( 3847): [318,AOD_Notification:com.samsung.android.app.aodservice]
04-12 23:27:03.262 I/power_partial_wake_state( 3847): [16,RILJ:com.android.phone]
04-12 23:27:13.361 I/power_partial_wake_state( 3847): [14,RILJ:com.android.phone]
04-12 23:27:23.456 I/power_partial_wake_state( 3847): [14,RILJ:com.android.phone]
04-12 23:27:33.544 I/power_partial_wake_state( 3847): [14,RILJ:com.android.phone]
04-12 23:27:36.894 I/content_query_sample( 5628): contents_sample_state: [CONTACT contacts(0) data(0) accounts({}) accounts deleted({}) calls([]) countryIso(KR) userId(0)  ]
04-12 23:27:36.894 I/content_query_sample( 5628): contents_sample_state: [ agr({})  ]
04-12 23:27:36.894 I/content_query_sample( 5628): contents_sample_state: [ actCnt({android.process.acore(5628)=1})  ]
04-12 23:27:36.894 I/content_query_sample( 5628): contents_sample_state: [PROFILE contacts(0) data(0) accounts({})  ]
04-12 23:27:36.894 I/content_query_sample( 5628): contents_sample_state: [SAPROFILE contacts(1) data(1) accounts({vnd.sec.contact.phone (1)=1})  ]
04-12 23:27:43.637 I/power_partial_wake_state( 3847): [14,RILJ:com.android.phone]
04-12 23:27:53.728 I/power_partial_wake_state( 3847): [15,RILJ:com.android.phone]
04-12 23:28:00.013 I/am_uid_running( 3847): 10224
04-12 23:28:00.049 I/am_proc_start( 3847): [0,10020,10224,com.whatsapp,broadcast,com.whatsapp/.AlarmBroadcastReceiver]
04-12 23:28:00.056 I/am_uid_running( 3847): 10213
04-12 23:28:00.080 I/am_proc_start( 3847): [0,10027,10213,com.etsy.android,service,com.etsy.android/androidx.work.impl.background.systemjob.SystemJobService]
04-12 23:28:00.123 I/am_proc_bound( 3847): [0,10020,com.whatsapp]
04-12 23:28:00.135 I/am_proc_bound( 3847): [0,10027,com.etsy.android]
04-12 23:28:00.163 I/am_pss  ( 3847): [4722,10009,com.samsung.android.app.spage,15668224,10756096,441344]
04-12 23:28:00.209 I/am_pss  ( 3847): [4584,1000,com.ims.dm,11230208,6803456,482304]
04-12 23:28:00.249 I/am_pss  ( 3847): [4510,1000,com.trustonic.tuiservice,9123840,5431296,507904]
04-12 23:28:00.510 I/power_partial_wake_state( 3847): [301,AOD_OnTick:com.samsung.android.app.aodservice]
04-12 23:28:00.590 I/power_partial_wake_state( 3847): [338,AOD_Notification:com.samsung.android.app.aodservice]
04-12 23:28:00.800 I/power_partial_wake_state( 3847): [53,*alarm*:android]
04-12 23:28:00.832 I/power_partial_wake_state( 3847): [91,*job*/com.whatsapp/.AlarmService:android]
04-12 23:28:00.891 I/power_partial_wake_state( 3847): [149,*gms_scheduler*:internal:com.google.android.gms]
04-12 23:28:00.925 I/aggregation( 9348): 1681309680925
04-12 23:28:00.977 I/power_partial_wake_state( 3847): [34,*job*/com.whatsapp/.crash.upload.ExceptionsUploadService:android]
04-12 23:28:01.074 I/power_partial_wake_state( 3847): [122,com.whatsapp:NtpAction#updateNtp:com.whatsapp]
04-12 23:28:01.098 I/power_partial_wake_state( 3847): [42,IntentOp:.common.broadcast.BackgroundBroadcastReceiverSupport$PersistentReceiverIntentOperation:com.google.android.gms]
04-12 23:28:01.112 I/power_partial_wake_state( 3847): [284,*gms_scheduler*/com.google.android.gms/.checkin.EventLogService:com.google.android.gms]
04-12 23:28:01.147 I/power_partial_wake_state( 3847): [269,*job*/com.whatsapp/.AlarmService:android]
04-12 23:28:01.167 I/power_partial_wake_state( 3847): [51,*gms_scheduler*:internal:com.google.android.gms]
04-12 23:28:01.279 I/power_partial_wake_state( 3847): [109,*gms_scheduler*:internal:com.google.android.gms]
04-12 23:28:01.301 I/power_partial_wake_state( 3847): [69,*gms_scheduler*/com.google.android.gms/.security.snet.SnetNormalTaskService:com.google.android.gms]
04-12 23:28:01.323 I/power_partial_wake_state( 3847): [12,*gms_scheduler*:internal:com.google.android.gms]
04-12 23:28:01.323 I/notification_cancel( 3847): [10224,10020,com.whatsapp,2,NULL,0,0,1088,8,NULL]
04-12 23:28:01.350 I/power_partial_wake_state( 3847): [0,*job*/com.etsy.android/androidx.work.impl.background.systemjob.SystemJobService:android]
04-12 23:28:01.362 I/power_partial_wake_state( 3847): [53,IntentOp:.common.broadcast.BackgroundBroadcastReceiverSupport$PersistentReceiverIntentOperation:com.google.android.gms]
04-12 23:28:01.384 I/power_partial_wake_state( 3847): [33,*gms_scheduler*:internal:com.google.android.gms]
04-12 23:28:01.439 I/force_gc( 3847): Binder
04-12 23:28:01.530 I/power_partial_wake_state( 3847): [165,*job*/com.etsy.android/androidx.work.impl.background.systemjob.SystemJobService:android]
04-12 23:28:01.590 I/power_partial_wake_state( 3847): [242,*job*/com.etsy.android/androidx.work.impl.background.systemjob.SystemJobService:android]
04-12 23:28:01.823 I/power_partial_wake_state( 3847): [175,bnam:SnetNormal:com.google.android.gms]
04-12 23:28:03.824 I/power_partial_wake_state( 3847): [16,RILJ:com.android.phone]
04-12 23:28:12.120 I/power_partial_wake_state( 3847): [731,AOD_Notification:com.samsung.android.app.aodservice]
04-12 23:28:13.925 I/power_partial_wake_state( 3847): [15,RILJ:com.android.phone]
04-12 23:28:24.018 I/power_partial_wake_state( 3847): [14,RILJ:com.android.phone]
04-12 23:28:34.117 I/power_partial_wake_state( 3847): [22,RILJ:com.android.phone]
04-12 23:28:36.958 I/content_query_sample( 5628): contents_sample_state: [CONTACT contacts(0) data(0) accounts({}) accounts deleted({}) calls([]) countryIso(KR) userId(0)  ]
04-12 23:28:36.958 I/content_query_sample( 5628): contents_sample_state: [ agr({})  ]
04-12 23:28:36.958 I/content_query_sample( 5628): contents_sample_state: [ actCnt({android.process.acore(5628)=1})  ]
04-12 23:28:36.958 I/content_query_sample( 5628): contents_sample_state: [PROFILE contacts(0) data(0) accounts({})  ]
04-12 23:28:36.958 I/content_query_sample( 5628): contents_sample_state: [SAPROFILE contacts(1) data(1) accounts({vnd.sec.contact.phone (1)=1})  ]
04-12 23:28:44.206 I/power_partial_wake_state( 3847): [14,RILJ:com.android.phone]
04-12 23:28:54.297 I/power_partial_wake_state( 3847): [14,RILJ:com.android.phone]
04-12 23:29:00.114 I/am_pss  ( 3847): [9348,10030,com.google.android.gms,108710912,88969216,448512]
04-12 23:29:00.172 I/am_pss  ( 3847): [10027,10213,com.etsy.android,83668992,62406656,425984]
04-12 23:29:00.177 I/power_partial_wake_state( 3847): [50,*alarm*:android]
04-12 23:29:00.221 I/am_pss  ( 3847): [10020,10224,com.whatsapp,54364160,47448064,436224]
04-12 23:29:00.264 I/am_pss  ( 3847): [4975,10145,com.samsung.android.app.notes,60030976,34979840,3184640]
04-12 23:29:00.440 I/power_partial_wake_state( 3847): [302,AOD_OnTick:com.samsung.android.app.aodservice]
04-12 23:29:00.486 I/power_partial_wake_state( 3847): [320,AOD_Notification:com.samsung.android.app.aodservice]
04-12 23:29:04.385 I/power_partial_wake_state( 3847): [13,RILJ:com.android.phone]
04-12 23:29:14.480 I/power_partial_wake_state( 3847): [15,RILJ:com.android.phone]
04-12 23:29:24.573 I/power_partial_wake_state( 3847): [14,RILJ:com.android.phone]
04-12 23:29:34.662 I/power_partial_wake_state( 3847): [15,RILJ:com.android.phone]
04-12 23:29:37.039 I/content_query_sample( 5628): contents_sample_state: [CONTACT contacts(0) data(0) accounts({}) accounts deleted({}) calls([]) countryIso(KR) userId(0)  ]
04-12 23:29:37.039 I/content_query_sample( 5628): contents_sample_state: [ agr({})  ]
04-12 23:29:37.039 I/content_query_sample( 5628): contents_sample_state: [ actCnt({android.process.acore(5628)=1})  ]
04-12 23:29:37.039 I/content_query_sample( 5628): contents_sample_state: [PROFILE contacts(0) data(0) accounts({})  ]
04-12 23:29:37.039 I/content_query_sample( 5628): contents_sample_state: [SAPROFILE contacts(1) data(1) accounts({vnd.sec.contact.phone (1)=1})  ]
04-12 23:29:44.751 I/power_partial_wake_state( 3847): [13,RILJ:com.android.phone]
04-12 23:29:44.775 I/power_partial_wake_state( 3847): [32,*alarm*:android]
04-12 23:29:44.883 I/power_partial_wake_state( 3847): [65,com.kpns.pa.action.KEEP_ALIVE:com.ktpns.pa]
04-12 23:29:44.925 I/power_partial_wake_state( 3847): [151,wake:com.ktpns.pa/com.ktpns.lib.service.KeepAliveService:com.ktpns.pa]
04-12 23:29:54.832 I/power_partial_wake_state( 3847): [14,RILJ:com.android.phone]
04-12 23:30:00.194 I/power_partial_wake_state( 3847): [50,*alarm*:android]
04-12 23:30:00.251 I/am_pss  ( 3847): [5628,10007,android.process.acore,19542016,5840896,12698624]
04-12 23:30:00.456 I/power_partial_wake_state( 3847): [301,AOD_OnTick:com.samsung.android.app.aodservice]
04-12 23:30:00.496 I/power_partial_wake_state( 3847): [317,AOD_Notification:com.samsung.android.app.aodservice]
04-12 23:30:04.923 I/power_partial_wake_state( 3847): [14,RILJ:com.android.phone]
04-12 23:30:15.023 I/power_partial_wake_state( 3847): [14,RILJ:com.android.phone]
04-12 23:30:25.118 I/power_partial_wake_state( 3847): [14,RILJ:com.android.phone]
04-12 23:30:35.205 I/power_partial_wake_state( 3847): [14,RILJ:com.android.phone]
04-12 23:30:37.057 I/content_query_sample( 5628): contents_sample_state: [CONTACT contacts(0) data(0) accounts({}) accounts deleted({}) calls([]) countryIso(KR) userId(0)  ]
04-12 23:30:37.057 I/content_query_sample( 5628): contents_sample_state: [ agr({})  ]
04-12 23:30:37.057 I/content_query_sample( 5628): contents_sample_state: [ actCnt({android.process.acore(5628)=1})  ]
04-12 23:30:37.057 I/content_query_sample( 5628): contents_sample_state: [PROFILE contacts(0) data(0) accounts({})  ]
04-12 23:30:37.057 I/content_query_sample( 5628): contents_sample_state: [SAPROFILE contacts(1) data(1) accounts({vnd.sec.contact.phone (1)=1})  ]
04-12 23:30:45.303 I/power_partial_wake_state( 3847): [14,RILJ:com.android.phone]
04-12 23:30:55.398 I/power_partial_wake_state( 3847): [13,RILJ:com.android.phone]
04-12 23:31:00.145 I/am_pss  ( 3847): [1619,10030,com.google.android.gms.persistent,162053120,150589440,419840]
04-12 23:31:00.211 I/power_partial_wake_state( 3847): [82,*alarm*:android]
04-12 23:31:00.442 I/power_partial_wake_state( 3847): [302,AOD_OnTick:com.samsung.android.app.aodservice]
04-12 23:31:00.518 I/power_partial_wake_state( 3847): [317,AOD_Notification:com.samsung.android.app.aodservice]
04-12 23:31:05.491 I/power_partial_wake_state( 3847): [14,RILJ:com.android.phone]
04-12 23:31:15.588 I/power_partial_wake_state( 3847): [14,RILJ:com.android.phone]
04-12 23:31:16.007 I/power_partial_wake_state( 3847): [7,RILJ:com.android.phone]
04-12 23:31:22.891 I/storaged_disk_stats( 3500): [regular,176408619,180008702,4020,1877,129680,2504,7239,7454,252704,7692,0,4308,10236]
04-12 23:31:25.681 I/power_partial_wake_state( 3847): [14,RILJ:com.android.phone]
04-12 23:31:32.578 I/power_partial_wake_state( 3847): [4901,PKMService:android]
04-12 23:31:35.773 I/power_partial_wake_state( 3847): [14,RILJ:com.android.phone]
04-12 23:31:37.172 I/content_query_sample( 5628): contents_sample_state: [CONTACT contacts(0) data(0) accounts({}) accounts deleted({}) calls([]) countryIso(KR) userId(0)  ]
04-12 23:31:37.172 I/content_query_sample( 5628): contents_sample_state: [ agr({})  ]
04-12 23:31:37.172 I/content_query_sample( 5628): contents_sample_state: [ actCnt({android.process.acore(5628)=1})  ]
04-12 23:31:37.172 I/content_query_sample( 5628): contents_sample_state: [PROFILE contacts(0) data(0) accounts({})  ]
04-12 23:31:37.172 I/content_query_sample( 5628): contents_sample_state: [SAPROFILE contacts(1) data(1) accounts({vnd.sec.contact.phone (1)=1})  ]
04-12 23:31:45.869 I/power_partial_wake_state( 3847): [14,RILJ:com.android.phone]
04-12 23:31:55.955 I/power_partial_wake_state( 3847): [14,RILJ:com.android.phone]
04-12 23:32:00.134 I/am_pss  ( 3847): [2052,1250,com.samsung.android.knox.containeragent,17845248,13922304,485376]
04-12 23:32:00.196 I/power_partial_wake_state( 3847): [47,*alarm*:android]
04-12 23:32:00.461 I/power_partial_wake_state( 3847): [302,AOD_OnTick:com.samsung.android.app.aodservice]
04-12 23:32:00.502 I/power_partial_wake_state( 3847): [317,AOD_Notification:com.samsung.android.app.aodservice]
04-12 23:32:06.046 I/power_partial_wake_state( 3847): [14,RILJ:com.android.phone]
04-12 23:32:16.142 I/power_partial_wake_state( 3847): [15,RILJ:com.android.phone]
04-12 23:32:26.235 I/power_partial_wake_state( 3847): [15,RILJ:com.android.phone]
04-12 23:32:36.326 I/power_partial_wake_state( 3847): [15,RILJ:com.android.phone]
04-12 23:32:37.265 I/content_query_sample( 5628): contents_sample_state: [CONTACT contacts(0) data(0) accounts({}) accounts deleted({}) calls([]) countryIso(KR) userId(0)  ]
04-12 23:32:37.265 I/content_query_sample( 5628): contents_sample_state: [ agr({})  ]
04-12 23:32:37.265 I/content_query_sample( 5628): contents_sample_state: [ actCnt({android.process.acore(5628)=1})  ]
04-12 23:32:37.265 I/content_query_sample( 5628): contents_sample_state: [PROFILE contacts(0) data(0) accounts({})  ]
04-12 23:32:37.265 I/content_query_sample( 5628): contents_sample_state: [SAPROFILE contacts(1) data(1) accounts({vnd.sec.contact.phone (1)=1})  ]
04-12 23:32:46.423 I/power_partial_wake_state( 3847): [15,RILJ:com.android.phone]
04-12 23:32:56.511 I/power_partial_wake_state( 3847): [14,RILJ:com.android.phone]
04-12 23:33:00.106 I/am_pss  ( 3847): [6896,5009,com.samsung.android.scloud:auth,13584384,9048064,478208]
04-12 23:33:00.173 I/power_partial_wake_state( 3847): [46,*alarm*:android]
04-12 23:33:00.440 I/power_partial_wake_state( 3847): [303,AOD_OnTick:com.samsung.android.app.aodservice]
04-12 23:33:00.479 I/power_partial_wake_state( 3847): [317,AOD_Notification:com.samsung.android.app.aodservice]
04-12 23:33:06.604 I/power_partial_wake_state( 3847): [14,RILJ:com.android.phone]
04-12 23:33:16.532 I/netstats_mobile_sample( 3847): [0,0,0,0,0,0,0,0,0,0,0,0,1681309997841]
04-12 23:33:16.536 I/netstats_wifi_sample( 3847): [555101943,502399,54044137,252660,555829466,510664,51076684,261500,555342754,506425,50246017,252280,1681309997841]
04-12 23:33:16.546 I/power_partial_wake_state( 3847): [45,NetworkStats:android]
04-12 23:33:16.565 I/am_uid_running( 3847): 10071
