04-12 22:07:00.449 I/power_partial_wake_state( 3847): [302,AOD_OnTick:com.samsung.android.app.aodservice]
04-12 22:07:00.518 I/power_partial_wake_state( 3847): [319,AOD_Notification:com.samsung.android.app.aodservice]
04-12 22:07:09.742 I/power_partial_wake_state( 3847): [14,RILJ:com.android.phone]
04-12 22:07:19.830 I/power_partial_wake_state( 3847): [14,RILJ:com.android.phone]
04-12 22:07:29.592 I/content_query_sample( 5628): contents_sample_state: [CONTACT contacts(0) data(0) accounts({}) accounts deleted({}) calls([]) countryIso(KR) userId(0)  ]
04-12 22:07:29.592 I/content_query_sample( 5628): contents_sample_state: [ agr({})  ]
04-12 22:07:29.592 I/content_query_sample( 5628): contents_sample_state: [ actCnt({android.process.acore(5628)=1})  ]
04-12 22:07:29.592 I/content_query_sample( 5628): contents_sample_state: [PROFILE contacts(0) data(0) accounts({})  ]
04-12 22:07:29.592 I/content_query_sample( 5628): contents_sample_state: [SAPROFILE contacts(1) data(1) accounts({vnd.sec.contact.phone (1)=1})  ]
04-12 22:07:29.926 I/power_partial_wake_state( 3847): [14,RILJ:com.android.phone]
04-12 22:07:40.023 I/power_partial_wake_state( 3847): [15,RILJ:com.android.phone]
04-12 22:07:50.104 I/power_partial_wake_state( 3847): [8,RILJ:com.android.phone]
04-12 22:07:59.785 I/notification_cancel( 3847): [10004,4250,com.android.systemui,2,low_battery,-1,0,1088,8,NULL]
04-12 22:07:59.788 I/notification_cancel( 3847): [10004,4250,com.android.systemui,3,low_battery,-1,0,1088,8,NULL]
04-12 22:08:00.110 I/am_pss  ( 3847): [4722,10009,com.samsung.android.app.spage,14923776,10682368,419840]
04-12 22:08:00.153 I/am_pss  ( 3847): [4584,1000,com.ims.dm,10787840,6860800,460800]
04-12 22:08:00.157 I/power_partial_wake_state( 3847): [8,RILJ:com.android.phone]
04-12 22:08:00.180 I/power_partial_wake_state( 3847): [65,*alarm*:android]
04-12 22:08:00.200 I/am_pss  ( 3847): [4510,1000,com.trustonic.tuiservice,8712192,5431296,484352]
04-12 22:08:00.427 I/power_partial_wake_state( 3847): [302,AOD_OnTick:com.samsung.android.app.aodservice]
04-12 22:08:00.485 I/power_partial_wake_state( 3847): [317,AOD_Notification:com.samsung.android.app.aodservice]
04-12 22:08:02.094 I/notification_cancel( 3847): [1000,3847,android,37,AccountManagerService:37:1575116973,0,0,0,8,NULL]
04-12 22:08:02.096 I/chatty  ( 3847): uid=1000 system_server identical 1 line
04-12 22:08:02.097 I/notification_cancel( 3847): [1000,3847,android,37,AccountManagerService:37:1575116973,0,0,0,8,NULL]
04-12 22:08:10.243 I/power_partial_wake_state( 3847): [14,RILJ:com.android.phone]
04-12 22:08:20.339 I/power_partial_wake_state( 3847): [14,RILJ:com.android.phone]
04-12 22:08:29.627 I/content_query_sample( 5628): contents_sample_state: [CONTACT contacts(0) data(0) accounts({}) accounts deleted({}) calls([]) countryIso(KR) userId(0)  ]
04-12 22:08:29.627 I/content_query_sample( 5628): contents_sample_state: [ agr({})  ]
04-12 22:08:29.627 I/content_query_sample( 5628): contents_sample_state: [ actCnt({android.process.acore(5628)=1})  ]
04-12 22:08:29.627 I/content_query_sample( 5628): contents_sample_state: [PROFILE contacts(0) data(0) accounts({})  ]
04-12 22:08:29.627 I/content_query_sample( 5628): contents_sample_state: [SAPROFILE contacts(1) data(1) accounts({vnd.sec.contact.phone (1)=1})  ]
04-12 22:08:30.434 I/power_partial_wake_state( 3847): [14,RILJ:com.android.phone]
04-12 22:08:34.457 I/power_partial_wake_state( 3847): [1002,AOD_EnsureWorkingTime:com.samsung.android.app.aodservice]
04-12 22:08:40.529 I/power_partial_wake_state( 3847): [14,RILJ:com.android.phone]
04-12 22:08:50.618 I/power_partial_wake_state( 3847): [13,RILJ:com.android.phone]
04-12 22:09:00.149 I/am_pss  ( 3847): [4975,10145,com.samsung.android.app.notes,60169216,35086336,3184640]
04-12 22:09:00.188 I/power_partial_wake_state( 3847): [47,*alarm*:android]
04-12 22:09:00.454 I/power_partial_wake_state( 3847): [302,AOD_OnTick:com.samsung.android.app.aodservice]
04-12 22:09:00.491 I/power_partial_wake_state( 3847): [319,AOD_Notification:com.samsung.android.app.aodservice]
04-12 22:09:00.714 I/power_partial_wake_state( 3847): [14,RILJ:com.android.phone]
04-12 22:09:10.810 I/power_partial_wake_state( 3847): [14,RILJ:com.android.phone]
04-12 22:09:20.898 I/power_partial_wake_state( 3847): [14,RILJ:com.android.phone]
04-12 22:09:29.742 I/content_query_sample( 5628): contents_sample_state: [CONTACT contacts(0) data(0) accounts({}) accounts deleted({}) calls([]) countryIso(KR) userId(0)  ]
04-12 22:09:29.742 I/content_query_sample( 5628): contents_sample_state: [ agr({})  ]
04-12 22:09:29.742 I/content_query_sample( 5628): contents_sample_state: [ actCnt({android.process.acore(5628)=1})  ]
04-12 22:09:29.742 I/content_query_sample( 5628): contents_sample_state: [PROFILE contacts(0) data(0) accounts({})  ]
04-12 22:09:29.742 I/content_query_sample( 5628): contents_sample_state: [SAPROFILE contacts(1) data(1) accounts({vnd.sec.contact.phone (1)=1})  ]
04-12 22:09:30.996 I/power_partial_wake_state( 3847): [14,RILJ:com.android.phone]
04-12 22:09:41.093 I/power_partial_wake_state( 3847): [14,RILJ:com.android.phone]
04-12 22:09:51.184 I/power_partial_wake_state( 3847): [14,RILJ:com.android.phone]
04-12 22:10:00.169 I/am_pss  ( 3847): [2664,10231,org.mozilla.firefox,107576320,44597248,60523520]
04-12 22:10:00.197 I/power_partial_wake_state( 3847): [62,*alarm*:android]
04-12 22:10:00.210 I/am_pss  ( 3847): [2759,10231,org.mozilla.firefox:tab34,9611264,299008,8652800]
04-12 22:10:00.449 I/power_partial_wake_state( 3847): [302,AOD_OnTick:com.samsung.android.app.aodservice]
04-12 22:10:00.505 I/power_partial_wake_state( 3847): [317,AOD_Notification:com.samsung.android.app.aodservice]
04-12 22:10:01.273 I/power_partial_wake_state( 3847): [14,RILJ:com.android.phone]
04-12 22:10:11.335 I/power_partial_wake_state( 3847): [6,RILJ:com.android.phone]
04-12 22:10:21.412 I/power_partial_wake_state( 3847): [14,RILJ:com.android.phone]
04-12 22:10:29.859 I/content_query_sample( 5628): contents_sample_state: [CONTACT contacts(0) data(0) accounts({}) accounts deleted({}) calls([]) countryIso(KR) userId(0)  ]
04-12 22:10:29.859 I/content_query_sample( 5628): contents_sample_state: [ agr({})  ]
04-12 22:10:29.859 I/content_query_sample( 5628): contents_sample_state: [ actCnt({android.process.acore(5628)=1})  ]
04-12 22:10:29.859 I/content_query_sample( 5628): contents_sample_state: [PROFILE contacts(0) data(0) accounts({})  ]
04-12 22:10:29.859 I/content_query_sample( 5628): contents_sample_state: [SAPROFILE contacts(1) data(1) accounts({vnd.sec.contact.phone (1)=1})  ]
04-12 22:10:30.382 I/notification_cancel( 3847): [10004,4250,com.android.systemui,2,low_battery,-1,0,1088,8,NULL]
04-12 22:10:30.385 I/notification_cancel( 3847): [10004,4250,com.android.systemui,3,low_battery,-1,0,1088,8,NULL]
04-12 22:10:31.502 I/power_partial_wake_state( 3847): [14,RILJ:com.android.phone]
04-12 22:10:41.597 I/power_partial_wake_state( 3847): [14,RILJ:com.android.phone]
04-12 22:10:51.688 I/power_partial_wake_state( 3847): [15,RILJ:com.android.phone]
04-12 22:11:00.235 I/power_partial_wake_state( 3847): [54,*alarm*:android]
04-12 22:11:00.497 I/power_partial_wake_state( 3847): [302,AOD_OnTick:com.samsung.android.app.aodservice]
04-12 22:11:00.544 I/power_partial_wake_state( 3847): [319,AOD_Notification:com.samsung.android.app.aodservice]
04-12 22:11:01.773 I/power_partial_wake_state( 3847): [14,RILJ:com.android.phone]
04-12 22:11:11.866 I/power_partial_wake_state( 3847): [14,RILJ:com.android.phone]
04-12 22:11:21.958 I/power_partial_wake_state( 3847): [14,RILJ:com.android.phone]
04-12 22:11:29.910 I/content_query_sample( 5628): contents_sample_state: [CONTACT contacts(0) data(0) accounts({}) accounts deleted({}) calls([]) countryIso(KR) userId(0)  ]
04-12 22:11:29.910 I/content_query_sample( 5628): contents_sample_state: [ agr({})  ]
04-12 22:11:29.910 I/content_query_sample( 5628): contents_sample_state: [ actCnt({android.process.acore(5628)=1})  ]
04-12 22:11:29.910 I/content_query_sample( 5628): contents_sample_state: [PROFILE contacts(0) data(0) accounts({})  ]
04-12 22:11:29.910 I/content_query_sample( 5628): contents_sample_state: [SAPROFILE contacts(1) data(1) accounts({vnd.sec.contact.phone (1)=1})  ]
04-12 22:11:31.527 I/power_partial_wake_state( 3847): [4,*alarm*:android]
04-12 22:11:31.561 I/power_partial_wake_state( 3847): [19,*job*/com.etsy.android/androidx.work.impl.background.systemjob.SystemJobService:android]
04-12 22:11:31.641 I/power_partial_wake_state( 3847): [112,*gms_scheduler*:internal:com.google.android.gms]
04-12 22:11:31.650 I/power_partial_wake_state( 3847): [54,*gms_scheduler*/com.google.android.gms/.checkin.CheckinService:com.google.android.gms]
04-12 22:11:31.671 I/power_partial_wake_state( 3847): [18,*gms_scheduler*:internal:com.google.android.gms]
04-12 22:11:31.724 I/power_partial_wake_state( 3847): [51,*gms_scheduler*:internal:com.google.android.gms]
04-12 22:11:31.739 I/power_partial_wake_state( 3847): [24,*gms_scheduler*/com.google.android.gms/com.google.android.contextmanager.service.ContextManagerLogsUploadBoundService:com.google.android.gms]
04-12 22:11:31.754 I/power_partial_wake_state( 3847): [17,CMWakeLock:com.google.android.gms]
04-12 22:11:31.782 I/power_partial_wake_state( 3847): [18,*gms_scheduler*:internal:com.google.android.gms]
04-12 22:11:32.031 I/power_partial_wake_state( 3847): [10,RILJ:com.android.phone]
04-12 22:11:32.231 I/power_partial_wake_state( 3847): [4560,PKMService:android]
04-12 22:11:42.109 I/power_partial_wake_state( 3847): [9,RILJ:com.android.phone]
04-12 22:11:43.995 I/power_partial_wake_state( 3847): [8,*alarm*:android]
04-12 22:11:44.161 I/am_proc_start( 3847): [0,8613,10092,com.google.android.googlequicksearchbox:train,service,com.google.android.googlequicksearchbox/com.google.frameworks.client.data.android.server.tiktok.TrainProcessEndpointService]
04-12 22:11:44.211 I/am_proc_bound( 3847): [0,8613,com.google.android.googlequicksearchbox:train]
04-12 22:11:45.227 I/notification_cancel( 3847): [1000,3847,android,37,AccountManagerService:37:1575116973,0,0,0,8,NULL]
04-12 22:11:46.185 I/power_partial_wake_state( 3847): [2111,WorkManager:TikTokListenableWorker startWork -> com.google.apps.tiktok.sync.impl.workmanager.SyncWorker startWork() -> com.google.apps.tiktok.sync.impl.workmanager.SyncWorker startWork() -> NoAccountWorkerFactory startWork():com.google.android.googlequicksearchbox]
04-12 22:11:46.201 I/power_partial_wake_state( 3847): [2180,*job*/com.google.android.googlequicksearchbox/androidx.work.impl.background.systemjob.SystemJobService:android]
04-12 22:11:46.446 I/power_partial_wake_state( 3847): [2388,WorkManager:TikTokListenableWorker startWork -> com.google.apps.tiktok.sync.impl.workmanager.SyncWorker startWork() -> com.google.apps.tiktok.sync.impl.workmanager.SyncWorker startWork() -> NoAccountWorkerFactory startWork():com.google.android.googlequicksearchbox]
04-12 22:11:52.182 I/power_partial_wake_state( 3847): [13,RILJ:com.android.phone]
04-12 22:12:00.214 I/power_partial_wake_state( 3847): [79,*alarm*:android]
04-12 22:12:00.449 I/power_partial_wake_state( 3847): [302,AOD_OnTick:com.samsung.android.app.aodservice]
04-12 22:12:00.522 I/power_partial_wake_state( 3847): [318,AOD_Notification:com.samsung.android.app.aodservice]
04-12 22:12:02.268 I/power_partial_wake_state( 3847): [15,RILJ:com.android.phone]
04-12 22:12:04.447 I/power_partial_wake_state( 3847): [12,*alarm*:android]
04-12 22:12:04.474 I/c2dm    ( 1619): [0,,9,9]
04-12 22:12:04.475 I/power_partial_wake_state( 3847): [25,GCM_HB_ALARM:com.google.android.gms]
04-12 22:12:04.478 I/power_partial_wake_state( 3847): [35,GCM_WORK:com.google.android.gms]
04-12 22:12:04.533 I/power_partial_wake_state( 3847): [3,GCM_READ:com.google.android.gms]
04-12 22:12:04.547 I/power_partial_wake_state( 3847): [16,GCM_WORK:com.google.android.gms]
04-12 22:12:04.553 I/am_pss  ( 3847): [7934,10213,com.etsy.android,74333184,59494400,379904]
04-12 22:12:12.376 I/power_partial_wake_state( 3847): [15,RILJ:com.android.phone]
04-12 22:12:14.324 I/am_pss  ( 3847): [2071,10092,com.google.android.googlequicksearchbox:search,178366464,167452672,369664]
04-12 22:12:14.381 I/am_pss  ( 3847): [8613,10092,com.google.android.googlequicksearchbox:train,83590144,71876608,411648]
04-12 22:12:22.470 I/power_partial_wake_state( 3847): [15,RILJ:com.android.phone]
04-12 22:12:30.019 I/content_query_sample( 5628): contents_sample_state: [CONTACT contacts(0) data(0) accounts({}) accounts deleted({}) calls([]) countryIso(KR) userId(0)  ]
04-12 22:12:30.019 I/content_query_sample( 5628): contents_sample_state: [ agr({})  ]
04-12 22:12:30.019 I/content_query_sample( 5628): contents_sample_state: [ actCnt({android.process.acore(5628)=1})  ]
04-12 22:12:30.019 I/content_query_sample( 5628): contents_sample_state: [PROFILE contacts(0) data(0) accounts({})  ]
04-12 22:12:30.019 I/content_query_sample( 5628): contents_sample_state: [SAPROFILE contacts(1) data(1) accounts({vnd.sec.contact.phone (1)=1})  ]
04-12 22:12:32.553 I/power_partial_wake_state( 3847): [10,RILJ:com.android.phone]
04-12 22:12:42.636 I/power_partial_wake_state( 3847): [14,RILJ:com.android.phone]
04-12 22:12:46.258 I/am_pss  ( 3847): [4277,10030,com.google.android.gms,76401664,41185280,380928]
04-12 22:12:52.730 I/power_partial_wake_state( 3847): [14,RILJ:com.android.phone]
04-12 22:13:00.118 I/am_pss  ( 3847): [6896,5009,com.samsung.android.scloud:auth,11703296,6332416,455680]
04-12 22:13:00.167 I/am_pss  ( 3847): [4297,10041,com.kt.olleh.storefront,18366464,14258176,422912]
04-12 22:13:00.185 I/power_partial_wake_state( 3847): [51,*alarm*:android]
04-12 22:13:00.446 I/power_partial_wake_state( 3847): [302,AOD_OnTick:com.samsung.android.app.aodservice]
04-12 22:13:00.494 I/power_partial_wake_state( 3847): [319,AOD_Notification:com.samsung.android.app.aodservice]
04-12 22:13:02.821 I/power_partial_wake_state( 3847): [15,RILJ:com.android.phone]
04-12 22:13:12.905 I/force_gc( 3847): Binder
04-12 22:13:12.921 I/power_partial_wake_state( 3847): [14,RILJ:com.android.phone]
04-12 22:13:23.005 I/power_partial_wake_state( 3847): [14,RILJ:com.android.phone]
04-12 22:13:30.034 I/content_query_sample( 5628): contents_sample_state: [CONTACT contacts(0) data(0) accounts({}) accounts deleted({}) calls([]) countryIso(KR) userId(0)  ]
04-12 22:13:30.034 I/content_query_sample( 5628): contents_sample_state: [ agr({})  ]
04-12 22:13:30.034 I/content_query_sample( 5628): contents_sample_state: [ actCnt({android.process.acore(5628)=1})  ]
04-12 22:13:30.034 I/content_query_sample( 5628): contents_sample_state: [PROFILE contacts(0) data(0) accounts({})  ]
04-12 22:13:30.034 I/content_query_sample( 5628): contents_sample_state: [SAPROFILE contacts(1) data(1) accounts({vnd.sec.contact.phone (1)=1})  ]
04-12 22:13:33.093 I/power_partial_wake_state( 3847): [14,RILJ:com.android.phone]
04-12 22:13:43.182 I/power_partial_wake_state( 3847): [13,RILJ:com.android.phone]
04-12 22:13:53.278 I/power_partial_wake_state( 3847): [14,RILJ:com.android.phone]
04-12 22:14:00.120 I/am_pss  ( 3847): [8613,10092,com.google.android.googlequicksearchbox:train,87362560,75636736,411648]
04-12 22:14:00.179 I/power_partial_wake_state( 3847): [42,*alarm*:android]
04-12 22:14:00.449 I/power_partial_wake_state( 3847): [302,AOD_OnTick:com.samsung.android.app.aodservice]
04-12 22:14:00.487 I/power_partial_wake_state( 3847): [317,AOD_Notification:com.samsung.android.app.aodservice]
04-12 22:14:03.369 I/power_partial_wake_state( 3847): [14,RILJ:com.android.phone]
04-12 22:14:13.468 I/power_partial_wake_state( 3847): [14,RILJ:com.android.phone]
04-12 22:14:23.561 I/power_partial_wake_state( 3847): [15,RILJ:com.android.phone]
04-12 22:14:30.126 I/content_query_sample( 5628): contents_sample_state: [CONTACT contacts(0) data(0) accounts({}) accounts deleted({}) calls([]) countryIso(KR) userId(0)  ]
04-12 22:14:30.126 I/content_query_sample( 5628): contents_sample_state: [ agr({})  ]
04-12 22:14:30.126 I/content_query_sample( 5628): contents_sample_state: [ actCnt({android.process.acore(5628)=1})  ]
04-12 22:14:30.126 I/content_query_sample( 5628): contents_sample_state: [PROFILE contacts(0) data(0) accounts({})  ]
04-12 22:14:30.126 I/content_query_sample( 5628): contents_sample_state: [SAPROFILE contacts(1) data(1) accounts({vnd.sec.contact.phone (1)=1})  ]
04-12 22:14:33.653 I/power_partial_wake_state( 3847): [14,RILJ:com.android.phone]
04-12 22:14:43.754 I/power_partial_wake_state( 3847): [15,RILJ:com.android.phone]
04-12 22:14:53.849 I/power_partial_wake_state( 3847): [14,RILJ:com.android.phone]
04-12 22:15:00.022 I/am_kill ( 3847): [0,6713,com.samsung.android.scloud,906,17,empty for 1812s]
04-12 22:15:00.087 I/am_proc_died( 3847): [0,6713,com.samsung.android.scloud,906,17,547,2837]
04-12 22:15:00.211 I/power_partial_wake_state( 3847): [71,*alarm*:android]
04-12 22:15:00.227 I/am_pss  ( 3847): [1619,10030,com.google.android.gms.persistent,125961216,81326080,375808]
04-12 22:15:00.454 I/power_partial_wake_state( 3847): [302,AOD_OnTick:com.samsung.android.app.aodservice]
04-12 22:15:00.519 I/power_partial_wake_state( 3847): [317,AOD_Notification:com.samsung.android.app.aodservice]
04-12 22:15:01.470 I/notification_cancel( 3847): [10004,4250,com.android.systemui,2,low_battery,-1,0,1088,8,NULL]
04-12 22:15:01.472 I/notification_cancel( 3847): [10004,4250,com.android.systemui,3,low_battery,-1,0,1088,8,NULL]
04-12 22:15:03.935 I/power_partial_wake_state( 3847): [12,RILJ:com.android.phone]
04-12 22:15:14.027 I/power_partial_wake_state( 3847): [12,RILJ:com.android.phone]
04-12 22:15:24.108 I/power_partial_wake_state( 3847): [14,RILJ:com.android.phone]
04-12 22:15:30.203 I/content_query_sample( 5628): contents_sample_state: [CONTACT contacts(0) data(0) accounts({}) accounts deleted({}) calls([]) countryIso(KR) userId(0)  ]
04-12 22:15:30.203 I/content_query_sample( 5628): contents_sample_state: [ agr({})  ]
04-12 22:15:30.203 I/content_query_sample( 5628): contents_sample_state: [ actCnt({android.process.acore(5628)=1})  ]
04-12 22:15:30.203 I/content_query_sample( 5628): contents_sample_state: [PROFILE contacts(0) data(0) accounts({})  ]
04-12 22:15:30.203 I/content_query_sample( 5628): contents_sample_state: [SAPROFILE contacts(1) data(1) accounts({vnd.sec.contact.phone (1)=1})  ]
04-12 22:15:34.198 I/power_partial_wake_state( 3847): [15,RILJ:com.android.phone]
04-12 22:15:44.293 I/power_partial_wake_state( 3847): [14,RILJ:com.android.phone]
04-12 22:15:54.386 I/power_partial_wake_state( 3847): [14,RILJ:com.android.phone]
04-12 22:16:00.204 I/power_partial_wake_state( 3847): [53,*alarm*:android]
04-12 22:16:00.468 I/power_partial_wake_state( 3847): [302,AOD_OnTick:com.samsung.android.app.aodservice]
04-12 22:16:00.509 I/power_partial_wake_state( 3847): [318,AOD_Notification:com.samsung.android.app.aodservice]
04-12 22:16:04.472 I/power_partial_wake_state( 3847): [14,RILJ:com.android.phone]
04-12 22:16:14.569 I/power_partial_wake_state( 3847): [14,RILJ:com.android.phone]
04-12 22:16:24.665 I/power_partial_wake_state( 3847): [14,RILJ:com.android.phone]
04-12 22:16:30.319 I/content_query_sample( 5628): contents_sample_state: [CONTACT contacts(0) data(0) accounts({}) accounts deleted({}) calls([]) countryIso(KR) userId(0)  ]
04-12 22:16:30.319 I/content_query_sample( 5628): contents_sample_state: [ agr({})  ]
04-12 22:16:30.319 I/content_query_sample( 5628): contents_sample_state: [ actCnt({android.process.acore(5628)=1})  ]
04-12 22:16:30.319 I/content_query_sample( 5628): contents_sample_state: [PROFILE contacts(0) data(0) accounts({})  ]
04-12 22:16:30.319 I/content_query_sample( 5628): contents_sample_state: [SAPROFILE contacts(1) data(1) accounts({vnd.sec.contact.phone (1)=1})  ]
04-12 22:16:32.506 I/power_partial_wake_state( 3847): [4836,PKMService:android]
04-12 22:16:34.756 I/power_partial_wake_state( 3847): [15,RILJ:com.android.phone]
04-12 22:16:44.852 I/power_partial_wake_state( 3847): [14,RILJ:com.android.phone]
04-12 22:16:54.940 I/power_partial_wake_state( 3847): [14,RILJ:com.android.phone]
04-12 22:17:00.179 I/power_partial_wake_state( 3847): [39,*alarm*:android]
04-12 22:17:00.451 I/power_partial_wake_state( 3847): [301,AOD_OnTick:com.samsung.android.app.aodservice]
04-12 22:17:00.486 I/power_partial_wake_state( 3847): [317,AOD_Notification:com.samsung.android.app.aodservice]
04-12 22:17:05.029 I/power_partial_wake_state( 3847): [13,RILJ:com.android.phone]
04-12 22:17:15.130 I/power_partial_wake_state( 3847): [15,RILJ:com.android.phone]
04-12 22:17:25.224 I/power_partial_wake_state( 3847): [14,RILJ:com.android.phone]
04-12 22:17:30.435 I/content_query_sample( 5628): contents_sample_state: [CONTACT contacts(0) data(0) accounts({}) accounts deleted({}) calls([]) countryIso(KR) userId(0)  ]
04-12 22:17:30.435 I/content_query_sample( 5628): contents_sample_state: [ agr({})  ]
04-12 22:17:30.435 I/content_query_sample( 5628): contents_sample_state: [ actCnt({android.process.acore(5628)=1})  ]
04-12 22:17:30.435 I/content_query_sample( 5628): contents_sample_state: [PROFILE contacts(0) data(0) accounts({})  ]
04-12 22:17:30.435 I/content_query_sample( 5628): contents_sample_state: [SAPROFILE contacts(1) data(1) accounts({vnd.sec.contact.phone (1)=1})  ]
04-12 22:17:35.315 I/power_partial_wake_state( 3847): [15,RILJ:com.android.phone]
04-12 22:17:45.410 I/power_partial_wake_state( 3847): [14,RILJ:com.android.phone]
04-12 22:17:55.505 I/power_partial_wake_state( 3847): [15,RILJ:com.android.phone]
04-12 22:18:00.151 I/am_pss  ( 3847): [1335,10108,com.kt.android.showtouch,86049792,57602048,3291136]
04-12 22:18:00.189 I/power_partial_wake_state( 3847): [54,*alarm*:android]
04-12 22:18:00.351 I/am_pss  ( 3847): [3847,1000,system,206225408,165804032,33555456]
04-12 22:18:00.449 I/power_partial_wake_state( 3847): [302,AOD_OnTick:com.samsung.android.app.aodservice]
04-12 22:18:00.497 I/power_partial_wake_state( 3847): [318,AOD_Notification:com.samsung.android.app.aodservice]
04-12 22:18:05.597 I/power_partial_wake_state( 3847): [15,RILJ:com.android.phone]
04-12 22:18:15.694 I/power_partial_wake_state( 3847): [13,RILJ:com.android.phone]
04-12 22:18:25.792 I/power_partial_wake_state( 3847): [14,RILJ:com.android.phone]
04-12 22:18:30.478 I/content_query_sample( 5628): contents_sample_state: [CONTACT contacts(0) data(0) accounts({}) accounts deleted({}) calls([]) countryIso(KR) userId(0)  ]
04-12 22:18:30.478 I/content_query_sample( 5628): contents_sample_state: [ agr({})  ]
04-12 22:18:30.478 I/content_query_sample( 5628): contents_sample_state: [ actCnt({android.process.acore(5628)=1})  ]
04-12 22:18:30.478 I/content_query_sample( 5628): contents_sample_state: [PROFILE contacts(0) data(0) accounts({})  ]
04-12 22:18:30.478 I/content_query_sample( 5628): contents_sample_state: [SAPROFILE contacts(1) data(1) accounts({vnd.sec.contact.phone (1)=1})  ]
04-12 22:18:35.884 I/power_partial_wake_state( 3847): [14,RILJ:com.android.phone]
04-12 22:18:45.980 I/power_partial_wake_state( 3847): [15,RILJ:com.android.phone]
04-12 22:18:56.078 I/power_partial_wake_state( 3847): [14,RILJ:com.android.phone]
04-12 22:19:00.021 I/am_kill ( 3847): [0,8262,com.android.chrome,906,17,empty for 1841s]
04-12 22:19:00.083 I/am_proc_died( 3847): [0,8262,com.android.chrome,906,17,534,2837]
04-12 22:19:00.084 I/am_uid_stopped( 3847): 10116
04-12 22:19:00.156 I/am_pss  ( 3847): [4250,10004,com.android.systemui,266940416,129186816,128623616]
04-12 22:19:00.182 I/power_partial_wake_state( 3847): [47,*alarm*:android]
04-12 22:19:00.448 I/power_partial_wake_state( 3847): [303,AOD_OnTick:com.samsung.android.app.aodservice]
04-12 22:19:00.486 I/power_partial_wake_state( 3847): [318,AOD_Notification:com.samsung.android.app.aodservice]
04-12 22:19:06.172 I/power_partial_wake_state( 3847): [14,RILJ:com.android.phone]
04-12 22:19:16.265 I/power_partial_wake_state( 3847): [14,RILJ:com.android.phone]
04-12 22:19:26.354 I/power_partial_wake_state( 3847): [14,RILJ:com.android.phone]
04-12 22:19:30.593 I/content_query_sample( 5628): contents_sample_state: [CONTACT contacts(0) data(0) accounts({}) accounts deleted({}) calls([]) countryIso(KR) userId(0)  ]
04-12 22:19:30.593 I/content_query_sample( 5628): contents_sample_state: [ agr({})  ]
04-12 22:19:30.593 I/content_query_sample( 5628): contents_sample_state: [ actCnt({android.process.acore(5628)=1})  ]
04-12 22:19:30.593 I/content_query_sample( 5628): contents_sample_state: [PROFILE contacts(0) data(0) accounts({})  ]
04-12 22:19:30.593 I/content_query_sample( 5628): contents_sample_state: [SAPROFILE contacts(1) data(1) accounts({vnd.sec.contact.phone (1)=1})  ]
04-12 22:19:36.446 I/power_partial_wake_state( 3847): [15,RILJ:com.android.phone]
04-12 22:19:46.535 I/power_partial_wake_state( 3847): [15,RILJ:com.android.phone]
04-12 22:19:56.631 I/power_partial_wake_state( 3847): [14,RILJ:com.android.phone]
04-12 22:20:00.025 I/am_kill ( 3847): [0,8119,io.faceapp,904,17,empty for 1859s]
04-12 22:20:00.130 I/am_proc_died( 3847): [0,8119,io.faceapp,904,17,581,2837]
04-12 22:20:00.134 I/am_uid_stopped( 3847): 10225
04-12 22:20:00.152 I/am_pss  ( 3847): [5231,10090,com.sec.android.app.launcher,114073600,69602304,41759744]
04-12 22:20:00.196 I/am_pss  ( 3847): [2456,99216,com.android.chrome:sandboxed_process0,37089280,11677696,2816000]
04-12 22:20:00.230 I/power_partial_wake_state( 3847): [75,*alarm*:android]
04-12 22:20:00.286 I/am_pss  ( 3847): [13033,10057,com.sec.spp.push:RemoteDlcProcess,15436800,6205440,8134656]
04-12 22:20:00.342 I/am_pss  ( 3847): [17761,10092,com.google.android.googlequicksearchbox:interactor,66154496,33644544,27031552]
04-12 22:20:00.391 I/am_pss  ( 3847): [19655,10126,com.enhance.gameservice,19688448,6463488,11400192]
04-12 22:20:00.439 I/am_pss  ( 3847): [12628,10026,com.sec.android.app.samsungapps,25223168,7266304,15427584]
04-12 22:20:00.467 I/power_partial_wake_state( 3847): [301,AOD_OnTick:com.samsung.android.app.aodservice]
04-12 22:20:00.468 I/am_pss  ( 3847): [9708,5006,com.samsung.android.beaconmanager,9363456,1150976,7522304]
04-12 22:20:00.498 I/am_pss  ( 3847): [14453,10004,com.samsung.android.app.aodservice,68954112,50073600,11886592]
04-12 22:20:00.523 I/am_pss  ( 3847): [4764,1001,com.sec.phone,8435712,589824,7332864]
04-12 22:20:00.543 I/power_partial_wake_state( 3847): [323,AOD_Notification:com.samsung.android.app.aodservice]
04-12 22:20:00.550 I/am_pss  ( 3847): [9016,1002,com.android.bluetooth,12807168,1253376,10737664]
04-12 22:20:00.578 I/am_pss  ( 3847): [6718,10013,com.samsung.android.app.cocktailbarservice,27934720,11271168,15541248]
04-12 22:20:00.602 I/am_pss  ( 3847): [5135,10044,com.kt.serviceagent,8601600,327680,7687168]
04-12 22:20:00.625 I/am_pss  ( 3847): [5117,1000,com.sec.downloadablekeystore,8742912,282624,7937024]
04-12 22:20:00.649 I/am_pss  ( 3847): [5110,1000,com.skt.skaf.OA00412131,14254080,692224,10377216]
04-12 22:20:00.690 I/am_pss  ( 3847): [5092,10043,com.ktpns.pa,25926656,14680064,9589760]
04-12 22:20:00.715 I/am_pss  ( 3847): [5078,10014,com.samsung.android.providers.context,21341184,3223552,17057792]
04-12 22:20:00.742 I/am_pss  ( 3847): [4228,10165,com.sec.android.inputmethod,36953088,2723840,33475584]
04-12 22:20:00.775 I/am_pss  ( 3847): [4566,1001,com.android.phone,30567424,15536128,13075456]
04-12 22:20:00.804 I/am_pss  ( 3847): [4548,1000,com.sec.imsservice,26742784,5746688,20224000]
04-12 22:20:00.835 I/am_pss  ( 3847): [4542,1027,com.android.nfc,27587584,13537280,10759168]
04-12 22:20:00.860 I/am_pss  ( 3847): [4530,1000,com.sec.sve,9780224,303104,8964096]
04-12 22:20:00.886 I/am_pss  ( 3847): [4447,5013,com.sec.location.nsflp2,22310912,2809856,18604032]
04-12 22:20:00.914 I/am_pss  ( 3847): [4391,10004,com.android.systemui:InfinityWallpaper,66853888,49854464,15886336]
04-12 22:20:06.724 I/power_partial_wake_state( 3847): [15,RILJ:com.android.phone]
04-12 22:20:08.251 I/power_partial_wake_state( 3847): [1,*alarm*:android]
04-12 22:20:16.817 I/power_partial_wake_state( 3847): [16,RILJ:com.android.phone]
04-12 22:20:26.914 I/power_partial_wake_state( 3847): [14,RILJ:com.android.phone]
04-12 22:20:30.709 I/content_query_sample( 5628): contents_sample_state: [CONTACT contacts(0) data(0) accounts({}) accounts deleted({}) calls([]) countryIso(KR) userId(0)  ]
04-12 22:20:30.709 I/content_query_sample( 5628): contents_sample_state: [ agr({})  ]
04-12 22:20:30.709 I/content_query_sample( 5628): contents_sample_state: [ actCnt({android.process.acore(5628)=1})  ]
04-12 22:20:30.709 I/content_query_sample( 5628): contents_sample_state: [PROFILE contacts(0) data(0) accounts({})  ]
04-12 22:20:30.709 I/content_query_sample( 5628): contents_sample_state: [SAPROFILE contacts(1) data(1) accounts({vnd.sec.contact.phone (1)=1})  ]
04-12 22:20:37.005 I/power_partial_wake_state( 3847): [15,RILJ:com.android.phone]
04-12 22:20:47.087 I/power_partial_wake_state( 3847): [14,RILJ:com.android.phone]
04-12 22:20:57.185 I/power_partial_wake_state( 3847): [15,RILJ:com.android.phone]
04-12 22:21:00.141 I/am_pss  ( 3847): [6472,10055,com.android.vending,85173248,61902848,403456]
04-12 22:21:00.191 I/power_partial_wake_state( 3847): [56,*alarm*:android]
04-12 22:21:00.448 I/power_partial_wake_state( 3847): [302,AOD_OnTick:com.samsung.android.app.aodservice]
04-12 22:21:00.499 I/power_partial_wake_state( 3847): [317,AOD_Notification:com.samsung.android.app.aodservice]
04-12 22:21:07.276 I/power_partial_wake_state( 3847): [15,RILJ:com.android.phone]
04-12 22:21:17.365 I/power_partial_wake_state( 3847): [14,RILJ:com.android.phone]
04-12 22:21:27.462 I/power_partial_wake_state( 3847): [13,RILJ:com.android.phone]
04-12 22:21:30.790 I/content_query_sample( 5628): contents_sample_state: [CONTACT contacts(0) data(0) accounts({}) accounts deleted({}) calls([]) countryIso(KR) userId(0)  ]
04-12 22:21:30.790 I/content_query_sample( 5628): contents_sample_state: [ agr({})  ]
04-12 22:21:30.790 I/content_query_sample( 5628): contents_sample_state: [ actCnt({android.process.acore(5628)=1})  ]
04-12 22:21:30.790 I/content_query_sample( 5628): contents_sample_state: [PROFILE contacts(0) data(0) accounts({})  ]
04-12 22:21:30.790 I/content_query_sample( 5628): contents_sample_state: [SAPROFILE contacts(1) data(1) accounts({vnd.sec.contact.phone (1)=1})  ]
04-12 22:21:32.551 I/power_partial_wake_state( 3847): [4879,PKMService:android]
04-12 22:21:37.557 I/power_partial_wake_state( 3847): [14,RILJ:com.android.phone]
04-12 22:21:47.644 I/power_partial_wake_state( 3847): [14,RILJ:com.android.phone]
04-12 22:21:57.733 I/power_partial_wake_state( 3847): [15,RILJ:com.android.phone]
04-12 22:22:00.138 I/am_pss  ( 3847): [9654,10235,org.videolan.vlc,72774656,46989312,21642240]
04-12 22:22:00.182 I/power_partial_wake_state( 3847): [51,*alarm*:android]
04-12 22:22:00.189 I/am_pss  ( 3847): [2830,10231,org.mozilla.firefox:gpu,21454848,917504,19003392]
04-12 22:22:00.232 I/am_pss  ( 3847): [5534,10007,com.samsung.android.contacts,13196288,3293184,8890368]
04-12 22:22:00.443 I/power_partial_wake_state( 3847): [302,AOD_OnTick:com.samsung.android.app.aodservice]
04-12 22:22:00.490 I/power_partial_wake_state( 3847): [320,AOD_Notification:com.samsung.android.app.aodservice]
04-12 22:22:07.829 I/power_partial_wake_state( 3847): [15,RILJ:com.android.phone]
04-12 22:22:17.917 I/power_partial_wake_state( 3847): [14,RILJ:com.android.phone]
04-12 22:22:28.017 I/power_partial_wake_state( 3847): [14,RILJ:com.android.phone]
04-12 22:22:30.909 I/content_query_sample( 5628): contents_sample_state: [CONTACT contacts(0) data(0) accounts({}) accounts deleted({}) calls([]) countryIso(KR) userId(0)  ]
04-12 22:22:30.909 I/content_query_sample( 5628): contents_sample_state: [ agr({})  ]
04-12 22:22:30.909 I/content_query_sample( 5628): contents_sample_state: [ actCnt({android.process.acore(5628)=1})  ]
04-12 22:22:30.909 I/content_query_sample( 5628): contents_sample_state: [PROFILE contacts(0) data(0) accounts({})  ]
04-12 22:22:30.909 I/content_query_sample( 5628): contents_sample_state: [SAPROFILE contacts(1) data(1) accounts({vnd.sec.contact.phone (1)=1})  ]
04-12 22:22:33.351 I/notification_cancel( 3847): [10004,4250,com.android.systemui,2,low_battery,-1,0,1088,8,NULL]
04-12 22:22:33.353 I/notification_cancel( 3847): [10004,4250,com.android.systemui,3,low_battery,-1,0,1088,8,NULL]
04-12 22:22:38.112 I/power_partial_wake_state( 3847): [14,RILJ:com.android.phone]
04-12 22:22:48.205 I/power_partial_wake_state( 3847): [19,RILJ:com.android.phone]
04-12 22:22:58.300 I/power_partial_wake_state( 3847): [14,RILJ:com.android.phone]
04-12 22:23:00.202 I/power_partial_wake_state( 3847): [65,*alarm*:android]
04-12 22:23:00.453 I/power_partial_wake_state( 3847): [303,AOD_OnTick:com.samsung.android.app.aodservice]
04-12 22:23:00.499 I/power_partial_wake_state( 3847): [317,AOD_Notification:com.samsung.android.app.aodservice]
04-12 22:23:03.488 I/notification_cancel( 3847): [10004,4250,com.android.systemui,2,low_battery,-1,0,1088,8,NULL]
04-12 22:23:03.492 I/notification_cancel( 3847): [10004,4250,com.android.systemui,3,low_battery,-1,0,1088,8,NULL]
04-12 22:23:08.393 I/power_partial_wake_state( 3847): [14,RILJ:com.android.phone]
04-12 22:23:18.476 I/chatty  ( 3847): uid=1000(system) Binder:3847_B identical 1 line
04-12 22:23:28.570 I/power_partial_wake_state( 3847): [14,RILJ:com.android.phone]
04-12 22:23:31.017 I/content_query_sample( 5628): contents_sample_state: [CONTACT contacts(0) data(0) accounts({}) accounts deleted({}) calls([]) countryIso(KR) userId(0)  ]
04-12 22:23:31.017 I/content_query_sample( 5628): contents_sample_state: [ agr({})  ]
04-12 22:23:31.017 I/content_query_sample( 5628): contents_sample_state: [ actCnt({android.process.acore(5628)=1})  ]
04-12 22:23:31.017 I/content_query_sample( 5628): contents_sample_state: [PROFILE contacts(0) data(0) accounts({})  ]
04-12 22:23:31.017 I/content_query_sample( 5628): contents_sample_state: [SAPROFILE contacts(1) data(1) accounts({vnd.sec.contact.phone (1)=1})  ]
04-12 22:23:38.662 I/power_partial_wake_state( 3847): [14,RILJ:com.android.phone]
04-12 22:23:48.747 I/power_partial_wake_state( 3847): [14,RILJ:com.android.phone]
04-12 22:23:58.844 I/power_partial_wake_state( 3847): [15,RILJ:com.android.phone]
04-12 22:24:00.021 I/am_kill ( 3847): [0,8361,com.google.android.partnersetup,906,17,empty for 1856s]
04-12 22:24:00.082 I/am_proc_died( 3847): [0,8361,com.google.android.partnersetup,906,17,567,2838]
04-12 22:24:00.082 I/am_uid_stopped( 3847): 10036
04-12 22:24:00.196 I/power_partial_wake_state( 3847): [55,*alarm*:android]
04-12 22:24:00.456 I/power_partial_wake_state( 3847): [302,AOD_OnTick:com.samsung.android.app.aodservice]
04-12 22:24:00.497 I/power_partial_wake_state( 3847): [317,AOD_Notification:com.samsung.android.app.aodservice]
04-12 22:24:08.938 I/power_partial_wake_state( 3847): [15,RILJ:com.android.phone]
04-12 22:24:19.029 I/power_partial_wake_state( 3847): [14,RILJ:com.android.phone]
04-12 22:24:29.130 I/power_partial_wake_state( 3847): [15,RILJ:com.android.phone]
04-12 22:24:31.094 I/content_query_sample( 5628): contents_sample_state: [CONTACT contacts(0) data(0) accounts({}) accounts deleted({}) calls([]) countryIso(KR) userId(0)  ]
04-12 22:24:31.094 I/content_query_sample( 5628): contents_sample_state: [ agr({})  ]
04-12 22:24:31.094 I/content_query_sample( 5628): contents_sample_state: [ actCnt({android.process.acore(5628)=1})  ]
04-12 22:24:31.094 I/content_query_sample( 5628): contents_sample_state: [PROFILE contacts(0) data(0) accounts({})  ]
04-12 22:24:31.094 I/content_query_sample( 5628): contents_sample_state: [SAPROFILE contacts(1) data(1) accounts({vnd.sec.contact.phone (1)=1})  ]
04-12 22:24:39.223 I/power_partial_wake_state( 3847): [14,RILJ:com.android.phone]
04-12 22:24:49.313 I/power_partial_wake_state( 3847): [15,RILJ:com.android.phone]
04-12 22:24:59.410 I/power_partial_wake_state( 3847): [14,RILJ:com.android.phone]
04-12 22:25:00.203 I/power_partial_wake_state( 3847): [50,*alarm*:android]
04-12 22:25:00.465 I/power_partial_wake_state( 3847): [301,AOD_OnTick:com.samsung.android.app.aodservice]
04-12 22:25:00.525 I/power_partial_wake_state( 3847): [332,AOD_Notification:com.samsung.android.app.aodservice]
04-12 22:25:03.982 I/notification_cancel( 3847): [10004,4250,com.android.systemui,2,low_battery,-1,0,1088,8,NULL]
04-12 22:25:03.984 I/notification_cancel( 3847): [10004,4250,com.android.systemui,3,low_battery,-1,0,1088,8,NULL]
04-12 22:25:09.505 I/power_partial_wake_state( 3847): [15,RILJ:com.android.phone]
04-12 22:25:19.593 I/power_partial_wake_state( 3847): [14,RILJ:com.android.phone]
04-12 22:25:29.681 I/power_partial_wake_state( 3847): [13,RILJ:com.android.phone]
04-12 22:25:31.202 I/content_query_sample( 5628): contents_sample_state: [CONTACT contacts(0) data(0) accounts({}) accounts deleted({}) calls([]) countryIso(KR) userId(0)  ]
04-12 22:25:31.202 I/content_query_sample( 5628): contents_sample_state: [ agr({})  ]
04-12 22:25:31.202 I/content_query_sample( 5628): contents_sample_state: [ actCnt({android.process.acore(5628)=1})  ]
04-12 22:25:31.202 I/content_query_sample( 5628): contents_sample_state: [PROFILE contacts(0) data(0) accounts({})  ]
04-12 22:25:31.202 I/content_query_sample( 5628): contents_sample_state: [SAPROFILE contacts(1) data(1) accounts({vnd.sec.contact.phone (1)=1})  ]
04-12 22:25:34.106 I/notification_cancel( 3847): [10004,4250,com.android.systemui,2,low_battery,-1,0,1088,8,NULL]
04-12 22:25:34.109 I/notification_cancel( 3847): [10004,4250,com.android.systemui,3,low_battery,-1,0,1088,8,NULL]
04-12 22:25:39.763 I/power_partial_wake_state( 3847): [14,RILJ:com.android.phone]
04-12 22:25:49.855 I/power_partial_wake_state( 3847): [14,RILJ:com.android.phone]
04-12 22:25:59.955 I/power_partial_wake_state( 3847): [15,RILJ:com.android.phone]
04-12 22:26:00.177 I/power_partial_wake_state( 3847): [63,*alarm*:android]
04-12 22:26:00.429 I/power_partial_wake_state( 3847): [302,AOD_OnTick:com.samsung.android.app.aodservice]
04-12 22:26:00.483 I/power_partial_wake_state( 3847): [317,AOD_Notification:com.samsung.android.app.aodservice]
04-12 22:26:04.231 I/notification_cancel( 3847): [10004,4250,com.android.systemui,2,low_battery,-1,0,1088,8,NULL]
04-12 22:26:04.234 I/notification_cancel( 3847): [10004,4250,com.android.systemui,3,low_battery,-1,0,1088,8,NULL]
04-12 22:26:10.045 I/power_partial_wake_state( 3847): [15,RILJ:com.android.phone]
04-12 22:26:20.136 I/power_partial_wake_state( 3847): [14,RILJ:com.android.phone]
04-12 22:26:30.231 I/power_partial_wake_state( 3847): [13,RILJ:com.android.phone]
04-12 22:26:31.315 I/content_query_sample( 5628): contents_sample_state: [CONTACT contacts(0) data(0) accounts({}) accounts deleted({}) calls([]) countryIso(KR) userId(0)  ]
04-12 22:26:31.315 I/content_query_sample( 5628): contents_sample_state: [ agr({})  ]
04-12 22:26:31.315 I/content_query_sample( 5628): contents_sample_state: [ actCnt({android.process.acore(5628)=1})  ]
04-12 22:26:31.315 I/content_query_sample( 5628): contents_sample_state: [PROFILE contacts(0) data(0) accounts({})  ]
04-12 22:26:31.315 I/content_query_sample( 5628): contents_sample_state: [SAPROFILE contacts(1) data(1) accounts({vnd.sec.contact.phone (1)=1})  ]
04-12 22:26:32.439 I/power_partial_wake_state( 3847): [4766,PKMService:android]
04-12 22:26:40.325 I/power_partial_wake_state( 3847): [15,RILJ:com.android.phone]
04-12 22:26:50.417 I/power_partial_wake_state( 3847): [14,RILJ:com.android.phone]
04-12 22:27:00.022 I/am_kill ( 3847): [0,6600,com.android.vending:background,906,17,empty for 1828s]
04-12 22:27:00.098 I/am_proc_died( 3847): [0,6600,com.android.vending:background,906,17,615,2838]
04-12 22:27:00.192 I/power_partial_wake_state( 3847): [46,*alarm*:android]
04-12 22:27:00.459 I/power_partial_wake_state( 3847): [302,AOD_OnTick:com.samsung.android.app.aodservice]
04-12 22:27:00.496 I/power_partial_wake_state( 3847): [315,AOD_Notification:com.samsung.android.app.aodservice]
04-12 22:27:00.508 I/power_partial_wake_state( 3847): [13,RILJ:com.android.phone]
04-12 22:27:10.601 I/power_partial_wake_state( 3847): [14,RILJ:com.android.phone]
04-12 22:27:13.866 I/power_partial_wake_state( 3847): [8,GCM_READ:com.google.android.gms]
04-12 22:27:13.918 I/power_partial_wake_state( 3847): [55,GCM_WORK:com.google.android.gms]
04-12 22:27:13.950 I/c2dm    ( 1619): [-7,,11,10]
04-12 22:27:13.952 I/power_partial_wake_state( 3847): [30,GCM_WORK:com.google.android.gms]
04-12 22:27:14.322 I/notification_enqueue( 3847): [10092,2071,com.google.android.googlequicksearchbox,0,1546474410::SUMMARY::wx,0,Notification(channel=27 pri=-1 contentView=null vibrate=null sound=null defaults=0x0 flags=0x200 color=0x00000000 groupKey=1546474410::SUMMARY::wx number=0 vis=PRIVATE publicVersion=Notification(channel=null pri=0 contentView=null vibrate=null sound=null defaults=0x0 flags=0x0 color=0x00000000 number=0 vis=PRIVATE semFlags=0x0 semPriority=0 semMissedCount=0) semFlags=0x0 semPriority=0 semMissedCount=0),1,NULL]
04-12 22:27:14.332 I/notification_enqueue( 3847): [10092,2071,com.google.android.googlequicksearchbox,0,1546474410::a:snotification:[0x394,wx.f,NOTIFICATION],0,Notification(channel=27 pri=-1 contentView=null vibrate=null sound=null tick defaults=0x0 flags=0x8 color=0x00000000 groupKey=1546474410::SUMMARY::wx number=0 vis=PRIVATE semFlags=0x0 semPriority=0 semMissedCount=0),1,NULL]
04-12 22:27:14.437 I/power_partial_wake_state( 3847): [496,ChimeBroadcastReceiver:com.google.android.googlequicksearchbox]
04-12 22:27:14.459 I/power_partial_wake_state( 3847): [560,GOOGLE_C2DM:com.google.android.gms]
04-12 22:27:15.132 I/power_partial_wake_state( 3847): [787,AOD_Notification:com.samsung.android.app.aodservice]
04-12 22:27:20.695 I/power_partial_wake_state( 3847): [15,RILJ:com.android.phone]
04-12 22:27:30.790 I/power_partial_wake_state( 3847): [14,RILJ:com.android.phone]
04-12 22:27:31.431 I/content_query_sample( 5628): contents_sample_state: [CONTACT contacts(0) data(0) accounts({}) accounts deleted({}) calls([]) countryIso(KR) userId(0)  ]
04-12 22:27:31.431 I/content_query_sample( 5628): contents_sample_state: [ agr({})  ]
04-12 22:27:31.431 I/content_query_sample( 5628): contents_sample_state: [ actCnt({android.process.acore(5628)=1})  ]
04-12 22:27:31.431 I/content_query_sample( 5628): contents_sample_state: [PROFILE contacts(0) data(0) accounts({})  ]
04-12 22:27:31.431 I/content_query_sample( 5628): contents_sample_state: [SAPROFILE contacts(1) data(1) accounts({vnd.sec.contact.phone (1)=1})  ]
04-12 22:27:32.587 I/am_uid_running( 3847): 10224
04-12 22:27:32.618 I/am_proc_start( 3847): [0,8755,10224,com.whatsapp,broadcast,com.whatsapp/.AlarmBroadcastReceiver]
04-12 22:27:32.663 I/power_partial_wake_state( 3847): [21,*job*/com.etsy.android/androidx.work.impl.background.systemjob.SystemJobService:android]
04-12 22:27:32.692 I/am_proc_bound( 3847): [0,8755,com.whatsapp]
04-12 22:27:32.735 I/power_partial_wake_state( 3847): [146,*gms_scheduler*:internal:com.google.android.gms]
04-12 22:27:32.770 I/aggregation( 4277): 1681306052769
04-12 22:27:32.972 I/power_partial_wake_state( 3847): [30,IntentOp:.common.broadcast.BackgroundBroadcastReceiverSupport$PersistentReceiverIntentOperation:com.google.android.gms]
04-12 22:27:32.990 I/power_partial_wake_state( 3847): [291,*gms_scheduler*/com.google.android.gms/.checkin.EventLogService:com.google.android.gms]
04-12 22:27:33.030 I/power_partial_wake_state( 3847): [38,*gms_scheduler*:internal:com.google.android.gms]
04-12 22:27:33.126 I/power_partial_wake_state( 3847): [18,IntentOp:.common.broadcast.BackgroundBroadcastReceiverSupport$PersistentReceiverIntentOperation:com.google.android.gms]
04-12 22:27:33.221 I/power_partial_wake_state( 3847): [188,*gms_scheduler*:internal:com.google.android.gms]
04-12 22:27:33.237 I/power_partial_wake_state( 3847): [609,*alarm*:android]
04-12 22:27:33.241 I/power_partial_wake_state( 3847): [68,*gms_scheduler*/com.google.android.gms/.auth.account.be.accountstate.GcmTaskService:com.google.android.gms]
04-12 22:27:33.255 I/power_partial_wake_state( 3847): [10,*gms_scheduler*:internal:com.google.android.gms]
04-12 22:27:33.281 I/notification_cancel( 3847): [1000,3847,android,37,AccountManagerService:37:1575116973,0,0,0,8,NULL]
04-12 22:27:33.323 I/power_partial_wake_state( 3847): [79,*job*/com.whatsapp/.AlarmService:android]
04-12 22:27:33.358 I/power_partial_wake_state( 3847): [102,*gms_scheduler*:internal:com.google.android.gms]
04-12 22:27:33.396 I/power_partial_wake_state( 3847): [11,*job*/com.whatsapp/.crash.upload.ExceptionsUploadService:android]
04-12 22:27:33.541 I/power_partial_wake_state( 3847): [198,*gms_scheduler*/com.google.android.gms/.auth.blockstore.service.cloudsync.CloudSyncBackupTaskService:com.google.android.gms]
04-12 22:27:33.562 I/power_partial_wake_state( 3847): [16,*gms_scheduler*:internal:com.google.android.gms]
04-12 22:27:33.596 I/power_partial_wake_state( 3847): [111,com.whatsapp:NtpAction#updateNtp:com.whatsapp]
04-12 22:27:33.597 I/power_partial_wake_state( 3847): [238,*job*/com.whatsapp/.AlarmService:android]
04-12 22:27:33.599 I/notification_cancel( 3847): [10224,8755,com.whatsapp,2,NULL,0,0,1088,8,NULL]
04-12 22:27:33.625 I/power_partial_wake_state( 3847): [60,*gms_scheduler*:internal:com.google.android.gms]
04-12 22:27:33.647 I/power_partial_wake_state( 3847): [36,*gms_scheduler*/com.google.android.gms/.common.stats.AvailabilityFilesCleanupTask:com.google.android.gms]
04-12 22:27:33.722 I/force_gc( 3847): Binder
04-12 22:27:33.749 I/power_partial_wake_state( 3847): [99,*gms_scheduler*:internal:com.google.android.gms]
04-12 22:27:33.779 I/power_partial_wake_state( 3847): [27,*gms_scheduler*:internal:com.google.android.gms]
04-12 22:27:33.781 I/power_partial_wake_state( 3847): [58,*gms_scheduler*/com.google.android.gms/.libs.gmscorelogger.GmsCoreLoggerFilesCleanupTask:com.google.android.gms]
04-12 22:27:33.797 I/power_partial_wake_state( 3847): [13,*gms_scheduler*:internal:com.google.android.gms]
04-12 22:27:33.846 I/power_partial_wake_state( 3847): [47,*gms_scheduler*:internal:com.google.android.gms]
04-12 22:27:33.852 I/power_partial_wake_state( 3847): [765,*gms_scheduler*/com.google.android.gms/.auth.account.be.accountstate.GcmTaskService:com.google.android.gms]
04-12 22:27:33.871 I/power_partial_wake_state( 3847): [16,*gms_scheduler*:internal:com.google.android.gms]
04-12 22:27:33.915 I/power_partial_wake_state( 3847): [42,*gms_scheduler*:internal:com.google.android.gms]
04-12 22:27:33.917 I/power_partial_wake_state( 3847): [83,*gms_scheduler*/com.google.android.gms/.common.stats.NotificationLoggingTask:com.google.android.gms]
04-12 22:27:33.935 I/power_partial_wake_state( 3847): [12,*gms_scheduler*:internal:com.google.android.gms]
04-12 22:27:33.986 I/power_partial_wake_state( 3847): [49,*gms_scheduler*:internal:com.google.android.gms]
04-12 22:27:33.990 I/power_partial_wake_state( 3847): [83,*gms_scheduler*/com.google.android.gms/.common.stats.permissions.PermissionStateLoggingTask:com.google.android.gms]
04-12 22:27:34.012 I/power_partial_wake_state( 3847): [17,*gms_scheduler*:internal:com.google.android.gms]
04-12 22:27:34.035 I/force_gc( 1619): Binder
04-12 22:27:34.101 I/power_partial_wake_state( 3847): [84,*gms_scheduler*:internal:com.google.android.gms]
04-12 22:27:34.161 I/notification_cancel( 3847): [1000,3847,android,37,AccountManagerService:37:1575116973,0,0,0,8,NULL]
04-12 22:27:34.328 I/power_partial_wake_state( 3847): [242,*gms_scheduler*/com.google.android.gms/.semanticlocation.mdd.MddDownloadScheduleService:com.google.android.gms]
04-12 22:27:34.347 I/power_partial_wake_state( 3847): [16,*gms_scheduler*:internal:com.google.android.gms]
04-12 22:27:34.398 I/power_partial_wake_state( 3847): [49,*gms_scheduler*:internal:com.google.android.gms]
04-12 22:27:34.478 I/power_partial_wake_state( 3847): [89,*gms_scheduler*/com.google.android.gms/.semanticlocationhistory.deidentifieddata.wifi.WifiPlaceVisitProcessingService:com.google.android.gms]
04-12 22:27:34.486 I/power_partial_wake_state( 3847): [509,*gms_scheduler*/com.google.android.gms/.inappreach.service.rps.FetchAccountMessagesTaskBoundService:com.google.android.gms]
04-12 22:27:34.493 I/power_partial_wake_state( 3847): [13,*gms_scheduler*:internal:com.google.android.gms]
04-12 22:27:34.572 I/notification_cancel( 3847): [10004,4250,com.android.systemui,2,low_battery,-1,0,1088,8,NULL]
04-12 22:27:34.573 I/power_partial_wake_state( 3847): [78,*gms_scheduler*:internal:com.google.android.gms]
04-12 22:27:34.575 I/notification_cancel( 3847): [10004,4250,com.android.systemui,3,low_battery,-1,0,1088,8,NULL]
04-12 22:27:34.671 I/power_partial_wake_state( 3847): [94,*gms_scheduler*:internal:com.google.android.gms]
04-12 22:27:34.703 I/power_partial_wake_state( 3847): [50,*gms_scheduler*/com.google.android.gms/.semanticlocationhistory.deidentifieddata.historicalbusyness.HistoricalBusynessProcessingService:com.google.android.gms]
04-12 22:27:34.725 I/power_partial_wake_state( 3847): [19,*gms_scheduler*:internal:com.google.android.gms]
04-12 22:27:34.796 I/power_partial_wake_state( 3847): [70,*gms_scheduler*:internal:com.google.android.gms]
04-12 22:27:34.805 I/power_partial_wake_state( 3847): [265,*gms_scheduler*/com.google.android.gms/.semanticlocationhistory.db.OdlhDatabaseCleanupJob:com.google.android.gms]
04-12 22:27:34.826 I/power_partial_wake_state( 3847): [19,*gms_scheduler*:internal:com.google.android.gms]
04-12 22:27:34.876 I/power_partial_wake_state( 3847): [47,*gms_scheduler*:internal:com.google.android.gms]
04-12 22:27:34.878 I/power_partial_wake_state( 3847): [97,*gms_scheduler*/com.google.android.gms/.semanticlocationhistory.db.OdlhRemovedAccountsCleanupJob:com.google.android.gms]
04-12 22:27:34.894 I/power_partial_wake_state( 3847): [13,*gms_scheduler*:internal:com.google.android.gms]
04-12 22:27:34.911 I/power_partial_wake_state( 3847): [15,*gms_scheduler*:internal:com.google.android.gms]
