04-10 22:45:58.161 I/power_partial_wake_state( 3847): [936,*launch*:android]
04-10 22:45:58.163 I/am_stop_activity( 3847): [0,123749643,com.sec.android.app.launcher/.activities.LauncherActivity]
04-10 22:45:58.166 I/am_on_stop_called( 5231): [0,com.sec.android.app.launcher.activities.LauncherActivity,handleStopActivity]
04-10 22:45:58.244 I/power_partial_wake_state( 3847): [9,*job*/com.whatsapp/.crash.upload.ExceptionsUploadService:android]
04-10 22:45:58.275 I/notification_cancel( 3847): [10224,21464,com.whatsapp,2,NULL,0,0,1088,8,NULL]
04-10 22:45:58.317 I/power_partial_wake_state( 3847): [87,com.whatsapp:NtpAction#updateNtp:com.whatsapp]
04-10 22:45:58.329 I/power_partial_wake_state( 3847): [124,*job*/com.whatsapp/.AlarmService:android]
04-10 22:45:59.248 I/am_uid_idle( 3847): 10157
04-10 22:45:59.815 I/notification_cancel( 3847): [10004,4250,com.android.systemui,2,low_battery,-1,0,1088,8,NULL]
04-10 22:45:59.816 I/notification_cancel( 3847): [10004,4250,com.android.systemui,3,low_battery,-1,0,1088,8,NULL]
04-10 22:46:00.046 I/am_pss  ( 3847): [12017,10055,com.android.vending,70956032,45858816,24096768]
04-10 22:46:00.060 I/power_partial_wake_state( 3847): [17,*alarm*:android]
04-10 22:46:05.295 I/am_pss  ( 3847): [20957,10202,com.bitstrips.imoji,66787328,59297792,220160]
04-10 22:46:05.409 I/am_kill ( 3847): [0,12800,com.samsung.SMT,903,16,DHA:cached #25]
04-10 22:46:05.495 I/am_proc_died( 3847): [0,12800,com.samsung.SMT,903,16,110,704]
04-10 22:46:05.498 I/am_schedule_service_restart( 3847): [0,com.samsung.SMT/.SamsungTTSService,1000]
04-10 22:46:06.469 I/power_partial_wake_state( 3847): [8,RILJ:com.android.phone]
04-10 22:46:06.539 I/am_proc_start( 3847): [0,21589,1000,com.samsung.SMT,service,com.samsung.SMT/.SamsungTTSService]
04-10 22:46:06.566 I/am_proc_start( 3847): [0,21594,5009,com.samsung.android.scloud,broadcast,com.samsung.android.scloud/.common.SCloudReceiver]
04-10 22:46:06.608 I/am_proc_bound( 3847): [0,21589,com.samsung.SMT]
04-10 22:46:06.621 I/am_proc_bound( 3847): [0,21594,com.samsung.android.scloud]
04-10 22:46:07.165 I/am_uid_idle( 3847): 10153
04-10 22:46:07.390 I/am_pss  ( 3847): [21464,10224,com.whatsapp,108925952,99045376,224256]
04-10 22:46:07.440 I/am_kill ( 3847): [0,12608,com.amazon.kindle,903,15,DHA:cached #25]
04-10 22:46:07.634 I/am_proc_died( 3847): [0,12608,com.amazon.kindle,903,15,122,722]
04-10 22:46:07.638 I/am_uid_stopped( 3847): 10221
04-10 22:46:07.646 I/am_kill ( 3847): [0,12951,com.android.chrome:sandboxed_process0,0,11,isolated not needed]
04-10 22:46:07.709 I/am_proc_died( 3847): [0,12951,com.android.chrome:sandboxed_process0,0,11,169,723]
04-10 22:46:07.709 I/am_uid_stopped( 3847): 99079
04-10 22:46:07.725 I/am_proc_died( 3847): [0,21589,com.samsung.SMT,0,11,169,723]
04-10 22:46:09.900 I/notification_cancel( 3847): [10004,4250,com.android.systemui,2,low_battery,-1,0,1088,8,NULL]
04-10 22:46:09.901 I/notification_cancel( 3847): [10004,4250,com.android.systemui,3,low_battery,-1,0,1088,8,NULL]
04-10 22:46:10.273 I/power_partial_wake_state( 3847): [16,*job*/com.google.android.apps.photos/com.google.android.libraries.social.mediamonitor.MediaMonitorJobSchedulerService:android]
04-10 22:46:11.842 I/am_meminfo( 3847): [179965952,172437504,0,799150080,402709504]
04-10 22:46:12.373 I/am_uid_idle( 3847): 99090
04-10 22:46:12.374 I/am_uid_idle( 3847): 10209
04-10 22:46:12.374 I/am_uid_idle( 3847): 10055
04-10 22:46:12.504 I/am_uid_idle( 3847): 10079
04-10 22:46:12.586 I/am_new_intent( 3847): [0,182850318,2,com.sec.android.app.launcher/.activities.LauncherActivity,android.intent.action.MAIN,NULL,NULL,278921216,android]
04-10 22:46:12.587 I/wm_task_moved( 3847): [2,1,0]
04-10 22:46:12.588 I/am_focused_stack( 3847): [0,0,1,bringingFoundTaskToFront]
04-10 22:46:12.588 I/wm_task_moved( 3847): [2,1,0]
04-10 22:46:12.589 I/am_pause_activity( 3847): [0,234581944,com.whatsapp/.registration.EULA]
04-10 22:46:12.599 I/am_set_resumed_activity( 3847): [0,com.sec.android.app.launcher/.activities.LauncherActivity,resumeTopActivityInnerLocked]
04-10 22:46:12.611 I/am_resume_activity( 3847): [0,123749643,2,com.sec.android.app.launcher/.activities.LauncherActivity]
04-10 22:46:12.615 I/am_task_to_front( 3847): [0,2]
04-10 22:46:12.621 I/sysui_count( 3847): [window_time_0,15]
04-10 22:46:12.621 I/sysui_multi_action( 3847): [757,803,799,window_time_0,802,15]
04-10 22:46:12.622 I/am_stop_activity( 3847): [0,234581944,com.whatsapp/.registration.EULA]
04-10 22:46:12.632 I/am_on_paused_called(21464): [0,com.whatsapp.registration.EULA,handlePauseActivity]
04-10 22:46:12.643 I/am_on_stop_called(21464): [0,com.whatsapp.registration.EULA,handleStopActivity]
04-10 22:46:12.652 I/am_on_resume_called( 5231): [0,com.sec.android.app.launcher.activities.LauncherActivity,RESUME_ACTIVITY]
04-10 22:46:12.706 I/power_partial_wake_state( 3847): [115,*launch*:android]
04-10 22:46:12.771 I/sysui_multi_action( 3847): [319,130,322,133,325,4502,757,761,758,9,759,2,806,com.sec.android.app.launcher,871,com.sec.android.app.launcher.activities.LauncherActivity,905,0]
04-10 22:46:16.527 I/power_partial_wake_state( 3847): [13,RILJ:com.android.phone]
04-10 22:46:16.639 I/am_uid_running( 3847): 10205
04-10 22:46:16.673 I/am_proc_start( 3847): [0,21691,10205,com.king.candycrushjellysaga,activity,com.king.candycrushjellysaga/.StritzActivity]
04-10 22:46:16.715 I/am_new_intent( 3847): [0,242638531,32,com.king.candycrushjellysaga/.StritzActivity,android.intent.action.MAIN,NULL,NULL,270532608,com.sec.android.app.launcher]
04-10 22:46:16.715 I/wm_task_moved( 3847): [32,1,31]
04-10 22:46:16.716 I/am_focused_stack( 3847): [0,1,0,bringingFoundTaskToFront]
04-10 22:46:16.716 I/wm_task_moved( 3847): [32,1,31]
04-10 22:46:16.717 I/am_pause_activity( 3847): [0,123749643,com.sec.android.app.launcher/.activities.LauncherActivity]
04-10 22:46:16.719 I/am_task_to_front( 3847): [0,32]
04-10 22:46:16.722 I/am_proc_bound( 3847): [0,21691,com.king.candycrushjellysaga]
04-10 22:46:16.733 I/am_on_paused_called( 5231): [0,com.sec.android.app.launcher.activities.LauncherActivity,handlePauseActivity]
04-10 22:46:16.747 I/am_uid_active( 3847): 10205
04-10 22:46:16.747 I/am_restart_activity( 3847): [0,150686113,32,com.king.candycrushjellysaga/.StritzActivity]
04-10 22:46:16.748 I/am_set_resumed_activity( 3847): [0,com.king.candycrushjellysaga/.StritzActivity,minimalResumeActivityLocked]
04-10 22:46:16.775 I/sysui_count( 3847): [window_time_0,4]
04-10 22:46:16.775 I/sysui_multi_action( 3847): [757,803,799,window_time_0,802,4]
04-10 22:46:16.866 I/force_gc( 3847): Binder
04-10 22:46:17.201 I/am_proc_start( 3847): [0,21755,1000,com.samsung.android.securitylogagent,broadcast,com.samsung.android.securitylogagent/.receivers.SeDenialReceiver]
04-10 22:46:17.226 I/am_proc_bound( 3847): [0,21755,com.samsung.android.securitylogagent]
04-10 22:46:17.495 I/am_on_resume_called(21691): [0,com.king.candycrushjellysaga.StritzActivity,LAUNCH_ACTIVITY]
04-10 22:46:17.627 I/power_partial_wake_state( 3847): [909,*launch*:android]
04-10 22:46:17.765 I/sysui_multi_action( 3847): [319,101,321,101,322,1070,325,4506,757,761,758,9,759,1,806,com.king.candycrushjellysaga,871,com.king.candycrushjellysaga.StritzActivity,905,0]
04-10 22:46:17.765 I/am_activity_launch_time( 3847): [0,150686113,com.king.candycrushjellysaga/.StritzActivity,1029,1029]
04-10 22:46:17.769 I/am_stop_activity( 3847): [0,123749643,com.sec.android.app.launcher/.activities.LauncherActivity]
04-10 22:46:17.772 I/am_on_stop_called( 5231): [0,com.sec.android.app.launcher.activities.LauncherActivity,handleStopActivity]
04-10 22:46:19.988 I/notification_cancel( 3847): [10004,4250,com.android.systemui,2,low_battery,-1,0,1088,8,NULL]
04-10 22:46:19.989 I/notification_cancel( 3847): [10004,4250,com.android.systemui,3,low_battery,-1,0,1088,8,NULL]
04-10 22:46:20.593 I/power_partial_wake_state( 3847): [3001,AudioMix:audioserver]
04-10 22:46:20.593 I/power_partial_wake_state( 3847): [3001,AudioMix:audioserver]
04-10 22:46:22.317 I/am_uid_active( 3847): 10055
04-10 22:46:23.383 I/am_pss  ( 3847): [21199,10220,com.amazon.sellermobile.android,62994432,48439296,221184]
04-10 22:46:23.411 I/am_pss  ( 3847): [21253,99091,com.android.chrome:sandboxed_process0,44680192,18399232,459776]
04-10 22:46:26.772 I/power_partial_wake_state( 3847): [3747,PKMService:android]
04-10 22:46:27.371 I/am_pss  ( 3847): [21691,10205,com.king.candycrushjellysaga,355306496,348143616,217088]
04-10 22:46:27.497 I/am_kill ( 3847): [0,19667,com.android.printspooler,904,17,DHA:empty #16]
04-10 22:46:27.499 I/am_kill ( 3847): [0,19931,com.sec.android.provider.badge,906,17,DHA:empty #16]
04-10 22:46:27.556 I/am_proc_died( 3847): [0,19931,com.sec.android.provider.badge,906,17,166,498]
04-10 22:46:27.558 I/am_uid_stopped( 3847): 10006
04-10 22:46:27.568 I/am_proc_died( 3847): [0,19667,com.android.printspooler,904,17,165,497]
04-10 22:46:27.568 I/am_uid_stopped( 3847): 10157
04-10 22:46:27.644 I/power_partial_wake_state( 3847): [45,*alarm*:android]
04-10 22:46:27.649 I/am_pss  ( 3847): [19124,10030,com.google.android.gms,57766912,30420992,24088576]
04-10 22:46:27.692 I/am_pss  ( 3847): [21129,99009,com.android.chrome:sandboxed_process0,35257344,20369408,13666304]
04-10 22:46:30.111 I/notification_cancel( 3847): [10004,4250,com.android.systemui,2,low_battery,-1,0,1088,8,NULL]
04-10 22:46:30.112 I/notification_cancel( 3847): [10004,4250,com.android.systemui,3,low_battery,-1,0,1088,8,NULL]
04-10 22:46:30.640 I/power_partial_wake_state( 3847): [3001,com.whatsapp:sendinactive:com.whatsapp]
04-10 22:46:32.764 I/am_pss  ( 3847): [21464,10224,com.whatsapp,54663168,46014464,230400]
04-10 22:46:33.751 I/am_uid_idle( 3847): 10202
04-10 22:46:35.307 I/am_pss  ( 3847): [12017,10055,com.android.vending,74143744,49180672,23897088]
04-10 22:46:37.712 I/am_pss  ( 3847): [5371,10092,com.google.android.googlequicksearchbox:search,60213248,29888512,29539328]
04-10 22:46:37.787 I/am_pss  ( 3847): [19655,10126,com.enhance.gameservice,17556480,10719232,4707328]
04-10 22:46:37.861 I/am_pss  ( 3847): [20083,10028,com.samsung.android.game.gametools,11815936,8335360,780288]
04-10 22:46:37.933 I/am_pss  ( 3847): [21594,5009,com.samsung.android.scloud,21950464,18227200,263168]
04-10 22:46:39.258 I/force_gc( 3847): Binder
04-10 22:46:39.394 I/am_pss  ( 3847): [5231,10090,com.sec.android.app.launcher,92200960,57783296,31965184]
04-10 22:46:40.208 I/notification_cancel( 3847): [10004,4250,com.android.systemui,2,low_battery,-1,0,1088,8,NULL]
04-10 22:46:40.209 I/notification_cancel( 3847): [10004,4250,com.android.systemui,3,low_battery,-1,0,1088,8,NULL]
04-10 22:46:40.895 I/content_query_sample( 5628): contents_sample_state: [CONTACT contacts(0) data(0) accounts({}) accounts deleted({}) calls([]) countryIso(KR) userId(0)  ]
04-10 22:46:40.895 I/content_query_sample( 5628): contents_sample_state: [ agr({})  ]
04-10 22:46:40.895 I/content_query_sample( 5628): contents_sample_state: [ actCnt({android.process.acore(5628)=1})  ]
04-10 22:46:40.895 I/content_query_sample( 5628): contents_sample_state: [PROFILE contacts(0) data(0) accounts({})  ]
04-10 22:46:40.895 I/content_query_sample( 5628): contents_sample_state: [SAPROFILE contacts(1) data(1) accounts({vnd.sec.contact.phone (1)=1})  ]
04-10 22:46:43.469 I/am_pss  ( 3847): [19543,10198,com.google.android.apps.photos,24662016,10412032,12047360]
04-10 22:46:46.577 I/am_pss  ( 3847): [4228,10165,com.sec.android.inputmethod,33869824,7262208,25943040]
04-10 22:46:46.648 I/am_pss  ( 3847): [4447,5013,com.sec.location.nsflp2,16848896,942080,15398912]
04-10 22:46:46.649 I/power_partial_wake_state( 3847): [0,RILJ:com.android.phone]
04-10 22:46:47.582 I/power_partial_wake_state( 3847): [4,*alarm*:android]
04-10 22:46:47.586 I/power_partial_wake_state( 3847): [5,MotionRecognitionSensorChecker:android]
04-10 22:46:47.653 I/am_pss  ( 3847): [21755,1000,com.samsung.android.securitylogagent,9143296,6815744,289792]
04-10 22:46:49.294 I/am_uid_active( 3847): 10079
04-10 22:46:49.351 I/am_pss  ( 3847): [4764,1001,com.sec.phone,6374400,4096,5955584]
04-10 22:46:50.301 I/notification_cancel( 3847): [10004,4250,com.android.systemui,2,low_battery,-1,0,1088,8,NULL]
04-10 22:46:50.302 I/notification_cancel( 3847): [10004,4250,com.android.systemui,3,low_battery,-1,0,1088,8,NULL]
04-10 22:46:51.123 I/am_pss  ( 3847): [4741,10030,com.google.android.gms.persistent,71242752,45445120,23545856]
04-10 22:46:51.269 I/am_pss  ( 3847): [5055,10092,com.google.android.googlequicksearchbox:interactor,33048576,618496,31805440]
04-10 22:46:51.333 I/am_pss  ( 3847): [4898,1000,com.samsung.android.MtpApplication,8504320,761856,7271424]
04-10 22:46:53.233 I/am_uid_idle( 3847): 99091
04-10 22:46:53.234 I/am_uid_idle( 3847): 10220
04-10 22:47:00.033 I/power_partial_wake_state( 3847): [33,*alarm*:android]
04-10 22:47:00.060 I/am_pss  ( 3847): [19124,10030,com.google.android.gms,57539584,30093312,24076288]
04-10 22:47:00.087 I/am_pss  ( 3847): [21129,99009,com.android.chrome:sandboxed_process0,38030336,23142400,13666304]
04-10 22:47:00.111 I/am_pss  ( 3847): [19716,10030,com.google.process.gapps,9286656,2428928,5177344]
04-10 22:47:00.400 I/notification_cancel( 3847): [10004,4250,com.android.systemui,2,low_battery,-1,0,1088,8,NULL]
04-10 22:47:00.400 I/notification_cancel( 3847): [10004,4250,com.android.systemui,3,low_battery,-1,0,1088,8,NULL]
04-10 22:47:00.825 I/am_pss  ( 3847): [6718,10013,com.samsung.android.app.cocktailbarservice,23377920,5306368,17358848]
04-10 22:47:02.792 I/am_meminfo( 3847): [108519424,129478656,0,793526272,335891456]
04-10 22:47:03.614 I/am_new_intent( 3847): [0,115712293,2,com.sec.android.app.launcher/.activities.LauncherActivity,android.intent.action.MAIN,NULL,NULL,278921216,android]
04-10 22:47:03.614 I/wm_task_moved( 3847): [2,1,0]
04-10 22:47:03.615 I/am_focused_stack( 3847): [0,0,1,bringingFoundTaskToFront]
04-10 22:47:03.615 I/wm_task_moved( 3847): [2,1,0]
04-10 22:47:03.616 I/am_pause_activity( 3847): [0,150686113,com.king.candycrushjellysaga/.StritzActivity]
04-10 22:47:03.623 I/am_set_resumed_activity( 3847): [0,com.sec.android.app.launcher/.activities.LauncherActivity,resumeTopActivityInnerLocked]
04-10 22:47:03.628 I/am_resume_activity( 3847): [0,123749643,2,com.sec.android.app.launcher/.activities.LauncherActivity]
04-10 22:47:03.635 I/am_task_to_front( 3847): [0,2]
04-10 22:47:03.638 I/sysui_count( 3847): [window_time_0,47]
04-10 22:47:03.638 I/sysui_multi_action( 3847): [757,803,799,window_time_0,802,47]
04-10 22:47:03.638 I/notification_cancel_all( 3847): [10205,21691,com.king.candycrushjellysaga,0,0,64,9,NULL]
04-10 22:47:03.639 I/am_on_paused_called(21691): [0,com.king.candycrushjellysaga.StritzActivity,handlePauseActivity]
04-10 22:47:03.645 I/am_stop_activity( 3847): [0,150686113,com.king.candycrushjellysaga/.StritzActivity]
04-10 22:47:03.670 I/am_on_resume_called( 5231): [0,com.sec.android.app.launcher.activities.LauncherActivity,RESUME_ACTIVITY]
04-10 22:47:03.674 I/notification_cancel( 3847): [10028,20083,com.samsung.android.game.gametools,2131492873,NULL,0,0,1088,8,NULL]
04-10 22:47:03.698 I/notification_cancel( 3847): [10028,20083,com.samsung.android.game.gametools,2131492869,NULL,0,0,1088,8,NULL]
04-10 22:47:03.734 I/power_partial_wake_state( 3847): [117,*launch*:android]
04-10 22:47:03.743 I/am_on_stop_called(21691): [0,com.king.candycrushjellysaga.StritzActivity,handleStopActivity]
04-10 22:47:03.791 I/am_kill ( 3847): [0,21594,com.samsung.android.scloud,902,17,DHA:empty #13]
04-10 22:47:03.791 I/am_kill ( 3847): [0,19578,com.samsung.android.sm.policy,902,17,DHA:empty #13]
04-10 22:47:03.792 I/sysui_multi_action( 3847): [319,128,322,131,325,4553,757,761,758,9,759,2,806,com.sec.android.app.launcher,871,com.sec.android.app.launcher.activities.LauncherActivity,905,0]
04-10 22:47:03.888 I/am_proc_died( 3847): [0,19578,com.samsung.android.sm.policy,902,17,42,583]
04-10 22:47:03.888 I/am_uid_stopped( 3847): 10153
04-10 22:47:03.892 I/am_proc_died( 3847): [0,21594,com.samsung.android.scloud,902,17,42,583]
04-10 22:47:03.923 I/am_kill ( 3847): [0,19543,com.google.android.apps.photos,902,17,DHA:empty #11]
04-10 22:47:03.924 I/am_kill ( 3847): [0,20038,com.samsung.android.dqagent,902,17,DHA:empty #11]
04-10 22:47:03.988 I/am_proc_died( 3847): [0,20038,com.samsung.android.dqagent,902,17,65,575]
04-10 22:47:03.995 I/am_proc_died( 3847): [0,19543,com.google.android.apps.photos,902,17,67,574]
04-10 22:47:03.996 I/am_uid_stopped( 3847): 10198
04-10 22:47:05.816 I/am_uid_running( 3847): 10198
04-10 22:47:05.842 I/am_proc_start( 3847): [0,22155,10198,com.google.android.apps.photos,service,com.google.android.apps.photos/com.google.android.libraries.social.mediamonitor.MediaMonitorJobSchedulerService]
04-10 22:47:05.911 I/am_proc_bound( 3847): [0,22155,com.google.android.apps.photos]
04-10 22:47:06.657 I/power_partial_wake_state( 3847): [8,RILJ:com.android.phone]
04-10 22:47:06.712 I/power_partial_wake_state( 3847): [344,*job*/com.google.android.apps.photos/com.google.android.libraries.social.mediamonitor.MediaMonitorJobSchedulerService:android]
04-10 22:47:06.756 I/power_partial_wake_state( 3847): [2941,AudioMix:audioserver]
04-10 22:47:07.503 I/am_uid_running( 3847): 10203
04-10 22:47:07.516 I/am_proc_start( 3847): [0,22203,10203,com.king.candycrushsaga,activity,com.king.candycrushsaga/.CandyCrushSagaActivity]
04-10 22:47:07.547 I/am_new_intent( 3847): [0,113018436,33,com.king.candycrushsaga/.CandyCrushSagaActivity,android.intent.action.MAIN,NULL,NULL,270532608,com.sec.android.app.launcher]
04-10 22:47:07.547 I/wm_task_moved( 3847): [33,1,31]
04-10 22:47:07.548 I/am_focused_stack( 3847): [0,1,0,bringingFoundTaskToFront]
04-10 22:47:07.548 I/wm_task_moved( 3847): [33,1,31]
04-10 22:47:07.549 I/am_pause_activity( 3847): [0,123749643,com.sec.android.app.launcher/.activities.LauncherActivity]
04-10 22:47:07.551 I/am_task_to_front( 3847): [0,33]
04-10 22:47:07.554 I/am_proc_bound( 3847): [0,22203,com.king.candycrushsaga]
04-10 22:47:07.565 I/am_on_paused_called( 5231): [0,com.sec.android.app.launcher.activities.LauncherActivity,handlePauseActivity]
04-10 22:47:07.571 I/am_uid_active( 3847): 10203
04-10 22:47:07.571 I/am_restart_activity( 3847): [0,107469450,33,com.king.candycrushsaga/.CandyCrushSagaActivity]
04-10 22:47:07.573 I/am_set_resumed_activity( 3847): [0,com.king.candycrushsaga/.CandyCrushSagaActivity,minimalResumeActivityLocked]
04-10 22:47:07.601 I/sysui_count( 3847): [window_time_0,4]
04-10 22:47:07.601 I/sysui_multi_action( 3847): [757,803,799,window_time_0,802,4]
04-10 22:47:08.099 I/am_on_resume_called(22203): [0,com.king.candycrushsaga.CandyCrushSagaActivity,LAUNCH_ACTIVITY]
04-10 22:47:08.252 I/power_partial_wake_state( 3847): [702,*launch*:android]
04-10 22:47:08.270 I/force_gc( 3847): Binder
04-10 22:47:08.478 I/sysui_multi_action( 3847): [319,106,321,106,322,958,325,4557,757,761,758,9,759,1,806,com.king.candycrushsaga,871,com.king.candycrushsaga.CandyCrushSagaActivity,905,0]
04-10 22:47:08.478 I/am_activity_launch_time( 3847): [0,107469450,com.king.candycrushsaga/.CandyCrushSagaActivity,906,906]
04-10 22:47:08.482 I/am_stop_activity( 3847): [0,123749643,com.sec.android.app.launcher/.activities.LauncherActivity]
04-10 22:47:08.486 I/am_on_stop_called( 5231): [0,com.sec.android.app.launcher.activities.LauncherActivity,handleStopActivity]
04-10 22:47:09.099 I/am_kill ( 3847): [0,19716,com.google.process.gapps,902,17,DHA:empty #11]
04-10 22:47:09.099 I/am_kill ( 3847): [0,21755,com.samsung.android.securitylogagent,902,17,DHA:empty #11]
04-10 22:47:09.139 I/am_proc_died( 3847): [0,21755,com.samsung.android.securitylogagent,902,17,102,533]
04-10 22:47:09.143 I/am_proc_died( 3847): [0,19716,com.google.process.gapps,902,17,102,533]
04-10 22:47:09.653 I/am_kill ( 3847): [0,22155,com.google.android.apps.photos,902,17,DHA:empty #10]
04-10 22:47:09.653 I/am_kill ( 3847): [0,20256,com.sec.android.app.soundalive,902,17,DHA:empty #10]
04-10 22:47:09.700 I/am_proc_died( 3847): [0,20256,com.sec.android.app.soundalive,902,17,103,537]
04-10 22:47:09.701 I/am_uid_stopped( 3847): 10079
04-10 22:47:09.708 I/am_proc_died( 3847): [0,22155,com.google.android.apps.photos,902,17,100,537]
04-10 22:47:09.708 I/am_uid_stopped( 3847): 10198
04-10 22:47:10.347 I/am_kill ( 3847): [0,13217,org.mozilla.firefox:tab34,901,16,DHA:cached #23]
04-10 22:47:10.383 I/am_proc_died( 3847): [0,13217,org.mozilla.firefox:tab34,901,16,106,524]
04-10 22:47:10.384 I/am_schedule_service_restart( 3847): [0,org.mozilla.firefox/org.mozilla.gecko.process.GeckoChildProcessServices$tab34,1000]
04-10 22:47:10.488 I/notification_cancel( 3847): [10004,4250,com.android.systemui,2,low_battery,-1,0,1088,8,NULL]
04-10 22:47:10.488 I/notification_cancel( 3847): [10004,4250,com.android.systemui,3,low_battery,-1,0,1088,8,NULL]
04-10 22:47:10.503 I/am_kill ( 3847): [0,19980,com.samsung.faceservice,904,17,DHA:empty #9]
04-10 22:47:10.563 I/am_proc_died( 3847): [0,19980,com.samsung.faceservice,904,17,114,533]
04-10 22:47:10.564 I/am_schedule_service_restart( 3847): [0,com.samsung.faceservice/.FaceService,1000]
04-10 22:47:10.567 I/am_kill ( 3847): [0,13284,org.mozilla.firefox:gpu,903,16,DHA:cached #22]
04-10 22:47:10.640 I/am_proc_died( 3847): [0,13284,org.mozilla.firefox:gpu,903,16,119,534]
04-10 22:47:10.640 I/am_schedule_service_restart( 3847): [0,org.mozilla.firefox/org.mozilla.gecko.process.GeckoChildProcessServices$gpu,21996]
04-10 22:47:10.756 I/notification_cancel_all( 3847): [10203,22203,com.king.candycrushsaga,0,0,64,9,NULL]
04-10 22:47:11.080 I/power_partial_wake_state( 3847): [3000,AudioMix:audioserver]
04-10 22:47:11.087 I/power_partial_wake_state( 3847): [3007,AudioMix:audioserver]
04-10 22:47:11.578 I/am_proc_start( 3847): [0,22355,5004,com.samsung.faceservice,service,com.samsung.faceservice/.FaceService]
04-10 22:47:11.599 I/am_proc_bound( 3847): [0,22355,com.samsung.faceservice]
04-10 22:47:11.697 I/am_kill ( 3847): [0,13124,org.mozilla.firefox,901,15,DHA:cached #21]
04-10 22:47:11.872 I/am_proc_died( 3847): [0,13124,org.mozilla.firefox,901,15,53,524]
04-10 22:47:11.872 I/am_uid_stopped( 3847): 10231
04-10 22:47:11.910 I/am_kill ( 3847): [0,13502,com.coinbase.android,901,15,DHA:cached #20]
04-10 22:47:12.087 I/am_kill ( 3847): [0,17210,android.process.media,906,17,DHA:empty #9]
04-10 22:47:12.144 I/am_proc_died( 3847): [0,17210,android.process.media,906,17,137,525]
04-10 22:47:12.144 I/am_uid_stopped( 3847): 10051
04-10 22:47:12.193 I/am_proc_died( 3847): [0,13502,com.coinbase.android,901,15,138,526]
04-10 22:47:12.196 I/am_uid_stopped( 3847): 10211
04-10 22:47:12.199 I/am_kill ( 3847): [0,13691,com.android.chrome:sandboxed_process0,0,11,isolated not needed]
04-10 22:47:12.223 I/am_proc_died( 3847): [0,13691,com.android.chrome:sandboxed_process0,0,11,140,526]
04-10 22:47:12.223 I/am_uid_stopped( 3847): 99080
04-10 22:47:12.580 I/am_uid_running( 3847): 10051
04-10 22:47:12.591 I/am_proc_start( 3847): [0,22399,10051,android.process.media,broadcast,com.android.providers.media/.MediaScannerReceiver]
04-10 22:47:12.615 I/am_proc_bound( 3847): [0,22399,android.process.media]
04-10 22:47:12.883 I/am_proc_start( 3847): [0,22417,5009,com.samsung.android.scloud,content provider,com.samsung.android.scloud/.cloudagent.CloudProvider]
04-10 22:47:12.906 I/am_proc_bound( 3847): [0,22417,com.samsung.android.scloud]
04-10 22:47:15.021 I/storaged_disk_stats( 3500): [stalled,4445237,4505238,8760,4023,825776,4956,1320,1546,40920,1596,0,2656,6524]
04-10 22:47:15.151 I/am_proc_start( 3847): [0,22480,10030,com.google.process.gapps,content provider,com.google.android.gsf/.settings.GoogleSettingsProvider]
04-10 22:47:15.174 I/am_proc_bound( 3847): [0,22480,com.google.process.gapps]
04-10 22:47:18.758 I/am_pss  ( 3847): [22203,10203,com.king.candycrushsaga,190537728,181702656,248832]
04-10 22:47:18.801 I/am_pss  ( 3847): [19124,10030,com.google.android.gms,56374272,28094464,25845760]
04-10 22:47:18.826 I/am_pss  ( 3847): [21129,99009,com.android.chrome:sandboxed_process0,37714944,21721088,15099904]
04-10 22:47:20.602 I/notification_cancel( 3847): [10004,4250,com.android.systemui,2,low_battery,-1,0,1088,8,NULL]
04-10 22:47:20.602 I/notification_cancel( 3847): [10004,4250,com.android.systemui,3,low_battery,-1,0,1088,8,NULL]
04-10 22:47:22.273 I/am_meminfo( 3847): [172580864,94932992,0,775290880,337426432]
04-10 22:47:22.660 I/am_proc_start( 3847): [0,22516,5004,com.samsung.storyservice,service,com.samsung.storyservice/.StoryService]
04-10 22:47:22.708 I/am_proc_bound( 3847): [0,22516,com.samsung.storyservice]
04-10 22:47:22.989 I/am_new_intent( 3847): [0,67156693,2,com.sec.android.app.launcher/.activities.LauncherActivity,android.intent.action.MAIN,NULL,NULL,278921216,android]
04-10 22:47:22.989 I/wm_task_moved( 3847): [2,1,0]
04-10 22:47:22.990 I/am_focused_stack( 3847): [0,0,1,bringingFoundTaskToFront]
04-10 22:47:22.990 I/wm_task_moved( 3847): [2,1,0]
04-10 22:47:22.990 I/am_pause_activity( 3847): [0,107469450,com.king.candycrushsaga/.CandyCrushSagaActivity]
04-10 22:47:22.997 I/am_set_resumed_activity( 3847): [0,com.sec.android.app.launcher/.activities.LauncherActivity,resumeTopActivityInnerLocked]
04-10 22:47:23.003 I/am_resume_activity( 3847): [0,123749643,2,com.sec.android.app.launcher/.activities.LauncherActivity]
04-10 22:47:23.003 I/am_on_paused_called(22203): [0,com.king.candycrushsaga.CandyCrushSagaActivity,handlePauseActivity]
04-10 22:47:23.005 I/am_task_to_front( 3847): [0,2]
04-10 22:47:23.009 I/notification_cancel_all( 3847): [10203,22203,com.king.candycrushsaga,0,0,64,9,NULL]
04-10 22:47:23.011 I/sysui_count( 3847): [window_time_0,16]
04-10 22:47:23.011 I/sysui_multi_action( 3847): [757,803,799,window_time_0,802,16]
04-10 22:47:23.014 I/am_stop_activity( 3847): [0,107469450,com.king.candycrushsaga/.CandyCrushSagaActivity]
04-10 22:47:23.043 I/notification_cancel( 3847): [10028,20083,com.samsung.android.game.gametools,2131492873,NULL,0,0,1088,8,NULL]
04-10 22:47:23.048 I/am_on_resume_called( 5231): [0,com.sec.android.app.launcher.activities.LauncherActivity,RESUME_ACTIVITY]
04-10 22:47:23.060 I/notification_cancel( 3847): [10028,20083,com.samsung.android.game.gametools,2131492869,NULL,0,0,1088,8,NULL]
04-10 22:47:23.091 I/am_on_stop_called(22203): [0,com.king.candycrushsaga.CandyCrushSagaActivity,handleStopActivity]
04-10 22:47:23.121 I/power_partial_wake_state( 3847): [129,*launch*:android]
04-10 22:47:23.192 I/sysui_multi_action( 3847): [319,138,322,141,325,4573,757,761,758,9,759,2,806,com.sec.android.app.launcher,871,com.sec.android.app.launcher.activities.LauncherActivity,905,0]
04-10 22:47:25.774 I/am_uid_running( 3847): 10198
04-10 22:47:25.809 I/am_proc_start( 3847): [0,22559,10198,com.google.android.apps.photos,service,com.google.android.apps.photos/com.google.android.libraries.social.mediamonitor.MediaMonitorJobSchedulerService]
04-10 22:47:25.876 I/am_proc_bound( 3847): [0,22559,com.google.android.apps.photos]
04-10 22:47:26.128 I/power_partial_wake_state( 3847): [2936,AudioMix:audioserver]
04-10 22:47:26.684 I/power_partial_wake_state( 3847): [316,*job*/com.google.android.apps.photos/com.google.android.libraries.social.mediamonitor.MediaMonitorJobSchedulerService:android]
04-10 22:47:26.688 I/am_kill ( 3847): [0,13901,com.king.candycrushsodasaga,903,15,DHA:cached #20]
04-10 22:47:26.727 I/power_partial_wake_state( 3847): [11,RILJ:com.android.phone]
04-10 22:47:26.929 I/am_uid_running( 3847): 10206
04-10 22:47:26.950 I/am_proc_start( 3847): [0,22603,10206,com.nytimes.crossword,activity,com.nytimes.crossword/com.nytimes.crosswordlib.activity.MainActivity]
04-10 22:47:26.973 I/wm_task_moved( 3847): [34,1,31]
04-10 22:47:26.974 I/am_focused_stack( 3847): [0,1,0,bringingFoundTaskToFront]
04-10 22:47:26.974 I/wm_task_moved( 3847): [34,1,31]
04-10 22:47:26.975 I/am_pause_activity( 3847): [0,123749643,com.sec.android.app.launcher/.activities.LauncherActivity]
04-10 22:47:26.977 I/am_task_to_front( 3847): [0,34]
04-10 22:47:26.978 I/am_new_intent( 3847): [0,42041761,34,com.nytimes.crossword/com.nytimes.crosswordlib.activity.MainActivity,android.intent.action.MAIN,NULL,NULL,274726912,com.sec.android.app.launcher]
04-10 22:47:26.991 I/am_proc_bound( 3847): [0,22603,com.nytimes.crossword]
04-10 22:47:26.991 I/am_on_paused_called( 5231): [0,com.sec.android.app.launcher.activities.LauncherActivity,handlePauseActivity]
04-10 22:47:27.009 I/am_uid_active( 3847): 10206
04-10 22:47:27.010 I/am_restart_activity( 3847): [0,265887756,34,com.nytimes.crossword/com.nytimes.crosswordlib.activity.MainActivity]
04-10 22:47:27.011 I/am_set_resumed_activity( 3847): [0,com.nytimes.crossword/com.nytimes.crosswordlib.activity.MainActivity,minimalResumeActivityLocked]
04-10 22:47:27.057 I/am_proc_died( 3847): [0,13901,com.king.candycrushsodasaga,903,15,244,559]
04-10 22:47:27.058 I/am_uid_stopped( 3847): 10204
04-10 22:47:27.061 I/am_kill ( 3847): [0,14291,com.android.chrome:sandboxed_process0,0,11,isolated not needed]
04-10 22:47:27.063 I/sysui_count( 3847): [window_time_0,4]
04-10 22:47:27.063 I/sysui_multi_action( 3847): [757,803,799,window_time_0,802,4]
04-10 22:47:27.120 I/am_proc_died( 3847): [0,14291,com.android.chrome:sandboxed_process0,0,11,231,570]
04-10 22:47:27.120 I/am_uid_stopped( 3847): 99081
04-10 22:47:27.148 I/force_gc( 3847): Binder
04-10 22:47:28.495 I/am_on_resume_called(22603): [0,com.nytimes.crosswordlib.activity.MainActivity,LAUNCH_ACTIVITY]
04-10 22:47:28.832 I/am_uid_running( 3847): 99092
04-10 22:47:28.919 I/am_proc_start( 3847): [0,22799,99092,com.android.chrome:sandboxed_process0,webview_service,com.nytimes.crossword/org.chromium.content.app.SandboxedProcessService0]
04-10 22:47:29.004 I/liblog  (22603): 1
04-10 22:47:29.023 I/liblog  (22603): 22
04-10 22:47:29.303 I/am_proc_bound( 3847): [0,22799,com.android.chrome:sandboxed_process0]
04-10 22:47:29.306 I/am_uid_active( 3847): 99092
04-10 22:47:29.887 I/sysui_multi_action( 3847): [319,122,321,121,322,2924,325,4577,757,761,758,9,759,1,806,com.nytimes.crossword,871,com.nytimes.crosswordlib.activity.MainActivity,905,0]
04-10 22:47:29.887 I/am_activity_launch_time( 3847): [0,265887756,com.nytimes.crossword/com.nytimes.crosswordlib.activity.MainActivity,2891,2891]
04-10 22:47:30.012 I/power_partial_wake_state( 3847): [911,*job*/com.nytimes.crossword/androidx.work.impl.background.systemjob.SystemJobService:android]
04-10 22:47:30.048 I/notification_cancel( 3847): [10206,22603,com.nytimes.crossword,10436,NULL,0,0,1088,8,NULL]
04-10 22:47:30.255 I/power_partial_wake_state( 3847): [3278,*launch*:android]
04-10 22:47:30.257 I/am_stop_activity( 3847): [0,123749643,com.sec.android.app.launcher/.activities.LauncherActivity]
04-10 22:47:30.259 I/am_on_stop_called( 5231): [0,com.sec.android.app.launcher.activities.LauncherActivity,handleStopActivity]
04-10 22:47:30.673 I/notification_cancel( 3847): [10004,4250,com.android.systemui,2,low_battery,-1,0,1088,8,NULL]
04-10 22:47:30.674 I/notification_cancel( 3847): [10004,4250,com.android.systemui,3,low_battery,-1,0,1088,8,NULL]
04-10 22:47:34.087 I/am_pss  ( 3847): [21691,10205,com.king.candycrushjellysaga,233233408,227643392,242688]
04-10 22:47:35.124 I/am_pss  ( 3847): [9016,1002,com.android.bluetooth,10252288,12288,9679872]
04-10 22:47:36.759 I/power_partial_wake_state( 3847): [6,RILJ:com.android.phone]
04-10 22:47:37.618 I/am_uid_idle( 3847): 10224
04-10 22:47:37.621 I/am_stop_idle_service( 3847): [10224,com.whatsapp/.messaging.MessageService]
04-10 22:47:37.675 I/am_pss  ( 3847): [22603,10206,com.nytimes.crossword,167511040,153571328,228352]
04-10 22:47:38.044 I/power_partial_wake_state( 3847): [20,IntentOp:.common.broadcast.BackgroundBroadcastReceiverSupport$PersistentReceiverIntentOperation:com.google.android.gms]
04-10 22:47:38.115 I/power_partial_wake_state( 3847): [3,nearby:ENWearableDeviceManager:com.google.android.gms]
04-10 22:47:38.391 I/power_partial_wake_state( 3847): [267,Icing:com.google.android.gms]
04-10 22:47:38.411 I/notification_cancel( 3847): [10030,4741,com.google.android.gms,56933,NULL,0,0,1088,8,NULL]
04-10 22:47:38.411 I/notification_cancel( 3847): [10030,4741,com.google.android.gms,56932,NULL,0,0,1088,8,NULL]
04-10 22:47:38.411 I/notification_cancel( 3847): [10030,4741,com.google.android.gms,56935,NULL,0,0,1088,8,NULL]
04-10 22:47:38.411 I/notification_cancel( 3847): [10030,4741,com.google.android.gms,115357,NULL,0,0,1088,8,NULL]
04-10 22:47:38.411 I/notification_cancel( 3847): [10030,4741,com.google.android.gms,115356,NULL,0,0,1088,8,NULL]
04-10 22:47:38.411 I/notification_cancel( 3847): [10030,4741,com.google.android.gms,115358,NULL,0,0,1088,8,NULL]
04-10 22:47:38.765 I/am_meminfo( 3847): [190595072,92745728,0,778366976,324520960]
04-10 22:47:38.904 I/am_uid_running( 3847): 10157
04-10 22:47:38.921 I/am_proc_start( 3847): [0,22921,10157,com.android.printspooler,service,com.android.printspooler/.model.PrintSpoolerService]
04-10 22:47:38.960 I/am_proc_bound( 3847): [0,22921,com.android.printspooler]
04-10 22:47:38.965 I/am_uid_active( 3847): 10157
04-10 22:47:39.120 I/am_pss  ( 3847): [12017,10055,com.android.vending,61672448,36888576,23788544]
04-10 22:47:39.341 I/am_new_intent( 3847): [0,43977906,2,com.sec.android.app.launcher/.activities.LauncherActivity,android.intent.action.MAIN,NULL,NULL,278921216,android]
04-10 22:47:39.341 I/wm_task_moved( 3847): [2,1,0]
04-10 22:47:39.342 I/am_focused_stack( 3847): [0,0,1,bringingFoundTaskToFront]
04-10 22:47:39.342 I/wm_task_moved( 3847): [2,1,0]
04-10 22:47:39.343 I/am_pause_activity( 3847): [0,265887756,com.nytimes.crossword/com.nytimes.crosswordlib.activity.MainActivity]
04-10 22:47:39.349 I/am_on_paused_called(22603): [0,com.nytimes.crosswordlib.activity.MainActivity,handlePauseActivity]
04-10 22:47:39.349 I/am_set_resumed_activity( 3847): [0,com.sec.android.app.launcher/.activities.LauncherActivity,resumeTopActivityInnerLocked]
04-10 22:47:39.363 I/am_resume_activity( 3847): [0,123749643,2,com.sec.android.app.launcher/.activities.LauncherActivity]
04-10 22:47:39.367 I/am_task_to_front( 3847): [0,2]
04-10 22:47:39.369 I/sysui_count( 3847): [window_time_0,12]
04-10 22:47:39.369 I/sysui_multi_action( 3847): [757,803,799,window_time_0,802,12]
04-10 22:47:39.369 I/am_stop_activity( 3847): [0,265887756,com.nytimes.crossword/com.nytimes.crosswordlib.activity.MainActivity]
04-10 22:47:39.387 I/notification_cancel( 3847): [10028,20083,com.samsung.android.game.gametools,2131492873,NULL,0,0,1088,8,NULL]
04-10 22:47:39.392 I/am_on_resume_called( 5231): [0,com.sec.android.app.launcher.activities.LauncherActivity,RESUME_ACTIVITY]
04-10 22:47:39.408 I/notification_cancel( 3847): [10028,20083,com.samsung.android.game.gametools,2131492869,NULL,0,0,1088,8,NULL]
04-10 22:47:39.439 I/am_on_stop_called(22603): [0,com.nytimes.crosswordlib.activity.MainActivity,handleStopActivity]
04-10 22:47:39.511 I/power_partial_wake_state( 3847): [167,*launch*:android]
04-10 22:47:39.531 I/sysui_multi_action( 3847): [319,119,322,123,325,4589,757,761,758,9,759,2,806,com.sec.android.app.launcher,871,com.sec.android.app.launcher.activities.LauncherActivity,905,0]
04-10 22:47:39.663 I/force_gc( 3847): Binder
04-10 22:47:40.785 I/notification_cancel( 3847): [10004,4250,com.android.systemui,2,low_battery,-1,0,1088,8,NULL]
04-10 22:47:40.789 I/notification_cancel( 3847): [10004,4250,com.android.systemui,3,low_battery,-1,0,1088,8,NULL]
04-10 22:47:41.030 I/content_query_sample( 5628): contents_sample_state: [CONTACT contacts(0) data(0) accounts({}) accounts deleted({}) calls([]) countryIso(KR) userId(0)  ]
04-10 22:47:41.030 I/content_query_sample( 5628): contents_sample_state: [ agr({})  ]
04-10 22:47:41.030 I/content_query_sample( 5628): contents_sample_state: [ actCnt({android.process.acore(5628)=1})  ]
04-10 22:47:41.030 I/content_query_sample( 5628): contents_sample_state: [PROFILE contacts(0) data(0) accounts({})  ]
04-10 22:47:41.030 I/content_query_sample( 5628): contents_sample_state: [SAPROFILE contacts(1) data(1) accounts({vnd.sec.contact.phone (1)=1})  ]
04-10 22:47:41.624 I/power_partial_wake_state( 3847): [22,*job*/com.google.android.apps.photos/com.google.android.libraries.social.mediamonitor.MediaMonitorJobSchedulerService:android]
04-10 22:47:43.414 I/am_uid_running( 3847): 10207
04-10 22:47:43.446 I/am_proc_start( 3847): [0,22977,10207,com.rizwan.simplepdfreader2018,activity,com.rizwan.simplepdfreader2018/.ui.activity.SplashActivity]
04-10 22:47:43.474 I/wm_task_moved( 3847): [35,1,31]
04-10 22:47:43.474 I/am_focused_stack( 3847): [0,1,0,bringingFoundTaskToFront]
04-10 22:47:43.474 I/wm_task_moved( 3847): [35,1,31]
04-10 22:47:43.476 I/am_pause_activity( 3847): [0,123749643,com.sec.android.app.launcher/.activities.LauncherActivity]
04-10 22:47:43.478 I/am_task_to_front( 3847): [0,35]
04-10 22:47:43.488 I/am_proc_bound( 3847): [0,22977,com.rizwan.simplepdfreader2018]
04-10 22:47:43.497 I/am_on_paused_called( 5231): [0,com.sec.android.app.launcher.activities.LauncherActivity,handlePauseActivity]
04-10 22:47:43.500 I/am_uid_active( 3847): 10207
04-10 22:47:43.501 I/am_restart_activity( 3847): [0,91597654,35,com.rizwan.simplepdfreader2018/.ui.activity.MainActivity]
04-10 22:47:43.503 I/am_set_resumed_activity( 3847): [0,com.rizwan.simplepdfreader2018/.ui.activity.MainActivity,minimalResumeActivityLocked]
04-10 22:47:43.522 I/sysui_count( 3847): [window_time_0,4]
04-10 22:47:43.522 I/sysui_multi_action( 3847): [757,803,799,window_time_0,802,4]
04-10 22:47:43.919 I/am_uid_running( 3847): 99093
04-10 22:47:43.946 I/am_proc_start( 3847): [0,23032,99093,com.android.chrome:sandboxed_process0,webview_service,com.rizwan.simplepdfreader2018/org.chromium.content.app.SandboxedProcessService0]
04-10 22:47:44.014 I/am_proc_bound( 3847): [0,23032,com.android.chrome:sandboxed_process0]
04-10 22:47:44.015 I/liblog  (22977): 34
04-10 22:47:44.020 I/am_uid_active( 3847): 99093
04-10 22:47:44.261 I/am_on_resume_called(22977): [0,com.rizwan.simplepdfreader2018.ui.activity.MainActivity,LAUNCH_ACTIVITY]
04-10 22:47:44.423 I/sysui_multi_action( 3847): [319,94,321,94,322,957,325,4593,757,761,758,9,759,1,806,com.rizwan.simplepdfreader2018,871,com.rizwan.simplepdfreader2018.ui.activity.MainActivity,905,0]
04-10 22:47:44.424 I/am_activity_launch_time( 3847): [0,91597654,com.rizwan.simplepdfreader2018/.ui.activity.MainActivity,924,924]
04-10 22:47:44.487 I/force_gc( 4741): Binder
04-10 22:47:44.496 I/notification_cancel( 3847): [10207,22977,com.rizwan.simplepdfreader2018,10436,NULL,0,0,1088,8,NULL]
04-10 22:47:44.531 I/power_partial_wake_state( 3847): [1054,*launch*:android]
04-10 22:47:44.535 I/am_stop_activity( 3847): [0,123749643,com.sec.android.app.launcher/.activities.LauncherActivity]
04-10 22:47:44.537 I/am_on_stop_called( 5231): [0,com.sec.android.app.launcher.activities.LauncherActivity,handleStopActivity]
04-10 22:47:46.801 I/power_partial_wake_state( 3847): [8,RILJ:com.android.phone]
04-10 22:47:46.883 I/power_partial_wake_state( 3847): [0,RILJ:com.android.phone]
04-10 22:47:46.896 I/am_pss  ( 3847): [9708,5006,com.samsung.android.beaconmanager,7278592,4096,6784000]
04-10 22:47:50.256 I/power_partial_wake_state( 3847): [26,IntentOp:.common.broadcast.BackgroundBroadcastReceiverSupport$PersistentReceiverIntentOperation:com.google.android.gms]
04-10 22:47:50.378 I/power_partial_wake_state( 3847): [6,nearby:ENWearableDeviceManager:com.google.android.gms]
04-10 22:47:50.451 I/notification_cancel( 3847): [10030,4741,com.google.android.gms,56933,NULL,0,0,1088,8,NULL]
04-10 22:47:50.451 I/notification_cancel( 3847): [10030,4741,com.google.android.gms,56932,NULL,0,0,1088,8,NULL]
04-10 22:47:50.452 I/notification_cancel( 3847): [10030,4741,com.google.android.gms,56935,NULL,0,0,1088,8,NULL]
04-10 22:47:50.452 I/notification_cancel( 3847): [10030,4741,com.google.android.gms,115357,NULL,0,0,1088,8,NULL]
04-10 22:47:50.452 I/notification_cancel( 3847): [10030,4741,com.google.android.gms,115356,NULL,0,0,1088,8,NULL]
04-10 22:47:50.453 I/notification_cancel( 3847): [10030,4741,com.google.android.gms,115358,NULL,0,0,1088,8,NULL]
04-10 22:47:50.544 I/power_partial_wake_state( 3847): [128,Icing:com.google.android.gms]
04-10 22:47:50.896 I/notification_cancel( 3847): [10004,4250,com.android.systemui,2,low_battery,-1,0,1088,8,NULL]
04-10 22:47:50.898 I/notification_cancel( 3847): [10004,4250,com.android.systemui,3,low_battery,-1,0,1088,8,NULL]
04-10 22:47:51.661 I/am_meminfo( 3847): [139010048,130514944,0,780840960,348814336]
04-10 22:47:52.360 I/am_new_intent( 3847): [0,21702701,2,com.sec.android.app.launcher/.activities.LauncherActivity,android.intent.action.MAIN,NULL,NULL,278921216,android]
04-10 22:47:52.360 I/wm_task_moved( 3847): [2,1,0]
04-10 22:47:52.361 I/am_focused_stack( 3847): [0,0,1,bringingFoundTaskToFront]
04-10 22:47:52.361 I/wm_task_moved( 3847): [2,1,0]
04-10 22:47:52.362 I/am_pause_activity( 3847): [0,91597654,com.rizwan.simplepdfreader2018/.ui.activity.MainActivity]
04-10 22:47:52.369 I/am_on_paused_called(22977): [0,com.rizwan.simplepdfreader2018.ui.activity.MainActivity,handlePauseActivity]
04-10 22:47:52.369 I/am_set_resumed_activity( 3847): [0,com.sec.android.app.launcher/.activities.LauncherActivity,resumeTopActivityInnerLocked]
04-10 22:47:52.377 I/am_resume_activity( 3847): [0,123749643,2,com.sec.android.app.launcher/.activities.LauncherActivity]
04-10 22:47:52.380 I/am_task_to_front( 3847): [0,2]
04-10 22:47:52.393 I/sysui_count( 3847): [window_time_0,9]
04-10 22:47:52.393 I/sysui_multi_action( 3847): [757,803,799,window_time_0,802,9]
04-10 22:47:52.397 I/am_stop_activity( 3847): [0,91597654,com.rizwan.simplepdfreader2018/.ui.activity.MainActivity]
04-10 22:47:52.418 I/am_on_resume_called( 5231): [0,com.sec.android.app.launcher.activities.LauncherActivity,RESUME_ACTIVITY]
04-10 22:47:52.425 I/am_on_stop_called(22977): [0,com.rizwan.simplepdfreader2018.ui.activity.MainActivity,handleStopActivity]
04-10 22:47:52.522 I/power_partial_wake_state( 3847): [159,*launch*:android]
04-10 22:47:52.525 I/sysui_multi_action( 3847): [319,111,322,113,325,4602,757,761,758,9,759,2,806,com.sec.android.app.launcher,871,com.sec.android.app.launcher.activities.LauncherActivity,905,0]
04-10 22:47:53.189 I/am_pss  ( 3847): [22203,10203,com.king.candycrushsaga,148235264,137445376,229376]
04-10 22:47:54.480 I/power_partial_wake_state( 3847): [33,*job*/com.google.android.apps.photos/com.google.android.libraries.social.mediamonitor.MediaMonitorJobSchedulerService:android]
04-10 22:47:56.331 I/am_uid_running( 3847): 10208
04-10 22:47:56.360 I/am_proc_start( 3847): [0,23241,10208,com.yodo1.crossyroad,activity,com.yodo1.crossyroad/com.hipsterwhale.hwutils.OverrideUnityActivity]
04-10 22:47:56.383 I/am_new_intent( 3847): [0,38165496,36,com.yodo1.crossyroad/com.hipsterwhale.hwutils.OverrideUnityActivity,android.intent.action.MAIN,NULL,NULL,270532608,com.sec.android.app.launcher]
04-10 22:47:56.383 I/wm_task_moved( 3847): [36,1,31]
04-10 22:47:56.384 I/am_focused_stack( 3847): [0,1,0,bringingFoundTaskToFront]
04-10 22:47:56.384 I/wm_task_moved( 3847): [36,1,31]
04-10 22:47:56.386 I/am_pause_activity( 3847): [0,123749643,com.sec.android.app.launcher/.activities.LauncherActivity]
04-10 22:47:56.387 I/am_task_to_front( 3847): [0,36]
04-10 22:47:56.392 I/am_proc_bound( 3847): [0,23241,com.yodo1.crossyroad]
04-10 22:47:56.404 I/am_on_paused_called( 5231): [0,com.sec.android.app.launcher.activities.LauncherActivity,handlePauseActivity]
04-10 22:47:56.414 I/am_uid_active( 3847): 10208
04-10 22:47:56.414 I/am_restart_activity( 3847): [0,72211396,36,com.yodo1.crossyroad/com.hipsterwhale.hwutils.OverrideUnityActivity]
04-10 22:47:56.424 I/am_set_resumed_activity( 3847): [0,com.yodo1.crossyroad/com.hipsterwhale.hwutils.OverrideUnityActivity,minimalResumeActivityLocked]
04-10 22:47:56.435 I/sysui_count( 3847): [window_time_0,4]
04-10 22:47:56.435 I/sysui_multi_action( 3847): [757,803,799,window_time_0,802,4]
04-10 22:47:56.836 I/power_partial_wake_state( 3847): [7,RILJ:com.android.phone]
04-10 22:47:57.042 I/am_on_resume_called(23241): [0,com.hipsterwhale.hwutils.OverrideUnityActivity,LAUNCH_ACTIVITY]
04-10 22:47:57.155 I/am_pss  ( 3847): [22480,10030,com.google.process.gapps,10117120,7778304,285696]
04-10 22:47:57.165 I/power_partial_wake_state( 3847): [778,*launch*:android]
04-10 22:47:57.175 I/sysui_multi_action( 3847): [319,74,321,74,322,795,325,4606,757,761,758,9,759,1,806,com.yodo1.crossyroad,871,com.hipsterwhale.hwutils.OverrideUnityActivity,905,0]
04-10 22:47:57.175 I/am_activity_launch_time( 3847): [0,72211396,com.yodo1.crossyroad/com.hipsterwhale.hwutils.OverrideUnityActivity,770,770]
04-10 22:47:57.180 I/am_stop_activity( 3847): [0,123749643,com.sec.android.app.launcher/.activities.LauncherActivity]
04-10 22:47:57.182 I/am_on_stop_called( 5231): [0,com.sec.android.app.launcher.activities.LauncherActivity,handleStopActivity]
04-10 22:47:57.793 I/am_uid_running( 3847): 10079
04-10 22:47:57.818 I/am_proc_start( 3847): [0,23371,10079,com.sec.android.app.soundalive,content provider,com.sec.android.app.soundalive/.compatibility.SAContentProvider]
04-10 22:47:57.848 I/am_proc_bound( 3847): [0,23371,com.sec.android.app.soundalive]
04-10 22:47:57.852 I/am_uid_active( 3847): 10079
04-10 22:47:59.148 I/am_kill ( 3847): [0,14384,com.gokids.transport2,903,15,DHA:cached #21]
04-10 22:47:59.425 I/am_proc_died( 3847): [0,14675,com.android.chrome:sandboxed_process0,903,16,167,522]
04-10 22:47:59.427 I/am_schedule_service_restart( 3847): [0,com.gokids.transport2/org.chromium.content.app.SandboxedProcessService0,1000]
04-10 22:47:59.431 I/am_uid_stopped( 3847): 99082
04-10 22:47:59.469 I/am_proc_died( 3847): [0,14384,com.gokids.transport2,903,15,196,525]
04-10 22:47:59.470 I/am_uid_stopped( 3847): 10216
04-10 22:48:00.104 I/power_partial_wake_state( 3847): [35,*alarm*:android]
04-10 22:48:00.772 I/power_partial_wake_state( 3847): [3009,AudioMix:audioserver]
04-10 22:48:00.991 I/notification_cancel( 3847): [10004,4250,com.android.systemui,2,low_battery,-1,0,1088,8,NULL]
04-10 22:48:00.991 I/notification_cancel( 3847): [10004,4250,com.android.systemui,3,low_battery,-1,0,1088,8,NULL]
04-10 22:48:03.650 I/am_uid_idle( 3847): 10205
04-10 22:48:06.568 I/am_pss  ( 3847): [23241,10208,com.yodo1.crossyroad,387460096,372477952,240640]
04-10 22:48:06.728 I/notification_cancel_all( 3847): [10208,23241,com.yodo1.crossyroad,0,0,64,9,NULL]
04-10 22:48:08.412 I/am_pss  ( 3847): [21464,10224,com.whatsapp,41771008,18722816,19066880]
04-10 22:48:08.532 I/force_gc( 3847): Binder
04-10 22:48:08.987 I/am_uid_running( 3847): 99094
04-10 22:48:09.068 I/am_proc_start( 3847): [0,23619,99094,com.android.chrome:sandboxed_process0,webview_service,com.yodo1.crossyroad/org.chromium.content.app.SandboxedProcessService0]
04-10 22:48:09.271 I/am_proc_bound( 3847): [0,23619,com.android.chrome:sandboxed_process0]
04-10 22:48:09.278 I/am_uid_active( 3847): 99094
04-10 22:48:09.497 I/notification_cancel( 3847): [10208,23241,com.yodo1.crossyroad,10436,NULL,0,0,1088,8,NULL]
04-10 22:48:10.058 I/power_partial_wake_state( 3847): [8,*alarm*:android]
04-10 22:48:10.153 I/power_partial_wake_state( 3847): [401,Icing:com.google.android.gms]
04-10 22:48:10.228 I/power_partial_wake_state( 3847): [130,*job*/com.nytimes.crossword/androidx.work.impl.background.systemjob.SystemJobService:android]
04-10 22:48:11.093 I/notification_cancel( 3847): [10004,4250,com.android.systemui,2,low_battery,-1,0,1088,8,NULL]
04-10 22:48:11.094 I/notification_cancel( 3847): [10004,4250,com.android.systemui,3,low_battery,-1,0,1088,8,NULL]
04-10 22:48:17.286 I/am_meminfo( 3847): [179355648,114753536,0,798384128,348628992]
04-10 22:48:18.773 I/am_new_intent( 3847): [0,215117599,2,com.sec.android.app.launcher/.activities.LauncherActivity,android.intent.action.MAIN,NULL,NULL,278921216,android]
04-10 22:48:18.778 I/wm_task_moved( 3847): [2,1,0]
04-10 22:48:18.782 I/am_focused_stack( 3847): [0,0,1,bringingFoundTaskToFront]
04-10 22:48:18.782 I/wm_task_moved( 3847): [2,1,0]
04-10 22:48:18.785 I/am_pause_activity( 3847): [0,72211396,com.yodo1.crossyroad/com.hipsterwhale.hwutils.OverrideUnityActivity]
04-10 22:48:18.811 I/am_set_resumed_activity( 3847): [0,com.sec.android.app.launcher/.activities.LauncherActivity,resumeTopActivityInnerLocked]
04-10 22:48:18.834 I/am_resume_activity( 3847): [0,123749643,2,com.sec.android.app.launcher/.activities.LauncherActivity]
04-10 22:48:18.846 I/am_task_to_front( 3847): [0,2]
04-10 22:48:18.855 I/sysui_count( 3847): [window_time_0,23]
04-10 22:48:18.857 I/sysui_multi_action( 3847): [757,803,799,window_time_0,802,23]
04-10 22:48:18.857 I/am_stop_activity( 3847): [0,72211396,com.yodo1.crossyroad/com.hipsterwhale.hwutils.OverrideUnityActivity]
04-10 22:48:18.870 I/power_partial_wake_state( 3847): [205,*job*/com.google.android.apps.photos/com.google.android.libraries.social.mediamonitor.MediaMonitorJobSchedulerService:android]
04-10 22:48:18.918 I/am_on_resume_called( 5231): [0,com.sec.android.app.launcher.activities.LauncherActivity,RESUME_ACTIVITY]
04-10 22:48:18.952 I/notification_cancel( 3847): [10028,20083,com.samsung.android.game.gametools,2131492873,NULL,0,0,1088,8,NULL]
04-10 22:48:19.049 I/am_pss  ( 3847): [19655,10126,com.enhance.gameservice,17648640,11571200,4358144]
04-10 22:48:19.085 I/notification_cancel( 3847): [10028,20083,com.samsung.android.game.gametools,2131492869,NULL,0,0,1088,8,NULL]
04-10 22:48:19.097 I/power_partial_wake_state( 3847): [302,*launch*:android]
04-10 22:48:19.200 I/sysui_multi_action( 3847): [319,361,322,367,325,4629,757,761,758,9,759,2,806,com.sec.android.app.launcher,871,com.sec.android.app.launcher.activities.LauncherActivity,905,0]
04-10 22:48:19.327 I/notification_cancel_all( 3847): [10208,23241,com.yodo1.crossyroad,0,0,64,9,NULL]
04-10 22:48:19.366 I/am_on_paused_called(23241): [0,com.hipsterwhale.hwutils.OverrideUnityActivity,handlePauseActivity]
04-10 22:48:19.730 I/am_on_stop_called(23241): [0,com.hipsterwhale.hwutils.OverrideUnityActivity,handleStopActivity]
04-10 22:48:19.751 I/am_kill ( 3847): [0,12138,com.samsung.visionprovider:VisionFramework,900,17,DHA:empty #11]
