04-10 22:56:05.885 I/am_proc_died( 3847): [0,30977,com.samsung.storyservice,902,17,26,582]
04-10 22:56:05.885 I/am_schedule_service_restart( 3847): [0,com.samsung.storyservice/.StoryService,1000]
04-10 22:56:05.892 I/am_kill ( 3847): [0,21449,com.samsung.dcmservice,902,17,DHA:empty #9]
04-10 22:56:05.892 I/am_kill ( 3847): [0,31862,com.samsung.mlp,902,17,DHA:empty #9]
04-10 22:56:05.902 I/power_partial_wake_state( 3847): [614,*alarm*:android]
04-10 22:56:05.909 I/notification_cancel( 3847): [10030,4741,com.google.android.gms,56933,NULL,0,0,1088,8,NULL]
04-10 22:56:05.910 I/notification_cancel( 3847): [10030,4741,com.google.android.gms,56932,NULL,0,0,1088,8,NULL]
04-10 22:56:05.910 I/notification_cancel( 3847): [10030,4741,com.google.android.gms,56935,NULL,0,0,1088,8,NULL]
04-10 22:56:05.918 I/am_proc_died( 3847): [0,31558,com.samsung.enhanceservice,902,17,29,583]
04-10 22:56:05.918 I/am_schedule_service_restart( 3847): [0,com.samsung.enhanceservice/.EnhanceService,10967]
04-10 22:56:05.924 I/notification_cancel( 3847): [10004,4250,com.android.systemui,2,low_battery,-1,0,1088,8,NULL]
04-10 22:56:05.925 I/am_kill ( 3847): [0,24336,me.lyft.android,901,15,DHA:cached #23]
04-10 22:56:05.925 I/notification_cancel( 3847): [10004,4250,com.android.systemui,3,low_battery,-1,0,1088,8,NULL]
04-10 22:56:05.941 I/am_proc_died( 3847): [0,31015,com.samsung.ipservice,902,17,29,583]
04-10 22:56:05.941 I/am_schedule_service_restart( 3847): [0,com.samsung.ipservice/.IPService,20944]
04-10 22:56:05.958 I/notification_cancel( 3847): [10030,4741,com.google.android.gms,115357,NULL,0,0,1088,8,NULL]
04-10 22:56:05.959 I/notification_cancel( 3847): [10030,4741,com.google.android.gms,115356,NULL,0,0,1088,8,NULL]
04-10 22:56:05.979 I/notification_cancel( 3847): [10030,4741,com.google.android.gms,115358,NULL,0,0,1088,8,NULL]
04-10 22:56:05.992 I/am_proc_died( 3847): [0,21449,com.samsung.dcmservice,902,17,44,584]
04-10 22:56:05.992 I/am_schedule_service_restart( 3847): [0,com.samsung.dcmservice/.DCMService,30893]
04-10 22:56:06.008 I/am_proc_died( 3847): [0,31862,com.samsung.mlp,902,17,44,585]
04-10 22:56:06.009 I/am_schedule_service_restart( 3847): [0,com.samsung.mlp/.platform.LPService,40876]
04-10 22:56:06.052 I/am_proc_died( 3847): [0,31344,com.samsung.faceservice,902,17,48,587]
04-10 22:56:06.052 I/am_schedule_service_restart( 3847): [0,com.samsung.faceservice/.FaceService,50833]
04-10 22:56:06.242 I/am_proc_died( 3847): [0,24336,me.lyft.android,901,15,63,591]
04-10 22:56:06.243 I/am_uid_stopped( 3847): 10218
04-10 22:56:06.696 I/power_partial_wake_state( 3847): [994,Icing:com.google.android.gms]
04-10 22:56:06.946 I/am_proc_start( 3847): [0,1025,5004,com.samsung.storyservice,service,com.samsung.storyservice/.StoryService]
04-10 22:56:06.947 I/am_uid_running( 3847): 10198
04-10 22:56:07.000 I/am_proc_start( 3847): [0,1038,10198,com.google.android.apps.photos,service,com.google.android.apps.photos/com.google.android.libraries.social.mediamonitor.MediaMonitorJobSchedulerService]
04-10 22:56:07.064 I/am_proc_bound( 3847): [0,1025,com.samsung.storyservice]
04-10 22:56:07.098 I/am_proc_bound( 3847): [0,1038,com.google.android.apps.photos]
04-10 22:56:08.459 I/am_uid_running( 3847): 10153
04-10 22:56:08.521 I/am_proc_start( 3847): [0,1097,10153,com.samsung.android.sm.policy,content provider,com.samsung.android.sm.policy/com.samsung.android.scpm.db.ScpmProvider]
04-10 22:56:08.557 I/am_uid_running( 3847): 10157
04-10 22:56:08.597 I/am_proc_start( 3847): [0,1114,10157,com.android.printspooler,service,com.android.printspooler/.model.PrintSpoolerService]
04-10 22:56:08.598 I/am_proc_bound( 3847): [0,1097,com.samsung.android.sm.policy]
04-10 22:56:08.645 I/am_uid_active( 3847): 10153
04-10 22:56:08.730 I/power_partial_wake_state( 3847): [15,RILJ:com.android.phone]
04-10 22:56:08.768 I/am_proc_bound( 3847): [0,1114,com.android.printspooler]
04-10 22:56:08.793 I/am_uid_active( 3847): 10157
04-10 22:56:09.531 I/am_pss  ( 3847): [732,10212,com.etoro.openbook,267084800,249351168,215040]
04-10 22:56:09.608 I/am_pss  ( 3847): [791,99107,com.android.chrome:sandboxed_process0,226658304,204947456,175104]
04-10 22:56:10.355 I/am_new_intent( 3847): [0,142376731,2,com.sec.android.app.launcher/.activities.LauncherActivity,android.intent.action.MAIN,NULL,NULL,278921216,android]
04-10 22:56:10.356 I/wm_task_moved( 3847): [2,1,0]
04-10 22:56:10.358 I/am_focused_stack( 3847): [0,0,1,bringingFoundTaskToFront]
04-10 22:56:10.358 I/wm_task_moved( 3847): [2,1,0]
04-10 22:56:10.361 I/am_pause_activity( 3847): [0,88096928,com.etoro.openbook/.MainActivity]
04-10 22:56:10.378 I/am_set_resumed_activity( 3847): [0,com.sec.android.app.launcher/.activities.LauncherActivity,resumeTopActivityInnerLocked]
04-10 22:56:10.433 I/am_resume_activity( 3847): [0,123749643,2,com.sec.android.app.launcher/.activities.LauncherActivity]
04-10 22:56:10.439 I/am_task_to_front( 3847): [0,2]
04-10 22:56:10.443 I/sysui_count( 3847): [window_time_0,16]
04-10 22:56:10.443 I/sysui_multi_action( 3847): [757,803,799,window_time_0,802,16]
04-10 22:56:10.445 I/am_stop_activity( 3847): [0,88096928,com.etoro.openbook/.MainActivity]
04-10 22:56:10.446 I/power_partial_wake_state( 3847): [2148,*job*/com.google.android.apps.photos/com.google.android.libraries.social.mediamonitor.MediaMonitorJobSchedulerService:android]
04-10 22:56:10.480 I/am_proc_start( 3847): [0,1198,10030,com.google.process.gapps,content provider,com.google.android.gsf/.gservices.GservicesProvider]
04-10 22:56:10.528 I/am_on_resume_called( 5231): [0,com.sec.android.app.launcher.activities.LauncherActivity,RESUME_ACTIVITY]
04-10 22:56:10.560 I/am_proc_bound( 3847): [0,1198,com.google.process.gapps]
04-10 22:56:10.570 I/am_uid_idle( 3847): 99106
04-10 22:56:10.570 I/am_uid_idle( 3847): 10234
04-10 22:56:10.571 I/am_stop_idle_service( 3847): [10234,com.cloudmosa.puffinFree/com.cloudmosa.app.TaskRemovalMonitorService]
04-10 22:56:10.590 I/am_on_paused_called(  732): [0,com.etoro.openbook.MainActivity,handlePauseActivity]
04-10 22:56:10.621 I/power_partial_wake_state( 3847): [254,*launch*:android]
04-10 22:56:10.692 I/sysui_multi_action( 3847): [319,282,322,287,325,5100,757,761,758,9,759,2,806,com.sec.android.app.launcher,871,com.sec.android.app.launcher.activities.LauncherActivity,905,0]
04-10 22:56:10.827 I/am_on_stop_called(  732): [0,com.etoro.openbook.MainActivity,handleStopActivity]
04-10 22:56:10.952 I/power_partial_wake_state( 3847): [446,*job*/com.google.android.apps.photos/com.google.android.libraries.social.mediamonitor.MediaMonitorJobSchedulerService:android]
04-10 22:56:11.029 I/force_gc( 4741): Binder
04-10 22:56:11.287 I/am_meminfo( 3847): [97488896,64704512,0,794189824,427920384]
04-10 22:56:11.533 I/power_partial_wake_state( 3847): [259,*job*/com.etoro.openbook/androidx.work.impl.background.systemjob.SystemJobService:android]
04-10 22:56:11.815 I/power_partial_wake_state( 3847): [667,*job*/com.etoro.openbook/androidx.work.impl.background.systemjob.SystemJobService:android]
04-10 22:56:13.174 I/am_uid_running( 3847): 10230
04-10 22:56:13.192 I/am_proc_start( 3847): [0,1278,10230,com.groupme.android,activity,com.groupme.android/.HomeActivity]
04-10 22:56:13.219 I/am_proc_start( 3847): [0,1285,5004,com.samsung.dcmservice,service,com.samsung.dcmservice/.DCMService]
04-10 22:56:13.228 I/wm_task_moved( 3847): [60,1,31]
04-10 22:56:13.229 I/am_focused_stack( 3847): [0,1,0,bringingFoundTaskToFront]
04-10 22:56:13.229 I/wm_task_moved( 3847): [60,1,31]
04-10 22:56:13.230 I/am_pause_activity( 3847): [0,123749643,com.sec.android.app.launcher/.activities.LauncherActivity]
04-10 22:56:13.232 I/am_task_to_front( 3847): [0,60]
04-10 22:56:13.244 I/am_on_paused_called( 5231): [0,com.sec.android.app.launcher.activities.LauncherActivity,handlePauseActivity]
04-10 22:56:13.251 I/am_proc_bound( 3847): [0,1278,com.groupme.android]
04-10 22:56:13.289 I/am_uid_active( 3847): 10230
04-10 22:56:13.289 I/am_restart_activity( 3847): [0,228954166,60,com.groupme.android/.welcome.LandingActivity]
04-10 22:56:13.293 I/am_set_resumed_activity( 3847): [0,com.groupme.android/.welcome.LandingActivity,minimalResumeActivityLocked]
04-10 22:56:13.298 I/am_proc_bound( 3847): [0,1285,com.samsung.dcmservice]
04-10 22:56:13.304 I/sysui_count( 3847): [window_time_0,3]
04-10 22:56:13.304 I/sysui_multi_action( 3847): [757,803,799,window_time_0,802,3]
04-10 22:56:13.588 I/force_gc( 3847): Binder
04-10 22:56:14.186 I/am_on_resume_called( 1278): [0,com.groupme.android.welcome.LandingActivity,LAUNCH_ACTIVITY]
04-10 22:56:14.383 I/sysui_multi_action( 3847): [319,148,321,148,322,1197,325,5103,757,761,758,9,759,1,806,com.groupme.android,871,com.groupme.android.welcome.LandingActivity,905,0]
04-10 22:56:14.383 I/am_activity_launch_time( 3847): [0,228954166,com.groupme.android/.welcome.LandingActivity,1130,1130]
04-10 22:56:14.411 I/am_uid_running( 3847): 10006
04-10 22:56:14.438 I/am_proc_start( 3847): [0,1474,10006,com.sec.android.provider.badge,broadcast,com.sec.android.provider.badge/.BadgeCountReceiver]
04-10 22:56:14.441 I/power_partial_wake_state( 3847): [1210,*launch*:android]
04-10 22:56:14.442 I/am_stop_activity( 3847): [0,123749643,com.sec.android.app.launcher/.activities.LauncherActivity]
04-10 22:56:14.444 I/power_partial_wake_state( 3847): [141,*job*/com.groupme.android/androidx.work.impl.background.systemjob.SystemJobService:android]
04-10 22:56:14.446 I/am_on_stop_called( 5231): [0,com.sec.android.app.launcher.activities.LauncherActivity,handleStopActivity]
04-10 22:56:14.479 I/am_proc_bound( 3847): [0,1474,com.sec.android.provider.badge]
04-10 22:56:14.831 I/am_uid_active( 3847): 10006
04-10 22:56:15.746 I/power_partial_wake_state( 3847): [31,IntentOp:.common.broadcast.BackgroundBroadcastReceiverSupport$PersistentReceiverIntentOperation:com.google.android.gms]
04-10 22:56:15.757 I/power_partial_wake_state( 3847): [35,IntentOp:.common.broadcast.BackgroundBroadcastReceiverSupport$PersistentReceiverIntentOperation:com.google.android.gms]
04-10 22:56:15.811 I/power_partial_wake_state( 3847): [2,nearby:ENWearableDeviceManager:com.google.android.gms]
04-10 22:56:15.982 I/power_partial_wake_state( 3847): [1,nearby:ENWearableDeviceManager:com.google.android.gms]
04-10 22:56:16.021 I/power_partial_wake_state( 3847): [128,Icing:com.google.android.gms]
04-10 22:56:16.024 I/notification_cancel( 3847): [10030,4741,com.google.android.gms,56933,NULL,0,0,1088,8,NULL]
04-10 22:56:16.024 I/notification_cancel( 3847): [10030,4741,com.google.android.gms,56932,NULL,0,0,1088,8,NULL]
04-10 22:56:16.024 I/notification_cancel( 3847): [10030,4741,com.google.android.gms,56935,NULL,0,0,1088,8,NULL]
04-10 22:56:16.025 I/notification_cancel( 3847): [10030,4741,com.google.android.gms,115357,NULL,0,0,1088,8,NULL]
04-10 22:56:16.025 I/notification_cancel( 3847): [10030,4741,com.google.android.gms,115356,NULL,0,0,1088,8,NULL]
04-10 22:56:16.025 I/notification_cancel( 3847): [10030,4741,com.google.android.gms,115358,NULL,0,0,1088,8,NULL]
04-10 22:56:16.025 I/notification_cancel( 3847): [10030,4741,com.google.android.gms,56933,NULL,0,0,1088,8,NULL]
04-10 22:56:16.042 I/notification_cancel( 3847): [10030,4741,com.google.android.gms,56932,NULL,0,0,1088,8,NULL]
04-10 22:56:16.045 I/notification_cancel( 3847): [10004,4250,com.android.systemui,2,low_battery,-1,0,1088,8,NULL]
04-10 22:56:16.045 I/notification_cancel( 3847): [10004,4250,com.android.systemui,3,low_battery,-1,0,1088,8,NULL]
04-10 22:56:16.045 I/notification_cancel( 3847): [10030,4741,com.google.android.gms,56935,NULL,0,0,1088,8,NULL]
04-10 22:56:16.045 I/notification_cancel( 3847): [10030,4741,com.google.android.gms,115357,NULL,0,0,1088,8,NULL]
04-10 22:56:16.045 I/notification_cancel( 3847): [10030,4741,com.google.android.gms,115356,NULL,0,0,1088,8,NULL]
04-10 22:56:16.045 I/notification_cancel( 3847): [10030,4741,com.google.android.gms,115358,NULL,0,0,1088,8,NULL]
04-10 22:56:16.086 I/power_partial_wake_state( 3847): [32,Icing:com.google.android.gms]
04-10 22:56:16.903 I/am_proc_start( 3847): [0,1528,5004,com.samsung.enhanceservice,service,com.samsung.enhanceservice/.EnhanceService]
04-10 22:56:16.944 I/am_proc_bound( 3847): [0,1528,com.samsung.enhanceservice]
04-10 22:56:18.879 I/power_partial_wake_state( 3847): [11,RILJ:com.android.phone]
04-10 22:56:18.954 I/power_partial_wake_state( 3847): [1,SyncLoopWakeLock:android]
04-10 22:56:18.956 I/power_partial_wake_state( 3847): [0,SyncLoopWakeLock:android]
04-10 22:56:18.959 I/chatty  ( 3847): uid=1000(system) android.bg identical 5 lines
04-10 22:56:18.960 I/power_partial_wake_state( 3847): [0,SyncLoopWakeLock:android]
04-10 22:56:18.967 I/am_uid_running( 3847): 10145
04-10 22:56:19.045 I/am_proc_start( 3847): [0,1559,10145,com.samsung.android.app.notes,content provider,com.samsung.android.app.notes/.sync.provider.NotesSyncProvider]
04-10 22:56:19.274 I/am_proc_bound( 3847): [0,1559,com.samsung.android.app.notes]
04-10 22:56:20.071 I/notification_cancel( 3847): [10145,1559,com.samsung.android.app.notes,528,SyncNotificationHelper,0,0,1088,8,NULL]
04-10 22:56:20.072 I/notification_cancel( 3847): [10145,1559,com.samsung.android.app.notes,1040,SyncNotificationHelper,0,0,1088,8,NULL]
04-10 22:56:20.073 I/notification_cancel( 3847): [10145,1559,com.samsung.android.app.notes,520,SyncNotificationHelper,0,0,1088,8,NULL]
04-10 22:56:20.074 I/notification_cancel( 3847): [10145,1559,com.samsung.android.app.notes,528,SyncNotificationHelper,0,0,1088,8,NULL]
04-10 22:56:20.077 I/notification_cancel( 3847): [10145,1559,com.samsung.android.app.notes,640,SyncNotificationHelper,0,0,1088,8,NULL]
04-10 22:56:20.078 I/notification_cancel( 3847): [10145,1559,com.samsung.android.app.notes,1032,SyncNotificationHelper,0,0,1088,8,NULL]
04-10 22:56:20.089 I/notification_cancel( 3847): [10145,1559,com.samsung.android.app.notes,1040,SyncNotificationHelper,0,0,1088,8,NULL]
04-10 22:56:20.090 I/notification_cancel( 3847): [10145,1559,com.samsung.android.app.notes,1152,SyncNotificationHelper,0,0,1088,8,NULL]
04-10 22:56:20.125 I/am_pss  ( 3847): [556,10235,org.videolan.vlc,50056192,45184000,219136]
04-10 22:56:21.097 I/power_partial_wake_state( 3847): [48,*gms_scheduler*:internal:com.google.android.gms]
04-10 22:56:21.112 I/power_partial_wake_state( 3847): [13,*gms_scheduler*:internal:com.google.android.gms]
04-10 22:56:21.113 I/power_partial_wake_state( 3847): [37,*gms_scheduler*/com.google.android.gms/.ipa.base.IpaGcmTaskService:com.google.android.gms]
04-10 22:56:21.125 I/power_partial_wake_state( 3847): [11,*gms_scheduler*:internal:com.google.android.gms]
04-10 22:56:21.177 I/power_partial_wake_state( 3847): [51,*gms_scheduler*:internal:com.google.android.gms]
04-10 22:56:21.205 I/am_uid_running( 3847): 10135
04-10 22:56:21.221 I/am_proc_start( 3847): [0,1601,10135,com.samsung.android.sdk.handwriting,content provider,com.samsung.android.sdk.handwriting/.resourcemanager.HWRResProvider]
04-10 22:56:21.264 I/am_proc_bound( 3847): [0,1601,com.samsung.android.sdk.handwriting]
04-10 22:56:21.927 I/force_gc( 3847): Binder
04-10 22:56:22.720 I/power_partial_wake_state( 3847): [1573,*gms_scheduler*/com.google.android.gms/.clearcut.uploader.QosUploaderService:com.google.android.gms]
04-10 22:56:22.729 I/power_partial_wake_state( 3847): [8,*gms_scheduler*:internal:com.google.android.gms]
04-10 22:56:23.362 I/am_pss  ( 3847): [1278,10230,com.groupme.android,92263424,83783680,215040]
04-10 22:56:25.994 I/notification_cancel( 3847): [10004,4250,com.android.systemui,2,low_battery,-1,0,1088,8,NULL]
04-10 22:56:25.994 I/notification_cancel( 3847): [10004,4250,com.android.systemui,3,low_battery,-1,0,1088,8,NULL]
04-10 22:56:26.404 I/am_pss  ( 3847): [8390,10009,com.samsung.android.app.spage,10973184,2154496,8187904]
04-10 22:56:26.708 I/power_partial_wake_state( 3847): [3682,PKMService:android]
04-10 22:56:26.902 I/am_proc_start( 3847): [0,1627,5004,com.samsung.ipservice,service,com.samsung.ipservice/.IPService]
04-10 22:56:26.941 I/am_proc_bound( 3847): [0,1627,com.samsung.ipservice]
04-10 22:56:27.462 I/am_meminfo( 3847): [182222848,94515200,0,806268928,505570304]
04-10 22:56:28.537 I/am_new_intent( 3847): [0,211234353,2,com.sec.android.app.launcher/.activities.LauncherActivity,android.intent.action.MAIN,NULL,NULL,278921216,android]
04-10 22:56:28.539 I/wm_task_moved( 3847): [2,1,0]
04-10 22:56:28.543 I/am_focused_stack( 3847): [0,0,1,bringingFoundTaskToFront]
04-10 22:56:28.543 I/wm_task_moved( 3847): [2,1,0]
04-10 22:56:28.544 I/am_pause_activity( 3847): [0,228954166,com.groupme.android/.welcome.LandingActivity]
04-10 22:56:28.558 I/am_set_resumed_activity( 3847): [0,com.sec.android.app.launcher/.activities.LauncherActivity,resumeTopActivityInnerLocked]
04-10 22:56:28.564 I/am_on_paused_called( 1278): [0,com.groupme.android.welcome.LandingActivity,handlePauseActivity]
04-10 22:56:28.613 I/am_resume_activity( 3847): [0,123749643,2,com.sec.android.app.launcher/.activities.LauncherActivity]
04-10 22:56:28.617 I/am_task_to_front( 3847): [0,2]
04-10 22:56:28.623 I/sysui_count( 3847): [window_time_0,15]
04-10 22:56:28.623 I/sysui_multi_action( 3847): [757,803,799,window_time_0,802,15]
04-10 22:56:28.623 I/am_stop_activity( 3847): [0,228954166,com.groupme.android/.welcome.LandingActivity]
04-10 22:56:28.655 I/am_on_resume_called( 5231): [0,com.sec.android.app.launcher.activities.LauncherActivity,RESUME_ACTIVITY]
04-10 22:56:28.701 I/am_on_stop_called( 1278): [0,com.groupme.android.welcome.LandingActivity,handleStopActivity]
04-10 22:56:28.738 I/am_kill ( 3847): [0,24646,me.pou.app,901,15,DHA:cached #25]
04-10 22:56:28.755 I/power_partial_wake_state( 3847): [207,*launch*:android]
04-10 22:56:28.816 I/sysui_multi_action( 3847): [319,217,322,223,325,5118,757,761,758,9,759,2,806,com.sec.android.app.launcher,871,com.sec.android.app.launcher.activities.LauncherActivity,905,0]
04-10 22:56:28.911 I/power_partial_wake_state( 3847): [8,RILJ:com.android.phone]
04-10 22:56:28.924 I/am_proc_died( 3847): [0,24646,me.pou.app,901,15,82,676]
04-10 22:56:28.938 I/am_uid_stopped( 3847): 10226
04-10 22:56:28.944 I/am_kill ( 3847): [0,24825,com.android.chrome:sandboxed_process0,0,11,isolated not needed]
04-10 22:56:28.994 I/am_proc_start( 3847): [0,1671,1000,com.samsung.android.dqagent,broadcast,com.samsung.android.dqagent/.receiver.DQADataReceiver]
04-10 22:56:29.020 I/am_proc_died( 3847): [0,24825,com.android.chrome:sandboxed_process0,0,11,95,679]
04-10 22:56:29.021 I/am_uid_stopped( 3847): 99095
04-10 22:56:29.042 I/am_proc_bound( 3847): [0,1671,com.samsung.android.dqagent]
04-10 22:56:30.586 I/power_partial_wake_state( 3847): [2,*alarm*:android]
04-10 22:56:30.658 I/power_partial_wake_state( 3847): [49,*job*/com.groupme.android/androidx.work.impl.background.systemjob.SystemJobService:android]
04-10 22:56:31.001 I/am_uid_idle( 3847): 10214
04-10 22:56:31.001 I/am_uid_idle( 3847): 10055
04-10 22:56:32.386 I/am_new_intent( 3847): [0,214252970,61,com.dna.evolutionrunner/by.saygames.SayKitActivity,android.intent.action.MAIN,NULL,NULL,270532608,com.sec.android.app.launcher]
04-10 22:56:32.386 I/wm_task_moved( 3847): [61,1,31]
04-10 22:56:32.387 I/am_focused_stack( 3847): [0,1,0,bringingFoundTaskToFront]
04-10 22:56:32.388 I/wm_task_moved( 3847): [61,1,31]
04-10 22:56:32.388 I/am_pause_activity( 3847): [0,123749643,com.sec.android.app.launcher/.activities.LauncherActivity]
04-10 22:56:32.390 I/am_task_to_front( 3847): [0,61]
04-10 22:56:32.395 I/am_uid_running( 3847): 10209
04-10 22:56:32.421 I/am_proc_start( 3847): [0,1713,10209,com.dna.evolutionrunner,activity,com.dna.evolutionrunner/by.saygames.SayKitActivity]
04-10 22:56:32.431 I/am_on_paused_called( 5231): [0,com.sec.android.app.launcher.activities.LauncherActivity,handlePauseActivity]
04-10 22:56:32.450 I/sysui_count( 3847): [window_time_0,4]
04-10 22:56:32.450 I/sysui_multi_action( 3847): [757,803,799,window_time_0,802,4]
04-10 22:56:32.459 I/am_proc_bound( 3847): [0,1713,com.dna.evolutionrunner]
04-10 22:56:32.472 I/am_uid_active( 3847): 10209
04-10 22:56:32.472 I/am_restart_activity( 3847): [0,19370620,61,com.dna.evolutionrunner/by.saygames.SayKitActivity]
04-10 22:56:32.473 I/am_set_resumed_activity( 3847): [0,com.dna.evolutionrunner/by.saygames.SayKitActivity,minimalResumeActivityLocked]
04-10 22:56:32.479 I/am_uid_running( 3847): 10028
04-10 22:56:32.491 I/am_proc_start( 3847): [0,1727,10028,com.samsung.android.game.gametools,service,com.samsung.android.game.gametools/.floatingui.service.external.GameToolsIntentService]
04-10 22:56:32.534 I/am_proc_bound( 3847): [0,1727,com.samsung.android.game.gametools]
04-10 22:56:32.688 I/am_uid_active( 3847): 10055
04-10 22:56:32.753 I/notification_cancel( 3847): [10028,1727,com.samsung.android.game.gametools,2131492873,NULL,0,0,1088,8,NULL]
04-10 22:56:32.753 I/notification_cancel( 3847): [10028,1727,com.samsung.android.game.gametools,2131492876,NULL,0,0,1088,8,NULL]
04-10 22:56:32.753 I/notification_cancel( 3847): [10028,1727,com.samsung.android.game.gametools,2131492869,NULL,0,0,1088,8,NULL]
04-10 22:56:33.036 I/am_on_resume_called( 1713): [0,by.saygames.SayKitActivity,LAUNCH_ACTIVITY]
04-10 22:56:33.175 I/power_partial_wake_state( 3847): [785,*launch*:android]
04-10 22:56:33.188 I/am_activity_launch_time( 3847): [0,19370620,com.dna.evolutionrunner/by.saygames.SayKitActivity,736,736]
04-10 22:56:33.196 I/am_stop_activity( 3847): [0,123749643,com.sec.android.app.launcher/.activities.LauncherActivity]
04-10 22:56:33.198 I/am_on_stop_called( 5231): [0,com.sec.android.app.launcher.activities.LauncherActivity,handleStopActivity]
04-10 22:56:33.639 I/am_uid_running( 3847): 10079
04-10 22:56:33.657 I/am_proc_start( 3847): [0,1909,10079,com.sec.android.app.soundalive,content provider,com.sec.android.app.soundalive/.compatibility.SAContentProvider]
04-10 22:56:33.695 I/am_proc_bound( 3847): [0,1909,com.sec.android.app.soundalive]
04-10 22:56:33.698 I/am_uid_active( 3847): 10079
04-10 22:56:33.702 I/force_gc( 3847): Binder
04-10 22:56:36.070 I/notification_cancel( 3847): [10004,4250,com.android.systemui,2,low_battery,-1,0,1088,8,NULL]
04-10 22:56:36.070 I/notification_cancel( 3847): [10004,4250,com.android.systemui,3,low_battery,-1,0,1088,8,NULL]
04-10 22:56:36.604 I/power_partial_wake_state( 3847): [3003,AudioMix:audioserver]
04-10 22:56:36.854 I/am_pss  ( 3847): [8837,10108,com.kt.android.showtouch,15240192,1167360,13095936]
04-10 22:56:38.780 I/power_partial_wake_state( 3847): [30,IntentOp:.common.broadcast.BackgroundBroadcastReceiverSupport$PersistentReceiverIntentOperation:com.google.android.gms]
04-10 22:56:38.878 I/power_partial_wake_state( 3847): [1,nearby:ENWearableDeviceManager:com.google.android.gms]
04-10 22:56:39.133 I/notification_cancel( 3847): [10030,4741,com.google.android.gms,56933,NULL,0,0,1088,8,NULL]
04-10 22:56:39.133 I/notification_cancel( 3847): [10030,4741,com.google.android.gms,56932,NULL,0,0,1088,8,NULL]
04-10 22:56:39.133 I/notification_cancel( 3847): [10030,4741,com.google.android.gms,56935,NULL,0,0,1088,8,NULL]
04-10 22:56:39.133 I/notification_cancel( 3847): [10030,4741,com.google.android.gms,115357,NULL,0,0,1088,8,NULL]
04-10 22:56:39.133 I/notification_cancel( 3847): [10030,4741,com.google.android.gms,115356,NULL,0,0,1088,8,NULL]
04-10 22:56:39.133 I/notification_cancel( 3847): [10030,4741,com.google.android.gms,115358,NULL,0,0,1088,8,NULL]
04-10 22:56:39.156 I/power_partial_wake_state( 3847): [265,Icing:com.google.android.gms]
04-10 22:56:40.672 I/am_kill ( 3847): [0,25033,com.seenax.HideAndSeek,901,15,DHA:cached #23]
04-10 22:56:40.722 I/am_pss  ( 3847): [32261,10234,com.cloudmosa.puffinFree,79106048,73388032,1790976]
04-10 22:56:40.761 I/am_pss  ( 3847): [32385,99106,com.android.chrome:sandboxed_process0,56982528,51367936,3978240]
04-10 22:56:41.096 I/am_uid_running( 3847): 99108
04-10 22:56:41.195 I/am_proc_start( 3847): [0,2111,99108,com.android.chrome:sandboxed_process0,webview_service,com.dna.evolutionrunner/org.chromium.content.app.SandboxedProcessService0]
04-10 22:56:41.314 I/am_pss  ( 3847): [1038,10198,com.google.android.apps.photos,20923392,18587648,277504]
04-10 22:56:41.609 I/am_proc_died( 3847): [0,25202,com.android.chrome:sandboxed_process0,901,16,173,620]
04-10 22:56:41.615 I/am_schedule_service_restart( 3847): [0,com.seenax.HideAndSeek/org.chromium.content.app.SandboxedProcessService0,25270]
04-10 22:56:41.619 I/am_uid_stopped( 3847): 99096
04-10 22:56:41.666 I/am_proc_died( 3847): [0,25033,com.seenax.HideAndSeek,901,15,160,631]
04-10 22:56:41.670 I/am_uid_stopped( 3847): 10227
04-10 22:56:41.744 I/am_proc_bound( 3847): [0,2111,com.android.chrome:sandboxed_process0]
04-10 22:56:41.750 I/am_uid_active( 3847): 99108
04-10 22:56:42.359 I/am_pss  ( 3847): [732,10212,com.etoro.openbook,103218176,89424896,9236480]
04-10 22:56:42.445 I/notification_cancel( 3847): [10209,1713,com.dna.evolutionrunner,10436,NULL,0,0,1088,8,NULL]
04-10 22:56:42.745 I/content_query_sample( 5628): contents_sample_state: [CONTACT contacts(0) data(0) accounts({}) accounts deleted({}) calls([]) countryIso(KR) userId(0)  ]
04-10 22:56:42.745 I/content_query_sample( 5628): contents_sample_state: [ agr({})  ]
04-10 22:56:42.745 I/content_query_sample( 5628): contents_sample_state: [ actCnt({android.process.acore(5628)=1})  ]
04-10 22:56:42.745 I/content_query_sample( 5628): contents_sample_state: [PROFILE contacts(0) data(0) accounts({})  ]
04-10 22:56:42.745 I/content_query_sample( 5628): contents_sample_state: [SAPROFILE contacts(1) data(1) accounts({vnd.sec.contact.phone (1)=1})  ]
04-10 22:56:43.292 I/force_gc( 4741): Binder
04-10 22:56:43.569 I/netstats_mobile_sample( 3847): [0,0,0,0,0,0,0,0,0,0,0,0,1681135003569]
04-10 22:56:43.570 I/netstats_wifi_sample( 3847): [284324007,251259,25743428,120800,284336542,251781,23990669,121534,284269319,251355,23921196,120694,1681135003569]
04-10 22:56:43.571 I/power_partial_wake_state( 3847): [76,NetworkStats:android]
04-10 22:56:45.039 I/am_pss  ( 3847): [1713,10209,com.dna.evolutionrunner,390843392,373358592,211968]
04-10 22:56:45.129 I/am_pss  ( 3847): [791,99107,com.android.chrome:sandboxed_process0,146334720,107409408,36877312]
04-10 22:56:45.182 I/am_pss  ( 3847): [1198,10030,com.google.process.gapps,8346624,6807552,287744]
04-10 22:56:45.266 I/am_pss  ( 3847): [1474,10006,com.sec.android.provider.badge,7321600,5832704,277504]
04-10 22:56:45.620 I/force_gc( 3847): Binder
04-10 22:56:46.193 I/notification_cancel( 3847): [10004,4250,com.android.systemui,2,low_battery,-1,0,1088,8,NULL]
04-10 22:56:46.194 I/notification_cancel( 3847): [10004,4250,com.android.systemui,3,low_battery,-1,0,1088,8,NULL]
04-10 22:56:46.934 I/am_proc_start( 3847): [0,2395,5004,com.samsung.mlp,service,com.samsung.mlp/.platform.LPService]
04-10 22:56:47.055 I/am_proc_bound( 3847): [0,2395,com.samsung.mlp]
04-10 22:56:49.113 I/power_partial_wake_state( 3847): [0,RILJ:com.android.phone]
04-10 22:56:50.030 I/am_uid_idle( 3847): 10235
04-10 22:56:51.186 I/am_uid_active( 3847): 10051
04-10 22:56:51.186 I/am_uid_active( 3847): 5019
04-10 22:56:51.186 I/am_uid_active( 3847): 5009
04-10 22:56:51.186 I/am_uid_active( 3847): 5004
04-10 22:56:53.330 I/am_pss  ( 3847): [2111,99108,com.android.chrome:sandboxed_process0,130258944,113381376,214016]
04-10 22:56:53.858 I/am_pss  ( 3847): [5371,10092,com.google.android.googlequicksearchbox:search,58808320,28893184,29318144]
04-10 22:56:54.206 I/am_pss  ( 3847): [19655,10126,com.enhance.gameservice,20873216,11751424,8371200]
04-10 22:56:54.343 I/am_pss  ( 3847): [1727,10028,com.samsung.android.game.gametools,9432064,7528448,250880]
04-10 22:56:54.467 I/am_pss  ( 3847): [1601,10135,com.samsung.android.sdk.handwriting,7709696,6230016,260096]
04-10 22:56:54.682 I/am_pss  ( 3847): [5231,10090,com.sec.android.app.launcher,165748736,135206912,27540480]
04-10 22:56:55.730 I/am_pss  ( 3847): [1559,10145,com.samsung.android.app.notes,20686848,9887744,3070976]
04-10 22:56:56.310 I/notification_cancel( 3847): [10004,4250,com.android.systemui,2,low_battery,-1,0,1088,8,NULL]
04-10 22:56:56.314 I/notification_cancel( 3847): [10004,4250,com.android.systemui,3,low_battery,-1,0,1088,8,NULL]
04-10 22:56:56.924 I/am_proc_start( 3847): [0,2516,5004,com.samsung.faceservice,service,com.samsung.faceservice/.FaceService]
04-10 22:56:57.005 I/am_proc_bound( 3847): [0,2516,com.samsung.faceservice]
04-10 22:56:59.290 I/power_partial_wake_state( 3847): [394,*job*/com.google.android.apps.photos/com.google.android.libraries.social.mediamonitor.MediaMonitorJobSchedulerService:android]
04-10 22:56:59.385 I/am_pss  ( 3847): [1671,1000,com.samsung.android.dqagent,8550400,6799360,249856]
04-10 22:57:00.195 I/power_partial_wake_state( 3847): [23,*alarm*:android]
04-10 22:57:00.659 I/liblog  ( 1713): 113
04-10 22:57:01.004 I/am_pss  ( 3847): [1278,10230,com.groupme.android,34596864,24064000,8190976]
04-10 22:57:01.932 I/am_new_intent( 3847): [0,202361743,2,com.sec.android.app.launcher/.activities.LauncherActivity,android.intent.action.MAIN,NULL,NULL,278921216,android]
04-10 22:57:01.935 I/wm_task_moved( 3847): [2,1,0]
04-10 22:57:01.938 I/am_focused_stack( 3847): [0,0,1,bringingFoundTaskToFront]
04-10 22:57:01.938 I/wm_task_moved( 3847): [2,1,0]
04-10 22:57:01.943 I/am_pause_activity( 3847): [0,19370620,com.dna.evolutionrunner/by.saygames.SayKitActivity]
04-10 22:57:01.970 I/am_set_resumed_activity( 3847): [0,com.sec.android.app.launcher/.activities.LauncherActivity,resumeTopActivityInnerLocked]
04-10 22:57:01.997 I/am_resume_activity( 3847): [0,123749643,2,com.sec.android.app.launcher/.activities.LauncherActivity]
04-10 22:57:02.007 I/am_task_to_front( 3847): [0,2]
04-10 22:57:02.015 I/sysui_count( 3847): [window_time_0,30]
04-10 22:57:02.019 I/sysui_multi_action( 3847): [757,803,799,window_time_0,802,30]
04-10 22:57:02.019 I/am_stop_activity( 3847): [0,19370620,com.dna.evolutionrunner/by.saygames.SayKitActivity]
04-10 22:57:02.104 I/am_on_resume_called( 5231): [0,com.sec.android.app.launcher.activities.LauncherActivity,RESUME_ACTIVITY]
04-10 22:57:02.197 I/notification_cancel( 3847): [10028,1727,com.samsung.android.game.gametools,2131492873,NULL,0,0,1088,8,NULL]
04-10 22:57:02.289 I/power_partial_wake_state( 3847): [336,*launch*:android]
04-10 22:57:02.328 I/notification_cancel( 3847): [10028,1727,com.samsung.android.game.gametools,2131492869,NULL,0,0,1088,8,NULL]
04-10 22:57:02.567 I/sysui_multi_action( 3847): [319,360,322,366,325,5152,757,761,758,9,759,2,806,com.sec.android.app.launcher,871,com.sec.android.app.launcher.activities.LauncherActivity,905,0]
04-10 22:57:02.681 I/am_on_paused_called( 1713): [0,by.saygames.SayKitActivity,handlePauseActivity]
04-10 22:57:03.177 I/am_on_stop_called( 1713): [0,by.saygames.SayKitActivity,handleStopActivity]
04-10 22:57:05.606 I/am_meminfo( 3847): [204705792,146731008,0,803852288,398382080]
04-10 22:57:05.747 I/power_partial_wake_state( 3847): [2982,AudioMix:audioserver]
04-10 22:57:06.459 I/notification_cancel( 3847): [10004,4250,com.android.systemui,2,low_battery,-1,0,1088,8,NULL]
04-10 22:57:06.470 I/notification_cancel( 3847): [10004,4250,com.android.systemui,3,low_battery,-1,0,1088,8,NULL]
04-10 22:57:06.531 I/power_partial_wake_state( 3847): [2858,AudioMix:audioserver]
04-10 22:57:09.050 I/power_partial_wake_state( 3847): [17,RILJ:com.android.phone]
04-10 22:57:10.446 I/am_uid_idle( 3847): 99107
04-10 22:57:10.447 I/am_uid_idle( 3847): 10212
04-10 22:57:13.721 I/am_pss  ( 3847): [5231,10090,com.sec.android.app.launcher,132100096,101276672,27864064]
04-10 22:57:14.843 I/am_uid_idle( 3847): 10006
04-10 22:57:16.539 I/notification_cancel( 3847): [10004,4250,com.android.systemui,2,low_battery,-1,0,1088,8,NULL]
04-10 22:57:16.541 I/notification_cancel( 3847): [10004,4250,com.android.systemui,3,low_battery,-1,0,1088,8,NULL]
04-10 22:57:17.376 I/am_pss  ( 3847): [14722,5004,com.samsung.cmh:CMH,17556480,8847360,8151040]
04-10 22:57:17.421 I/am_pss  ( 3847): [1114,10157,com.android.printspooler,7159808,1986560,3983360]
04-10 22:57:19.097 I/power_partial_wake_state( 3847): [9,RILJ:com.android.phone]
04-10 22:57:25.643 I/am_pss  ( 3847): [5371,10092,com.google.android.googlequicksearchbox:search,65783808,37523456,27337728]
04-10 22:57:25.691 I/am_pss  ( 3847): [19655,10126,com.enhance.gameservice,23651328,15880192,6832128]
04-10 22:57:25.737 I/am_pss  ( 3847): [1727,10028,com.samsung.android.game.gametools,11230208,9228288,244736]
04-10 22:57:25.782 I/am_pss  ( 3847): [1097,10153,com.samsung.android.sm.policy,8030208,1896448,5045248]
04-10 22:57:25.831 I/am_pss  ( 3847): [24030,10051,android.process.media,10690560,4489216,5387264]
04-10 22:57:25.876 I/am_pss  ( 3847): [28650,5009,com.samsung.android.scloud,10392576,4120576,5363712]
04-10 22:57:25.921 I/am_pss  ( 3847): [24122,5019,com.samsung.visionprovider:VisionFramework,8583168,2633728,5243904]
04-10 22:57:26.665 I/notification_cancel( 3847): [10004,4250,com.android.systemui,2,low_battery,-1,0,1088,8,NULL]
04-10 22:57:26.667 I/notification_cancel( 3847): [10004,4250,com.android.systemui,3,low_battery,-1,0,1088,8,NULL]
04-10 22:57:28.625 I/am_uid_idle( 3847): 10230
04-10 22:57:29.141 I/power_partial_wake_state( 3847): [8,RILJ:com.android.phone]
04-10 22:57:29.740 I/am_pss  ( 3847): [1038,10198,com.google.android.apps.photos,34533376,20762624,12193792]
04-10 22:57:33.690 I/am_pss  ( 3847): [1713,10209,com.dna.evolutionrunner,419330048,396464128,197632]
04-10 22:57:33.752 I/am_pss  ( 3847): [2111,99108,com.android.chrome:sandboxed_process0,129459200,108896256,179200]
04-10 22:57:33.775 I/am_uid_idle( 3847): 10079
04-10 22:57:33.797 I/am_pss  ( 3847): [1909,10079,com.sec.android.app.soundalive,7192576,5767168,269312]
04-10 22:57:33.842 I/am_pss  ( 3847): [1285,5004,com.samsung.dcmservice,7322624,1826816,4293632]
04-10 22:57:33.888 I/am_pss  ( 3847): [2395,5004,com.samsung.mlp,15982592,10608640,247808]
04-10 22:57:33.933 I/am_pss  ( 3847): [1528,5004,com.samsung.enhanceservice,6908928,1503232,4355072]
04-10 22:57:33.977 I/am_pss  ( 3847): [1627,5004,com.samsung.ipservice,6925312,5586944,262144]
04-10 22:57:34.024 I/am_pss  ( 3847): [2516,5004,com.samsung.faceservice,33733632,27750400,252928]
04-10 22:57:34.070 I/am_pss  ( 3847): [1025,5004,com.samsung.storyservice,7483392,1826816,4600832]
04-10 22:57:36.703 I/notification_cancel( 3847): [10004,4250,com.android.systemui,2,low_battery,-1,0,1088,8,NULL]
04-10 22:57:36.705 I/notification_cancel( 3847): [10004,4250,com.android.systemui,3,low_battery,-1,0,1088,8,NULL]
04-10 22:57:39.185 I/power_partial_wake_state( 3847): [8,RILJ:com.android.phone]
04-10 22:57:39.279 I/power_partial_wake_state( 3847): [5,SyncLoopWakeLock:android]
04-10 22:57:39.283 I/power_partial_wake_state( 3847): [1,SyncLoopWakeLock:android]
04-10 22:57:39.289 I/chatty  ( 3847): uid=1000(system) android.bg identical 2 lines
04-10 22:57:39.292 I/power_partial_wake_state( 3847): [1,SyncLoopWakeLock:android]
04-10 22:57:39.296 I/power_partial_wake_state( 3847): [3,SyncLoopWakeLock:android]
04-10 22:57:39.298 I/power_partial_wake_state( 3847): [0,SyncLoopWakeLock:android]
04-10 22:57:39.301 I/power_partial_wake_state( 3847): [1,SyncLoopWakeLock:android]
04-10 22:57:39.501 I/notification_cancel( 3847): [10145,1559,com.samsung.android.app.notes,528,SyncNotificationHelper,0,0,1088,8,NULL]
04-10 22:57:39.518 I/notification_cancel( 3847): [10145,1559,com.samsung.android.app.notes,1040,SyncNotificationHelper,0,0,1088,8,NULL]
04-10 22:57:39.524 I/notification_cancel( 3847): [10145,1559,com.samsung.android.app.notes,520,SyncNotificationHelper,0,0,1088,8,NULL]
04-10 22:57:39.528 I/notification_cancel( 3847): [10145,1559,com.samsung.android.app.notes,528,SyncNotificationHelper,0,0,1088,8,NULL]
04-10 22:57:39.533 I/notification_cancel( 3847): [10145,1559,com.samsung.android.app.notes,640,SyncNotificationHelper,0,0,1088,8,NULL]
04-10 22:57:39.537 I/notification_cancel( 3847): [10145,1559,com.samsung.android.app.notes,1032,SyncNotificationHelper,0,0,1088,8,NULL]
04-10 22:57:39.546 I/notification_cancel( 3847): [10145,1559,com.samsung.android.app.notes,1040,SyncNotificationHelper,0,0,1088,8,NULL]
04-10 22:57:39.548 I/notification_cancel( 3847): [10145,1559,com.samsung.android.app.notes,1152,SyncNotificationHelper,0,0,1088,8,NULL]
04-10 22:57:42.961 I/content_query_sample( 5628): contents_sample_state: [CONTACT contacts(0) data(0) accounts({}) accounts deleted({}) calls([]) countryIso(KR) userId(0)  ]
04-10 22:57:42.961 I/content_query_sample( 5628): contents_sample_state: [ agr({})  ]
04-10 22:57:42.961 I/content_query_sample( 5628): contents_sample_state: [ actCnt({android.process.acore(5628)=1})  ]
04-10 22:57:42.961 I/content_query_sample( 5628): contents_sample_state: [PROFILE contacts(0) data(0) accounts({})  ]
04-10 22:57:42.961 I/content_query_sample( 5628): contents_sample_state: [SAPROFILE contacts(1) data(1) accounts({vnd.sec.contact.phone (1)=1})  ]
04-10 22:57:44.685 I/am_uid_idle( 3847): 10157
04-10 22:57:46.798 I/notification_cancel( 3847): [10004,4250,com.android.systemui,2,low_battery,-1,0,1088,8,NULL]
04-10 22:57:46.800 I/notification_cancel( 3847): [10004,4250,com.android.systemui,3,low_battery,-1,0,1088,8,NULL]
04-10 22:57:49.235 I/power_partial_wake_state( 3847): [16,RILJ:com.android.phone]
04-10 22:57:51.231 I/am_uid_idle( 3847): 10051
04-10 22:57:51.231 I/am_uid_idle( 3847): 5019
04-10 22:57:51.231 I/am_uid_idle( 3847): 5009
04-10 22:57:51.231 I/am_uid_idle( 3847): 5004
04-10 22:57:53.798 I/am_uid_idle( 3847): 10153
04-10 22:57:56.218 I/power_partial_wake_state( 3847): [7,*alarm*:android]
04-10 22:57:56.909 I/notification_cancel( 3847): [10004,4250,com.android.systemui,2,low_battery,-1,0,1088,8,NULL]
04-10 22:57:56.915 I/notification_cancel( 3847): [10004,4250,com.android.systemui,3,low_battery,-1,0,1088,8,NULL]
04-10 22:57:57.060 I/am_pss  ( 3847): [12017,10055,com.android.vending,70957056,47316992,22538240]
04-10 22:57:57.106 I/am_pss  ( 3847): [12720,10116,com.android.chrome,12534784,2379776,6825984]
04-10 22:57:57.220 I/am_uid_running( 3847): 1250
04-10 22:57:57.251 I/am_proc_start( 3847): [0,2777,1250,com.samsung.android.knox.containeragent,broadcast,com.samsung.android.knox.containeragent/.switcher.knoxusage.KnoxUsageReceiver]
04-10 22:57:57.335 I/am_proc_bound( 3847): [0,2777,com.samsung.android.knox.containeragent]
04-10 22:57:59.279 I/power_partial_wake_state( 3847): [9,RILJ:com.android.phone]
04-10 22:58:00.230 I/power_partial_wake_state( 3847): [32,*alarm*:android]
04-10 22:58:02.021 I/am_uid_idle( 3847): 99108
04-10 22:58:02.021 I/am_uid_idle( 3847): 99009
04-10 22:58:02.021 I/am_uid_idle( 3847): 10209
04-10 22:58:02.022 I/am_uid_idle( 3847): 10055
04-10 22:58:02.198 I/am_uid_stopped( 3847): 10028
04-10 22:58:02.199 I/am_kill ( 3847): [0,1727,com.samsung.android.game.gametools,0,11,stop com.samsung.android.game.gametools,from pid 1727]
04-10 22:58:02.202 I/am_schedule_service_restart( 3847): [0,com.samsung.android.game.gametools/.floatingui.service.internal.GameToolsService,1000]
04-10 22:58:02.202 I/am_broadcast_discard_app( 3847): [0,105937471,gametools.killbymyself,0,ResolveInfo{e462055 com.samsung.android.game.gametools/.floatingui.receiver.IdleSuicideReceiver m=0x0}]
04-10 22:58:02.251 I/notification_cancel_all( 3847): [1000,3847,com.samsung.android.game.gametools,0,0,0,5,NULL]
04-10 22:58:02.265 I/power_partial_wake_state( 3847): [143,*alarm*:android]
04-10 22:58:06.979 I/notification_cancel( 3847): [10004,4250,com.android.systemui,2,low_battery,-1,0,1088,8,NULL]
04-10 22:58:06.981 I/notification_cancel( 3847): [10004,4250,com.android.systemui,3,low_battery,-1,0,1088,8,NULL]
04-10 22:58:09.052 I/am_meminfo( 3847): [281997312,105459712,0,798863360,361530368]
04-10 22:58:09.326 I/power_partial_wake_state( 3847): [9,RILJ:com.android.phone]
04-10 22:58:11.296 I/am_pss  ( 3847): [19124,10030,com.google.android.gms,64668672,33202176,25179136]
04-10 22:58:11.346 I/am_pss  ( 3847): [21129,99009,com.android.chrome:sandboxed_process0,33299456,18518016,11749376]
04-10 22:58:11.393 I/am_pss  ( 3847): [28650,5009,com.samsung.android.scloud,12380160,6266880,5080064]
04-10 22:58:11.441 I/am_pss  ( 3847): [1559,10145,com.samsung.android.app.notes,28044288,9936896,7410688]
04-10 22:58:17.114 I/notification_cancel( 3847): [10004,4250,com.android.systemui,2,low_battery,-1,0,1088,8,NULL]
04-10 22:58:17.116 I/notification_cancel( 3847): [10004,4250,com.android.systemui,3,low_battery,-1,0,1088,8,NULL]
04-10 22:58:19.370 I/power_partial_wake_state( 3847): [8,RILJ:com.android.phone]
04-10 22:58:27.244 I/notification_cancel( 3847): [10004,4250,com.android.systemui,2,low_battery,-1,0,1088,8,NULL]
04-10 22:58:27.246 I/notification_cancel( 3847): [10004,4250,com.android.systemui,3,low_battery,-1,0,1088,8,NULL]
04-10 22:58:29.438 I/power_partial_wake_state( 3847): [10,RILJ:com.android.phone]
04-10 22:58:29.517 I/power_partial_wake_state( 3847): [0,RILJ:com.android.phone]
04-10 22:58:29.567 I/am_pss  ( 3847): [2777,1250,com.samsung.android.knox.containeragent,18413568,13078528,680960]
04-10 22:58:37.312 I/notification_cancel( 3847): [10004,4250,com.android.systemui,2,low_battery,-1,0,1088,8,NULL]
04-10 22:58:37.314 I/notification_cancel( 3847): [10004,4250,com.android.systemui,3,low_battery,-1,0,1088,8,NULL]
04-10 22:58:39.483 I/power_partial_wake_state( 3847): [10,RILJ:com.android.phone]
04-10 22:58:43.110 I/content_query_sample( 5628): contents_sample_state: [CONTACT contacts(0) data(0) accounts({}) accounts deleted({}) calls([]) countryIso(KR) userId(0)  ]
04-10 22:58:43.110 I/content_query_sample( 5628): contents_sample_state: [ agr({})  ]
04-10 22:58:43.110 I/content_query_sample( 5628): contents_sample_state: [ actCnt({android.process.acore(5628)=1})  ]
04-10 22:58:43.110 I/content_query_sample( 5628): contents_sample_state: [PROFILE contacts(0) data(0) accounts({})  ]
04-10 22:58:43.110 I/content_query_sample( 5628): contents_sample_state: [SAPROFILE contacts(1) data(1) accounts({vnd.sec.contact.phone (1)=1})  ]
04-10 22:58:47.388 I/notification_cancel( 3847): [10004,4250,com.android.systemui,2,low_battery,-1,0,1088,8,NULL]
04-10 22:58:47.389 I/notification_cancel( 3847): [10004,4250,com.android.systemui,3,low_battery,-1,0,1088,8,NULL]
04-10 22:58:49.522 I/power_partial_wake_state( 3847): [9,RILJ:com.android.phone]
04-10 22:58:57.503 I/notification_cancel( 3847): [10004,4250,com.android.systemui,2,low_battery,-1,0,1088,8,NULL]
04-10 22:58:57.505 I/notification_cancel( 3847): [10004,4250,com.android.systemui,3,low_battery,-1,0,1088,8,NULL]
04-10 22:58:59.566 I/power_partial_wake_state( 3847): [7,RILJ:com.android.phone]
04-10 22:59:00.099 I/power_partial_wake_state( 3847): [96,*alarm*:android]
04-10 22:59:00.127 I/am_pss  ( 3847): [19655,10126,com.enhance.gameservice,16111616,9011200,5975040]
04-10 22:59:05.291 I/sysui_multi_action( 4250): [757,931,758,4,759,3,932,0,933,0]
04-10 22:59:05.364 I/sysui_multi_action( 4250): [757,931,758,4,759,3,932,0,933,1]
04-10 22:59:05.402 I/am_new_intent( 3847): [0,80753423,2,com.sec.android.app.launcher/.activities.LauncherActivity,android.intent.action.MAIN,NULL,NULL,278921216,android]
04-10 22:59:05.403 I/wm_task_moved( 3847): [2,1,0]
04-10 22:59:05.603 I/sysui_multi_action( 4250): [757,931,758,4,759,187,932,0,933,0]
04-10 22:59:05.697 I/sysui_multi_action( 4250): [757,931,758,4,759,187,932,0,933,1]
04-10 22:59:05.771 I/am_new_intent( 3847): [0,34227578,3,com.android.systemui/.recents.RecentsActivity,NULL,NULL,NULL,276840448,com.android.systemui]
04-10 22:59:05.773 I/wm_task_moved( 3847): [3,1,0]
04-10 22:59:05.774 I/am_focused_stack( 3847): [0,5,0,bringingFoundTaskToFront]
04-10 22:59:05.775 I/wm_task_moved( 3847): [3,1,0]
04-10 22:59:05.776 I/am_pause_activity( 3847): [0,123749643,com.sec.android.app.launcher/.activities.LauncherActivity]
04-10 22:59:05.788 I/am_set_resumed_activity( 3847): [0,com.android.systemui/.recents.RecentsActivity,resumeTopActivityInnerLocked]
04-10 22:59:05.798 I/am_resume_activity( 3847): [0,241881128,3,com.android.systemui/.recents.RecentsActivity]
04-10 22:59:05.803 I/am_task_to_front( 3847): [0,3]
04-10 22:59:05.809 I/sysui_count( 3847): [window_time_0,124]
04-10 22:59:05.809 I/sysui_multi_action( 3847): [757,803,799,window_time_0,802,124]
04-10 22:59:05.809 I/sysui_multi_action( 3847): [757,1143,758,9,806,com.sec.android.app.launcher,871,com.sec.android.app.launcher.activities.LauncherActivity]
04-10 22:59:05.812 I/am_uid_running( 3847): 10028
04-10 22:59:05.822 I/sysui_count( 4250): [overview_trigger_nav_btn,1]
04-10 22:59:05.822 I/sysui_multi_action( 4250): [757,803,799,overview_trigger_nav_btn,802,1]
04-10 22:59:05.822 I/sysui_count( 4250): [overview_source_home,1]
04-10 22:59:05.822 I/sysui_multi_action( 4250): [757,803,799,overview_source_home,802,1]
04-10 22:59:05.830 I/sysui_histogram( 4250): [overview_task_count,32]
04-10 22:59:05.830 I/sysui_multi_action( 4250): [757,804,799,overview_task_count,801,32,802,1]
04-10 22:59:05.835 I/am_proc_start( 3847): [0,2991,10028,com.samsung.android.game.gametools,service,com.samsung.android.game.gametools/.floatingui.service.external.GameToolsIntentService]
04-10 22:59:05.854 I/am_on_paused_called( 5231): [0,com.sec.android.app.launcher.activities.LauncherActivity,handlePauseActivity]
04-10 22:59:05.855 I/sysui_view_visibility( 4250): [224,100]
04-10 22:59:05.855 I/sysui_multi_action( 4250): [757,224,758,1]
04-10 22:59:05.858 I/am_stop_activity( 3847): [0,123749643,com.sec.android.app.launcher/.activities.LauncherActivity]
04-10 22:59:05.865 I/am_on_resume_called( 4250): [0,com.android.systemui.recents.RecentsActivity,RESUME_ACTIVITY]
04-10 22:59:05.899 I/am_on_stop_called( 5231): [0,com.sec.android.app.launcher.activities.LauncherActivity,handleStopActivity]
04-10 22:59:05.907 I/am_proc_bound( 3847): [0,2991,com.samsung.android.game.gametools]
04-10 22:59:06.445 I/notification_cancel( 3847): [10028,2991,com.samsung.android.game.gametools,2131492873,NULL,0,0,1088,8,NULL]
04-10 22:59:06.446 I/notification_cancel( 3847): [10028,2991,com.samsung.android.game.gametools,2131492876,NULL,0,0,1088,8,NULL]
04-10 22:59:06.446 I/notification_cancel( 3847): [10028,2991,com.samsung.android.game.gametools,2131492869,NULL,0,0,1088,8,NULL]
04-10 22:59:06.474 I/power_partial_wake_state( 3847): [694,*launch*:android]
04-10 22:59:07.240 I/am_finish_activity( 3847): [0,19370620,61,com.dna.evolutionrunner/by.saygames.SayKitActivity,clear-task-index]
04-10 22:59:07.242 I/am_destroy_activity( 3847): [0,19370620,61,com.dna.evolutionrunner/by.saygames.SayKitActivity,finish-imm]
04-10 22:59:07.245 I/sysui_count( 4250): [overview_task_all_dismissed,1]
04-10 22:59:07.245 I/sysui_multi_action( 4250): [757,803,799,overview_task_all_dismissed,802,1]
04-10 22:59:07.245 I/sysui_action( 4250): [357,]
04-10 22:59:07.245 I/sysui_multi_action( 4250): [757,357,758,4]
04-10 22:59:07.245 I/am_kill ( 3847): [0,25985,org.telegram.messenger,903,15,DHA:cached #25]
04-10 22:59:07.254 I/am_kill ( 3847): [0,1713,com.dna.evolutionrunner,900,17,remove task]
04-10 22:59:07.255 I/am_kill ( 3847): [0,2111,com.android.chrome:sandboxed_process0,900,17,remove task]
04-10 22:59:07.256 I/sysui_count( 3847): [window_time_0,1]
04-10 22:59:07.256 I/sysui_multi_action( 3847): [757,803,799,window_time_0,802,1]
04-10 22:59:07.260 I/am_finish_activity( 3847): [0,228954166,60,com.groupme.android/.welcome.LandingActivity,clear-task-index]
04-10 22:59:07.262 I/am_destroy_activity( 3847): [0,228954166,60,com.groupme.android/.welcome.LandingActivity,finish-imm]
04-10 22:59:07.270 I/am_kill ( 3847): [0,1278,com.groupme.android,900,17,remove task]
04-10 22:59:07.279 I/am_new_intent( 3847): [0,128613147,2,com.sec.android.app.launcher/.activities.LauncherActivity,android.intent.action.MAIN,NULL,NULL,278921216,com.android.systemui]
04-10 22:59:07.280 I/wm_task_moved( 3847): [2,1,0]
04-10 22:59:07.281 I/am_focused_stack( 3847): [0,0,5,bringingFoundTaskToFront]
04-10 22:59:07.281 I/wm_task_moved( 3847): [2,1,0]
04-10 22:59:07.282 I/am_pause_activity( 3847): [0,241881128,com.android.systemui/.recents.RecentsActivity]
04-10 22:59:07.289 I/am_set_resumed_activity( 3847): [0,com.sec.android.app.launcher/.activities.LauncherActivity,resumeTopActivityInnerLocked]
04-10 22:59:07.298 I/am_resume_activity( 3847): [0,123749643,2,com.sec.android.app.launcher/.activities.LauncherActivity]
04-10 22:59:07.302 I/am_task_to_front( 3847): [0,2]
04-10 22:59:07.306 I/sysui_count( 3847): [window_time_0,0]
04-10 22:59:07.306 I/sysui_multi_action( 3847): [757,803,799,window_time_0,802,0]
04-10 22:59:07.311 I/sysui_count( 3847): [window_time_0,0]
04-10 22:59:07.311 I/sysui_multi_action( 3847): [757,803,799,window_time_0,802,0]
04-10 22:59:07.314 I/am_finish_activity( 3847): [0,88096928,59,com.etoro.openbook/.MainActivity,clear-task-index]
04-10 22:59:07.316 I/am_destroy_activity( 3847): [0,88096928,59,com.etoro.openbook/.MainActivity,finish-imm]
04-10 22:59:07.321 I/am_kill ( 3847): [0,791,com.android.chrome:sandboxed_process0,900,17,remove task]
04-10 22:59:07.321 I/am_kill ( 3847): [0,732,com.etoro.openbook,900,17,remove task]
04-10 22:59:07.322 I/am_stop_activity( 3847): [0,241881128,com.android.systemui/.recents.RecentsActivity]
04-10 22:59:07.325 I/am_finish_activity( 3847): [0,248932780,58,org.videolan.vlc/.gui.MainActivity,clear-task-index]
04-10 22:59:07.326 I/am_destroy_activity( 3847): [0,248932780,58,org.videolan.vlc/.gui.MainActivity,finish-imm]
04-10 22:59:07.326 I/am_on_paused_called( 4250): [0,com.android.systemui.recents.RecentsActivity,handlePauseActivity]
04-10 22:59:07.331 I/am_kill ( 3847): [0,556,org.videolan.vlc,900,17,remove task]
04-10 22:59:07.333 I/sysui_count( 3847): [window_time_0,0]
04-10 22:59:07.334 I/sysui_multi_action( 3847): [757,803,799,window_time_0,802,0]
04-10 22:59:07.334 I/am_finish_activity( 3847): [0,74020840,57,com.crunchyroll.crunchyroid/com.crunchyroll.onboarding.OnboardingV2Activity,clear-task-index]
04-10 22:59:07.336 I/am_destroy_activity( 3847): [0,74020840,57,com.crunchyroll.crunchyroid/com.crunchyroll.onboarding.OnboardingV2Activity,finish-imm]
04-10 22:59:07.341 I/sysui_view_visibility( 4250): [224,0]
04-10 22:59:07.341 I/sysui_multi_action( 4250): [757,224,758,2]
