04-10 22:44:09.471 I/sysui_count( 3847): [window_time_0,15]
04-10 22:44:09.471 I/sysui_multi_action( 3847): [757,803,799,window_time_0,802,15]
04-10 22:44:09.472 I/am_stop_activity( 3847): [0,248932780,org.videolan.vlc/.gui.MainActivity]
04-10 22:44:09.494 I/am_on_resume_called( 5231): [0,com.sec.android.app.launcher.activities.LauncherActivity,RESUME_ACTIVITY]
04-10 22:44:09.510 I/am_on_stop_called(19072): [0,org.videolan.vlc.gui.MainActivity,handleStopActivity]
04-10 22:44:09.534 I/force_gc( 4228): Binder
04-10 22:44:09.540 I/am_kill ( 3847): [0,9702,io.faceapp,901,15,DHA:cached #25]
04-10 22:44:09.561 I/power_partial_wake_state( 3847): [124,*launch*:android]
04-10 22:44:09.618 I/sysui_multi_action( 3847): [319,137,322,140,325,4379,757,761,758,9,759,2,806,com.sec.android.app.launcher,871,com.sec.android.app.launcher.activities.LauncherActivity,905,0]
04-10 22:44:09.698 I/am_proc_died( 3847): [0,9702,io.faceapp,901,15,97,693]
04-10 22:44:09.700 I/am_uid_stopped( 3847): 10225
04-10 22:44:10.109 I/am_uid_idle( 3847): 10233
04-10 22:44:10.148 I/am_uid_idle( 3847): 10079
04-10 22:44:10.330 I/am_uid_stopped( 3847): 10028
04-10 22:44:10.330 I/am_kill ( 3847): [0,13916,com.samsung.android.game.gametools,0,11,stop com.samsung.android.game.gametools,from pid 13916]
04-10 22:44:10.338 I/am_schedule_service_restart( 3847): [0,com.samsung.android.game.gametools/.floatingui.service.internal.GameToolsService,1000]
04-10 22:44:10.338 I/am_broadcast_discard_app( 3847): [0,79277895,gametools.killbymyself,0,ResolveInfo{63b09d com.samsung.android.game.gametools/.floatingui.receiver.IdleSuicideReceiver m=0x0}]
04-10 22:44:10.349 I/am_pss  ( 3847): [12017,10055,com.android.vending,73331712,49442816,22756352]
04-10 22:44:10.352 I/notification_cancel_all( 3847): [1000,3847,com.samsung.android.game.gametools,0,0,0,5,NULL]
04-10 22:44:10.398 I/power_partial_wake_state( 3847): [132,*alarm*:android]
04-10 22:44:13.385 I/am_uid_running( 3847): 10212
04-10 22:44:13.412 I/am_proc_start( 3847): [0,19267,10212,com.etoro.openbook,activity,com.etoro.openbook/.MainActivity]
04-10 22:44:13.442 I/am_new_intent( 3847): [0,189774233,59,com.etoro.openbook/.MainActivity,android.intent.action.MAIN,NULL,NULL,270532608,com.sec.android.app.launcher]
04-10 22:44:13.442 I/wm_task_moved( 3847): [59,1,31]
04-10 22:44:13.444 I/am_focused_stack( 3847): [0,1,0,bringingFoundTaskToFront]
04-10 22:44:13.444 I/wm_task_moved( 3847): [59,1,31]
04-10 22:44:13.445 I/am_pause_activity( 3847): [0,123749643,com.sec.android.app.launcher/.activities.LauncherActivity]
04-10 22:44:13.447 I/am_task_to_front( 3847): [0,59]
04-10 22:44:13.454 I/am_proc_bound( 3847): [0,19267,com.etoro.openbook]
04-10 22:44:13.467 I/am_on_paused_called( 5231): [0,com.sec.android.app.launcher.activities.LauncherActivity,handlePauseActivity]
04-10 22:44:13.507 I/am_uid_active( 3847): 10212
04-10 22:44:13.507 I/am_restart_activity( 3847): [0,88096928,59,com.etoro.openbook/.MainActivity]
04-10 22:44:13.508 I/am_set_resumed_activity( 3847): [0,com.etoro.openbook/.MainActivity,minimalResumeActivityLocked]
04-10 22:44:13.515 I/sysui_count( 3847): [window_time_0,4]
04-10 22:44:13.515 I/sysui_multi_action( 3847): [757,803,799,window_time_0,802,4]
04-10 22:44:14.088 I/am_uid_running( 3847): 99089
04-10 22:44:14.108 I/am_proc_start( 3847): [0,19324,99089,com.android.chrome:sandboxed_process0,webview_service,com.etoro.openbook/org.chromium.content.app.SandboxedProcessService0]
04-10 22:44:14.317 I/am_proc_bound( 3847): [0,19324,com.android.chrome:sandboxed_process0]
04-10 22:44:14.320 I/am_uid_active( 3847): 99089
04-10 22:44:14.414 I/notification_cancel_all( 3847): [1000,3847,com.etoro.openbook,0,0,0,17,NULL]
04-10 22:44:14.421 I/chatty  ( 3847): uid=1000 system_server identical 1 line
04-10 22:44:14.421 I/notification_cancel_all( 3847): [1000,3847,com.etoro.openbook,0,0,0,17,NULL]
04-10 22:44:14.537 I/notification_cancel( 3847): [10212,19267,com.etoro.openbook,9999997,NULL,0,0,1088,8,NULL]
04-10 22:44:14.621 I/am_on_resume_called(19267): [0,com.etoro.openbook.MainActivity,LAUNCH_ACTIVITY]
04-10 22:44:14.923 I/sysui_multi_action( 3847): [319,117,321,116,322,1499,325,4383,757,761,758,9,759,1,806,com.etoro.openbook,871,com.etoro.openbook.MainActivity,905,0]
04-10 22:44:14.923 I/am_activity_launch_time( 3847): [0,88096928,com.etoro.openbook/.MainActivity,1460,1460]
04-10 22:44:14.998 I/notification_cancel( 3847): [10212,19267,com.etoro.openbook,10436,NULL,0,0,1088,8,NULL]
04-10 22:44:15.077 I/power_partial_wake_state( 3847): [326,*job*/com.etoro.openbook/androidx.work.impl.background.systemjob.SystemJobService:android]
04-10 22:44:15.121 I/power_partial_wake_state( 3847): [370,*job*/com.etoro.openbook/androidx.work.impl.background.systemjob.SystemJobService:android]
04-10 22:44:15.135 I/power_partial_wake_state( 3847): [1689,*launch*:android]
04-10 22:44:15.137 I/am_stop_activity( 3847): [0,123749643,com.sec.android.app.launcher/.activities.LauncherActivity]
04-10 22:44:15.139 I/am_on_stop_called( 5231): [0,com.sec.android.app.launcher.activities.LauncherActivity,handleStopActivity]
04-10 22:44:15.226 I/force_gc( 3847): Binder
04-10 22:44:15.367 I/power_partial_wake_state( 3847): [615,*job*/com.etoro.openbook/androidx.work.impl.background.systemjob.SystemJobService:android]
04-10 22:44:15.399 I/power_partial_wake_state( 3847): [648,*job*/com.etoro.openbook/androidx.work.impl.background.systemjob.SystemJobService:android]
04-10 22:44:15.627 I/power_partial_wake_state( 3847): [231,*job*/com.etoro.openbook/androidx.work.impl.background.systemjob.SystemJobService:android]
04-10 22:44:15.977 I/power_partial_wake_state( 3847): [6,RILJ:com.android.phone]
04-10 22:44:18.753 I/battery_level( 3847): [41,3750,410]
04-10 22:44:18.806 I/notification_cancel( 3847): [10004,4250,com.android.systemui,2,low_battery,-1,0,1088,8,NULL]
04-10 22:44:18.807 I/notification_cancel( 3847): [10004,4250,com.android.systemui,3,low_battery,-1,0,1088,8,NULL]
04-10 22:44:18.817 I/notification_enqueue( 3847): [10004,4250,com.android.systemui,2131362716,charging_state,-1,Notification(channel=GEN pri=-2 contentView=null vibrate=null sound=null defaults=0x0 flags=0xa color=0xff607d8b category=sys number=0 vis=PUBLIC semFlags=0x0 semPriority=0 semMissedCount=0),1,NULL]
04-10 22:44:18.889 I/power_partial_wake_state( 3847): [13,RILJ:com.android.phone]
04-10 22:44:20.307 I/am_pss  ( 3847): [18740,10214,com.crunchyroll.crunchyroid,108306432,95576064,207872]
04-10 22:44:23.675 I/am_kill ( 3847): [0,17882,com.android.printspooler,902,17,DHA:empty #17]
04-10 22:44:23.676 I/am_kill ( 3847): [0,17312,com.sec.android.provider.badge,904,17,DHA:empty #17]
04-10 22:44:23.798 I/am_proc_died( 3847): [0,17882,com.android.printspooler,902,17,90,533]
04-10 22:44:23.798 I/am_uid_stopped( 3847): 10157
04-10 22:44:23.865 I/am_proc_died( 3847): [0,17312,com.sec.android.provider.badge,904,17,91,533]
04-10 22:44:23.865 I/am_uid_stopped( 3847): 10006
04-10 22:44:23.882 I/am_pss  ( 3847): [19267,10212,com.etoro.openbook,160098304,140296192,207872]
04-10 22:44:24.747 I/am_kill ( 3847): [0,18072,com.google.process.gapps,902,17,DHA:empty #15]
04-10 22:44:24.748 I/am_kill ( 3847): [0,10952,com.sec.android.app.soundalive,902,17,DHA:empty #15]
04-10 22:44:24.852 I/am_kill ( 3847): [0,7198,com.enhance.gameservice,902,17,DHA:empty #13]
04-10 22:44:24.853 I/am_kill ( 3847): [0,18193,com.google.android.apps.photos,902,17,DHA:empty #13]
04-10 22:44:24.871 I/power_partial_wake_state( 3847): [46,IntentOp:.common.broadcast.BackgroundBroadcastReceiverSupport$PersistentReceiverIntentOperation:com.google.android.gms]
04-10 22:44:24.872 I/am_proc_died( 3847): [0,18072,com.google.process.gapps,902,17,82,531]
04-10 22:44:24.999 I/am_proc_died( 3847): [0,18193,com.google.android.apps.photos,902,17,91,553]
04-10 22:44:25.000 I/am_uid_stopped( 3847): 10198
04-10 22:44:25.010 I/am_proc_died( 3847): [0,7198,com.enhance.gameservice,902,17,87,556]
04-10 22:44:25.010 I/am_uid_stopped( 3847): 10126
04-10 22:44:25.098 I/am_proc_died( 3847): [0,10952,com.sec.android.app.soundalive,902,17,78,566]
04-10 22:44:25.099 I/am_uid_stopped( 3847): 10079
04-10 22:44:25.138 I/power_partial_wake_state( 3847): [13,nearby:ENWearableDeviceManager:com.google.android.gms]
04-10 22:44:25.457 I/power_partial_wake_state( 3847): [749,*alarm*:android]
04-10 22:44:25.466 I/notification_cancel( 3847): [10030,4741,com.google.android.gms,56933,NULL,0,0,1088,8,NULL]
04-10 22:44:25.480 I/notification_cancel( 3847): [10030,4741,com.google.android.gms,56932,NULL,0,0,1088,8,NULL]
04-10 22:44:25.489 I/notification_cancel( 3847): [10030,4741,com.google.android.gms,56935,NULL,0,0,1088,8,NULL]
04-10 22:44:25.509 I/notification_cancel( 3847): [10030,4741,com.google.android.gms,115357,NULL,0,0,1088,8,NULL]
04-10 22:44:25.512 I/notification_cancel( 3847): [10030,4741,com.google.android.gms,115356,NULL,0,0,1088,8,NULL]
04-10 22:44:25.517 I/notification_cancel( 3847): [10030,4741,com.google.android.gms,115358,NULL,0,0,1088,8,NULL]
04-10 22:44:26.035 I/power_partial_wake_state( 3847): [14,RILJ:com.android.phone]
04-10 22:44:26.149 I/power_partial_wake_state( 3847): [927,Icing:com.google.android.gms]
04-10 22:44:26.194 I/am_uid_running( 3847): 10198
04-10 22:44:26.231 I/am_proc_start( 3847): [0,19543,10198,com.google.android.apps.photos,service,com.google.android.apps.photos/com.google.android.libraries.social.mediamonitor.MediaMonitorJobSchedulerService]
04-10 22:44:26.340 I/am_proc_bound( 3847): [0,19543,com.google.android.apps.photos]
04-10 22:44:26.588 I/am_uid_running( 3847): 10153
04-10 22:44:26.767 I/am_proc_start( 3847): [0,19578,10153,com.samsung.android.sm.policy,content provider,com.samsung.android.sm.policy/com.samsung.android.scpm.db.ScpmProvider]
04-10 22:44:26.777 I/am_kill ( 3847): [0,18172,com.samsung.faceservice,902,17,DHA:empty #11]
04-10 22:44:26.778 I/am_kill ( 3847): [0,18962,com.samsung.storyservice,902,17,DHA:empty #11]
04-10 22:44:26.796 I/am_kill ( 3847): [0,5123,com.samsung.enhanceservice,902,17,DHA:empty #9]
04-10 22:44:26.797 I/am_kill ( 3847): [0,18105,com.samsung.ipservice,902,17,DHA:empty #9]
04-10 22:44:26.801 I/am_kill ( 3847): [0,10106,me.lyft.android,901,15,DHA:cached #23]
04-10 22:44:26.848 I/am_proc_bound( 3847): [0,19578,com.samsung.android.sm.policy]
04-10 22:44:26.858 I/am_uid_active( 3847): 10153
04-10 22:44:27.045 I/am_proc_died( 3847): [0,18962,com.samsung.storyservice,902,17,50,548]
04-10 22:44:27.053 I/am_schedule_service_restart( 3847): [0,com.samsung.storyservice/.StoryService,175584]
04-10 22:44:27.071 I/am_proc_died( 3847): [0,5123,com.samsung.enhanceservice,902,17,51,546]
04-10 22:44:27.071 I/am_schedule_service_restart( 3847): [0,com.samsung.enhanceservice/.EnhanceService,1000]
04-10 22:44:27.088 I/am_proc_died( 3847): [0,18172,com.samsung.faceservice,902,17,51,545]
04-10 22:44:27.090 I/am_schedule_service_restart( 3847): [0,com.samsung.faceservice/.FaceService,10981]
04-10 22:44:27.219 I/am_proc_died( 3847): [0,18105,com.samsung.ipservice,902,17,58,533]
04-10 22:44:27.219 I/am_schedule_service_restart( 3847): [0,com.samsung.ipservice/.IPService,20852]
04-10 22:44:27.525 I/am_proc_died( 3847): [0,10106,me.lyft.android,901,15,62,532]
04-10 22:44:27.526 I/am_uid_stopped( 3847): 10218
04-10 22:44:27.937 I/am_kill ( 3847): [0,10426,me.pou.app,901,15,DHA:cached #22]
04-10 22:44:28.103 I/am_proc_start( 3847): [0,19641,5004,com.samsung.enhanceservice,service,com.samsung.enhanceservice/.EnhanceService]
04-10 22:44:28.178 I/am_proc_died( 3847): [0,10426,me.pou.app,901,15,42,577]
04-10 22:44:28.193 I/am_uid_stopped( 3847): 10226
04-10 22:44:28.231 I/am_kill ( 3847): [0,10613,com.android.chrome:sandboxed_process0,0,11,isolated not needed]
04-10 22:44:28.233 I/am_kill ( 3847): [0,10820,com.seenax.HideAndSeek,901,15,DHA:cached #21]
04-10 22:44:28.249 I/am_uid_running( 3847): 10126
04-10 22:44:28.294 I/am_proc_start( 3847): [0,19655,10126,com.enhance.gameservice,service,com.enhance.gameservice/.GameIntentService]
04-10 22:44:28.298 I/am_proc_bound( 3847): [0,19641,com.samsung.enhanceservice]
04-10 22:44:28.313 I/am_proc_died( 3847): [0,10613,com.android.chrome:sandboxed_process0,0,11,109,582]
04-10 22:44:28.316 I/am_uid_stopped( 3847): 99077
04-10 22:44:28.341 I/am_uid_running( 3847): 10157
04-10 22:44:28.398 I/am_proc_start( 3847): [0,19667,10157,com.android.printspooler,service,com.android.printspooler/.model.PrintSpoolerService]
04-10 22:44:28.422 I/am_proc_bound( 3847): [0,19655,com.enhance.gameservice]
04-10 22:44:28.462 I/am_proc_bound( 3847): [0,19667,com.android.printspooler]
04-10 22:44:28.473 I/am_uid_active( 3847): 10157
04-10 22:44:28.847 I/am_uid_idle( 3847): 99088
04-10 22:44:28.848 I/am_uid_idle( 3847): 10234
04-10 22:44:28.853 I/am_stop_idle_service( 3847): [10234,com.cloudmosa.puffinFree/com.cloudmosa.app.TaskRemovalMonitorService]
04-10 22:44:28.957 I/notification_cancel( 3847): [10004,4250,com.android.systemui,2,low_battery,-1,0,1088,8,NULL]
04-10 22:44:28.973 I/notification_cancel( 3847): [10004,4250,com.android.systemui,3,low_battery,-1,0,1088,8,NULL]
04-10 22:44:29.157 I/am_pss  ( 3847): [19324,99089,com.android.chrome:sandboxed_process0,212844544,189894656,180224]
04-10 22:44:29.514 I/am_new_intent( 3847): [0,217020307,2,com.sec.android.app.launcher/.activities.LauncherActivity,android.intent.action.MAIN,NULL,NULL,278921216,android]
04-10 22:44:29.515 I/wm_task_moved( 3847): [2,1,0]
04-10 22:44:29.516 I/am_focused_stack( 3847): [0,0,1,bringingFoundTaskToFront]
04-10 22:44:29.516 I/wm_task_moved( 3847): [2,1,0]
04-10 22:44:29.518 I/am_pause_activity( 3847): [0,88096928,com.etoro.openbook/.MainActivity]
04-10 22:44:29.534 I/am_set_resumed_activity( 3847): [0,com.sec.android.app.launcher/.activities.LauncherActivity,resumeTopActivityInnerLocked]
04-10 22:44:29.614 I/am_resume_activity( 3847): [0,123749643,2,com.sec.android.app.launcher/.activities.LauncherActivity]
04-10 22:44:29.620 I/am_task_to_front( 3847): [0,2]
04-10 22:44:29.625 I/sysui_count( 3847): [window_time_0,16]
04-10 22:44:29.626 I/sysui_multi_action( 3847): [757,803,799,window_time_0,802,16]
04-10 22:44:29.626 I/am_stop_activity( 3847): [0,88096928,com.etoro.openbook/.MainActivity]
04-10 22:44:29.634 I/am_proc_died( 3847): [0,11048,com.android.chrome:sandboxed_process0,901,16,218,645]
04-10 22:44:29.634 I/am_schedule_service_restart( 3847): [0,com.seenax.HideAndSeek/org.chromium.content.app.SandboxedProcessService0,28437]
04-10 22:44:29.634 I/am_uid_stopped( 3847): 99078
04-10 22:44:29.649 I/am_proc_died( 3847): [0,10820,com.seenax.HideAndSeek,901,15,218,646]
04-10 22:44:29.650 I/am_uid_stopped( 3847): 10227
04-10 22:44:29.652 I/am_on_paused_called(19267): [0,com.etoro.openbook.MainActivity,handlePauseActivity]
04-10 22:44:29.697 I/am_on_resume_called( 5231): [0,com.sec.android.app.launcher.activities.LauncherActivity,RESUME_ACTIVITY]
04-10 22:44:29.741 I/am_on_stop_called(19267): [0,com.etoro.openbook.MainActivity,handleStopActivity]
04-10 22:44:29.783 I/power_partial_wake_state( 3847): [261,*launch*:android]
04-10 22:44:29.837 I/sysui_multi_action( 3847): [319,264,322,268,325,4399,757,761,758,9,759,2,806,com.sec.android.app.launcher,871,com.sec.android.app.launcher.activities.LauncherActivity,905,0]
04-10 22:44:29.915 I/am_proc_start( 3847): [0,19716,10030,com.google.process.gapps,content provider,com.google.android.gsf/.gservices.GservicesProvider]
04-10 22:44:29.956 I/am_proc_bound( 3847): [0,19716,com.google.process.gapps]
04-10 22:44:30.060 I/power_partial_wake_state( 3847): [2208,*job*/com.google.android.apps.photos/com.google.android.libraries.social.mediamonitor.MediaMonitorJobSchedulerService:android]
04-10 22:44:30.725 I/power_partial_wake_state( 3847): [216,*job*/com.etoro.openbook/androidx.work.impl.background.systemjob.SystemJobService:android]
04-10 22:44:30.959 I/power_partial_wake_state( 3847): [613,*job*/com.etoro.openbook/androidx.work.impl.background.systemjob.SystemJobService:android]
04-10 22:44:31.048 I/power_partial_wake_state( 3847): [974,*job*/com.google.android.apps.photos/com.google.android.libraries.social.mediamonitor.MediaMonitorJobSchedulerService:android]
04-10 22:44:31.216 I/am_meminfo( 3847): [132861952,164438016,0,789667840,432712704]
04-10 22:44:32.472 I/am_uid_running( 3847): 10230
04-10 22:44:32.495 I/am_proc_start( 3847): [0,19779,10230,com.groupme.android,activity,com.groupme.android/.HomeActivity]
04-10 22:44:32.504 I/wm_task_moved( 3847): [60,1,31]
04-10 22:44:32.506 I/am_focused_stack( 3847): [0,1,0,bringingFoundTaskToFront]
04-10 22:44:32.506 I/wm_task_moved( 3847): [60,1,31]
04-10 22:44:32.508 I/am_pause_activity( 3847): [0,123749643,com.sec.android.app.launcher/.activities.LauncherActivity]
04-10 22:44:32.509 I/am_task_to_front( 3847): [0,60]
04-10 22:44:32.521 I/am_on_paused_called( 5231): [0,com.sec.android.app.launcher.activities.LauncherActivity,handlePauseActivity]
04-10 22:44:32.527 I/sysui_count( 3847): [window_time_0,3]
04-10 22:44:32.527 I/sysui_multi_action( 3847): [757,803,799,window_time_0,802,3]
04-10 22:44:32.527 I/am_proc_bound( 3847): [0,19779,com.groupme.android]
04-10 22:44:32.552 I/am_uid_active( 3847): 10230
04-10 22:44:32.552 I/am_restart_activity( 3847): [0,228954166,60,com.groupme.android/.welcome.LandingActivity]
04-10 22:44:32.558 I/am_set_resumed_activity( 3847): [0,com.groupme.android/.welcome.LandingActivity,minimalResumeActivityLocked]
04-10 22:44:32.803 I/force_gc( 3847): Binder
04-10 22:44:33.374 I/am_on_resume_called(19779): [0,com.groupme.android.welcome.LandingActivity,LAUNCH_ACTIVITY]
04-10 22:44:33.428 I/force_gc( 4741): Binder
04-10 22:44:33.539 I/sysui_multi_action( 3847): [319,101,321,100,322,1051,325,4402,757,761,758,9,759,1,806,com.groupme.android,871,com.groupme.android.welcome.LandingActivity,905,0]
04-10 22:44:33.539 I/am_activity_launch_time( 3847): [0,228954166,com.groupme.android/.welcome.LandingActivity,1008,1008]
04-10 22:44:33.553 I/am_uid_running( 3847): 10006
04-10 22:44:33.564 I/am_proc_start( 3847): [0,19931,10006,com.sec.android.provider.badge,broadcast,com.sec.android.provider.badge/.BadgeCountReceiver]
04-10 22:44:33.569 I/power_partial_wake_state( 3847): [89,*job*/com.groupme.android/androidx.work.impl.background.systemjob.SystemJobService:android]
04-10 22:44:33.586 I/power_partial_wake_state( 3847): [1077,*launch*:android]
04-10 22:44:33.587 I/am_stop_activity( 3847): [0,123749643,com.sec.android.app.launcher/.activities.LauncherActivity]
04-10 22:44:33.592 I/am_on_stop_called( 5231): [0,com.sec.android.app.launcher.activities.LauncherActivity,handleStopActivity]
04-10 22:44:33.603 I/am_proc_bound( 3847): [0,19931,com.sec.android.provider.badge]
04-10 22:44:33.920 I/am_uid_active( 3847): 10006
04-10 22:44:35.177 I/power_partial_wake_state( 3847): [11,IntentOp:.common.broadcast.BackgroundBroadcastReceiverSupport$PersistentReceiverIntentOperation:com.google.android.gms]
04-10 22:44:35.188 I/power_partial_wake_state( 3847): [17,IntentOp:.common.broadcast.BackgroundBroadcastReceiverSupport$PersistentReceiverIntentOperation:com.google.android.gms]
04-10 22:44:35.266 I/power_partial_wake_state( 3847): [0,nearby:ENWearableDeviceManager:com.google.android.gms]
04-10 22:44:35.287 I/notification_cancel( 3847): [10030,4741,com.google.android.gms,56933,NULL,0,0,1088,8,NULL]
04-10 22:44:35.294 I/notification_cancel( 3847): [10030,4741,com.google.android.gms,56932,NULL,0,0,1088,8,NULL]
04-10 22:44:35.296 I/notification_cancel( 3847): [10030,4741,com.google.android.gms,56935,NULL,0,0,1088,8,NULL]
04-10 22:44:35.307 I/notification_cancel( 3847): [10030,4741,com.google.android.gms,115357,NULL,0,0,1088,8,NULL]
04-10 22:44:35.308 I/notification_cancel( 3847): [10030,4741,com.google.android.gms,115356,NULL,0,0,1088,8,NULL]
04-10 22:44:35.309 I/notification_cancel( 3847): [10030,4741,com.google.android.gms,115358,NULL,0,0,1088,8,NULL]
04-10 22:44:35.326 I/power_partial_wake_state( 3847): [45,Icing:com.google.android.gms]
04-10 22:44:35.362 I/power_partial_wake_state( 3847): [2,nearby:ENWearableDeviceManager:com.google.android.gms]
04-10 22:44:35.369 I/notification_cancel( 3847): [10030,4741,com.google.android.gms,56933,NULL,0,0,1088,8,NULL]
04-10 22:44:35.375 I/notification_cancel( 3847): [10030,4741,com.google.android.gms,56932,NULL,0,0,1088,8,NULL]
04-10 22:44:35.376 I/notification_cancel( 3847): [10030,4741,com.google.android.gms,56935,NULL,0,0,1088,8,NULL]
04-10 22:44:35.379 I/notification_cancel( 3847): [10030,4741,com.google.android.gms,115357,NULL,0,0,1088,8,NULL]
04-10 22:44:35.380 I/notification_cancel( 3847): [10030,4741,com.google.android.gms,115356,NULL,0,0,1088,8,NULL]
04-10 22:44:35.381 I/notification_cancel( 3847): [10030,4741,com.google.android.gms,115358,NULL,0,0,1088,8,NULL]
04-10 22:44:35.425 I/power_partial_wake_state( 3847): [72,Icing:com.google.android.gms]
04-10 22:44:36.080 I/power_partial_wake_state( 3847): [6,RILJ:com.android.phone]
04-10 22:44:38.100 I/am_proc_start( 3847): [0,19980,5004,com.samsung.faceservice,service,com.samsung.faceservice/.FaceService]
04-10 22:44:38.151 I/am_proc_bound( 3847): [0,19980,com.samsung.faceservice]
04-10 22:44:38.988 I/notification_cancel( 3847): [10004,4250,com.android.systemui,2,low_battery,-1,0,1088,8,NULL]
04-10 22:44:38.989 I/notification_cancel( 3847): [10004,4250,com.android.systemui,3,low_battery,-1,0,1088,8,NULL]
04-10 22:44:40.323 I/am_pss  ( 3847): [19072,10235,org.videolan.vlc,55676928,51589120,227328]
04-10 22:44:40.617 I/content_query_sample( 5628): contents_sample_state: [CONTACT contacts(0) data(0) accounts({}) accounts deleted({}) calls([]) countryIso(KR) userId(0)  ]
04-10 22:44:40.617 I/content_query_sample( 5628): contents_sample_state: [ agr({})  ]
04-10 22:44:40.617 I/content_query_sample( 5628): contents_sample_state: [ actCnt({android.process.acore(5628)=1})  ]
04-10 22:44:40.617 I/content_query_sample( 5628): contents_sample_state: [PROFILE contacts(0) data(0) accounts({})  ]
04-10 22:44:40.617 I/content_query_sample( 5628): contents_sample_state: [SAPROFILE contacts(1) data(1) accounts({vnd.sec.contact.phone (1)=1})  ]
04-10 22:44:42.913 I/am_meminfo( 3847): [163311616,146386944,0,785788928,429233152]
04-10 22:44:43.388 I/am_pss  ( 3847): [19779,10230,com.groupme.android,93034496,80719872,227328]
04-10 22:44:43.449 I/power_partial_wake_state( 3847): [148,*job*/com.google.android.apps.photos/com.google.android.libraries.social.mediamonitor.MediaMonitorJobSchedulerService:android]
04-10 22:44:43.781 I/am_new_intent( 3847): [0,173001869,2,com.sec.android.app.launcher/.activities.LauncherActivity,android.intent.action.MAIN,NULL,NULL,278921216,android]
04-10 22:44:43.782 I/wm_task_moved( 3847): [2,1,0]
04-10 22:44:43.783 I/am_focused_stack( 3847): [0,0,1,bringingFoundTaskToFront]
04-10 22:44:43.783 I/wm_task_moved( 3847): [2,1,0]
04-10 22:44:43.784 I/am_pause_activity( 3847): [0,228954166,com.groupme.android/.welcome.LandingActivity]
04-10 22:44:43.791 I/am_on_paused_called(19779): [0,com.groupme.android.welcome.LandingActivity,handlePauseActivity]
04-10 22:44:43.794 I/am_set_resumed_activity( 3847): [0,com.sec.android.app.launcher/.activities.LauncherActivity,resumeTopActivityInnerLocked]
04-10 22:44:43.829 I/am_resume_activity( 3847): [0,123749643,2,com.sec.android.app.launcher/.activities.LauncherActivity]
04-10 22:44:43.834 I/am_task_to_front( 3847): [0,2]
04-10 22:44:43.837 I/sysui_count( 3847): [window_time_0,12]
04-10 22:44:43.837 I/sysui_multi_action( 3847): [757,803,799,window_time_0,802,12]
04-10 22:44:43.838 I/am_stop_activity( 3847): [0,228954166,com.groupme.android/.welcome.LandingActivity]
04-10 22:44:43.861 I/am_on_resume_called( 5231): [0,com.sec.android.app.launcher.activities.LauncherActivity,RESUME_ACTIVITY]
04-10 22:44:43.862 I/am_on_stop_called(19779): [0,com.groupme.android.welcome.LandingActivity,handleStopActivity]
04-10 22:44:43.940 I/power_partial_wake_state( 3847): [154,*launch*:android]
04-10 22:44:43.985 I/sysui_multi_action( 3847): [319,150,322,154,325,4414,757,761,758,9,759,2,806,com.sec.android.app.launcher,871,com.sec.android.app.launcher.activities.LauncherActivity,905,0]
04-10 22:44:45.799 I/power_partial_wake_state( 3847): [3,*alarm*:android]
04-10 22:44:45.900 I/power_partial_wake_state( 3847): [62,*job*/com.groupme.android/androidx.work.impl.background.systemjob.SystemJobService:android]
04-10 22:44:46.124 I/power_partial_wake_state( 3847): [10,RILJ:com.android.phone]
04-10 22:44:46.215 I/power_partial_wake_state( 3847): [1,RILJ:com.android.phone]
04-10 22:44:46.257 I/am_proc_start( 3847): [0,20038,1000,com.samsung.android.dqagent,broadcast,com.samsung.android.dqagent/.receiver.DQADataReceiver]
04-10 22:44:46.326 I/am_proc_bound( 3847): [0,20038,com.samsung.android.dqagent]
04-10 22:44:47.836 I/am_uid_running( 3847): 10209
04-10 22:44:47.865 I/am_proc_start( 3847): [0,20068,10209,com.dna.evolutionrunner,activity,com.dna.evolutionrunner/by.saygames.SayKitActivity]
04-10 22:44:47.897 I/am_new_intent( 3847): [0,206415166,61,com.dna.evolutionrunner/by.saygames.SayKitActivity,android.intent.action.MAIN,NULL,NULL,270532608,com.sec.android.app.launcher]
04-10 22:44:47.898 I/wm_task_moved( 3847): [61,1,31]
04-10 22:44:47.899 I/am_focused_stack( 3847): [0,1,0,bringingFoundTaskToFront]
04-10 22:44:47.899 I/wm_task_moved( 3847): [61,1,31]
04-10 22:44:47.900 I/am_pause_activity( 3847): [0,123749643,com.sec.android.app.launcher/.activities.LauncherActivity]
04-10 22:44:47.903 I/am_task_to_front( 3847): [0,61]
04-10 22:44:47.916 I/am_proc_bound( 3847): [0,20068,com.dna.evolutionrunner]
04-10 22:44:47.916 I/am_on_paused_called( 5231): [0,com.sec.android.app.launcher.activities.LauncherActivity,handlePauseActivity]
04-10 22:44:47.930 I/am_uid_active( 3847): 10209
04-10 22:44:47.930 I/am_restart_activity( 3847): [0,19370620,61,com.dna.evolutionrunner/by.saygames.SayKitActivity]
04-10 22:44:47.943 I/am_set_resumed_activity( 3847): [0,com.dna.evolutionrunner/by.saygames.SayKitActivity,minimalResumeActivityLocked]
04-10 22:44:47.959 I/am_uid_running( 3847): 10028
04-10 22:44:47.974 I/am_proc_start( 3847): [0,20083,10028,com.samsung.android.game.gametools,service,com.samsung.android.game.gametools/.floatingui.service.external.GameToolsIntentService]
04-10 22:44:47.992 I/sysui_count( 3847): [window_time_0,4]
04-10 22:44:47.993 I/sysui_multi_action( 3847): [757,803,799,window_time_0,802,4]
04-10 22:44:48.002 I/am_proc_bound( 3847): [0,20083,com.samsung.android.game.gametools]
04-10 22:44:48.092 I/am_proc_start( 3847): [0,20111,5004,com.samsung.ipservice,service,com.samsung.ipservice/.IPService]
04-10 22:44:48.128 I/am_proc_bound( 3847): [0,20111,com.samsung.ipservice]
04-10 22:44:48.153 I/force_gc( 3847): Binder
04-10 22:44:48.214 I/notification_cancel( 3847): [10028,20083,com.samsung.android.game.gametools,2131492873,NULL,0,0,1088,8,NULL]
04-10 22:44:48.214 I/notification_cancel( 3847): [10028,20083,com.samsung.android.game.gametools,2131492876,NULL,0,0,1088,8,NULL]
04-10 22:44:48.214 I/notification_cancel( 3847): [10028,20083,com.samsung.android.game.gametools,2131492869,NULL,0,0,1088,8,NULL]
04-10 22:44:48.562 I/am_on_resume_called(20068): [0,by.saygames.SayKitActivity,LAUNCH_ACTIVITY]
04-10 22:44:48.689 I/power_partial_wake_state( 3847): [787,*launch*:android]
04-10 22:44:48.703 I/sysui_multi_action( 3847): [319,91,321,91,322,816,325,4418,757,761,758,9,759,1,806,com.dna.evolutionrunner,871,by.saygames.SayKitActivity,905,0]
04-10 22:44:48.703 I/am_activity_launch_time( 3847): [0,19370620,com.dna.evolutionrunner/by.saygames.SayKitActivity,773,773]
04-10 22:44:48.710 I/am_stop_activity( 3847): [0,123749643,com.sec.android.app.launcher/.activities.LauncherActivity]
04-10 22:44:48.712 I/am_on_stop_called( 5231): [0,com.sec.android.app.launcher.activities.LauncherActivity,handleStopActivity]
04-10 22:44:49.091 I/notification_cancel( 3847): [10004,4250,com.android.systemui,2,low_battery,-1,0,1088,8,NULL]
04-10 22:44:49.092 I/notification_cancel( 3847): [10004,4250,com.android.systemui,3,low_battery,-1,0,1088,8,NULL]
04-10 22:44:49.114 I/am_uid_running( 3847): 10079
04-10 22:44:49.142 I/am_proc_start( 3847): [0,20256,10079,com.sec.android.app.soundalive,content provider,com.sec.android.app.soundalive/.compatibility.SAContentProvider]
04-10 22:44:49.177 I/am_proc_bound( 3847): [0,20256,com.sec.android.app.soundalive]
04-10 22:44:49.182 I/am_uid_active( 3847): 10079
04-10 22:44:49.938 I/am_uid_idle( 3847): 10214
04-10 22:44:52.084 I/power_partial_wake_state( 3847): [3006,AudioMix:audioserver]
04-10 22:44:53.955 I/power_partial_wake_state( 3847): [19,IntentOp:.common.broadcast.BackgroundBroadcastReceiverSupport$PersistentReceiverIntentOperation:com.google.android.gms]
04-10 22:44:54.017 I/power_partial_wake_state( 3847): [1,nearby:ENWearableDeviceManager:com.google.android.gms]
04-10 22:44:54.041 I/power_partial_wake_state( 3847): [6,Icing:com.google.android.gms]
04-10 22:44:54.049 I/notification_cancel( 3847): [10030,4741,com.google.android.gms,56933,NULL,0,0,1088,8,NULL]
04-10 22:44:54.077 I/notification_cancel( 3847): [10030,4741,com.google.android.gms,56932,NULL,0,0,1088,8,NULL]
04-10 22:44:54.080 I/notification_cancel( 3847): [10030,4741,com.google.android.gms,56935,NULL,0,0,1088,8,NULL]
04-10 22:44:54.088 I/notification_cancel( 3847): [10030,4741,com.google.android.gms,115357,NULL,0,0,1088,8,NULL]
04-10 22:44:54.091 I/notification_cancel( 3847): [10030,4741,com.google.android.gms,115356,NULL,0,0,1088,8,NULL]
04-10 22:44:54.097 I/notification_cancel( 3847): [10030,4741,com.google.android.gms,115358,NULL,0,0,1088,8,NULL]
04-10 22:44:54.236 I/power_partial_wake_state( 3847): [151,Icing:com.google.android.gms]
04-10 22:44:56.588 I/am_uid_running( 3847): 99090
04-10 22:44:56.717 I/am_proc_start( 3847): [0,20413,99090,com.android.chrome:sandboxed_process0,webview_service,com.dna.evolutionrunner/org.chromium.content.app.SandboxedProcessService0]
04-10 22:44:56.850 I/force_gc( 3847): Binder
04-10 22:44:57.313 I/am_proc_bound( 3847): [0,20413,com.android.chrome:sandboxed_process0]
04-10 22:44:57.322 I/am_uid_active( 3847): 99090
04-10 22:44:58.005 I/notification_cancel( 3847): [10209,20068,com.dna.evolutionrunner,10436,NULL,0,0,1088,8,NULL]
04-10 22:44:58.632 I/netstats_mobile_sample( 3847): [0,0,0,0,0,0,0,0,0,0,0,0,1681134298632]
04-10 22:44:58.632 I/netstats_wifi_sample( 3847): [237738391,209743,21375375,101234,237749752,210161,19900916,101822,237594742,209762,19843656,101138,1681134298632]
04-10 22:44:58.633 I/power_partial_wake_state( 3847): [50,NetworkStats:android]
04-10 22:44:59.232 I/notification_cancel( 3847): [10004,4250,com.android.systemui,2,low_battery,-1,0,1088,8,NULL]
04-10 22:44:59.233 I/notification_cancel( 3847): [10004,4250,com.android.systemui,3,low_battery,-1,0,1088,8,NULL]
04-10 22:44:59.962 I/am_pss  ( 3847): [20068,10209,com.dna.evolutionrunner,372511744,348880896,210944]
04-10 22:45:00.081 I/power_partial_wake_state( 3847): [79,*alarm*:android]
04-10 22:45:00.132 I/am_pss  ( 3847): [18286,10234,com.cloudmosa.puffinFree,88989696,9826304,69574656]
04-10 22:45:00.220 I/am_pss  ( 3847): [18413,99088,com.android.chrome:sandboxed_process0,64118784,16936960,39894016]
04-10 22:45:01.478 I/am_pss  ( 3847): [19267,10212,com.etoro.openbook,91390976,80351232,251904]
04-10 22:45:01.612 I/am_pss  ( 3847): [19324,99089,com.android.chrome:sandboxed_process0,157346816,148602880,197632]
04-10 22:45:02.252 I/am_pss  ( 3847): [4341,5009,com.samsung.android.scloud:auth,7647232,4096,7137280]
04-10 22:45:03.518 I/am_pss  ( 3847): [19716,10030,com.google.process.gapps,11794432,9224192,281600]
04-10 22:45:04.124 I/am_pss  ( 3847): [19931,10006,com.sec.android.provider.badge,8334336,5922816,283648]
04-10 22:45:05.955 I/liblog  (20068): 46
04-10 22:45:05.961 I/liblog  (20068): 173
04-10 22:45:08.521 I/am_pss  ( 3847): [20413,99090,com.android.chrome:sandboxed_process0,128996352,114024448,198656]
04-10 22:45:08.573 I/am_pss  ( 3847): [5371,10092,com.google.android.googlequicksearchbox:search,60046336,29634560,29617152]
04-10 22:45:08.623 I/am_pss  ( 3847): [19655,10126,com.enhance.gameservice,15017984,11517952,265216]
04-10 22:45:08.657 I/am_pss  ( 3847): [20083,10028,com.samsung.android.game.gametools,15407104,10735616,269312]
04-10 22:45:09.101 I/am_pss  ( 3847): [5231,10090,com.sec.android.app.launcher,164555776,128458752,28550144]
04-10 22:45:09.331 I/notification_cancel( 3847): [10004,4250,com.android.systemui,2,low_battery,-1,0,1088,8,NULL]
04-10 22:45:09.331 I/notification_cancel( 3847): [10004,4250,com.android.systemui,3,low_battery,-1,0,1088,8,NULL]
04-10 22:45:09.473 I/am_uid_idle( 3847): 10235
04-10 22:45:11.666 I/am_meminfo( 3847): [300191744,140099584,0,789213184,356877312]
04-10 22:45:12.317 I/am_new_intent( 3847): [0,54844045,2,com.sec.android.app.launcher/.activities.LauncherActivity,android.intent.action.MAIN,NULL,NULL,278921216,android]
04-10 22:45:12.317 I/wm_task_moved( 3847): [2,1,0]
04-10 22:45:12.319 I/am_focused_stack( 3847): [0,0,1,bringingFoundTaskToFront]
04-10 22:45:12.319 I/wm_task_moved( 3847): [2,1,0]
04-10 22:45:12.320 I/am_pause_activity( 3847): [0,19370620,com.dna.evolutionrunner/by.saygames.SayKitActivity]
04-10 22:45:12.334 I/am_set_resumed_activity( 3847): [0,com.sec.android.app.launcher/.activities.LauncherActivity,resumeTopActivityInnerLocked]
04-10 22:45:12.347 I/am_resume_activity( 3847): [0,123749643,2,com.sec.android.app.launcher/.activities.LauncherActivity]
04-10 22:45:12.353 I/am_task_to_front( 3847): [0,2]
04-10 22:45:12.356 I/sysui_count( 3847): [window_time_0,24]
04-10 22:45:12.356 I/sysui_multi_action( 3847): [757,803,799,window_time_0,802,24]
04-10 22:45:12.372 I/am_stop_activity( 3847): [0,19370620,com.dna.evolutionrunner/by.saygames.SayKitActivity]
04-10 22:45:12.388 I/notification_cancel( 3847): [10028,20083,com.samsung.android.game.gametools,2131492873,NULL,0,0,1088,8,NULL]
04-10 22:45:12.404 I/am_on_resume_called( 5231): [0,com.sec.android.app.launcher.activities.LauncherActivity,RESUME_ACTIVITY]
04-10 22:45:12.422 I/notification_cancel( 3847): [10028,20083,com.samsung.android.game.gametools,2131492869,NULL,0,0,1088,8,NULL]
04-10 22:45:12.506 I/power_partial_wake_state( 3847): [184,*launch*:android]
04-10 22:45:12.511 I/am_on_paused_called(20068): [0,by.saygames.SayKitActivity,handlePauseActivity]
04-10 22:45:12.567 I/sysui_multi_action( 3847): [319,181,322,185,325,4442,757,761,758,9,759,2,806,com.sec.android.app.launcher,871,com.sec.android.app.launcher.activities.LauncherActivity,905,0]
04-10 22:45:12.938 I/am_on_stop_called(20068): [0,by.saygames.SayKitActivity,handleStopActivity]
04-10 22:45:13.741 I/power_partial_wake_state( 3847): [256,*job*/com.google.android.apps.photos/com.google.android.libraries.social.mediamonitor.MediaMonitorJobSchedulerService:android]
04-10 22:45:15.486 I/power_partial_wake_state( 3847): [3007,AudioMix:audioserver]
04-10 22:45:15.601 I/power_partial_wake_state( 3847): [3023,AudioMix:audioserver]
04-10 22:45:16.047 I/am_pss  ( 3847): [19779,10230,com.groupme.android,44284928,34885632,219136]
04-10 22:45:16.211 I/power_partial_wake_state( 3847): [15,RILJ:com.android.phone]
04-10 22:45:16.437 I/wm_task_moved( 3847): [29,1,31]
04-10 22:45:16.438 I/am_focused_stack( 3847): [0,1,0,bringingFoundTaskToFront]
04-10 22:45:16.439 I/wm_task_moved( 3847): [29,1,31]
04-10 22:45:16.440 I/am_pause_activity( 3847): [0,123749643,com.sec.android.app.launcher/.activities.LauncherActivity]
04-10 22:45:16.442 I/am_task_to_front( 3847): [0,29]
04-10 22:45:16.442 I/wm_task_moved( 3847): [29,1,31]
04-10 22:45:16.444 I/am_create_activity( 3847): [0,9826987,29,com.bitstrips.imoji/.ui.activities.LandingActivity,android.intent.action.MAIN,NULL,NULL,274726912,com.sec.android.app.launcher]
04-10 22:45:16.455 I/am_uid_running( 3847): 10202
04-10 22:45:16.469 I/am_proc_start( 3847): [0,20957,10202,com.bitstrips.imoji,activity,com.bitstrips.imoji/.ui.activities.LandingActivity]
04-10 22:45:16.475 I/am_on_paused_called( 5231): [0,com.sec.android.app.launcher.activities.LauncherActivity,handlePauseActivity]
04-10 22:45:16.494 I/sysui_count( 3847): [window_time_0,4]
04-10 22:45:16.494 I/sysui_multi_action( 3847): [757,803,799,window_time_0,802,4]
04-10 22:45:16.508 I/am_proc_bound( 3847): [0,20957,com.bitstrips.imoji]
04-10 22:45:16.528 I/am_uid_active( 3847): 10202
04-10 22:45:16.528 I/am_restart_activity( 3847): [0,9826987,29,com.bitstrips.imoji/.ui.activities.LandingActivity]
04-10 22:45:16.531 I/am_set_resumed_activity( 3847): [0,com.bitstrips.imoji/.ui.activities.LandingActivity,minimalResumeActivityLocked]
04-10 22:45:16.542 I/am_pss  ( 3847): [20038,1000,com.samsung.android.dqagent,10104832,7045120,268288]
04-10 22:45:16.981 I/am_finish_activity( 3847): [0,9826987,29,com.bitstrips.imoji/.ui.activities.LandingActivity,app-request]
04-10 22:45:16.982 I/am_pause_activity( 3847): [0,9826987,com.bitstrips.imoji/.ui.activities.LandingActivity]
04-10 22:45:16.986 I/sysui_count( 3847): [window_time_0,1]
04-10 22:45:16.986 I/sysui_multi_action( 3847): [757,803,799,window_time_0,802,1]
04-10 22:45:17.003 I/am_restart_activity( 3847): [0,79759248,29,com.bitstrips.imoji/.ui.LoginActivity]
04-10 22:45:17.004 I/am_set_resumed_activity( 3847): [0,com.bitstrips.imoji/.ui.LoginActivity,minimalResumeActivityLocked]
04-10 22:45:17.008 I/sysui_count( 3847): [window_time_0,0]
04-10 22:45:17.009 I/sysui_multi_action( 3847): [757,803,799,window_time_0,802,0]
04-10 22:45:17.176 I/force_gc( 3847): Binder
04-10 22:45:19.416 I/notification_cancel( 3847): [10004,4250,com.android.systemui,2,low_battery,-1,0,1088,8,NULL]
04-10 22:45:19.417 I/notification_cancel( 3847): [10004,4250,com.android.systemui,3,low_battery,-1,0,1088,8,NULL]
04-10 22:45:19.511 I/am_on_resume_called(20957): [0,com.bitstrips.imoji.ui.LoginActivity,LAUNCH_ACTIVITY]
04-10 22:45:19.607 I/power_partial_wake_state( 3847): [3166,*launch*:android]
04-10 22:45:19.619 I/sysui_multi_action( 3847): [319,123,321,123,322,3189,325,4446,757,761,758,7,759,1,806,com.bitstrips.imoji,871,com.bitstrips.imoji.ui.activities.LandingActivity,905,0]
04-10 22:45:19.619 I/am_activity_launch_time( 3847): [0,79759248,com.bitstrips.imoji/.ui.LoginActivity,2609,3122]
04-10 22:45:20.040 I/am_destroy_activity( 3847): [0,9826987,29,com.bitstrips.imoji/.ui.activities.LandingActivity,finish-imm]
04-10 22:45:20.041 I/am_stop_activity( 3847): [0,123749643,com.sec.android.app.launcher/.activities.LauncherActivity]
04-10 22:45:20.046 I/am_on_stop_called( 5231): [0,com.sec.android.app.launcher.activities.LauncherActivity,handleStopActivity]
04-10 22:45:26.250 I/power_partial_wake_state( 3847): [10,RILJ:com.android.phone]
04-10 22:45:26.916 I/am_pss  ( 3847): [20957,10202,com.bitstrips.imoji,84982784,77647872,220160]
04-10 22:45:29.509 I/notification_cancel( 3847): [10004,4250,com.android.systemui,2,low_battery,-1,0,1088,8,NULL]
04-10 22:45:29.510 I/notification_cancel( 3847): [10004,4250,com.android.systemui,3,low_battery,-1,0,1088,8,NULL]
04-10 22:45:29.626 I/am_uid_idle( 3847): 99089
04-10 22:45:29.627 I/am_uid_idle( 3847): 10212
04-10 22:45:30.341 I/am_pss  ( 3847): [19667,10157,com.android.printspooler,7610368,5632000,311296]
04-10 22:45:31.447 I/power_partial_wake_state( 3847): [19,*job*/com.google.android.apps.photos/com.google.android.libraries.social.mediamonitor.MediaMonitorJobSchedulerService:android]
04-10 22:45:32.788 I/am_meminfo( 3847): [230195200,96768000,0,815046656,419992576]
04-10 22:45:33.232 I/am_pss  ( 3847): [19655,10126,com.enhance.gameservice,15685632,12435456,263168]
04-10 22:45:33.279 I/am_pss  ( 3847): [20083,10028,com.samsung.android.game.gametools,13330432,9994240,269312]
04-10 22:45:33.693 I/am_new_intent( 3847): [0,94639075,2,com.sec.android.app.launcher/.activities.LauncherActivity,android.intent.action.MAIN,NULL,NULL,278921216,android]
04-10 22:45:33.693 I/wm_task_moved( 3847): [2,1,0]
04-10 22:45:33.694 I/am_focused_stack( 3847): [0,0,1,bringingFoundTaskToFront]
04-10 22:45:33.695 I/wm_task_moved( 3847): [2,1,0]
04-10 22:45:33.696 I/am_pause_activity( 3847): [0,79759248,com.bitstrips.imoji/.ui.LoginActivity]
04-10 22:45:33.699 I/am_on_paused_called(20957): [0,com.bitstrips.imoji.ui.LoginActivity,handlePauseActivity]
04-10 22:45:33.705 I/am_set_resumed_activity( 3847): [0,com.sec.android.app.launcher/.activities.LauncherActivity,resumeTopActivityInnerLocked]
04-10 22:45:33.739 I/am_resume_activity( 3847): [0,123749643,2,com.sec.android.app.launcher/.activities.LauncherActivity]
04-10 22:45:33.743 I/am_task_to_front( 3847): [0,2]
04-10 22:45:33.747 I/sysui_count( 3847): [window_time_0,16]
04-10 22:45:33.747 I/sysui_multi_action( 3847): [757,803,799,window_time_0,802,16]
04-10 22:45:33.748 I/am_stop_activity( 3847): [0,79759248,com.bitstrips.imoji/.ui.LoginActivity]
04-10 22:45:33.776 I/am_on_stop_called(20957): [0,com.bitstrips.imoji.ui.LoginActivity,handleStopActivity]
04-10 22:45:33.779 I/am_on_resume_called( 5231): [0,com.sec.android.app.launcher.activities.LauncherActivity,RESUME_ACTIVITY]
04-10 22:45:33.838 I/am_kill ( 3847): [0,12359,org.thoughtcrime.securesms,903,15,DHA:cached #25]
04-10 22:45:33.838 I/am_kill ( 3847): [0,11930,org.telegram.messenger,903,15,DHA:cached #25]
04-10 22:45:33.841 I/power_partial_wake_state( 3847): [143,*launch*:android]
04-10 22:45:33.904 I/sysui_multi_action( 3847): [319,156,322,159,325,4463,757,761,758,9,759,2,806,com.sec.android.app.launcher,871,com.sec.android.app.launcher.activities.LauncherActivity,905,0]
04-10 22:45:33.934 I/am_uid_idle( 3847): 10006
04-10 22:45:33.991 I/am_proc_died( 3847): [0,12359,org.thoughtcrime.securesms,903,15,107,724]
04-10 22:45:33.992 I/am_uid_stopped( 3847): 10229
04-10 22:45:34.014 I/am_proc_died( 3847): [0,11930,org.telegram.messenger,903,15,108,724]
04-10 22:45:34.014 I/am_uid_stopped( 3847): 10228
04-10 22:45:36.322 I/power_partial_wake_state( 3847): [14,RILJ:com.android.phone]
04-10 22:45:37.779 I/am_uid_running( 3847): 10220
04-10 22:45:37.811 I/am_proc_start( 3847): [0,21199,10220,com.amazon.sellermobile.android,activity,com.amazon.sellermobile.android/com.amazon.mShop.home.MainActivity]
04-10 22:45:37.836 I/wm_task_moved( 3847): [30,1,31]
04-10 22:45:37.838 I/am_focused_stack( 3847): [0,1,0,bringingFoundTaskToFront]
04-10 22:45:37.838 I/wm_task_moved( 3847): [30,1,31]
04-10 22:45:37.840 I/am_pause_activity( 3847): [0,123749643,com.sec.android.app.launcher/.activities.LauncherActivity]
04-10 22:45:37.843 I/am_task_to_front( 3847): [0,30]
04-10 22:45:37.855 I/am_on_paused_called( 5231): [0,com.sec.android.app.launcher.activities.LauncherActivity,handlePauseActivity]
04-10 22:45:37.857 I/am_proc_bound( 3847): [0,21199,com.amazon.sellermobile.android]
04-10 22:45:37.865 I/am_uid_active( 3847): 10220
04-10 22:45:37.865 I/am_restart_activity( 3847): [0,236963382,30,com.amazon.sellermobile.android/.auth.PreLoginActivity]
04-10 22:45:37.867 I/am_set_resumed_activity( 3847): [0,com.amazon.sellermobile.android/.auth.PreLoginActivity,minimalResumeActivityLocked]
04-10 22:45:37.879 I/am_pss  ( 3847): [19578,10153,com.samsung.android.sm.policy,8034304,6250496,352256]
04-10 22:45:37.881 I/sysui_count( 3847): [window_time_0,5]
04-10 22:45:37.881 I/sysui_multi_action( 3847): [757,803,799,window_time_0,802,5]
04-10 22:45:37.992 I/force_gc( 4741): Binder
04-10 22:45:38.156 I/am_uid_running( 3847): 99091
04-10 22:45:38.171 I/am_proc_start( 3847): [0,21253,99091,com.android.chrome:sandboxed_process0,webview_service,com.amazon.sellermobile.android/org.chromium.content.app.SandboxedProcessService0]
04-10 22:45:38.343 I/am_proc_bound( 3847): [0,21253,com.android.chrome:sandboxed_process0]
04-10 22:45:38.347 I/am_uid_active( 3847): 99091
04-10 22:45:38.809 I/am_on_resume_called(21199): [0,com.amazon.sellermobile.android.auth.PreLoginActivity,LAUNCH_ACTIVITY]
04-10 22:45:38.960 I/power_partial_wake_state( 3847): [120,*job*/com.amazon.sellermobile.android/com.amazon.mls.config.internal.sushi.uploader.BackupUploaderService:android]
04-10 22:45:39.016 I/sysui_multi_action( 3847): [319,1184,322,1187,325,4468,757,761,758,9,759,2,806,com.amazon.sellermobile.android,871,com.amazon.sellermobile.android.auth.PreLoginActivity,905,0]
04-10 22:45:39.016 I/am_activity_launch_time( 3847): [0,236963382,com.amazon.sellermobile.android/.auth.PreLoginActivity,1148,1148]
04-10 22:45:39.043 I/notification_cancel( 3847): [10220,21199,com.amazon.sellermobile.android,10436,NULL,0,0,1088,8,NULL]
04-10 22:45:39.585 I/notification_cancel( 3847): [10004,4250,com.android.systemui,2,low_battery,-1,0,1088,8,NULL]
04-10 22:45:39.586 I/notification_cancel( 3847): [10004,4250,com.android.systemui,3,low_battery,-1,0,1088,8,NULL]
04-10 22:45:39.989 I/power_partial_wake_state( 3847): [2147,*launch*:android]
04-10 22:45:39.997 I/am_stop_activity( 3847): [0,123749643,com.sec.android.app.launcher/.activities.LauncherActivity]
04-10 22:45:40.001 I/am_on_stop_called( 5231): [0,com.sec.android.app.launcher.activities.LauncherActivity,handleStopActivity]
04-10 22:45:40.768 I/content_query_sample( 5628): contents_sample_state: [CONTACT contacts(0) data(0) accounts({}) accounts deleted({}) calls([]) countryIso(KR) userId(0)  ]
04-10 22:45:40.768 I/content_query_sample( 5628): contents_sample_state: [ agr({})  ]
04-10 22:45:40.768 I/content_query_sample( 5628): contents_sample_state: [ actCnt({android.process.acore(5628)=1})  ]
04-10 22:45:40.768 I/content_query_sample( 5628): contents_sample_state: [PROFILE contacts(0) data(0) accounts({})  ]
04-10 22:45:40.768 I/content_query_sample( 5628): contents_sample_state: [SAPROFILE contacts(1) data(1) accounts({vnd.sec.contact.phone (1)=1})  ]
04-10 22:45:43.839 I/am_uid_idle( 3847): 10230
04-10 22:45:44.238 I/am_pss  ( 3847): [20068,10209,com.dna.evolutionrunner,402190336,379465728,193536]
04-10 22:45:44.293 I/am_pss  ( 3847): [20413,99090,com.android.chrome:sandboxed_process0,87163904,52461568,178176]
04-10 22:45:44.338 I/am_pss  ( 3847): [20256,10079,com.sec.android.app.soundalive,7574528,5472256,286720]
04-10 22:45:46.392 I/power_partial_wake_state( 3847): [12,RILJ:com.android.phone]
04-10 22:45:46.482 I/power_partial_wake_state( 3847): [2,RILJ:com.android.phone]
04-10 22:45:48.360 I/am_pss  ( 3847): [21199,10220,com.amazon.sellermobile.android,99183616,82694144,226304]
04-10 22:45:49.177 I/am_pss  ( 3847): [21253,99091,com.android.chrome:sandboxed_process0,50014208,19693568,1511424]
04-10 22:45:49.737 I/notification_cancel( 3847): [10004,4250,com.android.systemui,2,low_battery,-1,0,1088,8,NULL]
04-10 22:45:49.742 I/notification_cancel( 3847): [10004,4250,com.android.systemui,3,low_battery,-1,0,1088,8,NULL]
04-10 22:45:50.816 I/power_partial_wake_state( 3847): [39,*job*/com.google.android.apps.photos/com.google.android.libraries.social.mediamonitor.MediaMonitorJobSchedulerService:android]
04-10 22:45:52.478 I/am_meminfo( 3847): [256176128,96391168,0,788619264,338586624]
04-10 22:45:53.194 I/am_new_intent( 3847): [0,163574759,2,com.sec.android.app.launcher/.activities.LauncherActivity,android.intent.action.MAIN,NULL,NULL,278921216,android]
04-10 22:45:53.194 I/wm_task_moved( 3847): [2,1,0]
04-10 22:45:53.195 I/am_focused_stack( 3847): [0,0,1,bringingFoundTaskToFront]
04-10 22:45:53.195 I/wm_task_moved( 3847): [2,1,0]
04-10 22:45:53.197 I/am_pause_activity( 3847): [0,236963382,com.amazon.sellermobile.android/.auth.PreLoginActivity]
04-10 22:45:53.206 I/am_set_resumed_activity( 3847): [0,com.sec.android.app.launcher/.activities.LauncherActivity,resumeTopActivityInnerLocked]
04-10 22:45:53.206 I/am_on_paused_called(21199): [0,com.amazon.sellermobile.android.auth.PreLoginActivity,handlePauseActivity]
04-10 22:45:53.221 I/am_resume_activity( 3847): [0,123749643,2,com.sec.android.app.launcher/.activities.LauncherActivity]
04-10 22:45:53.226 I/am_task_to_front( 3847): [0,2]
04-10 22:45:53.230 I/sysui_count( 3847): [window_time_0,15]
04-10 22:45:53.230 I/sysui_multi_action( 3847): [757,803,799,window_time_0,802,15]
04-10 22:45:53.230 I/am_stop_activity( 3847): [0,236963382,com.amazon.sellermobile.android/.auth.PreLoginActivity]
04-10 22:45:53.262 I/am_on_resume_called( 5231): [0,com.sec.android.app.launcher.activities.LauncherActivity,RESUME_ACTIVITY]
04-10 22:45:53.316 I/power_partial_wake_state( 3847): [118,*launch*:android]
04-10 22:45:53.372 I/sysui_multi_action( 3847): [319,130,322,133,325,4483,757,761,758,9,759,2,806,com.sec.android.app.launcher,871,com.sec.android.app.launcher.activities.LauncherActivity,905,0]
04-10 22:45:53.424 I/am_on_stop_called(21199): [0,com.amazon.sellermobile.android.auth.PreLoginActivity,handleStopActivity]
04-10 22:45:56.434 I/power_partial_wake_state( 3847): [6,RILJ:com.android.phone]
04-10 22:45:57.157 I/am_uid_running( 3847): 10224
04-10 22:45:57.177 I/am_proc_start( 3847): [0,21464,10224,com.whatsapp,activity,com.whatsapp/.Main]
04-10 22:45:57.223 I/wm_task_moved( 3847): [31,1,31]
04-10 22:45:57.224 I/am_focused_stack( 3847): [0,1,0,bringingFoundTaskToFront]
04-10 22:45:57.224 I/wm_task_moved( 3847): [31,1,31]
04-10 22:45:57.225 I/am_pause_activity( 3847): [0,123749643,com.sec.android.app.launcher/.activities.LauncherActivity]
04-10 22:45:57.226 I/am_task_to_front( 3847): [0,31]
04-10 22:45:57.229 I/am_proc_bound( 3847): [0,21464,com.whatsapp]
04-10 22:45:57.245 I/am_on_paused_called( 5231): [0,com.sec.android.app.launcher.activities.LauncherActivity,handlePauseActivity]
04-10 22:45:57.255 I/am_uid_active( 3847): 10224
04-10 22:45:57.256 I/am_restart_activity( 3847): [0,234581944,31,com.whatsapp/.registration.EULA]
04-10 22:45:57.256 I/am_set_resumed_activity( 3847): [0,com.whatsapp/.registration.EULA,minimalResumeActivityLocked]
04-10 22:45:57.263 I/sysui_count( 3847): [window_time_0,4]
04-10 22:45:57.263 I/sysui_multi_action( 3847): [757,803,799,window_time_0,802,4]
04-10 22:45:57.924 I/am_on_resume_called(21464): [0,com.whatsapp.registration.EULA,LAUNCH_ACTIVITY]
04-10 22:45:58.076 I/sysui_multi_action( 3847): [319,134,321,134,322,888,325,4487,757,761,758,9,759,1,806,com.whatsapp,871,com.whatsapp.registration.EULA,905,0]
04-10 22:45:58.076 I/am_activity_launch_time( 3847): [0,234581944,com.whatsapp/.registration.EULA,835,835]
