04-10 23:00:46.441 I/am_on_resume_called( 5287): [0,com.amazon.sellermobile.android.auth.PreLoginActivity,LAUNCH_ACTIVITY]
04-10 23:00:46.594 I/am_activity_launch_time( 3847): [0,28862587,com.amazon.sellermobile.android/.auth.PreLoginActivity,217,217]
04-10 23:00:47.625 I/power_partial_wake_state( 3847): [1262,*launch*:android]
04-10 23:00:47.627 I/am_destroy_activity( 3847): [0,51381501,67,com.amazon.sellermobile.android/com.amazon.mShop.home.MainActivity,finish-imm]
04-10 23:00:47.641 I/am_on_stop_called( 5287): [0,com.amazon.mShop.home.MainActivity,destroy]
04-10 23:00:48.667 I/notification_cancel( 3847): [10004,4250,com.android.systemui,2,low_battery,-1,0,1088,8,NULL]
04-10 23:00:48.672 I/notification_cancel( 3847): [10004,4250,com.android.systemui,3,low_battery,-1,0,1088,8,NULL]
04-10 23:00:50.135 I/power_partial_wake_state( 3847): [7,RILJ:com.android.phone]
04-10 23:00:53.523 I/am_meminfo( 3847): [720220160,1511600128,0,691998720,355101696]
04-10 23:00:54.158 I/am_new_intent( 3847): [0,112223851,2,com.sec.android.app.launcher/.activities.LauncherActivity,android.intent.action.MAIN,NULL,NULL,278921216,android]
04-10 23:00:54.159 I/wm_task_moved( 3847): [2,1,0]
04-10 23:00:54.159 I/am_focused_stack( 3847): [0,0,1,bringingFoundTaskToFront]
04-10 23:00:54.159 I/wm_task_moved( 3847): [2,1,0]
04-10 23:00:54.160 I/am_pause_activity( 3847): [0,28862587,com.amazon.sellermobile.android/.auth.PreLoginActivity]
04-10 23:00:54.165 I/am_set_resumed_activity( 3847): [0,com.sec.android.app.launcher/.activities.LauncherActivity,resumeTopActivityInnerLocked]
04-10 23:00:54.169 I/am_on_paused_called( 5287): [0,com.amazon.sellermobile.android.auth.PreLoginActivity,handlePauseActivity]
04-10 23:00:54.170 I/am_resume_activity( 3847): [0,123749643,2,com.sec.android.app.launcher/.activities.LauncherActivity]
04-10 23:00:54.172 I/am_task_to_front( 3847): [0,2]
04-10 23:00:54.175 I/am_stop_activity( 3847): [0,28862587,com.amazon.sellermobile.android/.auth.PreLoginActivity]
04-10 23:00:54.196 I/am_on_resume_called( 5231): [0,com.sec.android.app.launcher.activities.LauncherActivity,RESUME_ACTIVITY]
04-10 23:00:54.226 I/power_partial_wake_state( 3847): [65,*launch*:android]
04-10 23:00:54.256 I/sysui_multi_action( 3847): [319,74,322,76,325,5384,757,761,758,9,759,2,806,com.sec.android.app.launcher,871,com.sec.android.app.launcher.activities.LauncherActivity,905,0]
04-10 23:00:54.339 I/am_on_stop_called( 5287): [0,com.amazon.sellermobile.android.auth.PreLoginActivity,handleStopActivity]
04-10 23:00:58.196 I/am_uid_running( 3847): 10198
04-10 23:00:58.220 I/am_proc_start( 3847): [0,5581,10198,com.google.android.apps.photos,service,com.google.android.apps.photos/com.google.android.libraries.social.mediamonitor.MediaMonitorJobSchedulerService]
04-10 23:00:58.222 I/am_uid_running( 3847): 10224
04-10 23:00:58.243 I/am_proc_start( 3847): [0,5587,10224,com.whatsapp,activity,com.whatsapp/.Main]
04-10 23:00:58.276 I/wm_task_created( 3847): [68,1]
04-10 23:00:58.276 I/wm_task_moved( 3847): [68,1,2]
04-10 23:00:58.276 I/am_focused_stack( 3847): [0,1,0,reuseOrNewTask]
04-10 23:00:58.276 I/wm_task_moved( 3847): [68,1,2]
04-10 23:00:58.276 I/am_create_task( 3847): [0,68]
04-10 23:00:58.276 I/am_create_activity( 3847): [0,206609749,68,com.whatsapp/.Main,android.intent.action.MAIN,NULL,NULL,270532608,com.sec.android.app.launcher]
04-10 23:00:58.277 I/wm_task_moved( 3847): [68,1,2]
04-10 23:00:58.277 I/am_pause_activity( 3847): [0,123749643,com.sec.android.app.launcher/.activities.LauncherActivity]
04-10 23:00:58.280 I/am_proc_bound( 3847): [0,5581,com.google.android.apps.photos]
04-10 23:00:58.287 I/am_proc_bound( 3847): [0,5587,com.whatsapp]
04-10 23:00:58.295 I/am_on_paused_called( 5231): [0,com.sec.android.app.launcher.activities.LauncherActivity,handlePauseActivity]
04-10 23:00:58.307 I/am_uid_active( 3847): 10224
04-10 23:00:58.307 I/am_restart_activity( 3847): [0,206609749,68,com.whatsapp/.Main]
04-10 23:00:58.308 I/am_set_resumed_activity( 3847): [0,com.whatsapp/.Main,minimalResumeActivityLocked]
04-10 23:00:58.314 I/sysui_count( 3847): [window_time_0,12]
04-10 23:00:58.314 I/sysui_multi_action( 3847): [757,803,799,window_time_0,802,12]
04-10 23:00:58.752 I/notification_cancel( 3847): [10004,4250,com.android.systemui,2,low_battery,-1,0,1088,8,NULL]
04-10 23:00:58.753 I/notification_cancel( 3847): [10004,4250,com.android.systemui,3,low_battery,-1,0,1088,8,NULL]
04-10 23:00:58.792 I/wm_task_moved( 3847): [68,1,2]
04-10 23:00:58.793 I/wm_task_moved( 3847): [68,1,2]
04-10 23:00:58.793 I/am_create_activity( 3847): [0,138841802,68,com.whatsapp/.registration.EULA,NULL,NULL,NULL,268435456,com.whatsapp]
04-10 23:00:58.794 I/am_pause_activity( 3847): [0,206609749,com.whatsapp/.Main]
04-10 23:00:58.798 I/am_finish_activity( 3847): [0,206609749,68,com.whatsapp/.Main,request-affinity]
04-10 23:00:58.799 I/sysui_count( 3847): [window_time_0,1]
04-10 23:00:58.799 I/sysui_multi_action( 3847): [757,803,799,window_time_0,802,1]
04-10 23:00:58.802 I/am_restart_activity( 3847): [0,138841802,68,com.whatsapp/.registration.EULA]
04-10 23:00:58.803 I/am_set_resumed_activity( 3847): [0,com.whatsapp/.registration.EULA,minimalResumeActivityLocked]
04-10 23:00:58.809 I/sysui_count( 3847): [window_time_0,0]
04-10 23:00:58.809 I/sysui_multi_action( 3847): [757,803,799,window_time_0,802,0]
04-10 23:00:58.930 I/power_partial_wake_state( 3847): [264,*job*/com.google.android.apps.photos/com.google.android.libraries.social.mediamonitor.MediaMonitorJobSchedulerService:android]
04-10 23:00:58.964 I/am_on_resume_called( 5587): [0,com.whatsapp.registration.EULA,LAUNCH_ACTIVITY]
04-10 23:00:59.092 I/sysui_multi_action( 3847): [319,89,321,89,322,839,325,5388,757,761,758,8,759,1,806,com.whatsapp,871,com.whatsapp.registration.EULA,905,0]
04-10 23:00:59.092 I/am_activity_launch_time( 3847): [0,138841802,com.whatsapp/.registration.EULA,285,803]
04-10 23:00:59.190 I/power_partial_wake_state( 3847): [912,*launch*:android]
04-10 23:00:59.190 I/am_destroy_activity( 3847): [0,206609749,68,com.whatsapp/.Main,finish-imm]
04-10 23:00:59.190 I/am_stop_activity( 3847): [0,123749643,com.sec.android.app.launcher/.activities.LauncherActivity]
04-10 23:00:59.193 I/am_on_stop_called( 5231): [0,com.sec.android.app.launcher.activities.LauncherActivity,handleStopActivity]
04-10 23:00:59.232 I/force_gc( 3847): Binder
04-10 23:00:59.263 I/power_partial_wake_state( 3847): [6,*job*/com.whatsapp/.crash.upload.ExceptionsUploadService:android]
04-10 23:00:59.319 I/notification_cancel( 3847): [10224,5587,com.whatsapp,2,NULL,0,0,1088,8,NULL]
04-10 23:00:59.368 I/power_partial_wake_state( 3847): [78,com.whatsapp:NtpAction#updateNtp:com.whatsapp]
04-10 23:00:59.377 I/power_partial_wake_state( 3847): [152,*job*/com.whatsapp/.AlarmService:android]
04-10 23:01:00.030 I/power_partial_wake_state( 3847): [2,*alarm*:android]
04-10 23:01:00.166 I/power_partial_wake_state( 3847): [6,RILJ:com.android.phone]
04-10 23:01:00.752 I/am_pss  ( 3847): [12720,10116,com.android.chrome,22203392,4689920,6227968]
04-10 23:01:00.777 I/am_pss  ( 3847): [2991,10028,com.samsung.android.game.gametools,13817856,11333632,193536]
04-10 23:01:04.493 I/am_uid_idle( 3847): 10061
04-10 23:01:06.164 I/power_partial_wake_state( 3847): [1,*alarm*:android]
04-10 23:01:06.224 I/power_partial_wake_state( 3847): [57,*job*/com.google.android.googlequicksearchbox/com.google.android.apps.gsa.tasks.BackgroundTasksJobService:android]
04-10 23:01:06.513 I/am_meminfo( 3847): [733765632,1296203776,0,712372224,397772800]
04-10 23:01:07.186 I/am_new_intent( 3847): [0,265790566,2,com.sec.android.app.launcher/.activities.LauncherActivity,android.intent.action.MAIN,NULL,NULL,278921216,android]
04-10 23:01:07.187 I/wm_task_moved( 3847): [2,1,0]
04-10 23:01:07.187 I/am_focused_stack( 3847): [0,0,1,bringingFoundTaskToFront]
04-10 23:01:07.187 I/wm_task_moved( 3847): [2,1,0]
04-10 23:01:07.188 I/am_pause_activity( 3847): [0,138841802,com.whatsapp/.registration.EULA]
04-10 23:01:07.192 I/am_set_resumed_activity( 3847): [0,com.sec.android.app.launcher/.activities.LauncherActivity,resumeTopActivityInnerLocked]
04-10 23:01:07.196 I/am_resume_activity( 3847): [0,123749643,2,com.sec.android.app.launcher/.activities.LauncherActivity]
04-10 23:01:07.203 I/am_task_to_front( 3847): [0,2]
04-10 23:01:07.205 I/sysui_count( 3847): [window_time_0,8]
04-10 23:01:07.205 I/sysui_multi_action( 3847): [757,803,799,window_time_0,802,8]
04-10 23:01:07.207 I/am_stop_activity( 3847): [0,138841802,com.whatsapp/.registration.EULA]
04-10 23:01:07.207 I/am_on_paused_called( 5587): [0,com.whatsapp.registration.EULA,handlePauseActivity]
04-10 23:01:07.215 I/am_on_resume_called( 5231): [0,com.sec.android.app.launcher.activities.LauncherActivity,RESUME_ACTIVITY]
04-10 23:01:07.223 I/am_on_stop_called( 5587): [0,com.whatsapp.registration.EULA,handleStopActivity]
04-10 23:01:07.244 I/power_partial_wake_state( 3847): [56,*launch*:android]
04-10 23:01:07.389 I/sysui_multi_action( 3847): [319,61,322,62,325,5397,757,761,758,9,759,2,806,com.sec.android.app.launcher,871,com.sec.android.app.launcher.activities.LauncherActivity,905,0]
04-10 23:01:08.948 I/notification_cancel( 3847): [10004,4250,com.android.systemui,2,low_battery,-1,0,1088,8,NULL]
04-10 23:01:08.951 I/notification_cancel( 3847): [10004,4250,com.android.systemui,3,low_battery,-1,0,1088,8,NULL]
04-10 23:01:09.982 I/power_partial_wake_state( 3847): [16,RILJ:com.android.phone]
04-10 23:01:10.240 I/power_partial_wake_state( 3847): [14,RILJ:com.android.phone]
04-10 23:01:11.218 I/am_uid_running( 3847): 10205
04-10 23:01:11.241 I/am_proc_start( 3847): [0,5821,10205,com.king.candycrushjellysaga,activity,com.king.candycrushjellysaga/.StritzActivity]
04-10 23:01:11.273 I/wm_task_created( 3847): [69,1]
04-10 23:01:11.274 I/wm_task_moved( 3847): [69,1,3]
04-10 23:01:11.274 I/am_focused_stack( 3847): [0,1,0,reuseOrNewTask]
04-10 23:01:11.274 I/wm_task_moved( 3847): [69,1,3]
04-10 23:01:11.274 I/am_create_task( 3847): [0,69]
04-10 23:01:11.274 I/am_create_activity( 3847): [0,154301656,69,com.king.candycrushjellysaga/.StritzActivity,android.intent.action.MAIN,NULL,NULL,270532608,com.sec.android.app.launcher]
04-10 23:01:11.275 I/wm_task_moved( 3847): [69,1,3]
04-10 23:01:11.275 I/am_pause_activity( 3847): [0,123749643,com.sec.android.app.launcher/.activities.LauncherActivity]
04-10 23:01:11.280 I/am_proc_bound( 3847): [0,5821,com.king.candycrushjellysaga]
04-10 23:01:11.293 I/am_on_paused_called( 5231): [0,com.sec.android.app.launcher.activities.LauncherActivity,handlePauseActivity]
04-10 23:01:11.298 I/am_uid_active( 3847): 10205
04-10 23:01:11.298 I/am_restart_activity( 3847): [0,154301656,69,com.king.candycrushjellysaga/.StritzActivity]
04-10 23:01:11.299 I/am_set_resumed_activity( 3847): [0,com.king.candycrushjellysaga/.StritzActivity,minimalResumeActivityLocked]
04-10 23:01:11.311 I/sysui_count( 3847): [window_time_0,4]
04-10 23:01:11.311 I/sysui_multi_action( 3847): [757,803,799,window_time_0,802,4]
04-10 23:01:11.337 I/am_pss  ( 3847): [5038,10202,com.bitstrips.imoji,70427648,61296640,503808]
04-10 23:01:11.713 I/am_on_resume_called( 5821): [0,com.king.candycrushjellysaga.StritzActivity,LAUNCH_ACTIVITY]
04-10 23:01:11.828 I/power_partial_wake_state( 3847): [552,*launch*:android]
04-10 23:01:11.947 I/sysui_multi_action( 3847): [319,57,321,57,322,683,325,5401,757,761,758,8,759,1,806,com.king.candycrushjellysaga,871,com.king.candycrushjellysaga.StritzActivity,905,0]
04-10 23:01:11.947 I/am_activity_launch_time( 3847): [0,154301656,com.king.candycrushjellysaga/.StritzActivity,654,654]
04-10 23:01:11.949 I/am_stop_activity( 3847): [0,123749643,com.sec.android.app.launcher/.activities.LauncherActivity]
04-10 23:01:11.951 I/am_on_stop_called( 5231): [0,com.sec.android.app.launcher.activities.LauncherActivity,handleStopActivity]
04-10 23:01:13.815 I/force_gc( 3847): Binder
04-10 23:01:14.798 I/power_partial_wake_state( 3847): [3005,AudioMix:audioserver]
04-10 23:01:14.802 I/power_partial_wake_state( 3847): [3007,AudioMix:audioserver]
04-10 23:01:16.427 I/am_uid_active( 3847): 10055
04-10 23:01:18.992 I/notification_cancel( 3847): [10004,4250,com.android.systemui,2,low_battery,-1,0,1088,8,NULL]
04-10 23:01:18.992 I/notification_cancel( 3847): [10004,4250,com.android.systemui,3,low_battery,-1,0,1088,8,NULL]
04-10 23:01:18.995 I/notification_enqueue( 3847): [10004,4250,com.android.systemui,2131362716,charging_state,-1,Notification(channel=GEN pri=-2 contentView=null vibrate=null sound=null defaults=0x0 flags=0xa color=0xff607d8b category=sys number=0 vis=PUBLIC semFlags=0x0 semPriority=0 semMissedCount=0),1,NULL]
04-10 23:01:21.926 I/am_pss  ( 3847): [5821,10205,com.king.candycrushjellysaga,315504640,305242112,503808]
04-10 23:01:22.206 I/power_partial_wake_state( 3847): [13,*alarm*:android]
04-10 23:01:24.747 I/am_pss  ( 3847): [5287,10220,com.amazon.sellermobile.android,81790976,67346432,496640]
04-10 23:01:24.791 I/am_pss  ( 3847): [5334,99110,com.android.chrome:sandboxed_process0,53337088,38199296,1721344]
04-10 23:01:25.207 I/power_partial_wake_state( 3847): [3003,com.whatsapp:sendinactive:com.whatsapp]
04-10 23:01:26.965 I/power_partial_wake_state( 3847): [3939,PKMService:android]
04-10 23:01:27.467 I/am_pss  ( 3847): [5587,10224,com.whatsapp,79351808,67072000,497664]
04-10 23:01:29.096 I/notification_cancel( 3847): [10004,4250,com.android.systemui,2,low_battery,-1,0,1088,8,NULL]
04-10 23:01:29.097 I/notification_cancel( 3847): [10004,4250,com.android.systemui,3,low_battery,-1,0,1088,8,NULL]
04-10 23:01:30.331 I/power_partial_wake_state( 3847): [1,RILJ:com.android.phone]
04-10 23:01:32.243 I/am_pss  ( 3847): [12017,10055,com.android.vending,80893952,58699776,20371456]
04-10 23:01:32.282 I/am_pss  ( 3847): [5231,10090,com.sec.android.app.launcher,94944256,66094080,25741312]
04-10 23:01:32.324 I/am_pss  ( 3847): [5371,10092,com.google.android.googlequicksearchbox:search,121393152,57856000,18165760]
04-10 23:01:32.352 I/am_pss  ( 3847): [2991,10028,com.samsung.android.game.gametools,15773696,11378688,186368]
04-10 23:01:32.382 I/am_pss  ( 3847): [5581,10198,com.google.android.apps.photos,62489600,57987072,561152]
04-10 23:01:33.252 I/am_meminfo( 3847): [795148288,677421056,0,708575232,362798080]
04-10 23:01:33.933 I/am_new_intent( 3847): [0,165655851,2,com.sec.android.app.launcher/.activities.LauncherActivity,android.intent.action.MAIN,NULL,NULL,278921216,android]
04-10 23:01:33.933 I/wm_task_moved( 3847): [2,1,0]
04-10 23:01:33.934 I/am_focused_stack( 3847): [0,0,1,bringingFoundTaskToFront]
04-10 23:01:33.934 I/wm_task_moved( 3847): [2,1,0]
04-10 23:01:33.934 I/am_pause_activity( 3847): [0,154301656,com.king.candycrushjellysaga/.StritzActivity]
04-10 23:01:33.939 I/am_set_resumed_activity( 3847): [0,com.sec.android.app.launcher/.activities.LauncherActivity,resumeTopActivityInnerLocked]
04-10 23:01:33.944 I/am_resume_activity( 3847): [0,123749643,2,com.sec.android.app.launcher/.activities.LauncherActivity]
04-10 23:01:33.946 I/am_task_to_front( 3847): [0,2]
04-10 23:01:33.949 I/am_on_paused_called( 5821): [0,com.king.candycrushjellysaga.StritzActivity,handlePauseActivity]
04-10 23:01:33.949 I/notification_cancel_all( 3847): [10205,5821,com.king.candycrushjellysaga,0,0,64,9,NULL]
04-10 23:01:33.950 I/sysui_count( 3847): [window_time_0,23]
04-10 23:01:33.950 I/sysui_multi_action( 3847): [757,803,799,window_time_0,802,23]
04-10 23:01:33.950 I/am_stop_activity( 3847): [0,154301656,com.king.candycrushjellysaga/.StritzActivity]
04-10 23:01:33.979 I/notification_cancel( 3847): [10028,2991,com.samsung.android.game.gametools,2131492873,NULL,0,0,1088,8,NULL]
04-10 23:01:33.985 I/am_on_resume_called( 5231): [0,com.sec.android.app.launcher.activities.LauncherActivity,RESUME_ACTIVITY]
04-10 23:01:34.002 I/notification_cancel( 3847): [10028,2991,com.samsung.android.game.gametools,2131492869,NULL,0,0,1088,8,NULL]
04-10 23:01:34.024 I/power_partial_wake_state( 3847): [89,*launch*:android]
04-10 23:01:34.066 I/sysui_multi_action( 3847): [319,95,322,97,325,5424,757,761,758,9,759,2,806,com.sec.android.app.launcher,871,com.sec.android.app.launcher.activities.LauncherActivity,905,0]
04-10 23:01:34.076 I/am_on_stop_called( 5821): [0,com.king.candycrushjellysaga.StritzActivity,handleStopActivity]
04-10 23:01:37.095 I/power_partial_wake_state( 3847): [2958,AudioMix:audioserver]
04-10 23:01:37.600 I/power_partial_wake_state( 3847): [17,*job*/com.google.android.apps.photos/com.google.android.libraries.social.mediamonitor.MediaMonitorJobSchedulerService:android]
04-10 23:01:37.988 I/am_uid_running( 3847): 10203
04-10 23:01:38.014 I/am_proc_start( 3847): [0,6131,10203,com.king.candycrushsaga,activity,com.king.candycrushsaga/.CandyCrushSagaActivity]
04-10 23:01:38.051 I/wm_task_created( 3847): [70,1]
04-10 23:01:38.051 I/wm_task_moved( 3847): [70,1,4]
04-10 23:01:38.051 I/am_focused_stack( 3847): [0,1,0,reuseOrNewTask]
04-10 23:01:38.051 I/wm_task_moved( 3847): [70,1,4]
04-10 23:01:38.052 I/am_create_task( 3847): [0,70]
04-10 23:01:38.052 I/am_create_activity( 3847): [0,207696896,70,com.king.candycrushsaga/.CandyCrushSagaActivity,android.intent.action.MAIN,NULL,NULL,270532608,com.sec.android.app.launcher]
04-10 23:01:38.052 I/wm_task_moved( 3847): [70,1,4]
04-10 23:01:38.053 I/am_pause_activity( 3847): [0,123749643,com.sec.android.app.launcher/.activities.LauncherActivity]
04-10 23:01:38.056 I/am_proc_bound( 3847): [0,6131,com.king.candycrushsaga]
04-10 23:01:38.072 I/am_on_paused_called( 5231): [0,com.sec.android.app.launcher.activities.LauncherActivity,handlePauseActivity]
04-10 23:01:38.083 I/am_uid_active( 3847): 10203
04-10 23:01:38.083 I/am_restart_activity( 3847): [0,207696896,70,com.king.candycrushsaga/.CandyCrushSagaActivity]
04-10 23:01:38.084 I/am_set_resumed_activity( 3847): [0,com.king.candycrushsaga/.CandyCrushSagaActivity,minimalResumeActivityLocked]
04-10 23:01:38.101 I/sysui_count( 3847): [window_time_0,4]
04-10 23:01:38.101 I/sysui_multi_action( 3847): [757,803,799,window_time_0,802,4]
04-10 23:01:38.548 I/am_on_resume_called( 6131): [0,com.king.candycrushsaga.CandyCrushSagaActivity,LAUNCH_ACTIVITY]
04-10 23:01:38.655 I/force_gc( 3847): Binder
04-10 23:01:38.678 I/power_partial_wake_state( 3847): [624,*launch*:android]
04-10 23:01:38.866 I/sysui_multi_action( 3847): [319,62,321,62,322,834,325,5428,757,761,758,8,759,1,806,com.king.candycrushsaga,871,com.king.candycrushsaga.CandyCrushSagaActivity,905,0]
04-10 23:01:38.866 I/am_activity_launch_time( 3847): [0,207696896,com.king.candycrushsaga/.CandyCrushSagaActivity,800,800]
04-10 23:01:38.870 I/am_stop_activity( 3847): [0,123749643,com.sec.android.app.launcher/.activities.LauncherActivity]
04-10 23:01:38.873 I/am_on_stop_called( 5231): [0,com.sec.android.app.launcher.activities.LauncherActivity,handleStopActivity]
04-10 23:01:39.171 I/notification_cancel( 3847): [10004,4250,com.android.systemui,2,low_battery,-1,0,1088,8,NULL]
04-10 23:01:39.171 I/notification_cancel( 3847): [10004,4250,com.android.systemui,3,low_battery,-1,0,1088,8,NULL]
04-10 23:01:40.310 I/power_partial_wake_state( 3847): [5,RILJ:com.android.phone]
04-10 23:01:40.829 I/am_uid_idle( 3847): 10202
04-10 23:01:41.166 I/notification_cancel_all( 3847): [10203,6131,com.king.candycrushsaga,0,0,64,9,NULL]
04-10 23:01:41.539 I/power_partial_wake_state( 3847): [3004,AudioMix:audioserver]
04-10 23:01:41.544 I/power_partial_wake_state( 3847): [3009,AudioMix:audioserver]
04-10 23:01:43.393 I/content_query_sample( 5628): contents_sample_state: [CONTACT contacts(0) data(0) accounts({}) accounts deleted({}) calls([]) countryIso(KR) userId(0)  ]
04-10 23:01:43.393 I/content_query_sample( 5628): contents_sample_state: [ agr({})  ]
04-10 23:01:43.393 I/content_query_sample( 5628): contents_sample_state: [ actCnt({android.process.acore(5628)=1})  ]
04-10 23:01:43.393 I/content_query_sample( 5628): contents_sample_state: [PROFILE contacts(0) data(0) accounts({})  ]
04-10 23:01:43.393 I/content_query_sample( 5628): contents_sample_state: [SAPROFILE contacts(1) data(1) accounts({vnd.sec.contact.phone (1)=1})  ]
04-10 23:01:46.554 I/am_pss  ( 3847): [4228,10165,com.sec.android.inputmethod,45687808,20217856,24060928]
04-10 23:01:46.582 I/am_pss  ( 3847): [4447,5013,com.sec.location.nsflp2,12624896,6782976,4933632]
04-10 23:01:49.082 I/am_pss  ( 3847): [6131,10203,com.king.candycrushsaga,185313280,170868736,466944]
04-10 23:01:49.284 I/notification_cancel( 3847): [10004,4250,com.android.systemui,2,low_battery,-1,0,1088,8,NULL]
04-10 23:01:49.284 I/notification_cancel( 3847): [10004,4250,com.android.systemui,3,low_battery,-1,0,1088,8,NULL]
04-10 23:01:50.049 I/am_pss  ( 3847): [4764,1001,com.sec.phone,8181760,3768320,3658752]
04-10 23:01:51.385 I/am_meminfo( 3847): [842715136,293605376,0,712060928,348271616]
04-10 23:01:52.065 I/am_new_intent( 3847): [0,69944459,2,com.sec.android.app.launcher/.activities.LauncherActivity,android.intent.action.MAIN,NULL,NULL,278921216,android]
04-10 23:01:52.066 I/wm_task_moved( 3847): [2,1,0]
04-10 23:01:52.066 I/am_focused_stack( 3847): [0,0,1,bringingFoundTaskToFront]
04-10 23:01:52.066 I/wm_task_moved( 3847): [2,1,0]
04-10 23:01:52.067 I/am_pause_activity( 3847): [0,207696896,com.king.candycrushsaga/.CandyCrushSagaActivity]
04-10 23:01:52.071 I/am_set_resumed_activity( 3847): [0,com.sec.android.app.launcher/.activities.LauncherActivity,resumeTopActivityInnerLocked]
04-10 23:01:52.076 I/am_resume_activity( 3847): [0,123749643,2,com.sec.android.app.launcher/.activities.LauncherActivity]
04-10 23:01:52.078 I/am_task_to_front( 3847): [0,2]
04-10 23:01:52.081 I/sysui_count( 3847): [window_time_0,14]
04-10 23:01:52.081 I/sysui_multi_action( 3847): [757,803,799,window_time_0,802,14]
04-10 23:01:52.081 I/am_stop_activity( 3847): [0,207696896,com.king.candycrushsaga/.CandyCrushSagaActivity]
04-10 23:01:52.091 I/notification_cancel_all( 3847): [10203,6131,com.king.candycrushsaga,0,0,64,9,NULL]
04-10 23:01:52.108 I/am_on_paused_called( 6131): [0,com.king.candycrushsaga.CandyCrushSagaActivity,handlePauseActivity]
04-10 23:01:52.121 I/notification_cancel( 3847): [10028,2991,com.samsung.android.game.gametools,2131492873,NULL,0,0,1088,8,NULL]
04-10 23:01:52.131 I/am_pss  ( 3847): [4741,10030,com.google.android.gms.persistent,107693056,74420224,15327232]
04-10 23:01:52.133 I/am_on_resume_called( 5231): [0,com.sec.android.app.launcher.activities.LauncherActivity,RESUME_ACTIVITY]
04-10 23:01:52.143 I/am_on_stop_called( 6131): [0,com.king.candycrushsaga.CandyCrushSagaActivity,handleStopActivity]
04-10 23:01:52.153 I/notification_cancel( 3847): [10028,2991,com.samsung.android.game.gametools,2131492869,NULL,0,0,1088,8,NULL]
04-10 23:01:52.167 I/am_pss  ( 3847): [5055,10092,com.google.android.googlequicksearchbox:interactor,112113664,59678720,9313280]
04-10 23:01:52.185 I/power_partial_wake_state( 3847): [117,*launch*:android]
04-10 23:01:52.228 I/am_pss  ( 3847): [4898,1000,com.samsung.android.MtpApplication,9905152,4165632,5004288]
04-10 23:01:52.228 I/sysui_multi_action( 3847): [319,122,322,124,325,5442,757,761,758,9,759,2,806,com.sec.android.app.launcher,871,com.sec.android.app.launcher.activities.LauncherActivity,905,0]
04-10 23:01:54.179 I/am_uid_idle( 3847): 99110
04-10 23:01:54.180 I/am_uid_idle( 3847): 10220
04-10 23:01:55.300 I/power_partial_wake_state( 3847): [2954,AudioMix:audioserver]
04-10 23:01:55.753 I/power_partial_wake_state( 3847): [15,*job*/com.google.android.apps.photos/com.google.android.libraries.social.mediamonitor.MediaMonitorJobSchedulerService:android]
04-10 23:01:56.096 I/am_uid_running( 3847): 10206
04-10 23:01:56.126 I/am_proc_start( 3847): [0,6373,10206,com.nytimes.crossword,activity,com.nytimes.crossword/com.nytimes.crosswordlib.activity.MainActivity]
04-10 23:01:56.153 I/wm_task_created( 3847): [71,1]
04-10 23:01:56.154 I/wm_task_moved( 3847): [71,1,5]
04-10 23:01:56.154 I/am_focused_stack( 3847): [0,1,0,reuseOrNewTask]
04-10 23:01:56.154 I/wm_task_moved( 3847): [71,1,5]
04-10 23:01:56.155 I/am_create_task( 3847): [0,71]
04-10 23:01:56.155 I/am_create_activity( 3847): [0,102563481,71,com.nytimes.crossword/com.nytimes.crosswordlib.activity.MainActivity,android.intent.action.MAIN,NULL,NULL,270532608,com.sec.android.app.launcher]
04-10 23:01:56.155 I/wm_task_moved( 3847): [71,1,5]
04-10 23:01:56.156 I/am_pause_activity( 3847): [0,123749643,com.sec.android.app.launcher/.activities.LauncherActivity]
04-10 23:01:56.159 I/am_proc_bound( 3847): [0,6373,com.nytimes.crossword]
04-10 23:01:56.169 I/am_on_paused_called( 5231): [0,com.sec.android.app.launcher.activities.LauncherActivity,handlePauseActivity]
04-10 23:01:56.179 I/am_uid_active( 3847): 10206
04-10 23:01:56.179 I/am_restart_activity( 3847): [0,102563481,71,com.nytimes.crossword/com.nytimes.crosswordlib.activity.MainActivity]
04-10 23:01:56.180 I/am_set_resumed_activity( 3847): [0,com.nytimes.crossword/com.nytimes.crosswordlib.activity.MainActivity,minimalResumeActivityLocked]
04-10 23:01:56.193 I/sysui_count( 3847): [window_time_0,4]
04-10 23:01:56.193 I/sysui_multi_action( 3847): [757,803,799,window_time_0,802,4]
04-10 23:01:57.181 I/am_on_resume_called( 6373): [0,com.nytimes.crosswordlib.activity.MainActivity,LAUNCH_ACTIVITY]
04-10 23:01:57.644 I/force_gc( 3847): Binder
04-10 23:01:57.662 I/am_uid_running( 3847): 99111
04-10 23:01:57.675 I/am_proc_start( 3847): [0,6562,99111,com.android.chrome:sandboxed_process0,webview_service,com.nytimes.crossword/org.chromium.content.app.SandboxedProcessService0]
04-10 23:01:57.717 I/am_proc_bound( 3847): [0,6562,com.android.chrome:sandboxed_process0]
04-10 23:01:57.722 I/am_uid_active( 3847): 99111
04-10 23:01:58.057 I/sysui_multi_action( 3847): [319,57,321,56,322,1911,325,5446,757,761,758,8,759,1,806,com.nytimes.crossword,871,com.nytimes.crosswordlib.activity.MainActivity,905,0]
04-10 23:01:58.057 I/am_activity_launch_time( 3847): [0,102563481,com.nytimes.crossword/com.nytimes.crosswordlib.activity.MainActivity,1890,1890]
04-10 23:01:58.653 I/power_partial_wake_state( 3847): [826,*job*/com.nytimes.crossword/androidx.work.impl.background.systemjob.SystemJobService:android]
04-10 23:01:58.864 I/notification_cancel( 3847): [10206,6373,com.nytimes.crossword,10436,NULL,0,0,1088,8,NULL]
04-10 23:01:59.041 I/power_partial_wake_state( 3847): [2884,*launch*:android]
04-10 23:01:59.042 I/am_stop_activity( 3847): [0,123749643,com.sec.android.app.launcher/.activities.LauncherActivity]
04-10 23:01:59.044 I/am_on_stop_called( 5231): [0,com.sec.android.app.launcher.activities.LauncherActivity,handleStopActivity]
04-10 23:01:59.376 I/notification_cancel( 3847): [10004,4250,com.android.systemui,2,low_battery,-1,0,1088,8,NULL]
04-10 23:01:59.376 I/notification_cancel( 3847): [10004,4250,com.android.systemui,3,low_battery,-1,0,1088,8,NULL]
04-10 23:01:59.378 I/notification_enqueue( 3847): [10004,4250,com.android.systemui,2131362716,charging_state,-1,Notification(channel=GEN pri=-2 contentView=null vibrate=null sound=null defaults=0x0 flags=0xa color=0xff607d8b category=sys number=0 vis=PUBLIC semFlags=0x0 semPriority=0 semMissedCount=0),1,NULL]
04-10 23:02:00.015 I/netstats_mobile_sample( 3847): [0,0,0,0,0,0,0,0,0,0,0,0,1681135320017]
04-10 23:02:00.015 I/netstats_wifi_sample( 3847): [293424172,259148,26459249,124129,293443487,259694,24656408,124902,293393574,259261,24582855,124016,1681135320017]
04-10 23:02:00.016 I/power_partial_wake_state( 3847): [14,NetworkStats:android]
04-10 23:02:00.038 I/power_partial_wake_state( 3847): [17,*alarm*:android]
04-10 23:02:00.337 I/power_partial_wake_state( 3847): [4,RILJ:com.android.phone]
04-10 23:02:04.046 I/am_pss  ( 3847): [5821,10205,com.king.candycrushjellysaga,275298304,262901760,443392]
04-10 23:02:04.075 I/am_pss  ( 3847): [6718,10013,com.samsung.android.app.cocktailbarservice,24772608,12591104,11046912]
04-10 23:02:06.157 I/am_meminfo( 3847): [851111936,212160512,0,720474112,349216768]
04-10 23:02:06.788 I/power_partial_wake_state( 3847): [13,*alarm*:android]
04-10 23:02:06.821 I/am_new_intent( 3847): [0,136123328,2,com.sec.android.app.launcher/.activities.LauncherActivity,android.intent.action.MAIN,NULL,NULL,278921216,android]
04-10 23:02:06.821 I/wm_task_moved( 3847): [2,1,0]
04-10 23:02:06.821 I/am_focused_stack( 3847): [0,0,1,bringingFoundTaskToFront]
04-10 23:02:06.821 I/wm_task_moved( 3847): [2,1,0]
04-10 23:02:06.822 I/am_pause_activity( 3847): [0,102563481,com.nytimes.crossword/com.nytimes.crosswordlib.activity.MainActivity]
04-10 23:02:06.826 I/am_set_resumed_activity( 3847): [0,com.sec.android.app.launcher/.activities.LauncherActivity,resumeTopActivityInnerLocked]
04-10 23:02:06.828 I/am_on_paused_called( 6373): [0,com.nytimes.crosswordlib.activity.MainActivity,handlePauseActivity]
04-10 23:02:06.836 I/am_resume_activity( 3847): [0,123749643,2,com.sec.android.app.launcher/.activities.LauncherActivity]
04-10 23:02:06.839 I/am_task_to_front( 3847): [0,2]
04-10 23:02:06.841 I/sysui_count( 3847): [window_time_0,11]
04-10 23:02:06.841 I/sysui_multi_action( 3847): [757,803,799,window_time_0,802,11]
04-10 23:02:06.841 I/am_stop_activity( 3847): [0,102563481,com.nytimes.crossword/com.nytimes.crosswordlib.activity.MainActivity]
04-10 23:02:06.858 I/notification_cancel( 3847): [10028,2991,com.samsung.android.game.gametools,2131492873,NULL,0,0,1088,8,NULL]
04-10 23:02:06.863 I/am_on_resume_called( 5231): [0,com.sec.android.app.launcher.activities.LauncherActivity,RESUME_ACTIVITY]
04-10 23:02:06.875 I/power_partial_wake_state( 3847): [55,com.kpns.pa.action.KEEP_ALIVE:com.ktpns.pa]
04-10 23:02:06.886 I/notification_cancel( 3847): [10028,2991,com.samsung.android.game.gametools,2131492869,NULL,0,0,1088,8,NULL]
04-10 23:02:06.888 I/power_partial_wake_state( 3847): [101,wake:com.ktpns.pa/com.ktpns.lib.service.KeepAliveService:com.ktpns.pa]
04-10 23:02:06.920 I/power_partial_wake_state( 3847): [97,*launch*:android]
04-10 23:02:06.929 I/am_on_stop_called( 6373): [0,com.nytimes.crosswordlib.activity.MainActivity,handleStopActivity]
04-10 23:02:06.960 I/sysui_multi_action( 3847): [319,103,322,105,325,5457,757,761,758,9,759,2,806,com.sec.android.app.launcher,871,com.sec.android.app.launcher.activities.LauncherActivity,905,0]
04-10 23:02:07.032 I/power_partial_wake_state( 3847): [19,IntentOp:.common.broadcast.BackgroundBroadcastReceiverSupport$PersistentReceiverIntentOperation:com.google.android.gms]
04-10 23:02:07.118 I/power_partial_wake_state( 3847): [0,nearby:ENWearableDeviceManager:com.google.android.gms]
04-10 23:02:07.195 I/force_gc( 4741): Binder
04-10 23:02:07.283 I/notification_cancel( 3847): [10030,4741,com.google.android.gms,56933,NULL,0,0,1088,8,NULL]
04-10 23:02:07.283 I/notification_cancel( 3847): [10030,4741,com.google.android.gms,56932,NULL,0,0,1088,8,NULL]
04-10 23:02:07.283 I/notification_cancel( 3847): [10030,4741,com.google.android.gms,56935,NULL,0,0,1088,8,NULL]
04-10 23:02:07.283 I/notification_cancel( 3847): [10030,4741,com.google.android.gms,115357,NULL,0,0,1088,8,NULL]
04-10 23:02:07.283 I/notification_cancel( 3847): [10030,4741,com.google.android.gms,115356,NULL,0,0,1088,8,NULL]
04-10 23:02:07.284 I/notification_cancel( 3847): [10030,4741,com.google.android.gms,115358,NULL,0,0,1088,8,NULL]
04-10 23:02:07.341 I/power_partial_wake_state( 3847): [185,Icing:com.google.android.gms]
04-10 23:02:07.486 I/am_uid_active( 3847): 10157
04-10 23:02:09.516 I/notification_cancel( 3847): [10004,4250,com.android.systemui,2,low_battery,-1,0,1088,8,NULL]
04-10 23:02:09.522 I/notification_cancel( 3847): [10004,4250,com.android.systemui,3,low_battery,-1,0,1088,8,NULL]
04-10 23:02:10.373 I/power_partial_wake_state( 3847): [8,RILJ:com.android.phone]
04-10 23:02:10.698 I/power_partial_wake_state( 3847): [15,*job*/com.google.android.apps.photos/com.google.android.libraries.social.mediamonitor.MediaMonitorJobSchedulerService:android]
04-10 23:02:10.812 I/am_uid_running( 3847): 10207
04-10 23:02:10.834 I/am_proc_start( 3847): [0,6762,10207,com.rizwan.simplepdfreader2018,activity,com.rizwan.simplepdfreader2018/.ui.activity.SplashActivity]
04-10 23:02:10.858 I/wm_task_created( 3847): [72,1]
04-10 23:02:10.858 I/wm_task_moved( 3847): [72,1,6]
04-10 23:02:10.859 I/am_focused_stack( 3847): [0,1,0,reuseOrNewTask]
04-10 23:02:10.859 I/wm_task_moved( 3847): [72,1,6]
04-10 23:02:10.859 I/am_create_task( 3847): [0,72]
04-10 23:02:10.859 I/am_create_activity( 3847): [0,172635283,72,com.rizwan.simplepdfreader2018/.ui.activity.SplashActivity,android.intent.action.MAIN,NULL,NULL,270532608,com.sec.android.app.launcher]
04-10 23:02:10.859 I/wm_task_moved( 3847): [72,1,6]
04-10 23:02:10.860 I/am_pause_activity( 3847): [0,123749643,com.sec.android.app.launcher/.activities.LauncherActivity]
04-10 23:02:10.870 I/am_proc_bound( 3847): [0,6762,com.rizwan.simplepdfreader2018]
04-10 23:02:10.870 I/am_on_paused_called( 5231): [0,com.sec.android.app.launcher.activities.LauncherActivity,handlePauseActivity]
04-10 23:02:10.885 I/am_uid_active( 3847): 10207
04-10 23:02:10.886 I/am_restart_activity( 3847): [0,172635283,72,com.rizwan.simplepdfreader2018/.ui.activity.SplashActivity]
04-10 23:02:10.888 I/am_set_resumed_activity( 3847): [0,com.rizwan.simplepdfreader2018/.ui.activity.SplashActivity,minimalResumeActivityLocked]
04-10 23:02:10.900 I/sysui_count( 3847): [window_time_0,4]
04-10 23:02:10.901 I/sysui_multi_action( 3847): [757,803,799,window_time_0,802,4]
04-10 23:02:11.062 I/wm_task_moved( 3847): [72,1,6]
04-10 23:02:11.063 I/am_create_activity( 3847): [0,212590934,72,com.rizwan.simplepdfreader2018/.ui.activity.MainActivity,NULL,NULL,NULL,0,com.rizwan.simplepdfreader2018]
04-10 23:02:11.064 I/am_pause_activity( 3847): [0,172635283,com.rizwan.simplepdfreader2018/.ui.activity.SplashActivity]
04-10 23:02:11.067 I/am_finish_activity( 3847): [0,172635283,72,com.rizwan.simplepdfreader2018/.ui.activity.SplashActivity,app-request]
04-10 23:02:11.069 I/sysui_count( 3847): [window_time_0,0]
04-10 23:02:11.069 I/sysui_multi_action( 3847): [757,803,799,window_time_0,802,0]
04-10 23:02:11.094 I/am_restart_activity( 3847): [0,212590934,72,com.rizwan.simplepdfreader2018/.ui.activity.MainActivity]
04-10 23:02:11.095 I/am_set_resumed_activity( 3847): [0,com.rizwan.simplepdfreader2018/.ui.activity.MainActivity,minimalResumeActivityLocked]
04-10 23:02:11.102 I/sysui_count( 3847): [window_time_0,0]
04-10 23:02:11.102 I/sysui_multi_action( 3847): [757,803,799,window_time_0,802,0]
04-10 23:02:11.241 I/force_gc( 3847): Binder
04-10 23:02:11.367 I/am_uid_running( 3847): 99112
04-10 23:02:11.382 I/am_proc_start( 3847): [0,6820,99112,com.android.chrome:sandboxed_process0,webview_service,com.rizwan.simplepdfreader2018/org.chromium.content.app.SandboxedProcessService0]
04-10 23:02:11.422 I/am_proc_bound( 3847): [0,6820,com.android.chrome:sandboxed_process0]
04-10 23:02:11.426 I/am_uid_active( 3847): 99112
04-10 23:02:11.448 I/liblog  ( 6762): 7
04-10 23:02:11.448 I/chatty  ( 6762): uid=10207(u0_a207) com.rizwan.simplepdfreader2018 identical 4 lines
04-10 23:02:11.459 I/liblog  ( 6762): 5
04-10 23:02:11.659 I/am_on_resume_called( 6762): [0,com.rizwan.simplepdfreader2018.ui.activity.MainActivity,LAUNCH_ACTIVITY]
04-10 23:02:11.827 I/sysui_multi_action( 3847): [319,59,321,58,322,980,325,5461,757,761,758,8,759,1,806,com.rizwan.simplepdfreader2018,871,com.rizwan.simplepdfreader2018.ui.activity.MainActivity,905,0]
04-10 23:02:11.827 I/am_activity_launch_time( 3847): [0,212590934,com.rizwan.simplepdfreader2018/.ui.activity.MainActivity,730,943]
04-10 23:02:11.907 I/notification_cancel( 3847): [10207,6762,com.rizwan.simplepdfreader2018,10436,NULL,0,0,1088,8,NULL]
04-10 23:02:11.947 I/power_partial_wake_state( 3847): [1086,*launch*:android]
04-10 23:02:11.947 I/am_destroy_activity( 3847): [0,172635283,72,com.rizwan.simplepdfreader2018/.ui.activity.SplashActivity,finish-imm]
04-10 23:02:11.948 I/am_stop_activity( 3847): [0,123749643,com.sec.android.app.launcher/.activities.LauncherActivity]
04-10 23:02:11.951 I/am_on_stop_called( 5231): [0,com.sec.android.app.launcher.activities.LauncherActivity,handleStopActivity]
04-10 23:02:17.602 I/am_meminfo( 3847): [874258432,131780608,0,723152896,364391424]
04-10 23:02:17.749 I/power_partial_wake_state( 3847): [23,IntentOp:.common.broadcast.BackgroundBroadcastReceiverSupport$PersistentReceiverIntentOperation:com.google.android.gms]
04-10 23:02:17.856 I/power_partial_wake_state( 3847): [2,nearby:ENWearableDeviceManager:com.google.android.gms]
04-10 23:02:17.881 I/notification_cancel( 3847): [10030,4741,com.google.android.gms,56933,NULL,0,0,1088,8,NULL]
04-10 23:02:17.919 I/notification_cancel( 3847): [10030,4741,com.google.android.gms,56932,NULL,0,0,1088,8,NULL]
04-10 23:02:17.919 I/notification_cancel( 3847): [10030,4741,com.google.android.gms,56935,NULL,0,0,1088,8,NULL]
04-10 23:02:17.919 I/notification_cancel( 3847): [10030,4741,com.google.android.gms,115357,NULL,0,0,1088,8,NULL]
04-10 23:02:17.919 I/notification_cancel( 3847): [10030,4741,com.google.android.gms,115356,NULL,0,0,1088,8,NULL]
04-10 23:02:17.919 I/notification_cancel( 3847): [10030,4741,com.google.android.gms,115358,NULL,0,0,1088,8,NULL]
04-10 23:02:17.978 I/am_pss  ( 3847): [1198,10030,com.google.process.gapps,11251712,5275648,4420608]
04-10 23:02:17.982 I/power_partial_wake_state( 3847): [110,Icing:com.google.android.gms]
04-10 23:02:18.247 I/am_new_intent( 3847): [0,68457363,2,com.sec.android.app.launcher/.activities.LauncherActivity,android.intent.action.MAIN,NULL,NULL,278921216,android]
04-10 23:02:18.248 I/wm_task_moved( 3847): [2,1,0]
04-10 23:02:18.248 I/am_focused_stack( 3847): [0,0,1,bringingFoundTaskToFront]
04-10 23:02:18.248 I/wm_task_moved( 3847): [2,1,0]
04-10 23:02:18.249 I/am_pause_activity( 3847): [0,212590934,com.rizwan.simplepdfreader2018/.ui.activity.MainActivity]
04-10 23:02:18.252 I/am_on_paused_called( 6762): [0,com.rizwan.simplepdfreader2018.ui.activity.MainActivity,handlePauseActivity]
04-10 23:02:18.255 I/am_set_resumed_activity( 3847): [0,com.sec.android.app.launcher/.activities.LauncherActivity,resumeTopActivityInnerLocked]
04-10 23:02:18.263 I/am_resume_activity( 3847): [0,123749643,2,com.sec.android.app.launcher/.activities.LauncherActivity]
04-10 23:02:18.271 I/am_task_to_front( 3847): [0,2]
04-10 23:02:18.273 I/sysui_count( 3847): [window_time_0,7]
04-10 23:02:18.273 I/sysui_multi_action( 3847): [757,803,799,window_time_0,802,7]
04-10 23:02:18.273 I/am_stop_activity( 3847): [0,212590934,com.rizwan.simplepdfreader2018/.ui.activity.MainActivity]
04-10 23:02:18.294 I/am_on_stop_called( 6762): [0,com.rizwan.simplepdfreader2018.ui.activity.MainActivity,handleStopActivity]
04-10 23:02:18.303 I/am_on_resume_called( 5231): [0,com.sec.android.app.launcher.activities.LauncherActivity,RESUME_ACTIVITY]
04-10 23:02:18.350 I/power_partial_wake_state( 3847): [100,*launch*:android]
04-10 23:02:18.377 I/sysui_multi_action( 3847): [319,100,322,102,325,5468,757,761,758,9,759,2,806,com.sec.android.app.launcher,871,com.sec.android.app.launcher.activities.LauncherActivity,905,0]
04-10 23:02:19.646 I/notification_cancel( 3847): [10004,4250,com.android.systemui,2,low_battery,-1,0,1088,8,NULL]
04-10 23:02:19.651 I/notification_cancel( 3847): [10004,4250,com.android.systemui,3,low_battery,-1,0,1088,8,NULL]
04-10 23:02:20.418 I/power_partial_wake_state( 3847): [8,RILJ:com.android.phone]
04-10 23:02:21.814 I/power_partial_wake_state( 3847): [9,*job*/com.google.android.apps.photos/com.google.android.libraries.social.mediamonitor.MediaMonitorJobSchedulerService:android]
04-10 23:02:22.165 I/am_uid_running( 3847): 10208
04-10 23:02:22.189 I/am_proc_start( 3847): [0,7060,10208,com.yodo1.crossyroad,activity,com.yodo1.crossyroad/com.hipsterwhale.hwutils.OverrideUnityActivity]
04-10 23:02:22.207 I/wm_task_created( 3847): [73,1]
04-10 23:02:22.207 I/wm_task_moved( 3847): [73,1,7]
04-10 23:02:22.207 I/am_focused_stack( 3847): [0,1,0,reuseOrNewTask]
04-10 23:02:22.208 I/wm_task_moved( 3847): [73,1,7]
04-10 23:02:22.209 I/am_create_task( 3847): [0,73]
04-10 23:02:22.209 I/am_create_activity( 3847): [0,206925813,73,com.yodo1.crossyroad/com.hipsterwhale.hwutils.OverrideUnityActivity,android.intent.action.MAIN,NULL,NULL,270532608,com.sec.android.app.launcher]
04-10 23:02:22.210 I/wm_task_moved( 3847): [73,1,7]
04-10 23:02:22.211 I/am_pause_activity( 3847): [0,123749643,com.sec.android.app.launcher/.activities.LauncherActivity]
04-10 23:02:22.221 I/am_proc_bound( 3847): [0,7060,com.yodo1.crossyroad]
04-10 23:02:22.232 I/am_on_paused_called( 5231): [0,com.sec.android.app.launcher.activities.LauncherActivity,handlePauseActivity]
04-10 23:02:22.235 I/am_uid_active( 3847): 10208
04-10 23:02:22.235 I/am_restart_activity( 3847): [0,206925813,73,com.yodo1.crossyroad/com.hipsterwhale.hwutils.OverrideUnityActivity]
04-10 23:02:22.237 I/am_set_resumed_activity( 3847): [0,com.yodo1.crossyroad/com.hipsterwhale.hwutils.OverrideUnityActivity,minimalResumeActivityLocked]
04-10 23:02:22.251 I/sysui_count( 3847): [window_time_0,4]
04-10 23:02:22.251 I/sysui_multi_action( 3847): [757,803,799,window_time_0,802,4]
04-10 23:02:22.298 I/am_pss  ( 3847): [6131,10203,com.king.candycrushsaga,157464576,146534400,390144]
04-10 23:02:22.721 I/force_gc( 3847): Binder
04-10 23:02:22.947 I/am_on_resume_called( 7060): [0,com.hipsterwhale.hwutils.OverrideUnityActivity,LAUNCH_ACTIVITY]
04-10 23:02:23.036 I/power_partial_wake_state( 3847): [824,*launch*:android]
04-10 23:02:23.045 I/sysui_multi_action( 3847): [319,78,321,77,322,841,325,5472,757,761,758,8,759,1,806,com.yodo1.crossyroad,871,com.hipsterwhale.hwutils.OverrideUnityActivity,905,0]
04-10 23:02:23.045 I/am_activity_launch_time( 3847): [0,206925813,com.yodo1.crossyroad/com.hipsterwhale.hwutils.OverrideUnityActivity,814,814]
04-10 23:02:23.051 I/am_stop_activity( 3847): [0,123749643,com.sec.android.app.launcher/.activities.LauncherActivity]
04-10 23:02:23.053 I/am_on_stop_called( 5231): [0,com.sec.android.app.launcher.activities.LauncherActivity,handleStopActivity]
04-10 23:02:23.583 I/am_uid_active( 3847): 10079
04-10 23:02:26.569 I/power_partial_wake_state( 3847): [3001,AudioMix:audioserver]
04-10 23:02:29.704 I/notification_cancel( 3847): [10004,4250,com.android.systemui,2,low_battery,-1,0,1088,8,NULL]
04-10 23:02:29.705 I/notification_cancel( 3847): [10004,4250,com.android.systemui,3,low_battery,-1,0,1088,8,NULL]
04-10 23:02:29.710 I/notification_enqueue( 3847): [10004,4250,com.android.systemui,2131362716,charging_state,-1,Notification(channel=GEN pri=-2 contentView=null vibrate=null sound=null defaults=0x0 flags=0xa color=0xff607d8b category=sys number=0 vis=PUBLIC semFlags=0x0 semPriority=0 semMissedCount=0),1,NULL]
04-10 23:02:30.470 I/power_partial_wake_state( 3847): [0,RILJ:com.android.phone]
04-10 23:02:32.109 I/notification_cancel_all( 3847): [10208,7060,com.yodo1.crossyroad,0,0,64,9,NULL]
04-10 23:02:32.206 I/am_uid_idle( 3847): 10224
04-10 23:02:32.207 I/am_stop_idle_service( 3847): [10224,com.whatsapp/.messaging.MessageService]
04-10 23:02:32.938 I/am_pss  ( 3847): [7060,10208,com.yodo1.crossyroad,408171520,392982528,406528]
04-10 23:02:33.952 I/am_uid_idle( 3847): 10205
04-10 23:02:34.116 I/am_uid_running( 3847): 99113
04-10 23:02:34.140 I/am_proc_start( 3847): [0,7372,99113,com.android.chrome:sandboxed_process0,webview_service,com.yodo1.crossyroad/org.chromium.content.app.SandboxedProcessService0]
04-10 23:02:34.212 I/am_proc_bound( 3847): [0,7372,com.android.chrome:sandboxed_process0]
04-10 23:02:34.217 I/am_uid_active( 3847): 99113
04-10 23:02:34.611 I/notification_cancel( 3847): [10208,7060,com.yodo1.crossyroad,10436,NULL,0,0,1088,8,NULL]
04-10 23:02:34.619 I/force_gc( 3847): Binder
04-10 23:02:35.099 I/power_partial_wake_state( 3847): [237,Icing:com.google.android.gms]
04-10 23:02:35.221 I/am_pss  ( 3847): [9016,1002,com.android.bluetooth,16078848,9125888,5839872]
04-10 23:02:37.562 I/am_uid_running( 3847): 5017
04-10 23:02:37.587 I/am_proc_start( 3847): [0,7561,5017,com.samsung.android.networkdiagnostic,service,com.samsung.android.networkdiagnostic/.job.policy.JobPolicy]
04-10 23:02:37.635 I/am_proc_bound( 3847): [0,7561,com.samsung.android.networkdiagnostic]
04-10 23:02:38.058 I/power_partial_wake_state( 3847): [359,*job*/com.samsung.android.networkdiagnostic/.job.policy.JobPolicy:android]
04-10 23:02:38.622 I/force_gc( 4741): Binder
04-10 23:02:39.807 I/notification_cancel( 3847): [10004,4250,com.android.systemui,2,low_battery,-1,0,1088,8,NULL]
04-10 23:02:39.808 I/notification_cancel( 3847): [10004,4250,com.android.systemui,3,low_battery,-1,0,1088,8,NULL]
04-10 23:02:39.812 I/notification_enqueue( 3847): [10004,4250,com.android.systemui,2131362716,charging_state,-1,Notification(channel=GEN pri=-2 contentView=null vibrate=null sound=null defaults=0x0 flags=0xa color=0xff607d8b category=sys number=0 vis=PUBLIC semFlags=0x0 semPriority=0 semMissedCount=0),1,NULL]
04-10 23:02:40.718 I/am_meminfo( 3847): [582627328,117514240,0,752111616,381279232]
04-10 23:02:41.347 I/am_new_intent( 3847): [0,134989966,2,com.sec.android.app.launcher/.activities.LauncherActivity,android.intent.action.MAIN,NULL,NULL,278921216,android]
04-10 23:02:41.347 I/wm_task_moved( 3847): [2,1,0]
04-10 23:02:41.348 I/am_focused_stack( 3847): [0,0,1,bringingFoundTaskToFront]
04-10 23:02:41.348 I/wm_task_moved( 3847): [2,1,0]
04-10 23:02:41.349 I/am_pause_activity( 3847): [0,206925813,com.yodo1.crossyroad/com.hipsterwhale.hwutils.OverrideUnityActivity]
04-10 23:02:41.354 I/am_set_resumed_activity( 3847): [0,com.sec.android.app.launcher/.activities.LauncherActivity,resumeTopActivityInnerLocked]
04-10 23:02:41.365 I/am_resume_activity( 3847): [0,123749643,2,com.sec.android.app.launcher/.activities.LauncherActivity]
04-10 23:02:41.373 I/am_task_to_front( 3847): [0,2]
04-10 23:02:41.375 I/sysui_count( 3847): [window_time_0,19]
04-10 23:02:41.375 I/sysui_multi_action( 3847): [757,803,799,window_time_0,802,19]
04-10 23:02:41.375 I/am_stop_activity( 3847): [0,206925813,com.yodo1.crossyroad/com.hipsterwhale.hwutils.OverrideUnityActivity]
04-10 23:02:41.400 I/notification_cancel( 3847): [10028,2991,com.samsung.android.game.gametools,2131492873,NULL,0,0,1088,8,NULL]
04-10 23:02:41.407 I/am_on_resume_called( 5231): [0,com.sec.android.app.launcher.activities.LauncherActivity,RESUME_ACTIVITY]
04-10 23:02:41.432 I/notification_cancel( 3847): [10028,2991,com.samsung.android.game.gametools,2131492869,NULL,0,0,1088,8,NULL]
04-10 23:02:41.458 I/notification_cancel_all( 3847): [10208,7060,com.yodo1.crossyroad,0,0,64,9,NULL]
04-10 23:02:41.465 I/power_partial_wake_state( 3847): [115,*launch*:android]
04-10 23:02:41.497 I/am_on_paused_called( 7060): [0,com.hipsterwhale.hwutils.OverrideUnityActivity,handlePauseActivity]
04-10 23:02:41.513 I/sysui_multi_action( 3847): [319,131,322,133,325,5491,757,761,758,9,759,2,806,com.sec.android.app.launcher,871,com.sec.android.app.launcher.activities.LauncherActivity,905,0]
04-10 23:02:41.624 I/am_on_stop_called( 7060): [0,com.hipsterwhale.hwutils.OverrideUnityActivity,handleStopActivity]
04-10 23:02:43.497 I/content_query_sample( 5628): contents_sample_state: [CONTACT contacts(0) data(0) accounts({}) accounts deleted({}) calls([]) countryIso(KR) userId(0)  ]
04-10 23:02:43.497 I/content_query_sample( 5628): contents_sample_state: [ agr({})  ]
04-10 23:02:43.497 I/content_query_sample( 5628): contents_sample_state: [ actCnt({android.process.acore(5628)=1})  ]
04-10 23:02:43.497 I/content_query_sample( 5628): contents_sample_state: [PROFILE contacts(0) data(0) accounts({})  ]
04-10 23:02:43.497 I/content_query_sample( 5628): contents_sample_state: [SAPROFILE contacts(1) data(1) accounts({vnd.sec.contact.phone (1)=1})  ]
04-10 23:02:43.985 I/power_partial_wake_state( 3847): [21,*job*/com.google.android.apps.photos/com.google.android.libraries.social.mediamonitor.MediaMonitorJobSchedulerService:android]
04-10 23:02:44.598 I/power_partial_wake_state( 3847): [3040,AudioMix:audioserver]
04-10 23:02:45.391 I/am_uid_running( 3847): 10225
04-10 23:02:45.417 I/am_proc_start( 3847): [0,7676,10225,io.faceapp,activity,io.faceapp/.MainActivity]
04-10 23:02:45.436 I/wm_task_created( 3847): [74,1]
04-10 23:02:45.437 I/wm_task_moved( 3847): [74,1,8]
04-10 23:02:45.437 I/am_focused_stack( 3847): [0,1,0,reuseOrNewTask]
04-10 23:02:45.437 I/wm_task_moved( 3847): [74,1,8]
04-10 23:02:45.438 I/am_create_task( 3847): [0,74]
04-10 23:02:45.438 I/am_create_activity( 3847): [0,266817820,74,io.faceapp/.MainActivity,android.intent.action.MAIN,NULL,NULL,270532608,com.sec.android.app.launcher]
04-10 23:02:45.438 I/wm_task_moved( 3847): [74,1,8]
04-10 23:02:45.439 I/am_pause_activity( 3847): [0,123749643,com.sec.android.app.launcher/.activities.LauncherActivity]
04-10 23:02:45.450 I/am_proc_bound( 3847): [0,7676,io.faceapp]
04-10 23:02:45.457 I/am_on_paused_called( 5231): [0,com.sec.android.app.launcher.activities.LauncherActivity,handlePauseActivity]
04-10 23:02:45.460 I/am_uid_active( 3847): 10225
04-10 23:02:45.460 I/am_restart_activity( 3847): [0,266817820,74,io.faceapp/.MainActivity]
04-10 23:02:45.462 I/am_set_resumed_activity( 3847): [0,io.faceapp/.MainActivity,minimalResumeActivityLocked]
04-10 23:02:45.480 I/sysui_count( 3847): [window_time_0,4]
04-10 23:02:45.480 I/sysui_multi_action( 3847): [757,803,799,window_time_0,802,4]
04-10 23:02:46.015 I/notification_cancel( 3847): [10225,7676,io.faceapp,1,NULL,0,0,1088,8,NULL]
04-10 23:02:46.311 I/wm_task_moved( 3847): [74,1,8]
04-10 23:02:46.312 I/wm_task_moved( 3847): [74,1,8]
04-10 23:02:46.313 I/am_create_activity( 3847): [0,209103703,74,io.faceapp/.PhotoMainActivity,android.intent.action.MAIN,NULL,NULL,270532608,io.faceapp]
04-10 23:02:46.314 I/am_pause_activity( 3847): [0,266817820,io.faceapp/.MainActivity]
04-10 23:02:46.372 I/am_on_resume_called( 7676): [0,io.faceapp.MainActivity,LAUNCH_ACTIVITY]
04-10 23:02:46.379 I/force_gc( 3847): Binder
04-10 23:02:46.460 I/am_on_paused_called( 7676): [0,io.faceapp.MainActivity,handlePauseActivity]
04-10 23:02:46.464 I/am_restart_activity( 3847): [0,209103703,74,io.faceapp/.PhotoMainActivity]
04-10 23:02:46.466 I/am_set_resumed_activity( 3847): [0,io.faceapp/.PhotoMainActivity,minimalResumeActivityLocked]
