04-09 23:08:24.382 I/sysui_multi_action( 3877): [757,803,799,window_time_0,802,4]
04-09 23:08:24.388 I/am_proc_bound( 3877): [0,27271,org.telegram.messenger]
04-09 23:08:24.401 I/am_uid_active( 3877): 10228
04-09 23:08:24.401 I/am_restart_activity( 3877): [0,148736953,329,org.telegram.messenger/.DefaultIcon]
04-09 23:08:24.402 I/am_set_resumed_activity( 3877): [0,org.telegram.messenger/.DefaultIcon,minimalResumeActivityLocked]
04-09 23:08:24.654 I/power_partial_wake_state( 3877): [2992,AudioMix:audioserver]
04-09 23:08:24.706 I/force_gc(23679): Binder
04-09 23:08:25.061 I/force_gc( 3877): Binder
04-09 23:08:25.608 I/sysui_multi_action( 3877): [757,899,758,4,901,3,902,0,903,a9d4baeb-6b12-4c69-9924-217f25e4d38f]
04-09 23:08:25.614 I/sysui_multi_action( 3877): [757,899,758,4,901,2,902,0,903,0f48889d-e3a6-4929-9c3f-051345cae670]
04-09 23:08:25.620 I/sysui_multi_action( 3877): [757,899,758,4,901,3,902,0,903,11f50db7-416a-4a36-b77e-8d511e0d0300]
04-09 23:08:25.685 I/am_on_resume_called(27271): [0,org.telegram.messenger.DefaultIcon,LAUNCH_ACTIVITY]
04-09 23:08:25.712 I/notification_cancel( 3877): [10228,27271,org.telegram.messenger,1,NULL,0,0,1088,8,NULL]
04-09 23:08:25.720 I/am_uid_active( 3877): 10006
04-09 23:08:25.742 I/notification_cancel( 3877): [10228,27271,org.telegram.messenger,2,NULL,0,0,1088,8,NULL]
04-09 23:08:25.746 I/notification_cancel( 3877): [10228,27271,org.telegram.messenger,3,NULL,0,0,1088,8,NULL]
04-09 23:08:25.754 I/notification_cancel( 3877): [10228,27271,org.telegram.messenger,4,NULL,0,0,1088,8,NULL]
04-09 23:08:25.950 I/am_activity_launch_time( 3877): [0,148736953,org.telegram.messenger/.DefaultIcon,1573,1573]
04-09 23:08:28.111 I/notification_cancel( 3877): [10004,7536,com.android.systemui,2,low_battery,-1,0,1088,8,NULL]
04-09 23:08:28.121 I/notification_cancel( 3877): [10004,7536,com.android.systemui,3,low_battery,-1,0,1088,8,NULL]
04-09 23:08:28.139 I/notification_enqueue( 3877): [10004,7536,com.android.systemui,2131362716,charging_state,-1,Notification(channel=GEN pri=-2 contentView=null vibrate=null sound=null defaults=0x0 flags=0xa color=0xff607d8b category=sys number=0 vis=PUBLIC semFlags=0x0 semPriority=0 semMissedCount=0),1,NULL]
04-09 23:08:28.331 I/power_partial_wake_state( 3877): [3010,AudioMix:audioserver]
04-09 23:08:28.873 I/liblog  ( 3877): 1
04-09 23:08:29.217 I/liblog  ( 3877): 1
04-09 23:08:30.599 I/am_uid_idle( 3877): 10225
04-09 23:08:30.634 I/am_uid_idle( 3877): 10157
04-09 23:08:30.870 I/liblog  ( 3877): 2
04-09 23:08:31.025 I/liblog  ( 3877): 8
04-09 23:08:31.636 I/am_pss  ( 3877): [8548,10090,com.sec.android.app.launcher,118511616,61649920,55051264]
04-09 23:08:32.333 I/am_meminfo( 3877): [417542144,126652416,0,770043904,392541184]
04-09 23:08:32.883 I/liblog  ( 3877): 9
04-09 23:08:33.025 I/am_new_intent( 3877): [0,50462508,5,com.sec.android.app.launcher/.activities.LauncherActivity,android.intent.action.MAIN,NULL,NULL,278921216,android]
04-09 23:08:33.026 I/wm_task_moved( 3877): [5,1,0]
04-09 23:08:33.026 I/am_focused_stack( 3877): [0,0,1,bringingFoundTaskToFront]
04-09 23:08:33.026 I/wm_task_moved( 3877): [5,1,0]
04-09 23:08:33.027 I/am_pause_activity( 3877): [0,148736953,org.telegram.messenger/.DefaultIcon]
04-09 23:08:33.032 I/am_set_resumed_activity( 3877): [0,com.sec.android.app.launcher/.activities.LauncherActivity,resumeTopActivityInnerLocked]
04-09 23:08:33.039 I/am_resume_activity( 3877): [0,264590503,5,com.sec.android.app.launcher/.activities.LauncherActivity]
04-09 23:08:33.041 I/am_task_to_front( 3877): [0,5]
04-09 23:08:33.044 I/sysui_count( 3877): [window_time_0,8]
04-09 23:08:33.044 I/sysui_multi_action( 3877): [757,803,799,window_time_0,802,8]
04-09 23:08:33.046 I/am_stop_activity( 3877): [0,148736953,org.telegram.messenger/.DefaultIcon]
04-09 23:08:33.060 I/am_on_paused_called(27271): [0,org.telegram.messenger.DefaultIcon,handlePauseActivity]
04-09 23:08:33.083 I/am_on_resume_called( 8548): [0,com.sec.android.app.launcher.activities.LauncherActivity,performNewIntents]
04-09 23:08:33.089 I/am_on_paused_called( 8548): [0,com.sec.android.app.launcher.activities.LauncherActivity,performNewIntents]
04-09 23:08:33.108 I/am_on_resume_called( 8548): [0,com.sec.android.app.launcher.activities.LauncherActivity,RESUME_ACTIVITY]
04-09 23:08:33.108 I/am_on_stop_called(27271): [0,org.telegram.messenger.DefaultIcon,handleStopActivity]
04-09 23:08:33.219 I/power_partial_wake_state( 3877): [191,*launch*:android]
04-09 23:08:35.407 I/power_partial_wake_state( 3877): [2,RILJ:com.android.phone]
04-09 23:08:35.973 I/am_uid_running( 3877): 10229
04-09 23:08:35.997 I/am_proc_start( 3877): [0,27480,10229,org.thoughtcrime.securesms,activity,org.thoughtcrime.securesms/.RoutingActivity]
04-09 23:08:36.030 I/wm_task_created( 3877): [330,1]
04-09 23:08:36.031 I/wm_task_moved( 3877): [330,1,14]
04-09 23:08:36.031 I/am_focused_stack( 3877): [0,1,0,reuseOrNewTask]
04-09 23:08:36.031 I/wm_task_moved( 3877): [330,1,14]
04-09 23:08:36.032 I/am_create_task( 3877): [0,330]
04-09 23:08:36.032 I/am_create_activity( 3877): [0,6548742,330,org.thoughtcrime.securesms/.RoutingActivity,android.intent.action.MAIN,NULL,NULL,270532608,com.sec.android.app.launcher]
04-09 23:08:36.032 I/wm_task_moved( 3877): [330,1,14]
04-09 23:08:36.033 I/am_pause_activity( 3877): [0,264590503,com.sec.android.app.launcher/.activities.LauncherActivity]
04-09 23:08:36.041 I/am_proc_bound( 3877): [0,27480,org.thoughtcrime.securesms]
04-09 23:08:36.053 I/am_on_paused_called( 8548): [0,com.sec.android.app.launcher.activities.LauncherActivity,handlePauseActivity]
04-09 23:08:36.074 I/am_uid_active( 3877): 10229
04-09 23:08:36.074 I/am_restart_activity( 3877): [0,6548742,330,org.thoughtcrime.securesms/.RoutingActivity]
04-09 23:08:36.075 I/am_set_resumed_activity( 3877): [0,org.thoughtcrime.securesms/.RoutingActivity,minimalResumeActivityLocked]
04-09 23:08:36.095 I/sysui_count( 3877): [window_time_0,3]
04-09 23:08:36.095 I/sysui_multi_action( 3877): [757,803,799,window_time_0,802,3]
04-09 23:08:36.902 I/liblog  ( 3877): 41
04-09 23:08:36.932 I/liblog  ( 3877): 1
04-09 23:08:36.945 I/liblog  ( 3877): 4
04-09 23:08:37.012 I/liblog  ( 3877): 12
04-09 23:08:37.012 I/power_partial_wake_state( 3877): [1,signal:8e0abNumberse1f-45aNumbersa4c-eNumbersf03fNumbersf:org.thoughtcrime.securesms]
04-09 23:08:37.027 I/power_partial_wake_state( 3877): [1,signal:8fNumbersfd-10df-41dNumbers-f5fa2b0d2dde:org.thoughtcrime.securesms]
04-09 23:08:37.033 I/power_partial_wake_state( 3877): [1,signal:8ecbab9f-dddNumbers-aNumbersb6d04ca9:org.thoughtcrime.securesms]
04-09 23:08:37.143 I/am_on_resume_called(27480): [0,org.thoughtcrime.securesms.registration.RegistrationNavigationActivity,LAUNCH_ACTIVITY]
04-09 23:08:37.238 I/force_gc( 3877): Binder
04-09 23:08:37.239 I/power_partial_wake_state( 3877): [0,signal:eNumbersbae-Numbersb5-ae8c-Numbersdfe31a:org.thoughtcrime.securesms]
04-09 23:08:37.313 I/liblog  ( 3877): 28
04-09 23:08:37.449 I/liblog  ( 3877): 17
04-09 23:08:37.544 I/am_activity_launch_time( 3877): [0,94012146,org.thoughtcrime.securesms/.registration.RegistrationNavigationActivity,590,1489]
04-09 23:08:37.583 I/power_partial_wake_state( 3877): [1549,*launch*:android]
04-09 23:08:37.587 I/am_destroy_activity( 3877): [0,6548742,330,org.thoughtcrime.securesms/.RoutingActivity,finish-imm]
04-09 23:08:37.587 I/am_stop_activity( 3877): [0,264590503,com.sec.android.app.launcher/.activities.LauncherActivity]
04-09 23:08:37.590 I/am_on_stop_called( 8548): [0,com.sec.android.app.launcher.activities.LauncherActivity,handleStopActivity]
04-09 23:08:37.803 I/power_partial_wake_state( 3877): [783,signal:Numbersca-ffab-Numbersf-Numbers-abNumberse9dfab:org.thoughtcrime.securesms]
04-09 23:08:38.080 I/liblog  ( 3877): 7
04-09 23:08:38.226 I/notification_cancel( 3877): [10004,7536,com.android.systemui,2,low_battery,-1,0,1088,8,NULL]
04-09 23:08:38.229 I/notification_cancel( 3877): [10004,7536,com.android.systemui,3,low_battery,-1,0,1088,8,NULL]
04-09 23:08:38.309 I/power_partial_wake_state( 3877): [1142,*job*/org.thoughtcrime.securesms/.jobmanager.JobSchedulerScheduler$SystemService:android]
04-09 23:08:38.313 I/power_partial_wake_state( 3877): [1145,*job*/org.thoughtcrime.securesms/.jobmanager.JobSchedulerScheduler$SystemService:android]
04-09 23:08:41.530 I/am_uid_idle( 3877): 10218
04-09 23:08:42.156 I/am_pss  ( 3877): [23114,10028,com.samsung.android.game.gametools,15896576,4481024,6256640]
04-09 23:08:43.045 I/power_partial_wake_state( 3877): [152,Icing:com.google.android.gms]
04-09 23:08:43.114 I/power_partial_wake_state( 3877): [2829,AudioMix:audioserver]
04-09 23:08:45.362 I/power_partial_wake_state( 3877): [6,RILJ:com.android.phone]
04-09 23:08:45.974 I/am_meminfo( 3877): [355446784,139210752,0,769310720,392857600]
04-09 23:08:46.692 I/am_new_intent( 3877): [0,227624122,5,com.sec.android.app.launcher/.activities.LauncherActivity,android.intent.action.MAIN,NULL,NULL,278921216,android]
04-09 23:08:46.693 I/wm_task_moved( 3877): [5,1,0]
04-09 23:08:46.693 I/am_focused_stack( 3877): [0,0,1,bringingFoundTaskToFront]
04-09 23:08:46.693 I/wm_task_moved( 3877): [5,1,0]
04-09 23:08:46.694 I/am_pause_activity( 3877): [0,94012146,org.thoughtcrime.securesms/.registration.RegistrationNavigationActivity]
04-09 23:08:46.697 I/am_on_paused_called(27480): [0,org.thoughtcrime.securesms.registration.RegistrationNavigationActivity,handlePauseActivity]
04-09 23:08:46.700 I/am_set_resumed_activity( 3877): [0,com.sec.android.app.launcher/.activities.LauncherActivity,resumeTopActivityInnerLocked]
04-09 23:08:46.705 I/am_resume_activity( 3877): [0,264590503,5,com.sec.android.app.launcher/.activities.LauncherActivity]
04-09 23:08:46.707 I/am_task_to_front( 3877): [0,5]
04-09 23:08:46.711 I/sysui_count( 3877): [window_time_0,10]
04-09 23:08:46.711 I/sysui_multi_action( 3877): [757,803,799,window_time_0,802,10]
04-09 23:08:46.711 I/am_stop_activity( 3877): [0,94012146,org.thoughtcrime.securesms/.registration.RegistrationNavigationActivity]
04-09 23:08:46.752 I/am_on_resume_called( 8548): [0,com.sec.android.app.launcher.activities.LauncherActivity,RESUME_ACTIVITY]
04-09 23:08:46.799 I/am_on_stop_called(27480): [0,org.thoughtcrime.securesms.registration.RegistrationNavigationActivity,handleStopActivity]
04-09 23:08:46.816 I/power_partial_wake_state( 3877): [121,*launch*:android]
04-09 23:08:46.920 I/power_partial_wake_state( 3877): [110,Icing:com.google.android.gms]
04-09 23:08:48.332 I/notification_cancel( 3877): [10004,7536,com.android.systemui,2,low_battery,-1,0,1088,8,NULL]
04-09 23:08:48.334 I/notification_cancel( 3877): [10004,7536,com.android.systemui,3,low_battery,-1,0,1088,8,NULL]
04-09 23:08:48.353 I/notification_enqueue( 3877): [10004,7536,com.android.systemui,2131362716,charging_state,-1,Notification(channel=GEN pri=-2 contentView=null vibrate=null sound=null defaults=0x0 flags=0xa color=0xff607d8b category=sys number=0 vis=PUBLIC semFlags=0x0 semPriority=0 semMissedCount=0),1,NULL]
04-09 23:08:49.641 I/am_uid_running( 3877): 10221
04-09 23:08:49.685 I/am_proc_start( 3877): [0,27653,10221,com.amazon.kindle,activity,com.amazon.kindle/.UpgradePage]
04-09 23:08:49.743 I/wm_task_created( 3877): [331,1]
04-09 23:08:49.744 I/wm_task_moved( 3877): [331,1,15]
04-09 23:08:49.744 I/am_focused_stack( 3877): [0,1,0,reuseOrNewTask]
04-09 23:08:49.744 I/wm_task_moved( 3877): [331,1,15]
04-09 23:08:49.745 I/am_create_task( 3877): [0,331]
04-09 23:08:49.745 I/am_create_activity( 3877): [0,247665417,331,com.amazon.kindle/.UpgradePage,android.intent.action.MAIN,NULL,NULL,270532608,com.sec.android.app.launcher]
04-09 23:08:49.745 I/wm_task_moved( 3877): [331,1,15]
04-09 23:08:49.746 I/am_pause_activity( 3877): [0,264590503,com.sec.android.app.launcher/.activities.LauncherActivity]
04-09 23:08:49.751 I/am_proc_bound( 3877): [0,27653,com.amazon.kindle]
04-09 23:08:49.765 I/am_on_paused_called( 8548): [0,com.sec.android.app.launcher.activities.LauncherActivity,handlePauseActivity]
04-09 23:08:49.768 I/am_uid_active( 3877): 10221
04-09 23:08:49.768 I/am_restart_activity( 3877): [0,247665417,331,com.amazon.kindle/.UpgradePage]
04-09 23:08:49.771 I/am_set_resumed_activity( 3877): [0,com.amazon.kindle/.UpgradePage,minimalResumeActivityLocked]
04-09 23:08:49.778 I/sysui_count( 3877): [window_time_0,3]
04-09 23:08:49.778 I/sysui_multi_action( 3877): [757,803,799,window_time_0,802,3]
04-09 23:08:50.461 I/power_partial_wake_state( 3877): [26,HTTPMetricsTransportWakeLock:com.amazon.kindle]
04-09 23:08:50.465 I/power_partial_wake_state( 3877): [1,HTTPMetricsTransportWakeLock:com.amazon.kindle]
04-09 23:08:51.181 I/am_proc_start( 3877): [0,27879,1000,com.samsung.SMT,service,com.samsung.SMT/.SamsungTTSService]
04-09 23:08:51.226 I/am_proc_bound( 3877): [0,27879,com.samsung.SMT]
04-09 23:08:51.259 I/wm_task_moved( 3877): [331,1,15]
04-09 23:08:51.261 I/wm_task_moved( 3877): [331,1,15]
04-09 23:08:51.263 I/am_create_activity( 3877): [0,203641928,331,com.amazon.kindle/com.amazon.kcp.oob.MainActivity,NULL,NULL,NULL,335609856,com.amazon.kindle]
04-09 23:08:51.265 I/am_pause_activity( 3877): [0,247665417,com.amazon.kindle/.UpgradePage]
04-09 23:08:51.272 I/am_on_resume_called(27653): [0,com.amazon.kindle.UpgradePage,LAUNCH_ACTIVITY]
04-09 23:08:51.302 I/am_on_paused_called(27653): [0,com.amazon.kindle.UpgradePage,handlePauseActivity]
04-09 23:08:51.305 I/am_restart_activity( 3877): [0,203641928,331,com.amazon.kindle/com.amazon.kcp.oob.MainActivity]
04-09 23:08:51.306 I/am_set_resumed_activity( 3877): [0,com.amazon.kindle/com.amazon.kcp.oob.MainActivity,minimalResumeActivityLocked]
04-09 23:08:51.317 I/am_finish_activity( 3877): [0,247665417,331,com.amazon.kindle/.UpgradePage,app-request]
04-09 23:08:51.317 I/am_destroy_activity( 3877): [0,247665417,331,com.amazon.kindle/.UpgradePage,finish-imm]
04-09 23:08:51.320 I/sysui_count( 3877): [window_time_0,1]
04-09 23:08:51.320 I/sysui_multi_action( 3877): [757,803,799,window_time_0,802,1]
04-09 23:08:51.320 I/sysui_count( 3877): [window_time_0,0]
04-09 23:08:51.320 I/sysui_multi_action( 3877): [757,803,799,window_time_0,802,0]
04-09 23:08:51.711 I/am_on_resume_called(27653): [0,com.amazon.kcp.oob.MainActivity,LAUNCH_ACTIVITY]
04-09 23:08:51.717 I/power_partial_wake_state( 3877): [469,ReddingWakeLock:com.amazon.kindle]
04-09 23:08:51.724 I/am_on_stop_called(27653): [0,com.amazon.kindle.UpgradePage,destroy]
04-09 23:08:51.795 I/am_activity_launch_time( 3877): [0,203641928,com.amazon.kindle/com.amazon.kcp.oob.MainActivity,492,2041]
04-09 23:08:51.795 I/am_activity_fully_drawn_time( 3877): [0,203641928,com.amazon.kindle/com.amazon.kcp.oob.MainActivity,492,2041]
04-09 23:08:52.085 I/am_pss  ( 3877): [26422,10227,com.seenax.HideAndSeek,546706432,521392128,276480]
04-09 23:08:52.165 I/am_pss  ( 3877): [26593,99235,com.android.chrome:sandboxed_process0,78261248,62119936,279552]
04-09 23:08:52.259 I/power_partial_wake_state( 3877): [2513,*launch*:android]
04-09 23:08:52.260 I/am_stop_activity( 3877): [0,264590503,com.sec.android.app.launcher/.activities.LauncherActivity]
04-09 23:08:52.269 I/am_on_stop_called( 8548): [0,com.sec.android.app.launcher.activities.LauncherActivity,handleStopActivity]
04-09 23:08:53.744 I/am_uid_idle( 3877): 99234
04-09 23:08:53.745 I/am_uid_idle( 3877): 10226
04-09 23:08:53.746 I/am_stop_idle_service( 3877): [10226,me.pou.app/.NotificationsService]
04-09 23:08:54.853 I/am_uid_running( 3877): 99236
04-09 23:08:54.918 I/am_proc_start( 3877): [0,28046,99236,com.android.chrome:sandboxed_process0,webview_service,com.amazon.kindle/org.chromium.content.app.SandboxedProcessService0]
04-09 23:08:54.971 I/liblog  (27653): 7
04-09 23:08:54.993 I/liblog  (27653): 3
04-09 23:08:55.363 I/notification_cancel( 3877): [10221,27653,com.amazon.kindle,10436,NULL,0,0,1088,8,NULL]
04-09 23:08:55.405 I/am_proc_bound( 3877): [0,28046,com.android.chrome:sandboxed_process0]
04-09 23:08:55.409 I/am_uid_active( 3877): 99236
04-09 23:08:55.419 I/power_partial_wake_state( 3877): [15,RILJ:com.android.phone]
04-09 23:08:56.902 I/liblog  ( 3877): 18
04-09 23:08:56.917 I/liblog  ( 3877): 2
04-09 23:08:56.917 I/am_pss  ( 3877): [22382,10030,com.google.process.gapps,9140224,2150400,5215232]
04-09 23:08:56.949 I/am_pss  ( 3877): [21518,10006,com.sec.android.provider.badge,7942144,1982464,4396032]
04-09 23:08:56.996 I/power_partial_wake_state( 3877): [5286,ReddingWakeLock:com.amazon.kindle]
04-09 23:08:57.950 I/liblog  ( 3877): 25
04-09 23:08:57.950 I/am_pss  ( 3877): [10416,10030,com.google.android.gms,87075840,49532928,27669504]
04-09 23:08:57.970 I/am_uid_idle( 3877): 10079
04-09 23:08:57.986 I/am_pss  ( 3877): [16676,99061,com.android.chrome:sandboxed_process0,38670336,28098560,8617984]
04-09 23:08:58.421 I/notification_cancel( 3877): [10004,7536,com.android.systemui,2,low_battery,-1,0,1088,8,NULL]
04-09 23:08:58.424 I/notification_cancel( 3877): [10004,7536,com.android.systemui,3,low_battery,-1,0,1088,8,NULL]
04-09 23:09:00.187 I/power_partial_wake_state( 3877): [33,*alarm*:android]
04-09 23:09:00.309 I/am_pss  ( 3877): [27653,10221,com.amazon.kindle,234900480,216522752,271360]
04-09 23:09:00.338 I/am_pss  ( 3877): [22043,10153,com.samsung.android.sm.policy,7829504,1789952,4453376]
04-09 23:09:01.890 I/am_pss  ( 3877): [27879,1000,com.samsung.SMT,43748352,40988672,526336]
04-09 23:09:03.325 I/am_pss  ( 3877): [27271,10228,org.telegram.messenger,88710144,82665472,300032]
04-09 23:09:03.343 I/am_meminfo( 3877): [335085568,98447360,0,766971904,379750400]
04-09 23:09:04.046 I/am_new_intent( 3877): [0,42483352,5,com.sec.android.app.launcher/.activities.LauncherActivity,android.intent.action.MAIN,NULL,NULL,278921216,android]
04-09 23:09:04.046 I/wm_task_moved( 3877): [5,1,0]
04-09 23:09:04.047 I/am_focused_stack( 3877): [0,0,1,bringingFoundTaskToFront]
04-09 23:09:04.047 I/wm_task_moved( 3877): [5,1,0]
04-09 23:09:04.048 I/am_pause_activity( 3877): [0,203641928,com.amazon.kindle/com.amazon.kcp.oob.MainActivity]
04-09 23:09:04.053 I/am_set_resumed_activity( 3877): [0,com.sec.android.app.launcher/.activities.LauncherActivity,resumeTopActivityInnerLocked]
04-09 23:09:04.061 I/am_resume_activity( 3877): [0,264590503,5,com.sec.android.app.launcher/.activities.LauncherActivity]
04-09 23:09:04.062 I/am_on_paused_called(27653): [0,com.amazon.kcp.oob.MainActivity,handlePauseActivity]
04-09 23:09:04.064 I/am_task_to_front( 3877): [0,5]
04-09 23:09:04.067 I/sysui_count( 3877): [window_time_0,13]
04-09 23:09:04.067 I/sysui_multi_action( 3877): [757,803,799,window_time_0,802,13]
04-09 23:09:04.068 I/am_stop_activity( 3877): [0,203641928,com.amazon.kindle/com.amazon.kcp.oob.MainActivity]
04-09 23:09:04.103 I/am_on_resume_called( 8548): [0,com.sec.android.app.launcher.activities.LauncherActivity,RESUME_ACTIVITY]
04-09 23:09:04.110 I/am_on_stop_called(27653): [0,com.amazon.kcp.oob.MainActivity,handleStopActivity]
04-09 23:09:04.147 I/am_pss  ( 3877): [8451,10044,com.kt.serviceagent,8632320,4096,8187904]
04-09 23:09:04.228 I/power_partial_wake_state( 3877): [179,*launch*:android]
04-09 23:09:04.232 I/am_pss  ( 3877): [8444,1000,com.skt.skaf.OA00412131,12738560,4096,12638208]
04-09 23:09:04.286 I/am_pss  ( 3877): [8430,10043,com.ktpns.pa,18383872,1536000,16338944]
04-09 23:09:04.316 I/am_pss  ( 3877): [8417,10014,com.samsung.android.providers.context,19934208,3166208,16270336]
04-09 23:09:04.345 I/am_pss  ( 3877): [8323,1000,com.sec.downloadablekeystore,8941568,4096,8546304]
04-09 23:09:04.380 I/am_pss  ( 3877): [7852,1001,com.android.phone,31684608,13836288,17112064]
04-09 23:09:04.411 I/am_pss  ( 3877): [7834,1000,com.sec.imsservice,23691264,913408,22312960]
04-09 23:09:04.441 I/am_pss  ( 3877): [7828,1027,com.android.nfc,18039808,2158592,15256576]
04-09 23:09:04.469 I/am_pss  ( 3877): [7809,1000,com.sec.sve,9516032,8192,9069568]
04-09 23:09:04.500 I/am_pss  ( 3877): [7648,10004,com.android.systemui:InfinityWallpaper,52808704,41454592,10563584]
04-09 23:09:04.545 I/am_pss  ( 3877): [7536,10004,com.android.systemui,245055488,82732032,160445440]
04-09 23:09:05.475 I/power_partial_wake_state( 3877): [10,RILJ:com.android.phone]
04-09 23:09:06.982 I/liblog  ( 3877): 20
04-09 23:09:06.990 I/am_uid_running( 3877): 10231
04-09 23:09:07.013 I/am_proc_start( 3877): [0,28159,10231,org.mozilla.firefox,activity,org.mozilla.firefox/.App]
04-09 23:09:07.054 I/wm_task_created( 3877): [332,1]
04-09 23:09:07.055 I/wm_task_moved( 3877): [332,1,16]
04-09 23:09:07.055 I/am_focused_stack( 3877): [0,1,0,reuseOrNewTask]
04-09 23:09:07.055 I/wm_task_moved( 3877): [332,1,16]
04-09 23:09:07.056 I/am_create_task( 3877): [0,332]
04-09 23:09:07.056 I/am_create_activity( 3877): [0,163921884,332,org.mozilla.firefox/.App,android.intent.action.MAIN,NULL,NULL,270532608,com.sec.android.app.launcher]
04-09 23:09:07.056 I/wm_task_moved( 3877): [332,1,16]
04-09 23:09:07.057 I/am_pause_activity( 3877): [0,264590503,com.sec.android.app.launcher/.activities.LauncherActivity]
04-09 23:09:07.067 I/force_gc( 3877): Binder
04-09 23:09:07.067 I/am_proc_bound( 3877): [0,28159,org.mozilla.firefox]
04-09 23:09:07.087 I/am_on_paused_called( 8548): [0,com.sec.android.app.launcher.activities.LauncherActivity,handlePauseActivity]
04-09 23:09:07.106 I/am_uid_active( 3877): 10231
04-09 23:09:07.106 I/am_restart_activity( 3877): [0,163921884,332,org.mozilla.firefox/.App]
04-09 23:09:07.107 I/am_set_resumed_activity( 3877): [0,org.mozilla.firefox/.App,minimalResumeActivityLocked]
04-09 23:09:07.131 I/sysui_count( 3877): [window_time_0,3]
04-09 23:09:07.131 I/sysui_multi_action( 3877): [757,803,799,window_time_0,802,3]
04-09 23:09:07.204 I/am_pss  ( 3877): [27480,10229,org.thoughtcrime.securesms,100078592,91148288,275456]
04-09 23:09:07.472 I/am_uid_idle( 3877): 10153
04-09 23:09:07.598 I/sysui_multi_action( 3877): [757,899,758,4,901,7,902,0,903,d8068517-4a27-4c42-8af4-109e4eb3e520]
04-09 23:09:07.640 I/sysui_multi_action( 3877): [757,899,758,4,901,6,902,0,903,3e5b7f4f-7698-4ce1-a836-71af7529ccab]
04-09 23:09:07.865 I/am_proc_start( 3877): [0,28257,10231,org.mozilla.firefox:tab34,service,org.mozilla.firefox/org.mozilla.gecko.process.GeckoChildProcessServices$tab34]
04-09 23:09:07.933 I/liblog  ( 3877): 18
04-09 23:09:08.140 I/am_on_resume_called(28159): [0,org.mozilla.firefox.App,LAUNCH_ACTIVITY]
04-09 23:09:08.254 I/am_proc_start( 3877): [0,28336,10231,org.mozilla.firefox:gpu,service,org.mozilla.firefox/org.mozilla.gecko.process.GeckoChildProcessServices$gpu]
04-09 23:09:08.291 I/am_proc_bound( 3877): [0,28336,org.mozilla.firefox:gpu]
04-09 23:09:08.534 I/notification_cancel( 3877): [10004,7536,com.android.systemui,2,low_battery,-1,0,1088,8,NULL]
04-09 23:09:08.537 I/notification_cancel( 3877): [10004,7536,com.android.systemui,3,low_battery,-1,0,1088,8,NULL]
04-09 23:09:08.542 I/notification_enqueue( 3877): [10004,7536,com.android.systemui,2131362716,charging_state,-1,Notification(channel=GEN pri=-2 contentView=null vibrate=null sound=null defaults=0x0 flags=0xa color=0xff607d8b category=sys number=0 vis=PUBLIC semFlags=0x0 semPriority=0 semMissedCount=0),1,NULL]
04-09 23:09:08.589 I/am_activity_launch_time( 3877): [0,163921884,org.mozilla.firefox/.App,1512,1512]
04-09 23:09:08.672 I/power_partial_wake_state( 3877): [1614,*launch*:android]
04-09 23:09:08.677 I/am_stop_activity( 3877): [0,264590503,com.sec.android.app.launcher/.activities.LauncherActivity]
04-09 23:09:08.692 I/am_on_stop_called( 8548): [0,com.sec.android.app.launcher.activities.LauncherActivity,handleStopActivity]
04-09 23:09:09.059 I/power_partial_wake_state( 3877): [455,*job*/org.mozilla.firefox/androidx.work.impl.background.systemjob.SystemJobService:android]
04-09 23:09:09.710 I/content_query_sample( 8663): contents_sample_state: [CONTACT contacts(0) data(0) accounts({}) accounts deleted({}) calls([]) countryIso(KR) userId(0)  ]
04-09 23:09:09.710 I/content_query_sample( 8663): contents_sample_state: [ agr({})  ]
04-09 23:09:09.710 I/content_query_sample( 8663): contents_sample_state: [ actCnt({android.process.acore(8663)=1})  ]
04-09 23:09:09.710 I/content_query_sample( 8663): contents_sample_state: [PROFILE contacts(0) data(0) accounts({})  ]
04-09 23:09:09.710 I/content_query_sample( 8663): contents_sample_state: [SAPROFILE contacts(1) data(1) accounts({vnd.sec.contact.phone (1)=1})  ]
04-09 23:09:10.291 I/am_pss  ( 3877): [22328,10079,com.sec.android.app.soundalive,7292928,1556480,4242432]
04-09 23:09:13.884 I/power_partial_wake_state( 3877): [161,Icing:com.google.android.gms]
04-09 23:09:15.529 I/power_partial_wake_state( 3877): [7,RILJ:com.android.phone]
04-09 23:09:16.710 I/am_meminfo( 3877): [336293888,107323392,0,783114240,385793024]
04-09 23:09:17.371 I/am_new_intent( 3877): [0,34489517,5,com.sec.android.app.launcher/.activities.LauncherActivity,android.intent.action.MAIN,NULL,NULL,278921216,android]
04-09 23:09:17.372 I/wm_task_moved( 3877): [5,1,0]
04-09 23:09:17.372 I/am_focused_stack( 3877): [0,0,1,bringingFoundTaskToFront]
04-09 23:09:17.372 I/wm_task_moved( 3877): [5,1,0]
04-09 23:09:17.373 I/am_pause_activity( 3877): [0,163921884,org.mozilla.firefox/.App]
04-09 23:09:17.375 I/am_task_to_front( 3877): [0,5]
04-09 23:09:17.380 I/am_on_paused_called(28159): [0,org.mozilla.firefox.App,handlePauseActivity]
04-09 23:09:17.386 I/am_set_resumed_activity( 3877): [0,com.sec.android.app.launcher/.activities.LauncherActivity,resumeTopActivityInnerLocked]
04-09 23:09:17.395 I/am_resume_activity( 3877): [0,264590503,5,com.sec.android.app.launcher/.activities.LauncherActivity]
04-09 23:09:17.407 I/sysui_count( 3877): [window_time_0,11]
04-09 23:09:17.407 I/sysui_multi_action( 3877): [757,803,799,window_time_0,802,11]
04-09 23:09:17.424 I/am_on_resume_called( 8548): [0,com.sec.android.app.launcher.activities.LauncherActivity,RESUME_ACTIVITY]
04-09 23:09:17.486 I/power_partial_wake_state( 3877): [111,*launch*:android]
04-09 23:09:17.554 I/am_pss  ( 3877): [28159,10231,org.mozilla.firefox,172370944,151592960,268288]
04-09 23:09:17.586 I/power_partial_wake_state( 3877): [86,Icing:com.google.android.gms]
04-09 23:09:17.833 I/am_stop_activity( 3877): [0,163921884,org.mozilla.firefox/.App]
04-09 23:09:17.857 I/am_on_stop_called(28159): [0,org.mozilla.firefox.App,handleStopActivity]
04-09 23:09:18.662 I/notification_cancel( 3877): [10004,7536,com.android.systemui,2,low_battery,-1,0,1088,8,NULL]
04-09 23:09:18.671 I/notification_cancel( 3877): [10004,7536,com.android.systemui,3,low_battery,-1,0,1088,8,NULL]
04-09 23:09:19.080 I/power_partial_wake_state( 3877): [854,*job*/org.mozilla.firefox/androidx.work.impl.background.systemjob.SystemJobService:android]
04-09 23:09:20.445 I/am_uid_running( 3877): 10211
04-09 23:09:20.505 I/am_proc_start( 3877): [0,28521,10211,com.coinbase.android,activity,com.coinbase.android/.LaunchActivity]
04-09 23:09:20.543 I/wm_task_created( 3877): [333,1]
04-09 23:09:20.544 I/wm_task_moved( 3877): [333,1,17]
04-09 23:09:20.544 I/am_focused_stack( 3877): [0,1,0,reuseOrNewTask]
04-09 23:09:20.544 I/wm_task_moved( 3877): [333,1,17]
04-09 23:09:20.545 I/am_create_task( 3877): [0,333]
04-09 23:09:20.545 I/am_create_activity( 3877): [0,184846163,333,com.coinbase.android/.LaunchActivity,android.intent.action.MAIN,NULL,NULL,270532608,com.sec.android.app.launcher]
04-09 23:09:20.545 I/wm_task_moved( 3877): [333,1,17]
04-09 23:09:20.546 I/am_pause_activity( 3877): [0,264590503,com.sec.android.app.launcher/.activities.LauncherActivity]
04-09 23:09:20.551 I/am_proc_bound( 3877): [0,28521,com.coinbase.android]
04-09 23:09:20.566 I/am_on_paused_called( 8548): [0,com.sec.android.app.launcher.activities.LauncherActivity,handlePauseActivity]
04-09 23:09:20.593 I/am_uid_active( 3877): 10211
04-09 23:09:20.593 I/am_restart_activity( 3877): [0,184846163,333,com.coinbase.android/.LaunchActivity]
04-09 23:09:20.594 I/am_set_resumed_activity( 3877): [0,com.coinbase.android/.LaunchActivity,minimalResumeActivityLocked]
04-09 23:09:20.603 I/sysui_count( 3877): [window_time_0,3]
04-09 23:09:20.603 I/sysui_multi_action( 3877): [757,803,799,window_time_0,802,3]
04-09 23:09:21.339 I/wm_task_moved( 3877): [333,1,17]
04-09 23:09:21.342 I/wm_task_moved( 3877): [333,1,17]
04-09 23:09:21.343 I/am_create_activity( 3877): [0,233843507,333,com.coinbase.android/.MainActivity,NULL,NULL,NULL,268435456,com.coinbase.android]
04-09 23:09:21.345 I/am_pause_activity( 3877): [0,184846163,com.coinbase.android/.LaunchActivity]
04-09 23:09:21.349 I/am_uid_idle( 3877): 99235
04-09 23:09:21.349 I/am_uid_idle( 3877): 10227
04-09 23:09:21.350 I/am_finish_activity( 3877): [0,184846163,333,com.coinbase.android/.LaunchActivity,app-request]
04-09 23:09:21.353 I/sysui_count( 3877): [window_time_0,0]
04-09 23:09:21.353 I/sysui_multi_action( 3877): [757,803,799,window_time_0,802,0]
04-09 23:09:21.373 I/force_gc( 3877): Binder
04-09 23:09:21.393 I/am_restart_activity( 3877): [0,233843507,333,com.coinbase.android/.MainActivity]
04-09 23:09:21.395 I/am_set_resumed_activity( 3877): [0,com.coinbase.android/.MainActivity,minimalResumeActivityLocked]
04-09 23:09:21.408 I/sysui_count( 3877): [window_time_0,1]
04-09 23:09:21.408 I/sysui_multi_action( 3877): [757,803,799,window_time_0,802,1]
04-09 23:09:21.444 I/am_uid_stopped( 3877): 10028
04-09 23:09:21.445 I/am_kill ( 3877): [0,23114,com.samsung.android.game.gametools,0,11,stop com.samsung.android.game.gametools,from pid 23114]
04-09 23:09:21.454 I/am_schedule_service_restart( 3877): [0,com.samsung.android.game.gametools/.floatingui.service.internal.GameToolsService,1000]
04-09 23:09:21.454 I/am_broadcast_discard_app( 3877): [0,136198684,gametools.killbymyself,0,ResolveInfo{15525c6 com.samsung.android.game.gametools/.floatingui.receiver.IdleSuicideReceiver m=0x0}]
04-09 23:09:21.483 I/notification_cancel_all( 3877): [1000,3877,com.samsung.android.game.gametools,0,0,0,5,NULL]
04-09 23:09:21.495 I/power_partial_wake_state( 3877): [107,*alarm*:android]
04-09 23:09:21.596 I/am_on_resume_called(28521): [0,com.coinbase.android.MainActivity,LAUNCH_ACTIVITY]
04-09 23:09:22.170 I/am_activity_launch_time( 3877): [0,233843507,com.coinbase.android/.MainActivity,778,1616]
04-09 23:09:22.170 I/am_activity_fully_drawn_time( 3877): [0,233843507,com.coinbase.android/.MainActivity,778,1616]
04-09 23:09:23.296 I/am_uid_running( 3877): 99237
04-09 23:09:23.317 I/am_proc_start( 3877): [0,28691,99237,com.android.chrome:sandboxed_process0,webview_service,com.coinbase.android/org.chromium.content.app.SandboxedProcessService0]
04-09 23:09:23.436 I/am_proc_bound( 3877): [0,28691,com.android.chrome:sandboxed_process0]
04-09 23:09:23.439 I/am_uid_active( 3877): 99237
04-09 23:09:23.490 I/notification_cancel( 3877): [10211,28521,com.coinbase.android,10436,NULL,0,0,1088,8,NULL]
04-09 23:09:24.685 I/am_pss  ( 3877): [26049,10226,me.pou.app,62872576,51257344,319488]
04-09 23:09:24.720 I/am_pss  ( 3877): [26160,99234,com.android.chrome:sandboxed_process0,28477440,17489920,348160]
04-09 23:09:25.615 I/power_partial_wake_state( 3877): [8,RILJ:com.android.phone]
04-09 23:09:25.924 I/liblog  ( 3877): 5
04-09 23:09:25.924 I/chatty  ( 3877): uid=1000(system) ConnectivitySer identical 2 lines
04-09 23:09:25.924 I/liblog  ( 3877): 1
04-09 23:09:25.928 I/liblog  ( 3877): 3
04-09 23:09:25.939 I/liblog  ( 3877): 14
04-09 23:09:25.945 I/liblog  ( 3877): 1
04-09 23:09:26.127 I/force_gc(23679): Binder
04-09 23:09:26.204 I/am_uid_idle( 3877): 10006
04-09 23:09:26.511 I/liblog  ( 3877): 17
04-09 23:09:27.587 I/am_pss  ( 3877): [8548,10090,com.sec.android.app.launcher,122010624,62202880,58357760]
04-09 23:09:27.880 I/power_partial_wake_state( 3877): [7332,*launch*:android]
04-09 23:09:27.892 I/am_destroy_activity( 3877): [0,184846163,333,com.coinbase.android/.LaunchActivity,finish-imm]
04-09 23:09:27.892 I/am_stop_activity( 3877): [0,264590503,com.sec.android.app.launcher/.activities.LauncherActivity]
04-09 23:09:27.897 I/am_on_stop_called( 8548): [0,com.sec.android.app.launcher.activities.LauncherActivity,handleStopActivity]
04-09 23:09:28.784 I/notification_cancel( 3877): [10004,7536,com.android.systemui,2,low_battery,-1,0,1088,8,NULL]
04-09 23:09:28.786 I/notification_cancel( 3877): [10004,7536,com.android.systemui,3,low_battery,-1,0,1088,8,NULL]
04-09 23:09:28.809 I/notification_enqueue( 3877): [10004,7536,com.android.systemui,2131362716,charging_state,-1,Notification(channel=GEN pri=-2 contentView=null vibrate=null sound=null defaults=0x0 flags=0xa color=0xff607d8b category=sys number=0 vis=PUBLIC semFlags=0x0 semPriority=0 semMissedCount=0),1,NULL]
04-09 23:09:31.263 I/am_pss  ( 3877): [28521,10211,com.coinbase.android,303508480,291995648,240640]
04-09 23:09:33.048 I/am_uid_idle( 3877): 10228
04-09 23:09:34.412 I/am_pss  ( 3877): [28691,99237,com.android.chrome:sandboxed_process0,39906304,17358848,268288]
04-09 23:09:34.484 I/am_pss  ( 3877): [27653,10221,com.amazon.kindle,205066240,186081280,236544]
04-09 23:09:34.522 I/am_pss  ( 3877): [28046,99236,com.android.chrome:sandboxed_process0,66839552,43655168,230400]
04-09 23:09:34.556 I/am_pss  ( 3877): [27879,1000,com.samsung.SMT,41596928,39276544,268288]
04-09 23:09:35.688 I/power_partial_wake_state( 3877): [12,RILJ:com.android.phone]
04-09 23:09:37.599 I/am_meminfo( 3877): [250642432,106762240,0,793788416,376395776]
04-09 23:09:38.318 I/am_new_intent( 3877): [0,263029194,5,com.sec.android.app.launcher/.activities.LauncherActivity,android.intent.action.MAIN,NULL,NULL,278921216,android]
04-09 23:09:38.318 I/wm_task_moved( 3877): [5,1,0]
04-09 23:09:38.319 I/am_focused_stack( 3877): [0,0,1,bringingFoundTaskToFront]
04-09 23:09:38.319 I/wm_task_moved( 3877): [5,1,0]
04-09 23:09:38.320 I/am_pause_activity( 3877): [0,233843507,com.coinbase.android/.MainActivity]
04-09 23:09:38.326 I/am_set_resumed_activity( 3877): [0,com.sec.android.app.launcher/.activities.LauncherActivity,resumeTopActivityInnerLocked]
04-09 23:09:38.334 I/am_on_paused_called(28521): [0,com.coinbase.android.MainActivity,handlePauseActivity]
04-09 23:09:38.344 I/am_resume_activity( 3877): [0,264590503,5,com.sec.android.app.launcher/.activities.LauncherActivity]
04-09 23:09:38.348 I/am_task_to_front( 3877): [0,5]
04-09 23:09:38.351 I/sysui_count( 3877): [window_time_0,16]
04-09 23:09:38.352 I/sysui_multi_action( 3877): [757,803,799,window_time_0,802,16]
04-09 23:09:38.352 I/am_stop_activity( 3877): [0,233843507,com.coinbase.android/.MainActivity]
04-09 23:09:38.395 I/am_on_resume_called( 8548): [0,com.sec.android.app.launcher.activities.LauncherActivity,RESUME_ACTIVITY]
04-09 23:09:38.434 I/am_on_stop_called(28521): [0,com.coinbase.android.MainActivity,handleStopActivity]
04-09 23:09:38.446 I/power_partial_wake_state( 3877): [125,*launch*:android]
04-09 23:09:38.646 I/power_partial_wake_state( 3877): [207,Icing:com.google.android.gms]
04-09 23:09:38.689 I/power_partial_wake_state( 3877): [29,Icing:com.google.android.gms]
04-09 23:09:38.836 I/notification_cancel( 3877): [10004,7536,com.android.systemui,2,low_battery,-1,0,1088,8,NULL]
04-09 23:09:38.837 I/notification_cancel( 3877): [10004,7536,com.android.systemui,3,low_battery,-1,0,1088,8,NULL]
04-09 23:09:41.322 I/am_uid_running( 3877): 10204
04-09 23:09:41.371 I/am_proc_start( 3877): [0,28878,10204,com.king.candycrushsodasaga,activity,com.king.candycrushsodasaga/.StritzActivity]
04-09 23:09:41.415 I/wm_task_created( 3877): [334,1]
04-09 23:09:41.416 I/wm_task_moved( 3877): [334,1,18]
04-09 23:09:41.416 I/am_focused_stack( 3877): [0,1,0,reuseOrNewTask]
04-09 23:09:41.416 I/wm_task_moved( 3877): [334,1,18]
04-09 23:09:41.417 I/am_create_task( 3877): [0,334]
04-09 23:09:41.417 I/am_create_activity( 3877): [0,229646050,334,com.king.candycrushsodasaga/.StritzActivity,android.intent.action.MAIN,NULL,NULL,270532608,com.sec.android.app.launcher]
04-09 23:09:41.417 I/wm_task_moved( 3877): [334,1,18]
04-09 23:09:41.418 I/am_pause_activity( 3877): [0,264590503,com.sec.android.app.launcher/.activities.LauncherActivity]
04-09 23:09:41.425 I/am_proc_bound( 3877): [0,28878,com.king.candycrushsodasaga]
04-09 23:09:41.450 I/power_partial_wake_state( 3877): [0,RILJ:com.android.phone]
04-09 23:09:41.458 I/am_on_paused_called( 8548): [0,com.sec.android.app.launcher.activities.LauncherActivity,handlePauseActivity]
04-09 23:09:41.463 I/am_uid_active( 3877): 10204
04-09 23:09:41.463 I/am_restart_activity( 3877): [0,229646050,334,com.king.candycrushsodasaga/.StritzActivity]
04-09 23:09:41.464 I/am_set_resumed_activity( 3877): [0,com.king.candycrushsodasaga/.StritzActivity,minimalResumeActivityLocked]
04-09 23:09:41.466 I/force_gc( 3877): Binder
04-09 23:09:41.486 I/sysui_count( 3877): [window_time_0,4]
04-09 23:09:41.486 I/sysui_multi_action( 3877): [757,803,799,window_time_0,802,4]
04-09 23:09:41.492 I/am_uid_running( 3877): 10028
04-09 23:09:41.552 I/am_proc_start( 3877): [0,28895,10028,com.samsung.android.game.gametools,service,com.samsung.android.game.gametools/.floatingui.service.external.GameToolsIntentService]
04-09 23:09:41.630 I/am_proc_bound( 3877): [0,28895,com.samsung.android.game.gametools]
04-09 23:09:41.919 I/notification_cancel( 3877): [10028,28895,com.samsung.android.game.gametools,2131492873,NULL,0,0,1088,8,NULL]
04-09 23:09:41.920 I/notification_cancel( 3877): [10028,28895,com.samsung.android.game.gametools,2131492876,NULL,0,0,1088,8,NULL]
04-09 23:09:41.920 I/notification_cancel( 3877): [10028,28895,com.samsung.android.game.gametools,2131492869,NULL,0,0,1088,8,NULL]
04-09 23:09:42.108 I/am_on_resume_called(28878): [0,com.king.candycrushsodasaga.StritzActivity,LAUNCH_ACTIVITY]
04-09 23:09:42.276 I/power_partial_wake_state( 3877): [856,*launch*:android]
04-09 23:09:42.654 I/am_activity_launch_time( 3877): [0,229646050,com.king.candycrushsodasaga/.StritzActivity,1221,1221]
04-09 23:09:42.672 I/am_stop_activity( 3877): [0,264590503,com.sec.android.app.launcher/.activities.LauncherActivity]
04-09 23:09:42.674 I/am_on_stop_called( 8548): [0,com.sec.android.app.launcher.activities.LauncherActivity,handleStopActivity]
04-09 23:09:45.089 I/power_partial_wake_state( 3877): [3002,AudioMix:audioserver]
04-09 23:09:45.095 I/power_partial_wake_state( 3877): [3007,AudioMix:audioserver]
04-09 23:09:45.738 I/power_partial_wake_state( 3877): [5,RILJ:com.android.phone]
04-09 23:09:46.713 I/am_uid_idle( 3877): 10229
04-09 23:09:46.713 I/am_stop_idle_service( 3877): [10229,org.thoughtcrime.securesms/.messages.IncomingMessageObserver$BackgroundService]
04-09 23:09:48.092 I/am_pss  ( 3877): [28336,10231,org.mozilla.firefox:gpu,37324800,20123648,353280]
04-09 23:09:48.625 I/force_gc( 3877): Binder
04-09 23:09:48.919 I/notification_cancel( 3877): [10004,7536,com.android.systemui,2,low_battery,-1,0,1088,8,NULL]
04-09 23:09:48.919 I/notification_cancel( 3877): [10004,7536,com.android.systemui,3,low_battery,-1,0,1088,8,NULL]
04-09 23:09:48.938 I/notification_cancel_all( 3877): [10204,28878,com.king.candycrushsodasaga,0,0,64,9,NULL]
04-09 23:09:49.954 I/am_pss  ( 3877): [28159,10231,org.mozilla.firefox,136043520,116289536,249856]
04-09 23:09:51.468 I/am_pss  ( 3877): [28257,10231,org.mozilla.firefox:tab34,13910016,6909952,356352]
04-09 23:09:52.718 I/am_pss  ( 3877): [28878,10204,com.king.candycrushsodasaga,269148160,262021120,257024]
04-09 23:09:59.021 I/notification_cancel( 3877): [10004,7536,com.android.systemui,2,low_battery,-1,0,1088,8,NULL]
04-09 23:09:59.021 I/notification_cancel( 3877): [10004,7536,com.android.systemui,3,low_battery,-1,0,1088,8,NULL]
04-09 23:09:59.025 I/notification_enqueue( 3877): [10004,7536,com.android.systemui,2131362716,charging_state,-1,Notification(channel=GEN pri=-2 contentView=null vibrate=null sound=null defaults=0x0 flags=0xa color=0xff607d8b category=sys number=0 vis=PUBLIC semFlags=0x0 semPriority=0 semMissedCount=0),1,NULL]
04-09 23:09:59.543 I/am_meminfo( 3877): [216113152,162861056,0,801931264,379404288]
04-09 23:10:00.042 I/force_gc(10416): Binder
04-09 23:10:00.043 I/power_partial_wake_state( 3877): [19,*alarm*:android]
04-09 23:10:00.170 I/am_new_intent( 3877): [0,128513401,5,com.sec.android.app.launcher/.activities.LauncherActivity,android.intent.action.MAIN,NULL,NULL,278921216,android]
04-09 23:10:00.170 I/wm_task_moved( 3877): [5,1,0]
04-09 23:10:00.171 I/am_focused_stack( 3877): [0,0,1,bringingFoundTaskToFront]
04-09 23:10:00.171 I/wm_task_moved( 3877): [5,1,0]
04-09 23:10:00.172 I/am_pause_activity( 3877): [0,229646050,com.king.candycrushsodasaga/.StritzActivity]
04-09 23:10:00.179 I/am_set_resumed_activity( 3877): [0,com.sec.android.app.launcher/.activities.LauncherActivity,resumeTopActivityInnerLocked]
04-09 23:10:00.184 I/am_resume_activity( 3877): [0,264590503,5,com.sec.android.app.launcher/.activities.LauncherActivity]
04-09 23:10:00.187 I/am_task_to_front( 3877): [0,5]
04-09 23:10:00.192 I/sysui_count( 3877): [window_time_0,18]
04-09 23:10:00.192 I/sysui_multi_action( 3877): [757,803,799,window_time_0,802,18]
04-09 23:10:00.198 I/am_on_paused_called(28878): [0,com.king.candycrushsodasaga.StritzActivity,handlePauseActivity]
04-09 23:10:00.199 I/am_stop_activity( 3877): [0,229646050,com.king.candycrushsodasaga/.StritzActivity]
04-09 23:10:00.256 I/notification_cancel( 3877): [10028,28895,com.samsung.android.game.gametools,2131492873,NULL,0,0,1088,8,NULL]
04-09 23:10:00.281 I/am_on_resume_called( 8548): [0,com.sec.android.app.launcher.activities.LauncherActivity,RESUME_ACTIVITY]
04-09 23:10:00.287 I/notification_cancel( 3877): [10028,28895,com.samsung.android.game.gametools,2131492869,NULL,0,0,1088,8,NULL]
04-09 23:10:00.350 I/power_partial_wake_state( 3877): [176,*launch*:android]
04-09 23:10:00.384 I/am_on_stop_called(28878): [0,com.king.candycrushsodasaga.StritzActivity,handleStopActivity]
04-09 23:10:00.658 I/power_partial_wake_state( 3877): [212,Icing:com.google.android.gms]
04-09 23:10:02.826 I/power_partial_wake_state( 3877): [2813,*job*/com.coinbase.android/com.google.android.datatransport.runtime.scheduling.jobscheduling.JobInfoSchedulerService:android]
04-09 23:10:03.201 I/am_uid_running( 3877): 10216
04-09 23:10:03.231 I/am_proc_start( 3877): [0,29256,10216,com.gokids.transport2,activity,com.gokids.transport2/.RunnerActivity]
04-09 23:10:03.266 I/wm_task_created( 3877): [335,1]
04-09 23:10:03.267 I/wm_task_moved( 3877): [335,1,19]
04-09 23:10:03.267 I/am_focused_stack( 3877): [0,1,0,reuseOrNewTask]
04-09 23:10:03.267 I/wm_task_moved( 3877): [335,1,19]
04-09 23:10:03.268 I/am_create_task( 3877): [0,335]
04-09 23:10:03.268 I/am_create_activity( 3877): [0,90051524,335,com.gokids.transport2/.RunnerActivity,android.intent.action.MAIN,NULL,NULL,270532608,com.sec.android.app.launcher]
04-09 23:10:03.269 I/wm_task_moved( 3877): [335,1,19]
04-09 23:10:03.271 I/am_pause_activity( 3877): [0,264590503,com.sec.android.app.launcher/.activities.LauncherActivity]
04-09 23:10:03.275 I/am_proc_bound( 3877): [0,29256,com.gokids.transport2]
04-09 23:10:03.292 I/am_on_paused_called( 8548): [0,com.sec.android.app.launcher.activities.LauncherActivity,handlePauseActivity]
04-09 23:10:03.305 I/am_uid_active( 3877): 10216
04-09 23:10:03.305 I/am_restart_activity( 3877): [0,90051524,335,com.gokids.transport2/.RunnerActivity]
04-09 23:10:03.305 I/power_partial_wake_state( 3877): [2945,AudioMix:audioserver]
04-09 23:10:03.306 I/am_set_resumed_activity( 3877): [0,com.gokids.transport2/.RunnerActivity,minimalResumeActivityLocked]
04-09 23:10:03.313 I/sysui_count( 3877): [window_time_0,3]
04-09 23:10:03.313 I/sysui_multi_action( 3877): [757,803,799,window_time_0,802,3]
04-09 23:10:03.646 I/am_proc_start( 3877): [0,29311,10216,com.gokids.transport2:Metrica,service,com.gokids.transport2/com.yandex.metrica.MetricaService]
04-09 23:10:03.698 I/am_proc_bound( 3877): [0,29311,com.gokids.transport2:Metrica]
04-09 23:10:04.023 I/configuration_changed( 3877): 0x480
04-09 23:10:04.039 I/power_partial_wake_state( 3877): [12,NfcService:mRoutingWakeLock:com.android.nfc]
04-09 23:10:04.127 I/am_uid_idle( 3877): 99236
04-09 23:10:04.127 I/am_uid_idle( 3877): 10221
04-09 23:10:04.300 I/am_on_resume_called(29256): [0,com.gokids.transport2.RunnerActivity,LAUNCH_ACTIVITY]
04-09 23:10:04.578 I/am_activity_launch_time( 3877): [0,90051524,com.gokids.transport2/.RunnerActivity,1287,1287]
04-09 23:10:04.606 I/power_partial_wake_state( 3877): [1334,*launch*:android]
04-09 23:10:04.609 I/am_stop_activity( 3877): [0,264590503,com.sec.android.app.launcher/.activities.LauncherActivity]
04-09 23:10:04.615 I/am_on_stop_called( 8548): [0,com.sec.android.app.launcher.activities.LauncherActivity,handleStopActivity]
04-09 23:10:04.767 I/notification_cancel( 3877): [10165,7501,com.sec.android.inputmethod,2130838373,NULL,0,0,1088,8,NULL]
04-09 23:10:04.883 I/force_gc( 3877): Binder
04-09 23:10:04.896 I/power_partial_wake_state( 3877): [929,SCREEN_FROZEN:android]
04-09 23:10:05.726 I/am_uid_active( 3877): 10079
04-09 23:10:08.230 I/am_pss  ( 3877): [10254,1201,com.samsung.android.authfw,7396352,962560,5699584]
04-09 23:10:08.723 I/power_partial_wake_state( 3877): [3006,AudioMix:audioserver]
04-09 23:10:09.108 I/notification_cancel( 3877): [10004,7536,com.android.systemui,2,low_battery,-1,0,1088,8,NULL]
04-09 23:10:09.109 I/notification_cancel( 3877): [10004,7536,com.android.systemui,3,low_battery,-1,0,1088,8,NULL]
04-09 23:10:09.895 I/content_query_sample( 8663): contents_sample_state: [CONTACT contacts(0) data(0) accounts({}) accounts deleted({}) calls([]) countryIso(KR) userId(0)  ]
04-09 23:10:09.895 I/content_query_sample( 8663): contents_sample_state: [ agr({})  ]
04-09 23:10:09.895 I/content_query_sample( 8663): contents_sample_state: [ actCnt({android.process.acore(8663)=1})  ]
04-09 23:10:09.895 I/content_query_sample( 8663): contents_sample_state: [PROFILE contacts(0) data(0) accounts({})  ]
04-09 23:10:09.895 I/content_query_sample( 8663): contents_sample_state: [SAPROFILE contacts(1) data(1) accounts({vnd.sec.contact.phone (1)=1})  ]
04-09 23:10:12.355 I/am_pss  ( 3877): [22043,10153,com.samsung.android.sm.policy,7714816,2056192,4306944]
04-09 23:10:13.959 I/am_pss  ( 3877): [29256,10216,com.gokids.transport2,200101888,188481536,247808]
04-09 23:10:15.677 I/am_uid_running( 3877): 99238
04-09 23:10:15.726 I/am_proc_start( 3877): [0,29506,99238,com.android.chrome:sandboxed_process0,webview_service,com.gokids.transport2/org.chromium.content.app.SandboxedProcessService0]
04-09 23:10:15.996 I/notification_cancel( 3877): [10216,29256,com.gokids.transport2,10436,NULL,0,0,1088,8,NULL]
04-09 23:10:16.120 I/am_proc_bound( 3877): [0,29506,com.android.chrome:sandboxed_process0]
04-09 23:10:16.124 I/am_uid_active( 3877): 99238
04-09 23:10:16.401 I/power_partial_wake_state( 3877): [132,Icing:com.google.android.gms]
04-09 23:10:17.834 I/am_uid_idle( 3877): 10231
04-09 23:10:18.807 I/am_pss  ( 3877): [27480,10229,org.thoughtcrime.securesms,62657536,27074560,31512576]
04-09 23:10:19.245 I/battery_level( 3877): [85,4041,354]
04-09 23:10:19.283 I/notification_cancel( 3877): [10004,7536,com.android.systemui,2,low_battery,-1,0,1088,8,NULL]
04-09 23:10:19.290 I/notification_cancel( 3877): [10004,7536,com.android.systemui,3,low_battery,-1,0,1088,8,NULL]
04-09 23:10:19.296 I/notification_enqueue( 3877): [10004,7536,com.android.systemui,2131362716,charging_state,-1,Notification(channel=GEN pri=-2 contentView=null vibrate=null sound=null defaults=0x0 flags=0xa color=0xff607d8b category=sys number=0 vis=PUBLIC semFlags=0x0 semPriority=0 semMissedCount=0),1,NULL]
04-09 23:10:19.361 I/power_partial_wake_state( 3877): [50,RILJ:com.android.phone]
04-09 23:10:19.593 I/sysui_multi_action( 3877): [757,899,758,4,901,33,902,0,903,69dd8557-8682-4673-9d43-9bcd56df34e5]
04-09 23:10:19.612 I/sysui_multi_action( 3877): [757,899,758,4,901,5,902,0,903,fea60450-e54e-47c6-8d1a-639d46af7cfe]
04-09 23:10:19.622 I/sysui_multi_action( 3877): [757,899,758,4,901,6,902,0,903,5f083a1b-a1e7-4cbe-8b3b-11cdb4540922]
04-09 23:10:21.191 I/force_gc(23679): Binder
04-09 23:10:21.454 I/liblog  (29256): 2
04-09 23:10:21.455 I/chatty  (29256): uid=10216(u0_a216) identical 1 line
04-09 23:10:21.605 I/liblog  (29256): 66
04-09 23:10:22.447 I/force_gc( 3877): Binder
04-09 23:10:22.539 I/am_uid_active( 3877): 10153
04-09 23:10:23.938 I/am_pss  ( 3877): [29311,10216,com.gokids.transport2:Metrica,26610688,17416192,291840]
04-09 23:10:23.965 I/am_pss  ( 3877): [28895,10028,com.samsung.android.game.gametools,12296192,9142272,248832]
04-09 23:10:24.661 I/am_pss  ( 3877): [8548,10090,com.sec.android.app.launcher,113392640,51147776,61152256]
04-09 23:10:26.010 I/am_meminfo( 3877): [235380736,92512256,0,804950016,401881088]
04-09 23:10:26.635 I/am_pss  ( 3877): [29506,99238,com.android.chrome:sandboxed_process0,71247872,59985920,202752]
04-09 23:10:26.832 I/am_new_intent( 3877): [0,56736086,5,com.sec.android.app.launcher/.activities.LauncherActivity,android.intent.action.MAIN,NULL,NULL,278921216,android]
04-09 23:10:26.832 I/wm_task_moved( 3877): [5,1,0]
04-09 23:10:26.833 I/am_focused_stack( 3877): [0,0,1,bringingFoundTaskToFront]
04-09 23:10:26.833 I/wm_task_moved( 3877): [5,1,0]
04-09 23:10:26.834 I/am_pause_activity( 3877): [0,90051524,com.gokids.transport2/.RunnerActivity]
04-09 23:10:26.844 I/am_set_resumed_activity( 3877): [0,com.sec.android.app.launcher/.activities.LauncherActivity,resumeTopActivityInnerLocked]
04-09 23:10:26.851 I/am_on_paused_called(29256): [0,com.gokids.transport2.RunnerActivity,handlePauseActivity]
04-09 23:10:26.930 I/configuration_changed( 3877): 0x480
04-09 23:10:26.995 I/am_resume_activity( 3877): [0,264590503,5,com.sec.android.app.launcher/.activities.LauncherActivity]
04-09 23:10:27.020 I/am_task_to_front( 3877): [0,5]
04-09 23:10:27.029 I/sysui_count( 3877): [window_time_0,24]
04-09 23:10:27.029 I/sysui_multi_action( 3877): [757,803,799,window_time_0,802,24]
04-09 23:10:27.029 I/am_stop_activity( 3877): [0,90051524,com.gokids.transport2/.RunnerActivity]
04-09 23:10:27.163 I/am_on_resume_called( 8548): [0,com.sec.android.app.launcher.activities.LauncherActivity,RESUME_ACTIVITY]
04-09 23:10:27.171 I/notification_cancel( 3877): [10028,28895,com.samsung.android.game.gametools,2131492873,NULL,0,0,1088,8,NULL]
04-09 23:10:27.234 I/power_partial_wake_state( 3877): [1,NfcService:mRoutingWakeLock:com.android.nfc]
