04-09 23:12:06.606 I/power_partial_wake_state( 3877): [1306,*job*/com.etsy.android/androidx.work.impl.background.systemjob.SystemJobService:android]
04-09 23:12:06.608 I/power_partial_wake_state( 3877): [17,RILJ:com.android.phone]
04-09 23:12:07.276 I/am_uid_running( 3877): 10236
04-09 23:12:07.395 I/am_proc_start( 3877): [0,32245,10236,com.blockchainvault,activity,com.blockchainvault/com.pinetwork.MainActivity]
04-09 23:12:07.427 I/wm_task_created( 3877): [341,1]
04-09 23:12:07.428 I/wm_task_moved( 3877): [341,1,25]
04-09 23:12:07.428 I/am_focused_stack( 3877): [0,1,0,reuseOrNewTask]
04-09 23:12:07.428 I/wm_task_moved( 3877): [341,1,25]
04-09 23:12:07.429 I/am_create_task( 3877): [0,341]
04-09 23:12:07.429 I/am_create_activity( 3877): [0,162229782,341,com.blockchainvault/com.pinetwork.MainActivity,android.intent.action.MAIN,NULL,NULL,270532608,com.sec.android.app.launcher]
04-09 23:12:07.429 I/wm_task_moved( 3877): [341,1,25]
04-09 23:12:07.431 I/am_pause_activity( 3877): [0,264590503,com.sec.android.app.launcher/.activities.LauncherActivity]
04-09 23:12:07.436 I/am_proc_bound( 3877): [0,32245,com.blockchainvault]
04-09 23:12:07.460 I/am_on_paused_called( 8548): [0,com.sec.android.app.launcher.activities.LauncherActivity,handlePauseActivity]
04-09 23:12:07.467 I/am_uid_active( 3877): 10236
04-09 23:12:07.467 I/am_restart_activity( 3877): [0,162229782,341,com.blockchainvault/com.pinetwork.MainActivity]
04-09 23:12:07.469 I/am_set_resumed_activity( 3877): [0,com.blockchainvault/com.pinetwork.MainActivity,minimalResumeActivityLocked]
04-09 23:12:07.510 I/sysui_count( 3877): [window_time_0,3]
04-09 23:12:07.510 I/sysui_multi_action( 3877): [757,803,799,window_time_0,802,3]
04-09 23:12:07.666 I/am_pss  ( 3877): [28895,10028,com.samsung.android.game.gametools,11510784,4411392,5628928]
04-09 23:12:07.842 I/force_gc( 3877): Binder
04-09 23:12:07.983 I/am_on_resume_called(32245): [0,com.pinetwork.MainActivity,LAUNCH_ACTIVITY]
04-09 23:12:08.381 I/am_activity_launch_time( 3877): [0,162229782,com.blockchainvault/com.pinetwork.MainActivity,938,938]
04-09 23:12:08.392 I/power_partial_wake_state( 3877): [960,*launch*:android]
04-09 23:12:08.393 I/am_stop_activity( 3877): [0,264590503,com.sec.android.app.launcher/.activities.LauncherActivity]
04-09 23:12:08.407 I/am_on_stop_called( 8548): [0,com.sec.android.app.launcher.activities.LauncherActivity,handleStopActivity]
04-09 23:12:08.419 I/power_partial_wake_state( 3877): [100,*job*/com.blockchainvault/androidx.work.impl.background.systemjob.SystemJobService:android]
04-09 23:12:08.467 I/force_gc(23679): Binder
04-09 23:12:09.450 I/am_uid_running( 3877): 99243
04-09 23:12:09.614 I/am_proc_start( 3877): [0,32419,99243,com.android.chrome:sandboxed_process0,webview_service,com.blockchainvault/org.chromium.content.app.SandboxedProcessService0]
04-09 23:12:09.620 I/am_uid_idle( 3877): 99240
04-09 23:12:09.620 I/am_uid_idle( 3877): 10217
04-09 23:12:10.296 I/notification_cancel( 3877): [10236,32245,com.blockchainvault,10436,NULL,0,0,1088,8,NULL]
04-09 23:12:10.445 I/am_proc_start( 3877): [0,32459,5004,com.samsung.faceservice,service,com.samsung.faceservice/.FaceService]
04-09 23:12:10.446 I/am_proc_bound( 3877): [0,32419,com.android.chrome:sandboxed_process0]
04-09 23:12:10.450 I/am_uid_active( 3877): 99243
04-09 23:12:10.483 I/notification_cancel( 3877): [10004,7536,com.android.systemui,2,low_battery,-1,0,1088,8,NULL]
04-09 23:12:10.485 I/notification_cancel( 3877): [10004,7536,com.android.systemui,3,low_battery,-1,0,1088,8,NULL]
04-09 23:12:10.549 I/notification_enqueue( 3877): [10004,7536,com.android.systemui,2131362716,charging_state,-1,Notification(channel=GEN pri=-2 contentView=null vibrate=null sound=null defaults=0x0 flags=0xa color=0xff607d8b category=sys number=0 vis=PUBLIC semFlags=0x0 semPriority=0 semMissedCount=0),1,NULL]
04-09 23:12:10.656 I/am_proc_bound( 3877): [0,32459,com.samsung.faceservice]
04-09 23:12:11.576 I/content_query_sample( 8663): contents_sample_state: [CONTACT contacts(0) data(0) accounts({}) accounts deleted({}) calls([]) countryIso(KR) userId(0)  ]
04-09 23:12:11.576 I/content_query_sample( 8663): contents_sample_state: [ agr({})  ]
04-09 23:12:11.576 I/content_query_sample( 8663): contents_sample_state: [ actCnt({android.process.acore(8663)=1})  ]
04-09 23:12:11.576 I/content_query_sample( 8663): contents_sample_state: [PROFILE contacts(0) data(0) accounts({})  ]
04-09 23:12:11.576 I/content_query_sample( 8663): contents_sample_state: [SAPROFILE contacts(1) data(1) accounts({vnd.sec.contact.phone (1)=1})  ]
04-09 23:12:13.887 I/am_kill ( 3877): [0,24361,com.nytimes.crossword,901,15,DHA:cached #24]
04-09 23:12:14.421 I/am_proc_died( 3877): [0,24361,com.nytimes.crossword,901,15,90,472]
04-09 23:12:14.439 I/am_uid_stopped( 3877): 10206
04-09 23:12:14.443 I/am_kill ( 3877): [0,24557,com.android.chrome:sandboxed_process0,0,11,isolated not needed]
04-09 23:12:14.444 I/am_kill ( 3877): [0,24715,com.rizwan.simplepdfreader2018,901,15,DHA:cached #23]
04-09 23:12:14.525 I/am_proc_died( 3877): [0,24557,com.android.chrome:sandboxed_process0,0,11,109,464]
04-09 23:12:14.525 I/am_uid_stopped( 3877): 99231
04-09 23:12:16.724 I/power_partial_wake_state( 3877): [16,RILJ:com.android.phone]
04-09 23:12:17.464 I/am_meminfo( 3877): [74579968,140713984,0,845955072,600631296]
04-09 23:12:18.261 I/am_new_intent( 3877): [0,185195268,5,com.sec.android.app.launcher/.activities.LauncherActivity,android.intent.action.MAIN,NULL,NULL,278921216,android]
04-09 23:12:18.261 I/wm_task_moved( 3877): [5,1,0]
04-09 23:12:18.262 I/am_focused_stack( 3877): [0,0,1,bringingFoundTaskToFront]
04-09 23:12:18.262 I/wm_task_moved( 3877): [5,1,0]
04-09 23:12:18.264 I/am_pause_activity( 3877): [0,162229782,com.blockchainvault/com.pinetwork.MainActivity]
04-09 23:12:18.278 I/am_set_resumed_activity( 3877): [0,com.sec.android.app.launcher/.activities.LauncherActivity,resumeTopActivityInnerLocked]
04-09 23:12:18.287 I/am_resume_activity( 3877): [0,264590503,5,com.sec.android.app.launcher/.activities.LauncherActivity]
04-09 23:12:18.303 I/am_task_to_front( 3877): [0,5]
04-09 23:12:18.309 I/am_on_paused_called(32245): [0,com.pinetwork.MainActivity,handlePauseActivity]
04-09 23:12:18.312 I/sysui_count( 3877): [window_time_0,10]
04-09 23:12:18.312 I/sysui_multi_action( 3877): [757,803,799,window_time_0,802,10]
04-09 23:12:18.320 I/am_stop_activity( 3877): [0,162229782,com.blockchainvault/com.pinetwork.MainActivity]
04-09 23:12:18.368 I/am_on_resume_called( 8548): [0,com.sec.android.app.launcher.activities.LauncherActivity,RESUME_ACTIVITY]
04-09 23:12:18.501 I/power_partial_wake_state( 3877): [231,*launch*:android]
04-09 23:12:18.714 I/am_pss  ( 3877): [31140,10210,com.gjg.colorfill3d,404186112,373563392,19421184]
04-09 23:12:18.728 I/am_on_stop_called(32245): [0,com.pinetwork.MainActivity,handleStopActivity]
04-09 23:12:18.802 I/am_pss  ( 3877): [31514,99242,com.android.chrome:sandboxed_process0,74577920,65056768,858112]
04-09 23:12:18.823 I/am_kill ( 3877): [0,24978,com.yodo1.crossyroad,901,15,DHA:cached #21]
04-09 23:12:18.839 I/am_pss  ( 3877): [31869,10079,com.sec.android.app.soundalive,8844288,5468160,289792]
04-09 23:12:18.840 I/am_kill ( 3877): [0,25519,io.faceapp,901,15,DHA:cached #21]
04-09 23:12:18.943 I/power_partial_wake_state( 3877): [91,IntentOp:.common.broadcast.BackgroundBroadcastReceiverSupport$PersistentReceiverIntentOperation:com.google.android.gms]
04-09 23:12:19.132 I/power_partial_wake_state( 3877): [4,nearby:ENWearableDeviceManager:com.google.android.gms]
04-09 23:12:19.230 I/notification_cancel( 3877): [10030,23679,com.google.android.gms,56933,NULL,0,0,1088,8,NULL]
04-09 23:12:19.251 I/notification_cancel( 3877): [10030,23679,com.google.android.gms,56932,NULL,0,0,1088,8,NULL]
04-09 23:12:19.252 I/notification_cancel( 3877): [10030,23679,com.google.android.gms,56935,NULL,0,0,1088,8,NULL]
04-09 23:12:19.255 I/notification_cancel( 3877): [10030,23679,com.google.android.gms,115357,NULL,0,0,1088,8,NULL]
04-09 23:12:19.257 I/notification_cancel( 3877): [10030,23679,com.google.android.gms,115356,NULL,0,0,1088,8,NULL]
04-09 23:12:19.257 I/notification_cancel( 3877): [10030,23679,com.google.android.gms,115358,NULL,0,0,1088,8,NULL]
04-09 23:12:19.372 I/power_partial_wake_state( 3877): [85,Icing:com.google.android.gms]
04-09 23:12:19.564 I/am_proc_died( 3877): [0,25519,io.faceapp,901,15,34,605]
04-09 23:12:19.565 I/am_uid_stopped( 3877): 10225
04-09 23:12:19.804 I/am_uid_running( 3877): 10157
04-09 23:12:19.819 I/am_proc_start( 3877): [0,32577,10157,com.android.printspooler,service,com.android.printspooler/.model.PrintSpoolerService]
04-09 23:12:19.864 I/am_proc_bound( 3877): [0,32577,com.android.printspooler]
04-09 23:12:19.869 I/am_uid_active( 3877): 10157
04-09 23:12:20.420 I/power_partial_wake_state( 3877): [79,*alarm*:android]
04-09 23:12:20.544 I/am_proc_died( 3877): [0,25301,com.android.chrome:sandboxed_process0,901,16,129,643]
04-09 23:12:20.545 I/am_schedule_service_restart( 3877): [0,com.yodo1.crossyroad/org.chromium.content.app.SandboxedProcessService0,1000]
04-09 23:12:20.545 I/am_uid_stopped( 3877): 99233
04-09 23:12:20.585 I/notification_cancel( 3877): [10004,7536,com.android.systemui,2,low_battery,-1,0,1088,8,NULL]
04-09 23:12:20.586 I/notification_cancel( 3877): [10004,7536,com.android.systemui,3,low_battery,-1,0,1088,8,NULL]
04-09 23:12:20.593 I/notification_enqueue( 3877): [10004,7536,com.android.systemui,2131362716,charging_state,-1,Notification(channel=GEN pri=-2 contentView=null vibrate=null sound=null defaults=0x0 flags=0xa color=0xff607d8b category=sys number=0 vis=PUBLIC semFlags=0x0 semPriority=0 semMissedCount=0),1,NULL]
04-09 23:12:20.685 I/force_gc( 3877): Binder
04-09 23:12:20.790 I/am_proc_died( 3877): [0,24978,com.yodo1.crossyroad,901,15,266,657]
04-09 23:12:20.804 I/am_uid_stopped( 3877): 10208
04-09 23:12:20.999 I/power_partial_wake_state( 3877): [633,*job*/com.blockchainvault/androidx.work.impl.background.systemjob.SystemJobService:android]
04-09 23:12:21.152 I/am_proc_died( 3877): [0,24772,com.android.chrome:sandboxed_process0,903,16,305,664]
04-09 23:12:21.153 I/am_schedule_service_restart( 3877): [0,com.rizwan.simplepdfreader2018/org.chromium.content.app.SandboxedProcessService0,1000]
04-09 23:12:21.153 I/am_uid_stopped( 3877): 99232
04-09 23:12:21.320 I/am_uid_running( 3877): 10233
04-09 23:12:21.354 I/am_proc_start( 3877): [0,32615,10233,com.soccer.score.star,activity,com.soccer.score.star/com.unity3d.player.UnityPlayerActivity]
04-09 23:12:21.399 I/wm_task_created( 3877): [342,1]
04-09 23:12:21.399 I/wm_task_moved( 3877): [342,1,26]
04-09 23:12:21.400 I/am_focused_stack( 3877): [0,1,0,reuseOrNewTask]
04-09 23:12:21.400 I/wm_task_moved( 3877): [342,1,26]
04-09 23:12:21.401 I/am_create_task( 3877): [0,342]
04-09 23:12:21.401 I/am_create_activity( 3877): [0,94108414,342,com.soccer.score.star/com.unity3d.player.UnityPlayerActivity,android.intent.action.MAIN,NULL,NULL,270532608,com.sec.android.app.launcher]
04-09 23:12:21.401 I/wm_task_moved( 3877): [342,1,26]
04-09 23:12:21.406 I/am_pause_activity( 3877): [0,264590503,com.sec.android.app.launcher/.activities.LauncherActivity]
04-09 23:12:21.424 I/am_on_paused_called( 8548): [0,com.sec.android.app.launcher.activities.LauncherActivity,handlePauseActivity]
04-09 23:12:21.424 I/am_proc_bound( 3877): [0,32615,com.soccer.score.star]
04-09 23:12:21.492 I/am_uid_active( 3877): 10233
04-09 23:12:21.492 I/am_restart_activity( 3877): [0,94108414,342,com.soccer.score.star/com.unity3d.player.UnityPlayerActivity]
04-09 23:12:21.494 I/am_set_resumed_activity( 3877): [0,com.soccer.score.star/com.unity3d.player.UnityPlayerActivity,minimalResumeActivityLocked]
04-09 23:12:21.519 I/sysui_count( 3877): [window_time_0,4]
04-09 23:12:21.519 I/sysui_multi_action( 3877): [757,803,799,window_time_0,802,4]
04-09 23:12:21.741 I/am_proc_died( 3877): [0,24715,com.rizwan.simplepdfreader2018,901,15,261,711]
04-09 23:12:21.742 I/am_uid_stopped( 3877): 10207
04-09 23:12:22.013 I/am_on_resume_called(32615): [0,com.unity3d.player.UnityPlayerActivity,LAUNCH_ACTIVITY]
04-09 23:12:22.123 I/am_activity_launch_time( 3877): [0,94108414,com.soccer.score.star/com.unity3d.player.UnityPlayerActivity,681,681]
04-09 23:12:22.126 I/power_partial_wake_state( 3877): [719,*launch*:android]
04-09 23:12:22.132 I/am_stop_activity( 3877): [0,264590503,com.sec.android.app.launcher/.activities.LauncherActivity]
04-09 23:12:22.140 I/am_on_stop_called( 8548): [0,com.sec.android.app.launcher.activities.LauncherActivity,handleStopActivity]
04-09 23:12:22.608 I/am_pss  ( 3877): [30929,5009,com.samsung.android.scloud,11979776,3710976,6771712]
04-09 23:12:24.193 I/liblog  ( 3877): 28
04-09 23:12:24.208 I/liblog  ( 3877): 3
04-09 23:12:24.315 I/am_pss  ( 3877): [30635,10232,kik.android,58671104,22966272,32709632]
04-09 23:12:24.463 I/am_proc_start( 3877): [0,32767,10030,com.google.process.gapps,content provider,com.google.android.gsf/.settings.GoogleSettingsProvider]
04-09 23:12:24.517 I/am_proc_bound( 3877): [0,32767,com.google.process.gapps]
04-09 23:12:25.354 I/am_uid_idle( 3877): 10232
04-09 23:12:25.542 I/am_pss  ( 3877): [31072,10153,com.samsung.android.sm.policy,7069696,5017600,1125376]
04-09 23:12:25.553 I/power_partial_wake_state( 3877): [3009,AudioMix:audioserver]
04-09 23:12:26.143 I/liblog  ( 3877): 36
04-09 23:12:26.152 I/liblog  ( 3877): 9
04-09 23:12:28.745 I/power_partial_wake_state( 3877): [22,IntentOp:.common.broadcast.BackgroundBroadcastReceiverSupport$PersistentReceiverIntentOperation:com.google.android.gms]
04-09 23:12:28.856 I/power_partial_wake_state( 3877): [1,nearby:ENWearableDeviceManager:com.google.android.gms]
04-09 23:12:28.930 I/power_partial_wake_state( 3877): [43,Icing:com.google.android.gms]
04-09 23:12:29.046 I/power_partial_wake_state( 3877): [105,Icing:com.google.android.gms]
04-09 23:12:29.108 I/notification_cancel( 3877): [10030,23679,com.google.android.gms,56933,NULL,0,0,1088,8,NULL]
04-09 23:12:29.108 I/notification_cancel( 3877): [10030,23679,com.google.android.gms,56932,NULL,0,0,1088,8,NULL]
04-09 23:12:29.108 I/notification_cancel( 3877): [10030,23679,com.google.android.gms,56935,NULL,0,0,1088,8,NULL]
04-09 23:12:29.108 I/notification_cancel( 3877): [10030,23679,com.google.android.gms,115357,NULL,0,0,1088,8,NULL]
04-09 23:12:29.108 I/notification_cancel( 3877): [10030,23679,com.google.android.gms,115356,NULL,0,0,1088,8,NULL]
04-09 23:12:29.108 I/notification_cancel( 3877): [10030,23679,com.google.android.gms,115358,NULL,0,0,1088,8,NULL]
04-09 23:12:30.526 I/force_gc( 3877): Binder
04-09 23:12:30.695 I/notification_cancel( 3877): [10004,7536,com.android.systemui,2,low_battery,-1,0,1088,8,NULL]
04-09 23:12:30.695 I/notification_cancel( 3877): [10004,7536,com.android.systemui,3,low_battery,-1,0,1088,8,NULL]
04-09 23:12:31.903 I/am_pss  ( 3877): [32615,10233,com.soccer.score.star,426128384,409300992,267264]
04-09 23:12:33.957 I/am_pss  ( 3877): [20879,10055,com.android.vending,65415168,43315200,21086208]
04-09 23:12:34.204 I/power_partial_wake_state( 3877): [1,*alarm*:android]
04-09 23:12:34.204 I/am_uid_running( 3877): 10225
04-09 23:12:34.282 I/am_proc_start( 3877): [0,375,10225,io.faceapp,service,io.faceapp/com.google.android.datatransport.runtime.scheduling.jobscheduling.JobInfoSchedulerService]
04-09 23:12:34.316 I/am_proc_bound( 3877): [0,375,io.faceapp]
04-09 23:12:34.928 I/notification_cancel( 3877): [10225,375,io.faceapp,1,NULL,0,0,1088,8,NULL]
04-09 23:12:37.475 I/am_pss  ( 3877): [31902,10213,com.etsy.android,70689792,60030976,1252352]
04-09 23:12:37.515 I/power_partial_wake_state( 3877): [2302,*job*/io.faceapp/com.google.android.datatransport.runtime.scheduling.jobscheduling.JobInfoSchedulerService:android]
04-09 23:12:38.745 I/am_meminfo( 3877): [264609792,94457856,0,818888704,472232960]
04-09 23:12:39.544 I/am_new_intent( 3877): [0,163865640,5,com.sec.android.app.launcher/.activities.LauncherActivity,android.intent.action.MAIN,NULL,NULL,278921216,android]
04-09 23:12:39.544 I/wm_task_moved( 3877): [5,1,0]
04-09 23:12:39.545 I/am_focused_stack( 3877): [0,0,1,bringingFoundTaskToFront]
04-09 23:12:39.545 I/wm_task_moved( 3877): [5,1,0]
04-09 23:12:39.546 I/am_pause_activity( 3877): [0,94108414,com.soccer.score.star/com.unity3d.player.UnityPlayerActivity]
04-09 23:12:39.553 I/am_set_resumed_activity( 3877): [0,com.sec.android.app.launcher/.activities.LauncherActivity,resumeTopActivityInnerLocked]
04-09 23:12:39.566 I/am_resume_activity( 3877): [0,264590503,5,com.sec.android.app.launcher/.activities.LauncherActivity]
04-09 23:12:39.569 I/am_task_to_front( 3877): [0,5]
04-09 23:12:39.571 I/sysui_count( 3877): [window_time_0,18]
04-09 23:12:39.571 I/sysui_multi_action( 3877): [757,803,799,window_time_0,802,18]
04-09 23:12:39.572 I/am_stop_activity( 3877): [0,94108414,com.soccer.score.star/com.unity3d.player.UnityPlayerActivity]
04-09 23:12:39.595 I/notification_cancel( 3877): [10028,28895,com.samsung.android.game.gametools,2131492873,NULL,0,0,1088,8,NULL]
04-09 23:12:39.617 I/am_on_paused_called(32615): [0,com.unity3d.player.UnityPlayerActivity,handlePauseActivity]
04-09 23:12:39.620 I/am_pss  ( 3877): [32091,10006,com.sec.android.provider.badge,8336384,5746688,368640]
04-09 23:12:39.646 I/am_on_resume_called( 8548): [0,com.sec.android.app.launcher.activities.LauncherActivity,RESUME_ACTIVITY]
04-09 23:12:39.670 I/am_on_stop_called(32615): [0,com.unity3d.player.UnityPlayerActivity,handleStopActivity]
04-09 23:12:39.670 I/notification_cancel( 3877): [10028,28895,com.samsung.android.game.gametools,2131492869,NULL,0,0,1088,8,NULL]
04-09 23:12:39.855 I/power_partial_wake_state( 3877): [308,*launch*:android]
04-09 23:12:40.053 I/power_partial_wake_state( 3877): [118,Icing:com.google.android.gms]
04-09 23:12:40.791 I/notification_cancel( 3877): [10004,7536,com.android.systemui,2,low_battery,-1,0,1088,8,NULL]
04-09 23:12:40.799 I/notification_cancel( 3877): [10004,7536,com.android.systemui,3,low_battery,-1,0,1088,8,NULL]
04-09 23:12:40.828 I/notification_enqueue( 3877): [10004,7536,com.android.systemui,2131362716,charging_state,-1,Notification(channel=GEN pri=-2 contentView=null vibrate=null sound=null defaults=0x0 flags=0xa color=0xff607d8b category=sys number=0 vis=PUBLIC semFlags=0x0 semPriority=0 semMissedCount=0),1,NULL]
04-09 23:12:42.450 I/am_uid_running( 3877): 10234
04-09 23:12:42.537 I/am_proc_start( 3877): [0,537,10234,com.cloudmosa.puffinFree,activity,com.cloudmosa.puffinFree/com.cloudmosa.app.LemonActivity]
04-09 23:12:42.573 I/wm_task_created( 3877): [343,1]
04-09 23:12:42.574 I/wm_task_moved( 3877): [343,1,27]
04-09 23:12:42.574 I/am_focused_stack( 3877): [0,1,0,reuseOrNewTask]
04-09 23:12:42.574 I/wm_task_moved( 3877): [343,1,27]
04-09 23:12:42.575 I/am_create_task( 3877): [0,343]
04-09 23:12:42.575 I/am_create_activity( 3877): [0,948456,343,com.cloudmosa.puffinFree/com.cloudmosa.app.LemonActivity,android.intent.action.MAIN,NULL,NULL,278921216,com.sec.android.app.launcher]
04-09 23:12:42.575 I/wm_task_moved( 3877): [343,1,27]
04-09 23:12:42.578 I/am_pause_activity( 3877): [0,264590503,com.sec.android.app.launcher/.activities.LauncherActivity]
04-09 23:12:42.589 I/am_proc_bound( 3877): [0,537,com.cloudmosa.puffinFree]
04-09 23:12:42.589 I/am_on_paused_called( 8548): [0,com.sec.android.app.launcher.activities.LauncherActivity,handlePauseActivity]
04-09 23:12:42.599 I/am_uid_active( 3877): 10234
04-09 23:12:42.599 I/am_restart_activity( 3877): [0,948456,343,com.cloudmosa.puffinFree/com.cloudmosa.app.LemonActivity]
04-09 23:12:42.605 I/am_set_resumed_activity( 3877): [0,com.cloudmosa.puffinFree/com.cloudmosa.app.LemonActivity,minimalResumeActivityLocked]
04-09 23:12:42.640 I/sysui_count( 3877): [window_time_0,3]
04-09 23:12:42.640 I/sysui_multi_action( 3877): [757,803,799,window_time_0,802,3]
04-09 23:12:42.645 I/power_partial_wake_state( 3877): [2834,AudioMix:audioserver]
04-09 23:12:42.696 I/am_pss  ( 3877): [10416,10030,com.google.android.gms,92420096,51740672,31541248]
04-09 23:12:42.739 I/am_pss  ( 3877): [16676,99061,com.android.chrome:sandboxed_process0,43264000,15073280,27264000]
04-09 23:12:43.181 I/liblog  ( 3877): 43
04-09 23:12:43.202 I/liblog  ( 3877): 10
04-09 23:12:43.290 I/wm_task_created( 3877): [344,1]
04-09 23:12:43.290 I/wm_task_moved( 3877): [344,1,28]
04-09 23:12:43.291 I/wm_task_moved( 3877): [344,1,28]
04-09 23:12:43.293 I/am_create_task( 3877): [0,344]
04-09 23:12:43.293 I/am_create_activity( 3877): [0,256840692,344,com.cloudmosa.puffinFree/com.cloudmosa.app.FreeNormalActivity,android.intent.action.MAIN,NULL,NULL,268435456,com.cloudmosa.puffinFree]
04-09 23:12:43.293 I/wm_task_moved( 3877): [344,1,28]
04-09 23:12:43.294 I/am_pause_activity( 3877): [0,948456,com.cloudmosa.puffinFree/com.cloudmosa.app.LemonActivity]
04-09 23:12:43.302 I/am_finish_activity( 3877): [0,948456,343,com.cloudmosa.puffinFree/com.cloudmosa.app.LemonActivity,app-request]
04-09 23:12:43.306 I/sysui_count( 3877): [window_time_0,0]
04-09 23:12:43.306 I/sysui_multi_action( 3877): [757,803,799,window_time_0,802,0]
04-09 23:12:43.354 I/am_restart_activity( 3877): [0,256840692,344,com.cloudmosa.puffinFree/com.cloudmosa.app.FreeNormalActivity]
04-09 23:12:43.355 I/am_set_resumed_activity( 3877): [0,com.cloudmosa.puffinFree/com.cloudmosa.app.FreeNormalActivity,minimalResumeActivityLocked]
04-09 23:12:43.371 I/sysui_count( 3877): [window_time_0,1]
04-09 23:12:43.371 I/sysui_multi_action( 3877): [757,803,799,window_time_0,802,1]
04-09 23:12:43.522 I/am_uid_idle( 3877): 10153
04-09 23:12:43.580 I/am_uid_running( 3877): 99244
04-09 23:12:43.685 I/am_proc_start( 3877): [0,663,99244,com.android.chrome:sandboxed_process0,webview_service,com.cloudmosa.puffinFree/org.chromium.content.app.SandboxedProcessService0]
04-09 23:12:44.132 I/am_proc_bound( 3877): [0,663,com.android.chrome:sandboxed_process0]
04-09 23:12:44.136 I/am_uid_active( 3877): 99244
04-09 23:12:44.160 I/liblog  ( 3877): 99
04-09 23:12:44.162 I/liblog  ( 3877): 1
04-09 23:12:44.192 I/liblog  ( 3877): 3
04-09 23:12:44.225 I/notification_cancel( 3877): [10234,537,com.cloudmosa.puffinFree,-140,NULL,0,0,1088,8,NULL]
04-09 23:12:44.284 I/am_on_resume_called(  537): [0,com.cloudmosa.app.FreeNormalActivity,LAUNCH_ACTIVITY]
04-09 23:12:44.308 I/force_gc( 3877): Binder
04-09 23:12:44.686 I/am_activity_launch_time( 3877): [0,256840692,com.cloudmosa.puffinFree/com.cloudmosa.app.FreeNormalActivity,1325,2086]
04-09 23:12:44.788 I/force_gc(23679): Binder
04-09 23:12:44.978 I/sysui_multi_action( 3877): [757,899,758,4,901,51,902,0,903,7beadefb-b1ab-484c-879e-40cb67d7cb65]
04-09 23:12:45.004 I/sysui_multi_action( 3877): [757,899,758,4,901,12,902,0,903,9741b668-08af-400b-a51c-33137a846cff]
04-09 23:12:45.014 I/sysui_multi_action( 3877): [757,899,758,4,901,7,902,0,903,c1c3e577-4ddd-43f1-9a07-0bb7b4ca0fdf]
04-09 23:12:45.122 I/notification_cancel( 3877): [10234,537,com.cloudmosa.puffinFree,10436,NULL,0,0,1088,8,NULL]
04-09 23:12:45.179 I/power_partial_wake_state( 3877): [2600,*launch*:android]
04-09 23:12:45.190 I/am_stop_activity( 3877): [0,264590503,com.sec.android.app.launcher/.activities.LauncherActivity]
04-09 23:12:45.190 I/am_destroy_activity( 3877): [0,948456,343,com.cloudmosa.puffinFree/com.cloudmosa.app.LemonActivity,finish-imm]
04-09 23:12:45.192 I/wm_task_removed( 3877): [343,removeAppToken: last token]
04-09 23:12:45.193 I/wm_task_removed( 3877): [343,removeTask]
04-09 23:12:45.199 I/am_on_stop_called( 8548): [0,com.sec.android.app.launcher.activities.LauncherActivity,handleStopActivity]
04-09 23:12:46.738 I/power_partial_wake_state( 3877): [3,RILJ:com.android.phone]
04-09 23:12:46.889 I/power_partial_wake_state( 3877): [35,RILJ:com.android.phone]
04-09 23:12:47.192 I/liblog  (  537): 13
04-09 23:12:47.192 I/chatty  (  537): uid=10234(u0_a234) identical 3 lines
04-09 23:12:47.222 I/liblog  (  537): 81
04-09 23:12:47.561 I/am_uid_idle( 3877): 99242
04-09 23:12:47.562 I/am_uid_idle( 3877): 10210
04-09 23:12:48.372 I/liblog  (  537): 67
04-09 23:12:48.426 I/liblog  (  537): 53
04-09 23:12:48.849 I/am_uid_active( 3877): 10153
04-09 23:12:49.361 I/liblog  ( 3877): 211
04-09 23:12:49.362 I/liblog  ( 3877): 1
04-09 23:12:49.365 I/liblog  ( 3877): 22
04-09 23:12:49.393 I/liblog  ( 3877): 96
04-09 23:12:49.979 I/am_kill ( 3877): [0,32577,com.android.printspooler,900,17,DHA:empty #12]
04-09 23:12:49.981 I/am_kill ( 3877): [0,32091,com.sec.android.provider.badge,900,17,DHA:empty #12]
04-09 23:12:50.109 I/am_proc_died( 3877): [0,32091,com.sec.android.provider.badge,900,17,89,536]
04-09 23:12:50.137 I/am_uid_stopped( 3877): 10006
04-09 23:12:50.168 I/am_kill ( 3877): [0,32459,com.samsung.faceservice,900,17,DHA:empty #10]
04-09 23:12:50.168 I/am_kill ( 3877): [0,375,io.faceapp,900,17,DHA:empty #10]
04-09 23:12:50.240 I/am_kill ( 3877): [0,20739,com.samsung.ipservice,900,17,DHA:empty #9]
04-09 23:12:50.624 I/am_proc_died( 3877): [0,20739,com.samsung.ipservice,900,17,74,539]
04-09 23:12:50.624 I/am_schedule_service_restart( 3877): [0,com.samsung.ipservice/.IPService,1000]
04-09 23:12:50.645 I/am_kill ( 3877): [0,25810,me.lyft.android,901,15,DHA:cached #21]
04-09 23:12:50.646 I/am_proc_died( 3877): [0,32459,com.samsung.faceservice,900,17,75,538]
04-09 23:12:50.647 I/am_schedule_service_restart( 3877): [0,com.samsung.faceservice/.FaceService,16000]
04-09 23:12:50.929 I/am_proc_died( 3877): [0,32577,com.android.printspooler,900,17,106,535]
04-09 23:12:50.929 I/am_uid_stopped( 3877): 10157
04-09 23:12:51.003 I/notification_cancel( 3877): [10004,7536,com.android.systemui,2,low_battery,-1,0,1088,8,NULL]
04-09 23:12:51.005 I/notification_cancel( 3877): [10004,7536,com.android.systemui,3,low_battery,-1,0,1088,8,NULL]
04-09 23:12:51.133 I/am_proc_died( 3877): [0,25810,me.lyft.android,901,15,110,538]
04-09 23:12:51.142 I/am_uid_stopped( 3877): 10218
04-09 23:12:51.268 I/am_pss  ( 3877): [32245,10236,com.blockchainvault,85849088,61677568,14912512]
04-09 23:12:51.312 I/am_pss  ( 3877): [32419,99243,com.android.chrome:sandboxed_process0,50927616,36470784,11781120]
04-09 23:12:51.402 I/power_partial_wake_state( 3877): [3006,AudioMix:audioserver]
04-09 23:12:51.667 I/am_proc_start( 3877): [0,1016,5004,com.samsung.ipservice,service,com.samsung.ipservice/.IPService]
04-09 23:12:51.746 I/am_proc_bound( 3877): [0,1016,com.samsung.ipservice]
04-09 23:12:51.859 I/am_proc_died( 3877): [0,375,io.faceapp,900,17,116,550]
04-09 23:12:51.860 I/am_uid_stopped( 3877): 10225
04-09 23:12:52.199 I/liblog  ( 3877): 61
04-09 23:12:52.774 I/am_pss  ( 3877): [537,10234,com.cloudmosa.puffinFree,309155840,284284928,238592]
04-09 23:12:54.190 I/power_partial_wake_state( 3877): [2897,AudioMix:audioserver]
04-09 23:12:55.055 I/liblog  ( 3877): 66
04-09 23:12:55.150 I/am_pss  ( 3877): [663,99244,com.android.chrome:sandboxed_process0,181384192,164556800,228352]
04-09 23:12:55.222 I/liblog  ( 3877): 16
04-09 23:12:55.234 I/liblog  ( 3877): 1
04-09 23:12:55.235 I/liblog  ( 3877): 2
04-09 23:12:55.235 I/chatty  ( 3877): uid=1000(system) ConnectivitySer identical 2 lines
04-09 23:12:55.236 I/liblog  ( 3877): 18
04-09 23:12:55.237 I/liblog  ( 3877): 2
04-09 23:12:55.437 I/liblog  ( 3877): 7
04-09 23:12:55.473 I/liblog  ( 3877): 148
04-09 23:12:55.478 I/liblog  ( 3877): 22
04-09 23:12:55.479 I/liblog  ( 3877): 9
04-09 23:12:55.483 I/liblog  ( 3877): 1
04-09 23:12:55.772 I/am_meminfo( 3877): [126664704,116305920,0,823844864,405270528]
04-09 23:12:57.031 I/power_partial_wake_state( 3877): [18,RILJ:com.android.phone]
04-09 23:12:57.159 I/am_new_intent( 3877): [0,92322392,5,com.sec.android.app.launcher/.activities.LauncherActivity,android.intent.action.MAIN,NULL,NULL,278921216,android]
04-09 23:12:57.159 I/wm_task_moved( 3877): [5,1,0]
04-09 23:12:57.160 I/am_focused_stack( 3877): [0,0,1,bringingFoundTaskToFront]
04-09 23:12:57.160 I/wm_task_moved( 3877): [5,1,0]
04-09 23:12:57.161 I/am_pause_activity( 3877): [0,256840692,com.cloudmosa.puffinFree/com.cloudmosa.app.FreeNormalActivity]
04-09 23:12:57.170 I/am_set_resumed_activity( 3877): [0,com.sec.android.app.launcher/.activities.LauncherActivity,resumeTopActivityInnerLocked]
04-09 23:12:57.182 I/am_resume_activity( 3877): [0,264590503,5,com.sec.android.app.launcher/.activities.LauncherActivity]
04-09 23:12:57.185 I/am_task_to_front( 3877): [0,5]
04-09 23:12:57.189 I/sysui_count( 3877): [window_time_0,13]
04-09 23:12:57.189 I/sysui_multi_action( 3877): [757,803,799,window_time_0,802,13]
04-09 23:12:57.193 I/am_stop_activity( 3877): [0,256840692,com.cloudmosa.puffinFree/com.cloudmosa.app.FreeNormalActivity]
04-09 23:12:57.245 I/am_on_resume_called( 8548): [0,com.sec.android.app.launcher.activities.LauncherActivity,RESUME_ACTIVITY]
04-09 23:12:57.255 I/am_on_paused_called(  537): [0,com.cloudmosa.app.FreeNormalActivity,handlePauseActivity]
04-09 23:12:57.325 I/power_partial_wake_state( 3877): [162,*launch*:android]
04-09 23:12:57.614 I/notification_cancel( 3877): [10234,537,com.cloudmosa.puffinFree,-140,NULL,0,0,1088,8,NULL]
04-09 23:12:57.647 I/am_on_stop_called(  537): [0,com.cloudmosa.app.FreeNormalActivity,handleStopActivity]
04-09 23:12:57.760 I/am_kill ( 3877): [0,21997,com.samsung.dcmservice,900,17,DHA:empty #9]
04-09 23:12:58.102 I/am_proc_died( 3877): [0,21997,com.samsung.dcmservice,900,17,58,562]
04-09 23:12:58.103 I/am_schedule_service_restart( 3877): [0,com.samsung.dcmservice/.DCMService,18544]
04-09 23:12:58.139 I/am_kill ( 3877): [0,26049,me.pou.app,901,15,DHA:cached #19]
04-09 23:12:58.377 I/am_proc_died( 3877): [0,26049,me.pou.app,901,15,98,556]
04-09 23:12:58.399 I/am_uid_stopped( 3877): 10226
04-09 23:12:58.413 I/am_kill ( 3877): [0,26160,com.android.chrome:sandboxed_process0,0,11,isolated not needed]
04-09 23:12:58.429 I/am_proc_died( 3877): [0,26160,com.android.chrome:sandboxed_process0,0,11,106,558]
04-09 23:12:58.430 I/am_uid_stopped( 3877): 99234
04-09 23:12:59.584 I/am_uid_running( 3877): 10214
04-09 23:12:59.619 I/am_proc_start( 3877): [0,1072,10214,com.crunchyroll.crunchyroid,activity,com.crunchyroll.crunchyroid/com.ellation.crunchyroll.presentation.startup.StartupActivity]
04-09 23:12:59.677 I/wm_task_created( 3877): [345,1]
04-09 23:12:59.677 I/wm_task_moved( 3877): [345,1,28]
04-09 23:12:59.677 I/am_focused_stack( 3877): [0,1,0,reuseOrNewTask]
04-09 23:12:59.677 I/wm_task_moved( 3877): [345,1,28]
04-09 23:12:59.678 I/am_create_task( 3877): [0,345]
04-09 23:12:59.678 I/am_create_activity( 3877): [0,76915975,345,com.crunchyroll.crunchyroid/com.ellation.crunchyroll.presentation.startup.StartupActivity,android.intent.action.MAIN,NULL,NULL,270532608,com.sec.android.app.launcher]
04-09 23:12:59.678 I/wm_task_moved( 3877): [345,1,28]
04-09 23:12:59.680 I/am_pause_activity( 3877): [0,264590503,com.sec.android.app.launcher/.activities.LauncherActivity]
04-09 23:12:59.686 I/am_proc_bound( 3877): [0,1072,com.crunchyroll.crunchyroid]
04-09 23:12:59.715 I/am_on_paused_called( 8548): [0,com.sec.android.app.launcher.activities.LauncherActivity,handlePauseActivity]
04-09 23:12:59.723 I/am_uid_active( 3877): 10214
04-09 23:12:59.723 I/am_restart_activity( 3877): [0,76915975,345,com.crunchyroll.crunchyroid/com.ellation.crunchyroll.presentation.startup.StartupActivity]
04-09 23:12:59.724 I/am_set_resumed_activity( 3877): [0,com.crunchyroll.crunchyroid/com.ellation.crunchyroll.presentation.startup.StartupActivity,minimalResumeActivityLocked]
04-09 23:12:59.751 I/am_pss  ( 3877): [28895,10028,com.samsung.android.game.gametools,12215296,4382720,5992448]
04-09 23:12:59.757 I/sysui_count( 3877): [window_time_0,3]
04-09 23:12:59.757 I/sysui_multi_action( 3877): [757,803,799,window_time_0,802,3]
04-09 23:13:00.138 I/power_partial_wake_state( 3877): [40,*alarm*:android]
04-09 23:13:00.837 I/liblog  ( 1072): 244
04-09 23:13:00.838 I/liblog  ( 1072): 4
04-09 23:13:00.841 I/liblog  ( 1072): 6
04-09 23:13:00.905 I/liblog  ( 1072): 111
04-09 23:13:01.057 I/battery_level( 3877): [84,3956,361]
04-09 23:13:01.085 I/notification_cancel( 3877): [10004,7536,com.android.systemui,2,low_battery,-1,0,1088,8,NULL]
04-09 23:13:01.090 I/notification_cancel( 3877): [10004,7536,com.android.systemui,3,low_battery,-1,0,1088,8,NULL]
04-09 23:13:01.136 I/notification_enqueue( 3877): [10004,7536,com.android.systemui,2131362716,charging_state,-1,Notification(channel=GEN pri=-2 contentView=null vibrate=null sound=null defaults=0x0 flags=0xa color=0xff607d8b category=sys number=0 vis=PUBLIC semFlags=0x0 semPriority=0 semMissedCount=0),1,NULL]
04-09 23:13:01.136 I/power_partial_wake_state( 3877): [16,RILJ:com.android.phone]
04-09 23:13:01.264 I/am_on_resume_called( 1072): [0,com.ellation.crunchyroll.presentation.startup.StartupActivity,LAUNCH_ACTIVITY]
04-09 23:13:01.476 I/force_gc( 3877): Binder
04-09 23:13:01.663 I/am_uid_running( 3877): 99245
04-09 23:13:01.708 I/am_proc_start( 3877): [0,1322,99245,com.android.chrome:sandboxed_process0,webview_service,com.crunchyroll.crunchyroid/org.chromium.content.app.SandboxedProcessService0]
04-09 23:13:01.827 I/wm_task_moved( 3877): [345,1,28]
04-09 23:13:01.828 I/am_create_activity( 3877): [0,64794005,345,com.crunchyroll.crunchyroid/com.crunchyroll.onboarding.OnboardingV2Activity,NULL,NULL,NULL,0,com.crunchyroll.crunchyroid]
04-09 23:13:01.830 I/am_pause_activity( 3877): [0,76915975,com.crunchyroll.crunchyroid/com.ellation.crunchyroll.presentation.startup.StartupActivity]
04-09 23:13:01.840 I/am_finish_activity( 3877): [0,76915975,345,com.crunchyroll.crunchyroid/com.ellation.crunchyroll.presentation.startup.StartupActivity,app-request]
04-09 23:13:01.843 I/sysui_count( 3877): [window_time_0,2]
04-09 23:13:01.843 I/sysui_multi_action( 3877): [757,803,799,window_time_0,802,2]
04-09 23:13:01.939 I/am_on_paused_called( 1072): [0,com.ellation.crunchyroll.presentation.startup.StartupActivity,handlePauseActivity]
04-09 23:13:02.005 I/am_restart_activity( 3877): [0,64794005,345,com.crunchyroll.crunchyroid/com.crunchyroll.onboarding.OnboardingV2Activity]
04-09 23:13:02.009 I/am_set_resumed_activity( 3877): [0,com.crunchyroll.crunchyroid/com.crunchyroll.onboarding.OnboardingV2Activity,minimalResumeActivityLocked]
04-09 23:13:02.038 I/sysui_count( 3877): [window_time_0,0]
04-09 23:13:02.038 I/sysui_multi_action( 3877): [757,803,799,window_time_0,802,0]
04-09 23:13:02.090 I/am_proc_bound( 3877): [0,1322,com.android.chrome:sandboxed_process0]
04-09 23:13:02.141 I/am_uid_active( 3877): 99245
04-09 23:13:02.519 I/liblog  ( 1072): 43
04-09 23:13:02.606 I/liblog  ( 1072): 63
04-09 23:13:02.702 I/notification_cancel( 3877): [10214,1072,com.crunchyroll.crunchyroid,10436,NULL,0,0,1088,8,NULL]
04-09 23:13:02.772 I/am_activity_launch_time( 3877): [0,64794005,com.crunchyroll.crunchyroid/com.crunchyroll.onboarding.OnboardingV2Activity,811,3075]
04-09 23:13:02.790 I/power_partial_wake_state( 3877): [3109,*launch*:android]
04-09 23:13:02.794 I/am_destroy_activity( 3877): [0,76915975,345,com.crunchyroll.crunchyroid/com.ellation.crunchyroll.presentation.startup.StartupActivity,finish-imm]
04-09 23:13:02.798 I/am_on_stop_called( 1072): [0,com.ellation.crunchyroll.presentation.startup.StartupActivity,destroy]
04-09 23:13:02.803 I/am_stop_activity( 3877): [0,264590503,com.sec.android.app.launcher/.activities.LauncherActivity]
04-09 23:13:02.813 I/am_on_stop_called( 8548): [0,com.sec.android.app.launcher.activities.LauncherActivity,handleStopActivity]
04-09 23:13:04.368 I/am_uid_idle( 3877): 10213
04-09 23:13:06.697 I/am_proc_start( 3877): [0,1409,5004,com.samsung.faceservice,service,com.samsung.faceservice/.FaceService]
04-09 23:13:06.755 I/am_proc_bound( 3877): [0,1409,com.samsung.faceservice]
04-09 23:13:07.144 I/power_partial_wake_state( 3877): [12,RILJ:com.android.phone]
04-09 23:13:08.494 I/liblog  ( 3877): 62
04-09 23:13:09.256 I/liblog  ( 3877): 9
04-09 23:13:09.258 I/liblog  ( 3877): 7
04-09 23:13:09.286 I/liblog  ( 3877): 57
04-09 23:13:09.811 I/am_pss  ( 3877): [32615,10233,com.soccer.score.star,323580928,179773440,133975040]
04-09 23:13:11.242 I/notification_cancel( 3877): [10004,7536,com.android.systemui,2,low_battery,-1,0,1088,8,NULL]
04-09 23:13:11.247 I/notification_cancel( 3877): [10004,7536,com.android.systemui,3,low_battery,-1,0,1088,8,NULL]
04-09 23:13:11.916 I/am_pss  ( 3877): [1072,10214,com.crunchyroll.crunchyroid,192555008,162652160,252928]
04-09 23:13:12.387 I/content_query_sample( 8663): contents_sample_state: [CONTACT contacts(0) data(0) accounts({}) accounts deleted({}) calls([]) countryIso(KR) userId(0)  ]
04-09 23:13:12.387 I/content_query_sample( 8663): contents_sample_state: [ agr({})  ]
04-09 23:13:12.387 I/content_query_sample( 8663): contents_sample_state: [ actCnt({android.process.acore(8663)=1})  ]
04-09 23:13:12.387 I/content_query_sample( 8663): contents_sample_state: [PROFILE contacts(0) data(0) accounts({})  ]
04-09 23:13:12.387 I/content_query_sample( 8663): contents_sample_state: [SAPROFILE contacts(1) data(1) accounts({vnd.sec.contact.phone (1)=1})  ]
04-09 23:13:12.797 I/am_pss  ( 3877): [1322,99245,com.android.chrome:sandboxed_process0,57148416,32317440,515072]
04-09 23:13:16.205 I/liblog  ( 3877): 50
04-09 23:13:16.248 I/liblog  ( 3877): 36
04-09 23:13:16.256 I/liblog  ( 3877): 5
04-09 23:13:16.541 I/liblog  ( 3877): 5
04-09 23:13:16.697 I/am_proc_start( 3877): [0,1450,5004,com.samsung.dcmservice,service,com.samsung.dcmservice/.DCMService]
04-09 23:13:16.789 I/am_proc_bound( 3877): [0,1450,com.samsung.dcmservice]
04-09 23:13:16.873 I/am_pss  ( 3877): [32767,10030,com.google.process.gapps,10596352,6434816,877568]
04-09 23:13:17.241 I/power_partial_wake_state( 3877): [14,RILJ:com.android.phone]
04-09 23:13:18.022 I/am_pss  ( 3877): [537,10234,com.cloudmosa.puffinFree,206281728,177164288,238592]
04-09 23:13:18.079 I/am_pss  ( 3877): [663,99244,com.android.chrome:sandboxed_process0,115181568,86085632,178176]
04-09 23:13:18.322 I/am_uid_idle( 3877): 99243
04-09 23:13:18.322 I/am_uid_idle( 3877): 10236
04-09 23:13:19.361 I/am_meminfo( 3877): [137605120,94482432,0,821387264,387883008]
04-09 23:13:20.177 I/am_new_intent( 3877): [0,55644471,5,com.sec.android.app.launcher/.activities.LauncherActivity,android.intent.action.MAIN,NULL,NULL,278921216,android]
04-09 23:13:20.177 I/wm_task_moved( 3877): [5,1,0]
04-09 23:13:20.178 I/am_focused_stack( 3877): [0,0,1,bringingFoundTaskToFront]
04-09 23:13:20.179 I/wm_task_moved( 3877): [5,1,0]
04-09 23:13:20.180 I/am_pause_activity( 3877): [0,64794005,com.crunchyroll.crunchyroid/com.crunchyroll.onboarding.OnboardingV2Activity]
04-09 23:13:20.186 I/am_on_paused_called( 1072): [0,com.crunchyroll.onboarding.OnboardingV2Activity,handlePauseActivity]
04-09 23:13:20.190 I/am_set_resumed_activity( 3877): [0,com.sec.android.app.launcher/.activities.LauncherActivity,resumeTopActivityInnerLocked]
04-09 23:13:20.246 I/am_resume_activity( 3877): [0,264590503,5,com.sec.android.app.launcher/.activities.LauncherActivity]
04-09 23:13:20.251 I/am_task_to_front( 3877): [0,5]
04-09 23:13:20.255 I/sysui_count( 3877): [window_time_0,18]
04-09 23:13:20.255 I/sysui_multi_action( 3877): [757,803,799,window_time_0,802,18]
04-09 23:13:20.256 I/am_stop_activity( 3877): [0,64794005,com.crunchyroll.crunchyroid/com.crunchyroll.onboarding.OnboardingV2Activity]
04-09 23:13:20.314 I/am_on_resume_called( 8548): [0,com.sec.android.app.launcher.activities.LauncherActivity,RESUME_ACTIVITY]
04-09 23:13:20.351 I/am_on_stop_called( 1072): [0,com.crunchyroll.onboarding.OnboardingV2Activity,handleStopActivity]
04-09 23:13:20.408 I/power_partial_wake_state( 3877): [226,*launch*:android]
04-09 23:13:20.650 I/am_pss  ( 3877): [31072,10153,com.samsung.android.sm.policy,7164928,5189632,1110016]
04-09 23:13:20.864 I/power_partial_wake_state( 3877): [200,Icing:com.google.android.gms]
04-09 23:13:21.312 I/notification_cancel( 3877): [10004,7536,com.android.systemui,2,low_battery,-1,0,1088,8,NULL]
04-09 23:13:21.321 I/notification_cancel( 3877): [10004,7536,com.android.systemui,3,low_battery,-1,0,1088,8,NULL]
04-09 23:13:23.092 I/am_uid_running( 3877): 10235
04-09 23:13:23.128 I/am_proc_start( 3877): [0,1509,10235,org.videolan.vlc,activity,org.videolan.vlc/.StartActivity]
04-09 23:13:23.171 I/wm_task_created( 3877): [346,1]
04-09 23:13:23.171 I/wm_task_moved( 3877): [346,1,29]
04-09 23:13:23.171 I/am_focused_stack( 3877): [0,1,0,reuseOrNewTask]
04-09 23:13:23.171 I/wm_task_moved( 3877): [346,1,29]
04-09 23:13:23.173 I/am_create_task( 3877): [0,346]
04-09 23:13:23.173 I/am_create_activity( 3877): [0,84251808,346,org.videolan.vlc/.StartActivity,android.intent.action.MAIN,NULL,NULL,270532608,com.sec.android.app.launcher]
04-09 23:13:23.173 I/wm_task_moved( 3877): [346,1,29]
04-09 23:13:23.176 I/am_pause_activity( 3877): [0,264590503,com.sec.android.app.launcher/.activities.LauncherActivity]
04-09 23:13:23.182 I/am_proc_bound( 3877): [0,1509,org.videolan.vlc]
04-09 23:13:23.209 I/am_on_paused_called( 8548): [0,com.sec.android.app.launcher.activities.LauncherActivity,handlePauseActivity]
04-09 23:13:23.212 I/am_uid_active( 3877): 10235
04-09 23:13:23.212 I/am_restart_activity( 3877): [0,84251808,346,org.videolan.vlc/.StartActivity]
04-09 23:13:23.215 I/am_set_resumed_activity( 3877): [0,org.videolan.vlc/.StartActivity,minimalResumeActivityLocked]
04-09 23:13:23.225 I/sysui_count( 3877): [window_time_0,3]
04-09 23:13:23.225 I/sysui_multi_action( 3877): [757,803,799,window_time_0,802,3]
04-09 23:13:23.232 I/am_pss  ( 3877): [31869,10079,com.sec.android.app.soundalive,7342080,4153344,1668096]
04-09 23:13:23.463 I/wm_task_moved( 3877): [346,1,29]
04-09 23:13:23.465 I/wm_task_moved( 3877): [346,1,29]
04-09 23:13:23.467 I/am_create_activity( 3877): [0,68959693,346,org.videolan.vlc/.gui.MainActivity,android.intent.action.VIEW,NULL,NULL,268435456,org.videolan.vlc]
04-09 23:13:23.468 I/am_pause_activity( 3877): [0,84251808,org.videolan.vlc/.StartActivity]
04-09 23:13:23.476 I/am_finish_activity( 3877): [0,84251808,346,org.videolan.vlc/.StartActivity,app-request]
04-09 23:13:23.483 I/sysui_count( 3877): [window_time_0,1]
04-09 23:13:23.483 I/sysui_multi_action( 3877): [757,803,799,window_time_0,802,1]
04-09 23:13:23.511 I/am_restart_activity( 3877): [0,68959693,346,org.videolan.vlc/.gui.MainActivity]
04-09 23:13:23.512 I/am_set_resumed_activity( 3877): [0,org.videolan.vlc/.gui.MainActivity,minimalResumeActivityLocked]
04-09 23:13:23.520 I/sysui_count( 3877): [window_time_0,0]
04-09 23:13:23.520 I/sysui_multi_action( 3877): [757,803,799,window_time_0,802,0]
04-09 23:13:23.797 I/am_on_resume_called( 1509): [0,org.videolan.vlc.gui.MainActivity,LAUNCH_ACTIVITY]
04-09 23:13:23.961 I/notification_cancel( 3877): [1000,3877,android,40,NULL,0,0,0,8,NULL]
04-09 23:13:23.965 I/notification_enqueue( 3877): [10235,1509,org.videolan.vlc,43,NULL,0,Notification(channel=vlc_medialibrary pri=0 contentView=null vibrate=null sound=null defaults=0x0 flags=0x42 color=0x00000000 category=progress actions=1 number=0 vis=PUBLIC semFlags=0x0 semPriority=0 semMissedCount=0),0,NULL]
04-09 23:13:23.993 I/notification_enqueue( 3877): [10235,1509,org.videolan.vlc,43,NULL,0,Notification(channel=vlc_medialibrary pri=0 contentView=null vibrate=null sound=null defaults=0x0 flags=0x42 color=0x00000000 category=progress actions=1 number=0 vis=PUBLIC semFlags=0x0 semPriority=0 semMissedCount=0),1,NULL]
04-09 23:13:24.065 I/am_activity_launch_time( 3877): [0,68959693,org.videolan.vlc/.gui.MainActivity,545,868]
04-09 23:13:24.217 I/power_partial_wake_state( 3877): [1039,*launch*:android]
04-09 23:13:24.462 I/am_stop_activity( 3877): [0,264590503,com.sec.android.app.launcher/.activities.LauncherActivity]
04-09 23:13:24.463 I/am_destroy_activity( 3877): [0,84251808,346,org.videolan.vlc/.StartActivity,finish-imm]
04-09 23:13:24.473 I/am_on_stop_called( 8548): [0,com.sec.android.app.launcher.activities.LauncherActivity,handleStopActivity]
04-09 23:13:25.147 I/power_partial_wake_state( 3877): [1179,VLC:MediaParsingService:org.videolan.vlc]
04-09 23:13:25.159 I/notification_cancel( 3877): [1000,3877,android,40,NULL,0,0,0,8,NULL]
04-09 23:13:25.161 I/notification_cancel( 3877): [1000,3877,org.videolan.vlc,43,NULL,0,0,0,8,NULL]
04-09 23:13:25.165 I/sysui_multi_action( 3877): [757,128,758,5,759,8,793,1201,794,0,795,1198,796,43,806,org.videolan.vlc,857,vlc_medialibrary,858,2,947,0]
04-09 23:13:25.165 I/notification_canceled( 3877): [0|org.videolan.vlc|43|null|10235,8,1201,1198,0]
04-09 23:13:26.283 I/force_gc( 3877): Binder
04-09 23:13:26.439 I/power_partial_wake_state( 3877): [3013,AudioMix:audioserver]
04-09 23:13:26.460 I/power_partial_wake_state( 3877): [3033,AudioMix:audioserver]
04-09 23:13:27.313 I/power_partial_wake_state( 3877): [11,RILJ:com.android.phone]
04-09 23:13:30.716 I/power_partial_wake_state( 3877): [137,*alarm*:android]
04-09 23:13:31.426 I/notification_cancel( 3877): [10004,7536,com.android.systemui,2,low_battery,-1,0,1088,8,NULL]
04-09 23:13:31.428 I/notification_cancel( 3877): [10004,7536,com.android.systemui,3,low_battery,-1,0,1088,8,NULL]
04-09 23:13:33.294 I/liblog  ( 3877): 71
04-09 23:13:34.180 I/am_pss  ( 3877): [1509,10235,org.videolan.vlc,118259712,106373120,257024]
04-09 23:13:34.256 I/liblog  ( 3877): 4
04-09 23:13:34.263 I/liblog  ( 3877): 49
04-09 23:13:34.838 I/liblog  ( 3877): 15
04-09 23:13:37.307 I/liblog  ( 3877): 4
04-09 23:13:37.416 I/liblog  ( 3877): 60
04-09 23:13:37.416 I/power_partial_wake_state( 3877): [53,RILJ:com.android.phone]
04-09 23:13:38.286 I/liblog  ( 3877): 59
04-09 23:13:38.662 I/liblog  ( 3877): 1
04-09 23:13:39.573 I/am_uid_idle( 3877): 10233
04-09 23:13:39.645 I/am_uid_idle( 3877): 10079
04-09 23:13:41.518 I/notification_cancel( 3877): [10004,7536,com.android.systemui,2,low_battery,-1,0,1088,8,NULL]
04-09 23:13:41.520 I/notification_cancel( 3877): [10004,7536,com.android.systemui,3,low_battery,-1,0,1088,8,NULL]
04-09 23:13:45.139 I/am_pss  ( 3877): [8548,10090,com.sec.android.app.launcher,123422720,67761152,52683776]
04-09 23:13:47.466 I/power_partial_wake_state( 3877): [11,RILJ:com.android.phone]
04-09 23:13:48.887 I/am_uid_idle( 3877): 10153
04-09 23:13:50.543 I/am_pss  ( 3877): [1072,10214,com.crunchyroll.crunchyroid,129701888,106254336,243712]
04-09 23:13:50.585 I/am_pss  ( 3877): [1322,99245,com.android.chrome:sandboxed_process0,52667392,30818304,465920]
04-09 23:13:51.622 I/notification_cancel( 3877): [10004,7536,com.android.systemui,2,low_battery,-1,0,1088,8,NULL]
04-09 23:13:51.626 I/notification_cancel( 3877): [10004,7536,com.android.systemui,3,low_battery,-1,0,1088,8,NULL]
04-09 23:13:55.877 I/am_pss  ( 3877): [20879,10055,com.android.vending,65794048,44986368,19708928]
04-09 23:13:57.194 I/am_uid_idle( 3877): 99244
04-09 23:13:57.194 I/am_uid_idle( 3877): 10234
04-09 23:13:57.195 I/am_stop_idle_service( 3877): [10234,com.cloudmosa.puffinFree/com.cloudmosa.app.TaskRemovalMonitorService]
04-09 23:13:57.554 I/power_partial_wake_state( 3877): [13,RILJ:com.android.phone]
04-09 23:13:59.351 I/liblog  ( 3877): 96
04-09 23:14:00.130 I/power_partial_wake_state( 3877): [128,*alarm*:android]
04-09 23:14:00.753 I/liblog  ( 3877): 45
04-09 23:14:01.331 I/liblog  ( 3877): 68
04-09 23:14:01.589 I/am_pss  ( 3877): [27645,10092,com.google.android.googlequicksearchbox:search,134284288,67907584,63858688]
04-09 23:14:01.743 I/notification_cancel( 3877): [10004,7536,com.android.systemui,2,low_battery,-1,0,1088,8,NULL]
04-09 23:14:01.746 I/notification_cancel( 3877): [10004,7536,com.android.systemui,3,low_battery,-1,0,1088,8,NULL]
04-09 23:14:02.324 I/liblog  ( 3877): 2
04-09 23:14:02.327 I/liblog  ( 3877): 4
04-09 23:14:02.454 I/liblog  ( 3877): 5
04-09 23:14:05.934 I/am_pss  ( 3877): [18054,1000,com.samsung.android.MtpApplication,8053760,53248,7561216]
04-09 23:14:06.377 I/liblog  ( 3877): 14
04-09 23:14:07.340 I/am_pss  ( 3877): [10416,10030,com.google.android.gms,81058816,46125056,29284352]
04-09 23:14:07.395 I/am_pss  ( 3877): [16676,99061,com.android.chrome:sandboxed_process0,48976896,20025344,25520128]
04-09 23:14:07.608 I/power_partial_wake_state( 3877): [13,RILJ:com.android.phone]
04-09 23:14:07.712 I/power_partial_wake_state( 3877): [2,RILJ:com.android.phone]
04-09 23:14:11.873 I/notification_cancel( 3877): [10004,7536,com.android.systemui,2,low_battery,-1,0,1088,8,NULL]
04-09 23:14:11.879 I/notification_cancel( 3877): [10004,7536,com.android.systemui,3,low_battery,-1,0,1088,8,NULL]
04-09 23:14:12.314 I/liblog  ( 3877): 36
04-09 23:14:12.317 I/liblog  ( 3877): 17
04-09 23:14:12.721 I/liblog  ( 3877): 17
04-09 23:14:12.784 I/content_query_sample( 8663): contents_sample_state: [CONTACT contacts(0) data(0) accounts({}) accounts deleted({}) calls([]) countryIso(KR) userId(0)  ]
04-09 23:14:12.784 I/content_query_sample( 8663): contents_sample_state: [ agr({})  ]
04-09 23:14:12.784 I/content_query_sample( 8663): contents_sample_state: [ actCnt({android.process.acore(8663)=1})  ]
04-09 23:14:12.784 I/content_query_sample( 8663): contents_sample_state: [PROFILE contacts(0) data(0) accounts({})  ]
04-09 23:14:12.784 I/content_query_sample( 8663): contents_sample_state: [SAPROFILE contacts(1) data(1) accounts({vnd.sec.contact.phone (1)=1})  ]
04-09 23:14:14.944 I/force_gc( 3877): Binder
04-09 23:14:16.642 I/force_gc(27703): Binder
04-09 23:14:17.657 I/power_partial_wake_state( 3877): [10,RILJ:com.android.phone]
04-09 23:14:20.263 I/am_uid_idle( 3877): 99245
04-09 23:14:20.263 I/am_uid_idle( 3877): 10214
04-09 23:14:21.694 I/am_uid_stopped( 3877): 10028
04-09 23:14:21.699 I/am_kill ( 3877): [0,28895,com.samsung.android.game.gametools,0,11,stop com.samsung.android.game.gametools,from pid 28895]
04-09 23:14:21.702 I/am_schedule_service_restart( 3877): [0,com.samsung.android.game.gametools/.floatingui.service.internal.GameToolsService,1000]
04-09 23:14:21.702 I/am_broadcast_discard_app( 3877): [0,109890636,gametools.killbymyself,0,ResolveInfo{1a8d05 com.samsung.android.game.gametools/.floatingui.receiver.IdleSuicideReceiver m=0x0}]
04-09 23:14:21.739 I/notification_cancel_all( 3877): [1000,3877,com.samsung.android.game.gametools,0,0,0,5,NULL]
04-09 23:14:21.963 I/notification_cancel( 3877): [10004,7536,com.android.systemui,2,low_battery,-1,0,1088,8,NULL]
