04-09 23:05:01.806 I/am_uid_stopped( 3877): 10221
04-09 23:05:01.810 I/wm_task_removed( 3877): [303,removeAppToken: last token]
04-09 23:05:01.810 I/wm_task_removed( 3877): [303,removeTask]
04-09 23:05:01.849 I/power_partial_wake_state( 3877): [13,NlpWakeLock:com.google.android.gms]
04-09 23:05:01.880 I/am_proc_died( 3877): [0,21015,com.android.chrome:sandboxed_process0,900,17,1016,601]
04-09 23:05:01.881 I/am_schedule_service_restart( 3877): [0,com.gjg.colorfill3d/org.chromium.content.app.SandboxedProcessService0,60549]
04-09 23:05:01.881 I/am_uid_stopped( 3877): 99226
04-09 23:05:01.905 I/am_proc_died( 3877): [0,17497,com.android.chrome:sandboxed_process0,0,11,1037,601]
04-09 23:05:01.905 I/am_uid_stopped( 3877): 99220
04-09 23:05:01.975 I/am_proc_died( 3877): [0,15342,me.pou.app,900,17,1109,601]
04-09 23:05:01.976 I/am_uid_stopped( 3877): 10226
04-09 23:05:01.978 I/wm_task_removed( 3877): [299,removeAppToken: last token]
04-09 23:05:01.978 I/wm_task_removed( 3877): [299,removeTask]
04-09 23:05:01.997 I/am_proc_died( 3877): [0,21385,com.etsy.android,900,17,1137,601]
04-09 23:05:01.997 I/am_uid_stopped( 3877): 10213
04-09 23:05:02.025 I/wm_task_removed( 3877): [312,removeAppToken: last token]
04-09 23:05:02.025 I/wm_task_removed( 3877): [312,removeTask]
04-09 23:05:02.045 I/am_proc_died( 3877): [0,19703,com.appstar.callrecorder,900,17,1210,601]
04-09 23:05:02.048 I/am_uid_stopped( 3877): 10217
04-09 23:05:02.054 I/wm_task_removed( 3877): [309,removeAppToken: last token]
04-09 23:05:02.054 I/wm_task_removed( 3877): [309,removeTask]
04-09 23:05:02.073 I/am_proc_died( 3877): [0,15905,com.android.chrome:sandboxed_process0,900,17,1259,601]
04-09 23:05:02.073 I/am_schedule_service_restart( 3877): [0,com.seenax.HideAndSeek/org.chromium.content.app.SandboxedProcessService0,70356]
04-09 23:05:02.073 I/am_uid_stopped( 3877): 99219
04-09 23:05:02.091 I/am_proc_died( 3877): [0,16585,org.telegram.messenger,900,17,1296,601]
04-09 23:05:02.091 I/am_uid_stopped( 3877): 10228
04-09 23:05:02.093 I/wm_task_removed( 3877): [301,removeAppToken: last token]
04-09 23:05:02.093 I/wm_task_removed( 3877): [301,removeTask]
04-09 23:05:02.132 I/am_proc_died( 3877): [0,18529,com.gokids.transport2,900,17,1369,602]
04-09 23:05:02.133 I/am_uid_stopped( 3877): 10216
04-09 23:05:02.194 I/wm_task_removed( 3877): [307,removeAppToken: last token]
04-09 23:05:02.194 I/wm_task_removed( 3877): [307,removeTask]
04-09 23:05:02.214 I/am_proc_died( 3877): [0,17314,com.samsung.SMT,0,11,1482,603]
04-09 23:05:02.244 I/am_proc_died( 3877): [0,21717,com.blockchainvault,900,17,1512,603]
04-09 23:05:02.245 I/am_uid_stopped( 3877): 10236
04-09 23:05:02.254 I/wm_task_removed( 3877): [313,removeAppToken: last token]
04-09 23:05:02.258 I/wm_task_removed( 3877): [313,removeTask]
04-09 23:05:02.292 I/am_proc_died( 3877): [0,19091,com.fingersoft.hillclimb,900,17,1530,606]
04-09 23:05:02.293 I/am_uid_stopped( 3877): 10215
04-09 23:05:02.324 I/wm_task_removed( 3877): [308,removeAppToken: last token]
04-09 23:05:02.324 I/wm_task_removed( 3877): [308,removeTask]
04-09 23:05:02.448 I/am_proc_died( 3877): [0,22160,com.soccer.score.star,900,17,1881,614]
04-09 23:05:02.463 I/am_uid_stopped( 3877): 10233
04-09 23:05:02.481 I/wm_task_removed( 3877): [314,removeAppToken: last token]
04-09 23:05:02.481 I/wm_task_removed( 3877): [314,removeTask]
04-09 23:05:02.502 I/am_proc_died( 3877): [0,18187,com.king.candycrushsodasaga,900,17,1918,614]
04-09 23:05:02.503 I/am_uid_stopped( 3877): 10204
04-09 23:05:02.507 I/wm_task_removed( 3877): [306,removeAppToken: last token]
04-09 23:05:02.507 I/wm_task_removed( 3877): [306,removeTask]
04-09 23:05:02.728 I/am_proc_died( 3877): [0,17776,com.coinbase.android,900,17,2045,615]
04-09 23:05:02.728 I/am_uid_stopped( 3877): 10211
04-09 23:05:02.739 I/wm_task_removed( 3877): [305,removeAppToken: last token]
04-09 23:05:02.739 I/wm_task_removed( 3877): [305,removeTask]
04-09 23:05:02.885 I/power_partial_wake_state( 3877): [1065,NlpCollectorWakeLock:com.google.android.gms]
04-09 23:05:02.887 I/power_partial_wake_state( 3877): [8,NlpWakeLock:com.google.android.gms]
04-09 23:05:03.095 I/am_proc_died( 3877): [0,15736,com.seenax.HideAndSeek,900,17,2434,616]
04-09 23:05:03.098 I/am_uid_stopped( 3877): 10227
04-09 23:05:03.116 I/wm_task_removed( 3877): [300,removeAppToken: last token]
04-09 23:05:03.116 I/wm_task_removed( 3877): [300,removeTask]
04-09 23:05:03.149 I/am_proc_died( 3877): [0,20514,com.gjg.colorfill3d,900,17,2437,616]
04-09 23:05:03.152 I/am_uid_stopped( 3877): 10210
04-09 23:05:03.164 I/wm_task_removed( 3877): [311,removeAppToken: last token]
04-09 23:05:03.164 I/wm_task_removed( 3877): [311,removeTask]
04-09 23:05:04.646 I/power_partial_wake_state( 3877): [15,RILJ:com.android.phone]
04-09 23:05:05.301 I/power_partial_wake_state( 3877): [3005,AudioMix:audioserver]
04-09 23:05:05.954 I/notification_cancel( 3877): [10004,7536,com.android.systemui,2,low_battery,-1,0,1088,8,NULL]
04-09 23:05:05.955 I/notification_cancel( 3877): [10004,7536,com.android.systemui,3,low_battery,-1,0,1088,8,NULL]
04-09 23:05:06.966 I/am_pss  ( 3877): [20316,5019,com.samsung.visionprovider:VisionFramework,9138176,2756608,5558272]
04-09 23:05:07.026 I/am_pss  ( 3877): [20220,5004,com.samsung.cmh:CMH,16819200,8318976,7513088]
04-09 23:05:07.076 I/am_pss  ( 3877): [20390,5004,com.samsung.storyservice,8450048,192512,7540736]
04-09 23:05:07.117 I/am_pss  ( 3877): [11401,5004,com.samsung.enhanceservice,7538688,163840,5998592]
04-09 23:05:07.159 I/am_pss  ( 3877): [20802,5004,com.samsung.mlp,12108800,430080,8109056]
04-09 23:05:07.191 I/am_pss  ( 3877): [21997,5004,com.samsung.dcmservice,9388032,5595136,315392]
04-09 23:05:07.220 I/am_pss  ( 3877): [20739,5004,com.samsung.ipservice,8910848,5107712,757760]
04-09 23:05:07.247 I/am_pss  ( 3877): [22875,5004,com.samsung.faceservice,35978240,31137792,280576]
04-09 23:05:09.147 I/content_query_sample( 8663): contents_sample_state: [CONTACT contacts(0) data(0) accounts({}) accounts deleted({}) calls([]) countryIso(KR) userId(0)  ]
04-09 23:05:09.147 I/content_query_sample( 8663): contents_sample_state: [ agr({})  ]
04-09 23:05:09.147 I/content_query_sample( 8663): contents_sample_state: [ actCnt({android.process.acore(8663)=1})  ]
04-09 23:05:09.147 I/content_query_sample( 8663): contents_sample_state: [PROFILE contacts(0) data(0) accounts({})  ]
04-09 23:05:09.147 I/content_query_sample( 8663): contents_sample_state: [SAPROFILE contacts(1) data(1) accounts({vnd.sec.contact.phone (1)=1})  ]
04-09 23:05:09.919 I/am_new_intent( 3877): [0,11045830,5,com.sec.android.app.launcher/.activities.LauncherActivity,android.intent.action.MAIN,NULL,NULL,278921216,android]
04-09 23:05:09.920 I/wm_task_moved( 3877): [5,1,0]
04-09 23:05:13.232 I/am_uid_running( 3877): 10202
04-09 23:05:13.246 I/am_proc_start( 3877): [0,23214,10202,com.bitstrips.imoji,activity,com.bitstrips.imoji/.ui.activities.LandingActivity]
04-09 23:05:13.276 I/wm_task_created( 3877): [317,1]
04-09 23:05:13.277 I/wm_task_moved( 3877): [317,1,10]
04-09 23:05:13.277 I/am_focused_stack( 3877): [0,1,0,reuseOrNewTask]
04-09 23:05:13.277 I/wm_task_moved( 3877): [317,1,10]
04-09 23:05:13.277 I/am_create_task( 3877): [0,317]
04-09 23:05:13.277 I/am_create_activity( 3877): [0,236619163,317,com.bitstrips.imoji/.ui.activities.LandingActivity,android.intent.action.MAIN,NULL,NULL,270532608,com.sec.android.app.launcher]
04-09 23:05:13.277 I/wm_task_moved( 3877): [317,1,10]
04-09 23:05:13.280 I/am_pause_activity( 3877): [0,264590503,com.sec.android.app.launcher/.activities.LauncherActivity]
04-09 23:05:13.284 I/am_proc_bound( 3877): [0,23214,com.bitstrips.imoji]
04-09 23:05:13.296 I/am_destroy_activity( 3877): [0,188357486,297,io.faceapp/.PhotoMainActivity,finish-idle]
04-09 23:05:13.330 I/wm_task_removed( 3877): [297,removeAppToken: last token]
04-09 23:05:13.330 I/wm_task_removed( 3877): [297,removeTask]
04-09 23:05:13.335 I/am_destroy_activity( 3877): [0,150566213,296,com.yodo1.crossyroad/com.hipsterwhale.hwutils.OverrideUnityActivity,finish-idle]
04-09 23:05:13.341 I/wm_task_removed( 3877): [296,removeAppToken: last token]
04-09 23:05:13.342 I/wm_task_removed( 3877): [296,removeTask]
04-09 23:05:13.343 I/am_destroy_activity( 3877): [0,244057557,295,com.rizwan.simplepdfreader2018/.ui.activity.MainActivity,finish-idle]
04-09 23:05:13.343 I/wm_task_removed( 3877): [295,removeAppToken: last token]
04-09 23:05:13.343 I/wm_task_removed( 3877): [295,removeTask]
04-09 23:05:13.343 I/am_destroy_activity( 3877): [0,238487361,294,com.nytimes.crossword/com.nytimes.crosswordlib.activity.MainActivity,finish-idle]
04-09 23:05:13.343 I/wm_task_removed( 3877): [294,removeAppToken: last token]
04-09 23:05:13.343 I/wm_task_removed( 3877): [294,removeTask]
04-09 23:05:13.344 I/am_destroy_activity( 3877): [0,219764230,293,com.king.candycrushsaga/.CandyCrushSagaActivity,finish-idle]
04-09 23:05:13.344 I/wm_task_removed( 3877): [293,removeAppToken: last token]
04-09 23:05:13.344 I/wm_task_removed( 3877): [293,removeTask]
04-09 23:05:13.344 I/am_destroy_activity( 3877): [0,191355205,292,com.king.candycrushjellysaga/.StritzActivity,finish-idle]
04-09 23:05:13.344 I/wm_task_removed( 3877): [292,removeAppToken: last token]
04-09 23:05:13.344 I/wm_task_removed( 3877): [292,removeTask]
04-09 23:05:13.344 I/am_destroy_activity( 3877): [0,68061199,291,com.whatsapp/.registration.EULA,finish-idle]
04-09 23:05:13.344 I/wm_task_removed( 3877): [291,removeAppToken: last token]
04-09 23:05:13.344 I/wm_task_removed( 3877): [291,removeTask]
04-09 23:05:13.344 I/am_destroy_activity( 3877): [0,220492879,290,com.amazon.sellermobile.android/.auth.PreLoginActivity,finish-idle]
04-09 23:05:13.344 I/wm_task_removed( 3877): [290,removeAppToken: last token]
04-09 23:05:13.344 I/wm_task_removed( 3877): [290,removeTask]
04-09 23:05:13.345 I/am_destroy_activity( 3877): [0,114853842,289,com.bitstrips.imoji/.ui.LoginActivity,finish-idle]
04-09 23:05:13.349 I/wm_task_removed( 3877): [289,removeAppToken: last token]
04-09 23:05:13.350 I/wm_task_removed( 3877): [289,removeTask]
04-09 23:05:13.356 I/am_on_paused_called( 8548): [0,com.sec.android.app.launcher.activities.LauncherActivity,handlePauseActivity]
04-09 23:05:13.360 I/am_uid_active( 3877): 10202
04-09 23:05:13.360 I/am_restart_activity( 3877): [0,236619163,317,com.bitstrips.imoji/.ui.activities.LandingActivity]
04-09 23:05:13.361 I/am_set_resumed_activity( 3877): [0,com.bitstrips.imoji/.ui.activities.LandingActivity,minimalResumeActivityLocked]
04-09 23:05:13.370 I/am_pss  ( 3877): [8548,10090,com.sec.android.app.launcher,167859200,109871104,55241728]
04-09 23:05:13.370 I/sysui_count( 3877): [window_time_0,13]
04-09 23:05:13.370 I/sysui_multi_action( 3877): [757,803,799,window_time_0,802,13]
04-09 23:05:13.409 I/am_pss  ( 3877): [7573,5009,com.samsung.android.scloud:auth,8611840,1118208,5852160]
04-09 23:05:13.607 I/wm_task_moved( 3877): [317,1,1]
04-09 23:05:13.608 I/am_create_activity( 3877): [0,39479424,317,com.bitstrips.imoji/.ui.LoginActivity,android.intent.action.MAIN,NULL,NULL,100663296,com.bitstrips.imoji]
04-09 23:05:13.609 I/am_pause_activity( 3877): [0,236619163,com.bitstrips.imoji/.ui.activities.LandingActivity]
04-09 23:05:13.613 I/am_finish_activity( 3877): [0,236619163,317,com.bitstrips.imoji/.ui.activities.LandingActivity,app-request]
04-09 23:05:13.616 I/sysui_count( 3877): [window_time_0,0]
04-09 23:05:13.616 I/sysui_multi_action( 3877): [757,803,799,window_time_0,802,0]
04-09 23:05:13.633 I/am_restart_activity( 3877): [0,39479424,317,com.bitstrips.imoji/.ui.LoginActivity]
04-09 23:05:13.634 I/am_set_resumed_activity( 3877): [0,com.bitstrips.imoji/.ui.LoginActivity,minimalResumeActivityLocked]
04-09 23:05:13.640 I/sysui_count( 3877): [window_time_0,0]
04-09 23:05:13.640 I/sysui_multi_action( 3877): [757,803,799,window_time_0,802,0]
04-09 23:05:14.676 I/power_partial_wake_state( 3877): [6,RILJ:com.android.phone]
04-09 23:05:16.025 I/notification_cancel( 3877): [10004,7536,com.android.systemui,2,low_battery,-1,0,1088,8,NULL]
04-09 23:05:16.025 I/am_on_resume_called(23214): [0,com.bitstrips.imoji.ui.LoginActivity,LAUNCH_ACTIVITY]
04-09 23:05:16.026 I/notification_cancel( 3877): [10004,7536,com.android.systemui,3,low_battery,-1,0,1088,8,NULL]
04-09 23:05:16.031 I/notification_enqueue( 3877): [10004,7536,com.android.systemui,2131362716,charging_state,-1,Notification(channel=GEN pri=-2 contentView=null vibrate=null sound=null defaults=0x0 flags=0xa color=0xff607d8b category=sys number=0 vis=PUBLIC semFlags=0x0 semPriority=0 semMissedCount=0),1,NULL]
04-09 23:05:16.110 I/power_partial_wake_state( 3877): [2830,*launch*:android]
04-09 23:05:16.127 I/am_activity_launch_time( 3877): [0,39479424,com.bitstrips.imoji/.ui.LoginActivity,2483,2828]
04-09 23:05:16.128 I/am_destroy_activity( 3877): [0,236619163,317,com.bitstrips.imoji/.ui.activities.LandingActivity,finish-imm]
04-09 23:05:16.129 I/am_stop_activity( 3877): [0,264590503,com.sec.android.app.launcher/.activities.LauncherActivity]
04-09 23:05:16.134 I/am_on_stop_called( 8548): [0,com.sec.android.app.launcher.activities.LauncherActivity,handleStopActivity]
04-09 23:05:23.277 I/am_meminfo( 3877): [358080512,2382643200,0,673861632,385239040]
04-09 23:05:23.487 I/am_pss  ( 3877): [23214,10202,com.bitstrips.imoji,95458304,84598784,589824]
04-09 23:05:23.950 I/am_new_intent( 3877): [0,138214809,5,com.sec.android.app.launcher/.activities.LauncherActivity,android.intent.action.MAIN,NULL,NULL,278921216,android]
04-09 23:05:23.950 I/wm_task_moved( 3877): [5,1,0]
04-09 23:05:23.951 I/am_focused_stack( 3877): [0,0,1,bringingFoundTaskToFront]
04-09 23:05:23.951 I/wm_task_moved( 3877): [5,1,0]
04-09 23:05:23.951 I/am_pause_activity( 3877): [0,39479424,com.bitstrips.imoji/.ui.LoginActivity]
04-09 23:05:23.953 I/am_on_paused_called(23214): [0,com.bitstrips.imoji.ui.LoginActivity,handlePauseActivity]
04-09 23:05:23.959 I/am_set_resumed_activity( 3877): [0,com.sec.android.app.launcher/.activities.LauncherActivity,resumeTopActivityInnerLocked]
04-09 23:05:23.990 I/am_resume_activity( 3877): [0,264590503,5,com.sec.android.app.launcher/.activities.LauncherActivity]
04-09 23:05:23.992 I/am_task_to_front( 3877): [0,5]
04-09 23:05:23.995 I/sysui_count( 3877): [window_time_0,10]
04-09 23:05:23.995 I/sysui_multi_action( 3877): [757,803,799,window_time_0,802,10]
04-09 23:05:23.996 I/am_stop_activity( 3877): [0,39479424,com.bitstrips.imoji/.ui.LoginActivity]
04-09 23:05:24.012 I/am_on_stop_called(23214): [0,com.bitstrips.imoji.ui.LoginActivity,handleStopActivity]
04-09 23:05:24.018 I/am_on_resume_called( 8548): [0,com.sec.android.app.launcher.activities.LauncherActivity,RESUME_ACTIVITY]
04-09 23:05:24.064 I/force_gc(23679): Binder
04-09 23:05:24.077 I/power_partial_wake_state( 3877): [123,*launch*:android]
04-09 23:05:24.195 I/power_partial_wake_state( 3877): [138,Icing:com.google.android.gms]
04-09 23:05:24.699 I/power_partial_wake_state( 3877): [5,RILJ:com.android.phone]
04-09 23:05:26.159 I/notification_cancel( 3877): [10004,7536,com.android.systemui,2,low_battery,-1,0,1088,8,NULL]
04-09 23:05:26.163 I/notification_cancel( 3877): [10004,7536,com.android.systemui,3,low_battery,-1,0,1088,8,NULL]
04-09 23:05:26.884 I/am_uid_running( 3877): 10220
04-09 23:05:26.907 I/am_proc_start( 3877): [0,23375,10220,com.amazon.sellermobile.android,activity,com.amazon.sellermobile.android/com.amazon.mShop.home.MainActivity]
04-09 23:05:26.939 I/wm_task_created( 3877): [318,1]
04-09 23:05:26.940 I/wm_task_moved( 3877): [318,1,2]
04-09 23:05:26.940 I/am_focused_stack( 3877): [0,1,0,reuseOrNewTask]
04-09 23:05:26.940 I/wm_task_moved( 3877): [318,1,2]
04-09 23:05:26.940 I/am_create_task( 3877): [0,318]
04-09 23:05:26.941 I/am_create_activity( 3877): [0,91213424,318,com.amazon.sellermobile.android/com.amazon.mShop.home.MainActivity,android.intent.action.MAIN,NULL,NULL,270532608,com.sec.android.app.launcher]
04-09 23:05:26.941 I/wm_task_moved( 3877): [318,1,2]
04-09 23:05:26.941 I/am_pause_activity( 3877): [0,264590503,com.sec.android.app.launcher/.activities.LauncherActivity]
04-09 23:05:26.945 I/am_proc_bound( 3877): [0,23375,com.amazon.sellermobile.android]
04-09 23:05:26.956 I/am_on_paused_called( 8548): [0,com.sec.android.app.launcher.activities.LauncherActivity,handlePauseActivity]
04-09 23:05:26.958 I/am_uid_active( 3877): 10220
04-09 23:05:26.958 I/am_restart_activity( 3877): [0,91213424,318,com.amazon.sellermobile.android/com.amazon.mShop.home.MainActivity]
04-09 23:05:26.960 I/power_partial_wake_state( 3877): [0,RILJ:com.android.phone]
04-09 23:05:26.964 I/am_set_resumed_activity( 3877): [0,com.amazon.sellermobile.android/com.amazon.mShop.home.MainActivity,minimalResumeActivityLocked]
04-09 23:05:26.981 I/sysui_count( 3877): [window_time_0,3]
04-09 23:05:26.981 I/sysui_multi_action( 3877): [757,803,799,window_time_0,802,3]
04-09 23:05:27.116 I/force_gc( 3877): Binder
04-09 23:05:27.226 I/am_uid_running( 3877): 99230
04-09 23:05:27.243 I/am_proc_start( 3877): [0,23415,99230,com.android.chrome:sandboxed_process0,webview_service,com.amazon.sellermobile.android/org.chromium.content.app.SandboxedProcessService0]
04-09 23:05:27.337 I/am_proc_bound( 3877): [0,23415,com.android.chrome:sandboxed_process0]
04-09 23:05:27.340 I/am_uid_active( 3877): 99230
04-09 23:05:27.510 I/liblog  (23375): 38
04-09 23:05:27.850 I/am_on_resume_called(23375): [0,com.amazon.mShop.home.MainActivity,LAUNCH_ACTIVITY]
04-09 23:05:27.917 I/power_partial_wake_state( 3877): [33,*job*/com.amazon.sellermobile.android/com.amazon.mls.config.internal.sushi.uploader.BackupUploaderService:android]
04-09 23:05:27.954 I/notification_cancel( 3877): [10220,23375,com.amazon.sellermobile.android,10436,NULL,0,0,1088,8,NULL]
04-09 23:05:27.968 I/power_partial_wake_state( 3877): [1025,*launch*:android]
04-09 23:05:27.971 I/am_activity_launch_time( 3877): [0,91213424,com.amazon.sellermobile.android/com.amazon.mShop.home.MainActivity,1007,1007]
04-09 23:05:28.328 I/am_stop_activity( 3877): [0,264590503,com.sec.android.app.launcher/.activities.LauncherActivity]
04-09 23:05:28.329 I/am_on_stop_called( 8548): [0,com.sec.android.app.launcher.activities.LauncherActivity,handleStopActivity]
04-09 23:05:28.560 I/wm_task_moved( 3877): [318,1,2]
04-09 23:05:28.561 I/am_create_activity( 3877): [0,28049523,318,com.amazon.sellermobile.android/.auth.PreLoginActivity,NULL,NULL,NULL,0,com.amazon.sellermobile.android]
04-09 23:05:28.562 I/am_pause_activity( 3877): [0,91213424,com.amazon.sellermobile.android/com.amazon.mShop.home.MainActivity]
04-09 23:05:28.568 I/am_finish_activity( 3877): [0,91213424,318,com.amazon.sellermobile.android/com.amazon.mShop.home.MainActivity,app-request]
04-09 23:05:28.570 I/sysui_count( 3877): [window_time_0,2]
04-09 23:05:28.570 I/sysui_multi_action( 3877): [757,803,799,window_time_0,802,2]
04-09 23:05:28.580 I/am_on_paused_called(23375): [0,com.amazon.mShop.home.MainActivity,handlePauseActivity]
04-09 23:05:28.582 I/am_restart_activity( 3877): [0,28049523,318,com.amazon.sellermobile.android/.auth.PreLoginActivity]
04-09 23:05:28.584 I/am_set_resumed_activity( 3877): [0,com.amazon.sellermobile.android/.auth.PreLoginActivity,minimalResumeActivityLocked]
04-09 23:05:28.590 I/sysui_count( 3877): [window_time_0,0]
04-09 23:05:28.590 I/sysui_multi_action( 3877): [757,803,799,window_time_0,802,0]
04-09 23:05:28.659 I/am_on_resume_called(23375): [0,com.amazon.sellermobile.android.auth.PreLoginActivity,LAUNCH_ACTIVITY]
04-09 23:05:28.820 I/am_activity_launch_time( 3877): [0,28049523,com.amazon.sellermobile.android/.auth.PreLoginActivity,236,236]
04-09 23:05:29.842 I/power_partial_wake_state( 3877): [1278,*launch*:android]
04-09 23:05:29.845 I/am_destroy_activity( 3877): [0,91213424,318,com.amazon.sellermobile.android/com.amazon.mShop.home.MainActivity,finish-imm]
04-09 23:05:29.857 I/am_on_stop_called(23375): [0,com.amazon.mShop.home.MainActivity,destroy]
04-09 23:05:29.900 I/am_pss  ( 3877): [22043,10153,com.samsung.android.sm.policy,9102336,5943296,288768]
04-09 23:05:29.943 I/am_pss  ( 3877): [23114,10028,com.samsung.android.game.gametools,15330304,10792960,277504]
04-09 23:05:33.038 I/am_pss  ( 3877): [22382,10030,com.google.process.gapps,11491328,7229440,666624]
04-09 23:05:34.138 I/am_pss  ( 3877): [20879,10055,com.android.vending,65938432,44175360,19557376]
04-09 23:05:34.761 I/power_partial_wake_state( 3877): [14,RILJ:com.android.phone]
04-09 23:05:35.477 I/am_meminfo( 3877): [349712384,2289876992,0,685088768,372823040]
04-09 23:05:35.934 I/sysui_action(23679): [920,1716923979]
04-09 23:05:35.935 I/sysui_multi_action(23679): [757,920,758,4,759,1716923979]
04-09 23:05:35.969 I/power_partial_wake_state( 3877): [50,wake:CollectionChimeraSvc:com.google.android.gms]
04-09 23:05:36.146 I/am_new_intent( 3877): [0,185986147,5,com.sec.android.app.launcher/.activities.LauncherActivity,android.intent.action.MAIN,NULL,NULL,278921216,android]
04-09 23:05:36.146 I/wm_task_moved( 3877): [5,1,0]
04-09 23:05:36.147 I/am_focused_stack( 3877): [0,0,1,bringingFoundTaskToFront]
04-09 23:05:36.147 I/wm_task_moved( 3877): [5,1,0]
04-09 23:05:36.147 I/am_pause_activity( 3877): [0,28049523,com.amazon.sellermobile.android/.auth.PreLoginActivity]
04-09 23:05:36.151 I/am_set_resumed_activity( 3877): [0,com.sec.android.app.launcher/.activities.LauncherActivity,resumeTopActivityInnerLocked]
04-09 23:05:36.157 I/am_resume_activity( 3877): [0,264590503,5,com.sec.android.app.launcher/.activities.LauncherActivity]
04-09 23:05:36.159 I/am_task_to_front( 3877): [0,5]
04-09 23:05:36.160 I/am_on_paused_called(23375): [0,com.amazon.sellermobile.android.auth.PreLoginActivity,handlePauseActivity]
04-09 23:05:36.164 I/am_stop_activity( 3877): [0,28049523,com.amazon.sellermobile.android/.auth.PreLoginActivity]
04-09 23:05:36.194 I/am_on_resume_called( 8548): [0,com.sec.android.app.launcher.activities.LauncherActivity,RESUME_ACTIVITY]
04-09 23:05:36.226 I/notification_cancel( 3877): [10004,7536,com.android.systemui,2,low_battery,-1,0,1088,8,NULL]
04-09 23:05:36.227 I/notification_cancel( 3877): [10004,7536,com.android.systemui,3,low_battery,-1,0,1088,8,NULL]
04-09 23:05:36.231 I/power_partial_wake_state( 3877): [83,*launch*:android]
04-09 23:05:36.396 I/am_on_stop_called(23375): [0,com.amazon.sellermobile.android.auth.PreLoginActivity,handleStopActivity]
04-09 23:05:39.183 I/am_uid_running( 3877): 10224
04-09 23:05:39.204 I/am_proc_start( 3877): [0,23619,10224,com.whatsapp,activity,com.whatsapp/.Main]
04-09 23:05:39.247 I/wm_task_created( 3877): [319,1]
04-09 23:05:39.248 I/wm_task_moved( 3877): [319,1,3]
04-09 23:05:39.248 I/am_focused_stack( 3877): [0,1,0,reuseOrNewTask]
04-09 23:05:39.248 I/wm_task_moved( 3877): [319,1,3]
04-09 23:05:39.248 I/am_create_task( 3877): [0,319]
04-09 23:05:39.248 I/am_create_activity( 3877): [0,64744118,319,com.whatsapp/.Main,android.intent.action.MAIN,NULL,NULL,270532608,com.sec.android.app.launcher]
04-09 23:05:39.248 I/wm_task_moved( 3877): [319,1,3]
04-09 23:05:39.249 I/am_pause_activity( 3877): [0,264590503,com.sec.android.app.launcher/.activities.LauncherActivity]
04-09 23:05:39.258 I/am_proc_bound( 3877): [0,23619,com.whatsapp]
04-09 23:05:39.271 I/am_on_paused_called( 8548): [0,com.sec.android.app.launcher.activities.LauncherActivity,handlePauseActivity]
04-09 23:05:39.277 I/am_uid_active( 3877): 10224
04-09 23:05:39.277 I/am_restart_activity( 3877): [0,64744118,319,com.whatsapp/.Main]
04-09 23:05:39.278 I/am_set_resumed_activity( 3877): [0,com.whatsapp/.Main,minimalResumeActivityLocked]
04-09 23:05:39.282 I/sysui_count( 3877): [window_time_0,10]
04-09 23:05:39.282 I/sysui_multi_action( 3877): [757,803,799,window_time_0,802,10]
04-09 23:05:39.762 I/wm_task_moved( 3877): [319,1,3]
04-09 23:05:39.763 I/wm_task_moved( 3877): [319,1,3]
04-09 23:05:39.763 I/am_create_activity( 3877): [0,175869115,319,com.whatsapp/.registration.EULA,NULL,NULL,NULL,268435456,com.whatsapp]
04-09 23:05:39.764 I/am_pause_activity( 3877): [0,64744118,com.whatsapp/.Main]
04-09 23:05:39.768 I/am_finish_activity( 3877): [0,64744118,319,com.whatsapp/.Main,request-affinity]
04-09 23:05:39.770 I/sysui_count( 3877): [window_time_0,1]
04-09 23:05:39.770 I/sysui_multi_action( 3877): [757,803,799,window_time_0,802,1]
04-09 23:05:39.773 I/am_restart_activity( 3877): [0,175869115,319,com.whatsapp/.registration.EULA]
04-09 23:05:39.774 I/am_set_resumed_activity( 3877): [0,com.whatsapp/.registration.EULA,minimalResumeActivityLocked]
04-09 23:05:39.782 I/sysui_count( 3877): [window_time_0,0]
04-09 23:05:39.782 I/sysui_multi_action( 3877): [757,803,799,window_time_0,802,0]
04-09 23:05:39.942 I/am_on_resume_called(23619): [0,com.whatsapp.registration.EULA,LAUNCH_ACTIVITY]
04-09 23:05:40.070 I/am_activity_launch_time( 3877): [0,175869115,com.whatsapp/.registration.EULA,290,801]
04-09 23:05:40.165 I/power_partial_wake_state( 3877): [916,*launch*:android]
04-09 23:05:40.167 I/am_destroy_activity( 3877): [0,64744118,319,com.whatsapp/.Main,finish-imm]
04-09 23:05:40.168 I/am_stop_activity( 3877): [0,264590503,com.sec.android.app.launcher/.activities.LauncherActivity]
04-09 23:05:40.171 I/am_on_stop_called( 8548): [0,com.sec.android.app.launcher.activities.LauncherActivity,handleStopActivity]
04-09 23:05:40.232 I/power_partial_wake_state( 3877): [11,*job*/com.whatsapp/.crash.upload.ExceptionsUploadService:android]
04-09 23:05:40.259 I/notification_cancel( 3877): [10224,23619,com.whatsapp,2,NULL,0,0,1088,8,NULL]
04-09 23:05:40.312 I/power_partial_wake_state( 3877): [78,com.whatsapp:NtpAction#updateNtp:com.whatsapp]
04-09 23:05:40.313 I/power_partial_wake_state( 3877): [121,*job*/com.whatsapp/.AlarmService:android]
04-09 23:05:44.829 I/power_partial_wake_state( 3877): [8,RILJ:com.android.phone]
04-09 23:05:45.042 I/power_partial_wake_state( 3877): [16,RILJ:com.android.phone]
04-09 23:05:46.342 I/notification_cancel( 3877): [10004,7536,com.android.systemui,2,low_battery,-1,0,1088,8,NULL]
04-09 23:05:46.344 I/notification_cancel( 3877): [10004,7536,com.android.systemui,3,low_battery,-1,0,1088,8,NULL]
04-09 23:05:47.344 I/am_pss  ( 3877): [12480,10116,com.android.chrome,16366592,1126400,10490880]
04-09 23:05:47.606 I/am_meminfo( 3877): [364859392,2178641920,0,693805056,372992000]
04-09 23:05:48.428 I/am_new_intent( 3877): [0,97232914,5,com.sec.android.app.launcher/.activities.LauncherActivity,android.intent.action.MAIN,NULL,NULL,278921216,android]
04-09 23:05:48.428 I/wm_task_moved( 3877): [5,1,0]
04-09 23:05:48.429 I/am_focused_stack( 3877): [0,0,1,bringingFoundTaskToFront]
04-09 23:05:48.429 I/wm_task_moved( 3877): [5,1,0]
04-09 23:05:48.429 I/am_pause_activity( 3877): [0,175869115,com.whatsapp/.registration.EULA]
04-09 23:05:48.433 I/am_set_resumed_activity( 3877): [0,com.sec.android.app.launcher/.activities.LauncherActivity,resumeTopActivityInnerLocked]
04-09 23:05:48.437 I/am_resume_activity( 3877): [0,264590503,5,com.sec.android.app.launcher/.activities.LauncherActivity]
04-09 23:05:48.439 I/am_task_to_front( 3877): [0,5]
04-09 23:05:48.443 I/sysui_count( 3877): [window_time_0,9]
04-09 23:05:48.443 I/sysui_multi_action( 3877): [757,803,799,window_time_0,802,9]
04-09 23:05:48.447 I/am_stop_activity( 3877): [0,175869115,com.whatsapp/.registration.EULA]
04-09 23:05:48.455 I/am_on_paused_called(23619): [0,com.whatsapp.registration.EULA,handlePauseActivity]
04-09 23:05:48.464 I/am_on_stop_called(23619): [0,com.whatsapp.registration.EULA,handleStopActivity]
04-09 23:05:48.469 I/am_on_resume_called( 8548): [0,com.sec.android.app.launcher.activities.LauncherActivity,RESUME_ACTIVITY]
04-09 23:05:48.508 I/power_partial_wake_state( 3877): [77,*launch*:android]
04-09 23:05:51.306 I/am_uid_running( 3877): 10205
04-09 23:05:51.349 I/am_proc_start( 3877): [0,23774,10205,com.king.candycrushjellysaga,activity,com.king.candycrushjellysaga/.StritzActivity]
04-09 23:05:51.382 I/wm_task_created( 3877): [320,1]
04-09 23:05:51.383 I/wm_task_moved( 3877): [320,1,4]
04-09 23:05:51.383 I/am_focused_stack( 3877): [0,1,0,reuseOrNewTask]
04-09 23:05:51.383 I/wm_task_moved( 3877): [320,1,4]
04-09 23:05:51.383 I/am_create_task( 3877): [0,320]
04-09 23:05:51.383 I/am_create_activity( 3877): [0,12668982,320,com.king.candycrushjellysaga/.StritzActivity,android.intent.action.MAIN,NULL,NULL,270532608,com.sec.android.app.launcher]
04-09 23:05:51.383 I/wm_task_moved( 3877): [320,1,4]
04-09 23:05:51.384 I/am_pause_activity( 3877): [0,264590503,com.sec.android.app.launcher/.activities.LauncherActivity]
04-09 23:05:51.388 I/am_proc_bound( 3877): [0,23774,com.king.candycrushjellysaga]
04-09 23:05:51.402 I/am_on_paused_called( 8548): [0,com.sec.android.app.launcher.activities.LauncherActivity,handlePauseActivity]
04-09 23:05:51.405 I/am_uid_active( 3877): 10205
04-09 23:05:51.405 I/am_restart_activity( 3877): [0,12668982,320,com.king.candycrushjellysaga/.StritzActivity]
04-09 23:05:51.406 I/am_set_resumed_activity( 3877): [0,com.king.candycrushjellysaga/.StritzActivity,minimalResumeActivityLocked]
04-09 23:05:51.428 I/sysui_count( 3877): [window_time_0,3]
04-09 23:05:51.428 I/sysui_multi_action( 3877): [757,803,799,window_time_0,802,3]
04-09 23:05:51.898 I/am_on_resume_called(23774): [0,com.king.candycrushjellysaga.StritzActivity,LAUNCH_ACTIVITY]
04-09 23:05:52.041 I/power_partial_wake_state( 3877): [656,*launch*:android]
04-09 23:05:52.168 I/am_activity_launch_time( 3877): [0,12668982,com.king.candycrushjellysaga/.StritzActivity,775,775]
04-09 23:05:52.174 I/am_stop_activity( 3877): [0,264590503,com.sec.android.app.launcher/.activities.LauncherActivity]
04-09 23:05:52.175 I/am_on_stop_called( 8548): [0,com.sec.android.app.launcher.activities.LauncherActivity,handleStopActivity]
04-09 23:05:54.082 I/am_pss  ( 3877): [23214,10202,com.bitstrips.imoji,69416960,59428864,489472]
04-09 23:05:54.861 I/power_partial_wake_state( 3877): [4,RILJ:com.android.phone]
04-09 23:05:55.013 I/power_partial_wake_state( 3877): [3005,AudioMix:audioserver]
04-09 23:05:55.016 I/power_partial_wake_state( 3877): [3007,AudioMix:audioserver]
04-09 23:05:56.058 I/am_proc_start( 3877): [0,23938,1000,com.samsung.android.sm.provider,content provider,com.samsung.android.lool/com.samsung.android.sm.database.SmProvider]
04-09 23:05:56.086 I/am_proc_bound( 3877): [0,23938,com.samsung.android.sm.provider]
04-09 23:05:56.414 I/notification_cancel( 3877): [10004,7536,com.android.systemui,2,low_battery,-1,0,1088,8,NULL]
04-09 23:05:56.415 I/notification_cancel( 3877): [10004,7536,com.android.systemui,3,low_battery,-1,0,1088,8,NULL]
04-09 23:05:56.418 I/notification_enqueue( 3877): [10004,7536,com.android.systemui,2131362716,charging_state,-1,Notification(channel=GEN pri=-2 contentView=null vibrate=null sound=null defaults=0x0 flags=0xa color=0xff607d8b category=sys number=0 vis=PUBLIC semFlags=0x0 semPriority=0 semMissedCount=0),1,NULL]
04-09 23:05:57.800 I/force_gc( 3877): Binder
04-09 23:06:00.023 I/power_partial_wake_state( 3877): [23,*alarm*:android]
04-09 23:06:00.552 I/power_partial_wake_state( 3877): [3,*alarm*:android]
04-09 23:06:00.589 I/am_pss  ( 3877): [7501,10165,com.sec.android.inputmethod,85764096,11747328,72822784]
04-09 23:06:00.618 I/am_pss  ( 3877): [18930,10057,com.sec.spp.push:RemoteDlcProcess,16934912,2461696,13752320]
04-09 23:06:00.627 I/power_partial_wake_state( 3877): [75,*gms_scheduler*:internal:com.google.android.gms]
04-09 23:06:00.696 I/am_pss  ( 3877): [23679,10030,com.google.android.gms.persistent,94706688,56520704,28075008]
04-09 23:06:00.745 I/am_pss  ( 3877): [27703,10092,com.google.android.googlequicksearchbox:interactor,68557824,6238208,57227264]
04-09 23:06:00.779 I/am_pss  ( 3877): [10122,10108,com.kt.android.showtouch,30883840,2876416,24042496]
04-09 23:06:00.803 I/am_pss  ( 3877): [11603,99000,com.android.chrome:sandboxed_process0,6248448,4096,6043648]
04-09 23:06:00.813 I/power_partial_wake_state( 3877): [226,*gms_scheduler*/com.google.android.gms/.measurement.PackageMeasurementTaskService:com.google.android.gms]
04-09 23:06:00.832 I/am_pss  ( 3877): [21732,5006,com.samsung.android.beaconmanager,8779776,4096,8279040]
04-09 23:06:00.863 I/am_pss  ( 3877): [22757,1002,com.android.bluetooth,13609984,1060864,11926528]
04-09 23:06:00.890 I/am_pss  ( 3877): [10599,10013,com.samsung.android.app.cocktailbarservice,22765568,1392640,20374528]
04-09 23:06:00.916 I/am_pss  ( 3877): [8132,1001,com.sec.phone,7960576,4096,7514112]
04-09 23:06:00.943 I/am_pss  ( 3877): [7729,5013,com.sec.location.nsflp2,25997312,8445952,16867328]
04-09 23:06:00.996 I/power_partial_wake_state( 3877): [387,*gms_scheduler*/com.google.android.gms/.instantapps.routing.DomainFilterUpdateService:com.google.android.gms]
04-09 23:06:01.006 I/power_partial_wake_state( 3877): [10,*gms_scheduler*:internal:com.google.android.gms]
04-09 23:06:01.029 I/power_partial_wake_state( 3877): [23,*gms_scheduler*:internal:com.google.android.gms]
04-09 23:06:01.033 I/power_partial_wake_state( 3877): [11,*gms_scheduler*/com.google.android.gms/com.google.android.contextmanager.service.ContextManagerLogsUploadBoundService:com.google.android.gms]
04-09 23:06:01.041 I/power_partial_wake_state( 3877): [7,*gms_scheduler*:internal:com.google.android.gms]
04-09 23:06:01.049 I/power_partial_wake_state( 3877): [16,CMWakeLock:com.google.android.gms]
04-09 23:06:01.050 I/power_partial_wake_state( 3877): [8,*gms_scheduler*:internal:com.google.android.gms]
04-09 23:06:02.214 I/am_pss  ( 3877): [23774,10205,com.king.candycrushjellysaga,314615808,301932544,492544]
04-09 23:06:03.450 I/power_partial_wake_state( 3877): [17,*alarm*:android]
04-09 23:06:06.452 I/power_partial_wake_state( 3877): [3004,com.whatsapp:sendinactive:com.whatsapp]
04-09 23:06:06.535 I/notification_cancel( 3877): [10004,7536,com.android.systemui,2,low_battery,-1,0,1088,8,NULL]
04-09 23:06:06.536 I/notification_cancel( 3877): [10004,7536,com.android.systemui,3,low_battery,-1,0,1088,8,NULL]
04-09 23:06:07.034 I/am_pss  ( 3877): [23375,10220,com.amazon.sellermobile.android,84551680,69009408,494592]
04-09 23:06:07.059 I/am_pss  ( 3877): [23415,99230,com.android.chrome:sandboxed_process0,71681024,59105280,1360896]
04-09 23:06:09.277 I/content_query_sample( 8663): contents_sample_state: [CONTACT contacts(0) data(0) accounts({}) accounts deleted({}) calls([]) countryIso(KR) userId(0)  ]
04-09 23:06:09.277 I/content_query_sample( 8663): contents_sample_state: [ agr({})  ]
04-09 23:06:09.277 I/content_query_sample( 8663): contents_sample_state: [ actCnt({android.process.acore(8663)=1})  ]
04-09 23:06:09.277 I/content_query_sample( 8663): contents_sample_state: [PROFILE contacts(0) data(0) accounts({})  ]
04-09 23:06:09.277 I/content_query_sample( 8663): contents_sample_state: [SAPROFILE contacts(1) data(1) accounts({vnd.sec.contact.phone (1)=1})  ]
04-09 23:06:12.896 I/am_pss  ( 3877): [20879,10055,com.android.vending,69773312,48504832,19356672]
04-09 23:06:12.936 I/am_pss  ( 3877): [8548,10090,com.sec.android.app.launcher,126069760,68994048,54820864]
04-09 23:06:12.974 I/am_pss  ( 3877): [23619,10224,com.whatsapp,82949120,68141056,488448]
04-09 23:06:12.999 I/am_pss  ( 3877): [23114,10028,com.samsung.android.game.gametools,16900096,11055104,262144]
04-09 23:06:13.424 I/am_meminfo( 3877): [442142720,1501921280,0,712384512,384817152]
04-09 23:06:14.100 I/am_new_intent( 3877): [0,15343233,5,com.sec.android.app.launcher/.activities.LauncherActivity,android.intent.action.MAIN,NULL,NULL,278921216,android]
04-09 23:06:14.100 I/wm_task_moved( 3877): [5,1,0]
04-09 23:06:14.100 I/am_focused_stack( 3877): [0,0,1,bringingFoundTaskToFront]
04-09 23:06:14.101 I/wm_task_moved( 3877): [5,1,0]
04-09 23:06:14.101 I/am_pause_activity( 3877): [0,12668982,com.king.candycrushjellysaga/.StritzActivity]
04-09 23:06:14.106 I/am_set_resumed_activity( 3877): [0,com.sec.android.app.launcher/.activities.LauncherActivity,resumeTopActivityInnerLocked]
04-09 23:06:14.111 I/am_resume_activity( 3877): [0,264590503,5,com.sec.android.app.launcher/.activities.LauncherActivity]
04-09 23:06:14.113 I/am_task_to_front( 3877): [0,5]
04-09 23:06:14.116 I/sysui_count( 3877): [window_time_0,22]
04-09 23:06:14.116 I/sysui_multi_action( 3877): [757,803,799,window_time_0,802,22]
04-09 23:06:14.119 I/am_stop_activity( 3877): [0,12668982,com.king.candycrushjellysaga/.StritzActivity]
04-09 23:06:14.122 I/notification_cancel_all( 3877): [10205,23774,com.king.candycrushjellysaga,0,0,64,9,NULL]
04-09 23:06:14.126 I/am_on_paused_called(23774): [0,com.king.candycrushjellysaga.StritzActivity,handlePauseActivity]
04-09 23:06:14.154 I/am_on_resume_called( 8548): [0,com.sec.android.app.launcher.activities.LauncherActivity,RESUME_ACTIVITY]
04-09 23:06:14.159 I/notification_cancel( 3877): [10028,23114,com.samsung.android.game.gametools,2131492873,NULL,0,0,1088,8,NULL]
04-09 23:06:14.190 I/notification_cancel( 3877): [10028,23114,com.samsung.android.game.gametools,2131492869,NULL,0,0,1088,8,NULL]
04-09 23:06:14.217 I/power_partial_wake_state( 3877): [115,*launch*:android]
04-09 23:06:14.242 I/am_on_stop_called(23774): [0,com.king.candycrushjellysaga.StritzActivity,handleStopActivity]
04-09 23:06:14.411 I/power_partial_wake_state( 3877): [94,Icing:com.google.android.gms]
04-09 23:06:14.906 I/power_partial_wake_state( 3877): [12,RILJ:com.android.phone]
04-09 23:06:16.653 I/notification_cancel( 3877): [10004,7536,com.android.systemui,2,low_battery,-1,0,1088,8,NULL]
04-09 23:06:16.655 I/notification_cancel( 3877): [10004,7536,com.android.systemui,3,low_battery,-1,0,1088,8,NULL]
04-09 23:06:16.669 I/notification_enqueue( 3877): [10004,7536,com.android.systemui,2131362716,charging_state,-1,Notification(channel=GEN pri=-2 contentView=null vibrate=null sound=null defaults=0x0 flags=0xa color=0xff607d8b category=sys number=0 vis=PUBLIC semFlags=0x0 semPriority=0 semMissedCount=0),1,NULL]
04-09 23:06:17.040 I/am_uid_running( 3877): 10203
04-09 23:06:17.076 I/am_proc_start( 3877): [0,24104,10203,com.king.candycrushsaga,activity,com.king.candycrushsaga/.CandyCrushSagaActivity]
04-09 23:06:17.120 I/wm_task_created( 3877): [321,1]
04-09 23:06:17.120 I/wm_task_moved( 3877): [321,1,5]
04-09 23:06:17.121 I/am_focused_stack( 3877): [0,1,0,reuseOrNewTask]
04-09 23:06:17.121 I/wm_task_moved( 3877): [321,1,5]
04-09 23:06:17.121 I/am_create_task( 3877): [0,321]
04-09 23:06:17.121 I/am_create_activity( 3877): [0,103109501,321,com.king.candycrushsaga/.CandyCrushSagaActivity,android.intent.action.MAIN,NULL,NULL,270532608,com.sec.android.app.launcher]
04-09 23:06:17.121 I/wm_task_moved( 3877): [321,1,5]
04-09 23:06:17.123 I/am_pause_activity( 3877): [0,264590503,com.sec.android.app.launcher/.activities.LauncherActivity]
04-09 23:06:17.128 I/am_proc_bound( 3877): [0,24104,com.king.candycrushsaga]
04-09 23:06:17.144 I/am_on_paused_called( 8548): [0,com.sec.android.app.launcher.activities.LauncherActivity,handlePauseActivity]
04-09 23:06:17.151 I/am_uid_active( 3877): 10203
04-09 23:06:17.151 I/am_restart_activity( 3877): [0,103109501,321,com.king.candycrushsaga/.CandyCrushSagaActivity]
04-09 23:06:17.152 I/am_set_resumed_activity( 3877): [0,com.king.candycrushsaga/.CandyCrushSagaActivity,minimalResumeActivityLocked]
04-09 23:06:17.183 I/sysui_count( 3877): [window_time_0,3]
04-09 23:06:17.183 I/sysui_multi_action( 3877): [757,803,799,window_time_0,802,3]
04-09 23:06:17.234 I/power_partial_wake_state( 3877): [2932,AudioMix:audioserver]
04-09 23:06:17.238 I/force_gc( 3877): Binder
04-09 23:06:17.746 I/am_on_resume_called(24104): [0,com.king.candycrushsaga.CandyCrushSagaActivity,LAUNCH_ACTIVITY]
04-09 23:06:17.864 I/power_partial_wake_state( 3877): [740,*launch*:android]
04-09 23:06:18.063 I/am_activity_launch_time( 3877): [0,103109501,com.king.candycrushsaga/.CandyCrushSagaActivity,929,929]
04-09 23:06:18.068 I/am_stop_activity( 3877): [0,264590503,com.sec.android.app.launcher/.activities.LauncherActivity]
04-09 23:06:18.069 I/am_on_stop_called( 8548): [0,com.sec.android.app.launcher.activities.LauncherActivity,handleStopActivity]
04-09 23:06:20.332 I/notification_cancel_all( 3877): [10203,24104,com.king.candycrushsaga,0,0,64,9,NULL]
04-09 23:06:20.737 I/power_partial_wake_state( 3877): [3005,AudioMix:audioserver]
04-09 23:06:20.741 I/power_partial_wake_state( 3877): [3009,AudioMix:audioserver]
04-09 23:06:21.429 I/am_pss  ( 3877): [10416,10030,com.google.android.gms,98957312,54226944,28311552]
04-09 23:06:21.460 I/am_pss  ( 3877): [16676,99061,com.android.chrome:sandboxed_process0,34162688,22638592,8593408]
04-09 23:06:23.995 I/am_uid_idle( 3877): 10202
04-09 23:06:24.067 I/power_partial_wake_state( 3877): [2960,PKMService:android]
04-09 23:06:26.444 I/am_pss  ( 3877): [23938,1000,com.samsung.android.sm.provider,13236224,10137600,265216]
04-09 23:06:26.716 I/notification_cancel( 3877): [10004,7536,com.android.systemui,2,low_battery,-1,0,1088,8,NULL]
04-09 23:06:26.716 I/notification_cancel( 3877): [10004,7536,com.android.systemui,3,low_battery,-1,0,1088,8,NULL]
04-09 23:06:27.373 I/power_partial_wake_state( 3877): [0,RILJ:com.android.phone]
04-09 23:06:29.239 I/am_pss  ( 3877): [24104,10203,com.king.candycrushsaga,185944064,169107456,464896]
04-09 23:06:30.414 I/am_meminfo( 3877): [482480128,1127968768,0,698097664,380561408]
04-09 23:06:31.099 I/am_new_intent( 3877): [0,153610377,5,com.sec.android.app.launcher/.activities.LauncherActivity,android.intent.action.MAIN,NULL,NULL,278921216,android]
04-09 23:06:31.099 I/wm_task_moved( 3877): [5,1,0]
04-09 23:06:31.100 I/am_focused_stack( 3877): [0,0,1,bringingFoundTaskToFront]
04-09 23:06:31.100 I/wm_task_moved( 3877): [5,1,0]
04-09 23:06:31.100 I/am_pause_activity( 3877): [0,103109501,com.king.candycrushsaga/.CandyCrushSagaActivity]
04-09 23:06:31.105 I/am_set_resumed_activity( 3877): [0,com.sec.android.app.launcher/.activities.LauncherActivity,resumeTopActivityInnerLocked]
04-09 23:06:31.107 I/am_on_paused_called(24104): [0,com.king.candycrushsaga.CandyCrushSagaActivity,handlePauseActivity]
04-09 23:06:31.110 I/am_resume_activity( 3877): [0,264590503,5,com.sec.android.app.launcher/.activities.LauncherActivity]
04-09 23:06:31.112 I/am_task_to_front( 3877): [0,5]
04-09 23:06:31.115 I/notification_cancel_all( 3877): [10203,24104,com.king.candycrushsaga,0,0,64,9,NULL]
04-09 23:06:31.115 I/sysui_count( 3877): [window_time_0,14]
04-09 23:06:31.115 I/sysui_multi_action( 3877): [757,803,799,window_time_0,802,14]
04-09 23:06:31.123 I/am_stop_activity( 3877): [0,103109501,com.king.candycrushsaga/.CandyCrushSagaActivity]
04-09 23:06:31.138 I/notification_cancel( 3877): [10028,23114,com.samsung.android.game.gametools,2131492873,NULL,0,0,1088,8,NULL]
04-09 23:06:31.153 I/am_on_resume_called( 8548): [0,com.sec.android.app.launcher.activities.LauncherActivity,RESUME_ACTIVITY]
04-09 23:06:31.169 I/notification_cancel( 3877): [10028,23114,com.samsung.android.game.gametools,2131492869,NULL,0,0,1088,8,NULL]
04-09 23:06:31.202 I/power_partial_wake_state( 3877): [100,*launch*:android]
04-09 23:06:31.224 I/am_on_stop_called(24104): [0,com.king.candycrushsaga.CandyCrushSagaActivity,handleStopActivity]
04-09 23:06:34.094 I/am_uid_running( 3877): 10206
04-09 23:06:34.125 I/am_proc_start( 3877): [0,24361,10206,com.nytimes.crossword,activity,com.nytimes.crossword/com.nytimes.crosswordlib.activity.MainActivity]
04-09 23:06:34.169 I/wm_task_created( 3877): [322,1]
04-09 23:06:34.169 I/wm_task_moved( 3877): [322,1,6]
04-09 23:06:34.169 I/am_focused_stack( 3877): [0,1,0,reuseOrNewTask]
04-09 23:06:34.170 I/wm_task_moved( 3877): [322,1,6]
04-09 23:06:34.170 I/am_create_task( 3877): [0,322]
04-09 23:06:34.170 I/am_create_activity( 3877): [0,99465500,322,com.nytimes.crossword/com.nytimes.crosswordlib.activity.MainActivity,android.intent.action.MAIN,NULL,NULL,270532608,com.sec.android.app.launcher]
04-09 23:06:34.170 I/wm_task_moved( 3877): [322,1,6]
04-09 23:06:34.171 I/am_pause_activity( 3877): [0,264590503,com.sec.android.app.launcher/.activities.LauncherActivity]
04-09 23:06:34.176 I/am_proc_bound( 3877): [0,24361,com.nytimes.crossword]
04-09 23:06:34.191 I/am_on_paused_called( 8548): [0,com.sec.android.app.launcher.activities.LauncherActivity,handlePauseActivity]
04-09 23:06:34.197 I/am_uid_active( 3877): 10206
04-09 23:06:34.197 I/am_restart_activity( 3877): [0,99465500,322,com.nytimes.crossword/com.nytimes.crosswordlib.activity.MainActivity]
04-09 23:06:34.198 I/am_set_resumed_activity( 3877): [0,com.nytimes.crossword/com.nytimes.crosswordlib.activity.MainActivity,minimalResumeActivityLocked]
04-09 23:06:34.204 I/sysui_count( 3877): [window_time_0,3]
04-09 23:06:34.204 I/sysui_multi_action( 3877): [757,803,799,window_time_0,802,3]
04-09 23:06:34.217 I/power_partial_wake_state( 3877): [2927,AudioMix:audioserver]
04-09 23:06:34.293 I/force_gc( 3877): Binder
04-09 23:06:34.973 I/power_partial_wake_state( 3877): [8,RILJ:com.android.phone]
04-09 23:06:35.386 I/am_on_resume_called(24361): [0,com.nytimes.crosswordlib.activity.MainActivity,LAUNCH_ACTIVITY]
04-09 23:06:35.828 I/liblog  ( 3877): 9
04-09 23:06:35.894 I/am_uid_running( 3877): 99231
04-09 23:06:35.909 I/am_proc_start( 3877): [0,24557,99231,com.android.chrome:sandboxed_process0,webview_service,com.nytimes.crossword/org.chromium.content.app.SandboxedProcessService0]
04-09 23:06:35.977 I/am_proc_bound( 3877): [0,24557,com.android.chrome:sandboxed_process0]
04-09 23:06:35.979 I/am_uid_active( 3877): 99231
04-09 23:06:36.164 I/am_uid_idle( 3877): 99230
04-09 23:06:36.164 I/am_uid_idle( 3877): 10220
04-09 23:06:36.254 I/liblog  (24361): 83
04-09 23:06:36.262 I/am_activity_launch_time( 3877): [0,99465500,com.nytimes.crossword/com.nytimes.crosswordlib.activity.MainActivity,2077,2077]
04-09 23:06:36.843 I/notification_cancel( 3877): [10004,7536,com.android.systemui,2,low_battery,-1,0,1088,8,NULL]
04-09 23:06:36.843 I/notification_cancel( 3877): [10004,7536,com.android.systemui,3,low_battery,-1,0,1088,8,NULL]
04-09 23:06:36.849 I/notification_enqueue( 3877): [10004,7536,com.android.systemui,2131362716,charging_state,-1,Notification(channel=GEN pri=-2 contentView=null vibrate=null sound=null defaults=0x0 flags=0xa color=0xff607d8b category=sys number=0 vis=PUBLIC semFlags=0x0 semPriority=0 semMissedCount=0),1,NULL]
04-09 23:06:36.958 I/power_partial_wake_state( 3877): [922,*job*/com.nytimes.crossword/androidx.work.impl.background.systemjob.SystemJobService:android]
04-09 23:06:37.093 I/notification_cancel( 3877): [10206,24361,com.nytimes.crossword,10436,NULL,0,0,1088,8,NULL]
04-09 23:06:37.163 I/power_partial_wake_state( 3877): [2990,*launch*:android]
04-09 23:06:37.163 I/am_stop_activity( 3877): [0,264590503,com.sec.android.app.launcher/.activities.LauncherActivity]
04-09 23:06:37.165 I/am_on_stop_called( 8548): [0,com.sec.android.app.launcher.activities.LauncherActivity,handleStopActivity]
04-09 23:06:43.971 I/am_meminfo( 3877): [499130368,898699264,0,710295552,370471936]
04-09 23:06:44.229 I/am_pss  ( 3877): [23774,10205,com.king.candycrushjellysaga,278070272,263614464,443392]
04-09 23:06:44.485 I/am_new_intent( 3877): [0,127790948,5,com.sec.android.app.launcher/.activities.LauncherActivity,android.intent.action.MAIN,NULL,NULL,278921216,android]
04-09 23:06:44.485 I/wm_task_moved( 3877): [5,1,0]
04-09 23:06:44.486 I/am_focused_stack( 3877): [0,0,1,bringingFoundTaskToFront]
04-09 23:06:44.486 I/wm_task_moved( 3877): [5,1,0]
04-09 23:06:44.487 I/am_pause_activity( 3877): [0,99465500,com.nytimes.crossword/com.nytimes.crosswordlib.activity.MainActivity]
04-09 23:06:44.492 I/am_set_resumed_activity( 3877): [0,com.sec.android.app.launcher/.activities.LauncherActivity,resumeTopActivityInnerLocked]
04-09 23:06:44.500 I/am_on_paused_called(24361): [0,com.nytimes.crosswordlib.activity.MainActivity,handlePauseActivity]
04-09 23:06:44.500 I/am_resume_activity( 3877): [0,264590503,5,com.sec.android.app.launcher/.activities.LauncherActivity]
04-09 23:06:44.503 I/am_task_to_front( 3877): [0,5]
04-09 23:06:44.508 I/sysui_count( 3877): [window_time_0,11]
04-09 23:06:44.508 I/sysui_multi_action( 3877): [757,803,799,window_time_0,802,11]
04-09 23:06:44.512 I/am_stop_activity( 3877): [0,99465500,com.nytimes.crossword/com.nytimes.crosswordlib.activity.MainActivity]
04-09 23:06:44.532 I/notification_cancel( 3877): [10028,23114,com.samsung.android.game.gametools,2131492873,NULL,0,0,1088,8,NULL]
04-09 23:06:44.550 I/am_on_resume_called( 8548): [0,com.sec.android.app.launcher.activities.LauncherActivity,RESUME_ACTIVITY]
04-09 23:06:44.579 I/notification_cancel( 3877): [10028,23114,com.samsung.android.game.gametools,2131492869,NULL,0,0,1088,8,NULL]
04-09 23:06:44.593 I/power_partial_wake_state( 3877): [105,*launch*:android]
04-09 23:06:44.648 I/am_on_stop_called(24361): [0,com.nytimes.crosswordlib.activity.MainActivity,handleStopActivity]
04-09 23:06:44.704 I/force_gc(23679): Binder
04-09 23:06:44.797 I/power_partial_wake_state( 3877): [141,Icing:com.google.android.gms]
04-09 23:06:44.994 I/power_partial_wake_state( 3877): [5,RILJ:com.android.phone]
04-09 23:06:45.167 I/power_partial_wake_state( 3877): [15,IntentOp:.common.broadcast.BackgroundBroadcastReceiverSupport$PersistentReceiverIntentOperation:com.google.android.gms]
04-09 23:06:45.230 I/force_gc( 3877): Binder
04-09 23:06:45.238 I/power_partial_wake_state( 3877): [18,nearby:ENWearableDeviceManager:com.google.android.gms]
04-09 23:06:45.333 I/power_partial_wake_state( 3877): [93,Icing:com.google.android.gms]
04-09 23:06:45.494 I/notification_cancel( 3877): [10030,23679,com.google.android.gms,56933,NULL,0,0,1088,8,NULL]
04-09 23:06:45.495 I/notification_cancel( 3877): [10030,23679,com.google.android.gms,56932,NULL,0,0,1088,8,NULL]
04-09 23:06:45.495 I/notification_cancel( 3877): [10030,23679,com.google.android.gms,56935,NULL,0,0,1088,8,NULL]
04-09 23:06:45.495 I/notification_cancel( 3877): [10030,23679,com.google.android.gms,115357,NULL,0,0,1088,8,NULL]
04-09 23:06:45.495 I/notification_cancel( 3877): [10030,23679,com.google.android.gms,115356,NULL,0,0,1088,8,NULL]
04-09 23:06:45.495 I/notification_cancel( 3877): [10030,23679,com.google.android.gms,115358,NULL,0,0,1088,8,NULL]
04-09 23:06:45.961 I/am_uid_active( 3877): 10157
