04-09 23:10:27.269 I/power_partial_wake_state( 3877): [434,*launch*:android]
04-09 23:10:27.432 I/notification_cancel( 3877): [10028,28895,com.samsung.android.game.gametools,2131492869,NULL,0,0,1088,8,NULL]
04-09 23:10:27.512 I/power_partial_wake_state( 3877): [48,Icing:com.google.android.gms]
04-09 23:10:27.623 I/notification_cancel( 3877): [10165,7501,com.sec.android.inputmethod,2130838373,NULL,0,0,1088,8,NULL]
04-09 23:10:27.643 I/power_partial_wake_state( 3877): [756,SCREEN_FROZEN:android]
04-09 23:10:27.684 I/am_on_stop_called(29256): [0,com.gokids.transport2.RunnerActivity,handleStopActivity]
04-09 23:10:29.428 I/notification_cancel( 3877): [10004,7536,com.android.systemui,2,low_battery,-1,0,1088,8,NULL]
04-09 23:10:29.429 I/notification_cancel( 3877): [10004,7536,com.android.systemui,3,low_battery,-1,0,1088,8,NULL]
04-09 23:10:29.849 I/am_uid_running( 3877): 10215
04-09 23:10:29.891 I/power_partial_wake_state( 3877): [2925,AudioMix:audioserver]
04-09 23:10:29.959 I/am_proc_start( 3877): [0,29771,10215,com.fingersoft.hillclimb,activity,com.fingersoft.hillclimb/com.fingersoft.game.MainActivity]
04-09 23:10:29.990 I/wm_task_created( 3877): [336,1]
04-09 23:10:29.991 I/wm_task_moved( 3877): [336,1,20]
04-09 23:10:29.991 I/am_focused_stack( 3877): [0,1,0,reuseOrNewTask]
04-09 23:10:29.991 I/wm_task_moved( 3877): [336,1,20]
04-09 23:10:29.992 I/am_create_task( 3877): [0,336]
04-09 23:10:29.992 I/am_create_activity( 3877): [0,248636072,336,com.fingersoft.hillclimb/com.fingersoft.game.MainActivity,android.intent.action.MAIN,NULL,NULL,270532608,com.sec.android.app.launcher]
04-09 23:10:29.992 I/wm_task_moved( 3877): [336,1,20]
04-09 23:10:29.995 I/am_pause_activity( 3877): [0,264590503,com.sec.android.app.launcher/.activities.LauncherActivity]
04-09 23:10:30.001 I/am_proc_bound( 3877): [0,29771,com.fingersoft.hillclimb]
04-09 23:10:30.020 I/am_on_paused_called( 8548): [0,com.sec.android.app.launcher.activities.LauncherActivity,handlePauseActivity]
04-09 23:10:30.073 I/configuration_changed( 3877): 0x480
04-09 23:10:30.094 I/am_uid_active( 3877): 10215
04-09 23:10:30.094 I/am_restart_activity( 3877): [0,248636072,336,com.fingersoft.hillclimb/com.fingersoft.game.MainActivity]
04-09 23:10:30.096 I/am_set_resumed_activity( 3877): [0,com.fingersoft.hillclimb/com.fingersoft.game.MainActivity,minimalResumeActivityLocked]
04-09 23:10:30.131 I/power_partial_wake_state( 3877): [1,NfcService:mRoutingWakeLock:com.android.nfc]
04-09 23:10:30.160 I/sysui_count( 3877): [window_time_0,3]
04-09 23:10:30.160 I/sysui_multi_action( 3877): [757,803,799,window_time_0,802,3]
04-09 23:10:30.274 I/notification_cancel( 3877): [10165,7501,com.sec.android.inputmethod,2130838373,NULL,0,0,1088,8,NULL]
04-09 23:10:30.388 I/am_pss  ( 3877): [28878,10204,com.king.candycrushsodasaga,221670400,216907776,232448]
04-09 23:10:30.797 I/am_on_resume_called(29771): [0,com.fingersoft.game.MainActivity,LAUNCH_ACTIVITY]
04-09 23:10:31.020 I/power_partial_wake_state( 3877): [984,SCREEN_FROZEN:android]
04-09 23:10:31.033 I/am_activity_launch_time( 3877): [0,248636072,com.fingersoft.hillclimb/com.fingersoft.game.MainActivity,963,963]
04-09 23:10:32.481 I/am_uid_running( 3877): 99239
04-09 23:10:32.510 I/am_proc_start( 3877): [0,29929,99239,com.android.chrome:sandboxed_process0,webview_service,com.fingersoft.hillclimb/org.chromium.content.app.SandboxedProcessService0]
04-09 23:10:32.627 I/am_proc_bound( 3877): [0,29929,com.android.chrome:sandboxed_process0]
04-09 23:10:32.631 I/am_uid_active( 3877): 99239
04-09 23:10:33.127 I/am_pss  ( 3877): [28521,10211,com.coinbase.android,162308096,155369472,221184]
04-09 23:10:33.217 I/sysui_multi_action( 3877): [757,899,758,4,901,12,902,0,903,dc824508-2873-4720-8b3e-e3bb255d5ef2]
04-09 23:10:33.228 I/am_pss  ( 3877): [28691,99237,com.android.chrome:sandboxed_process0,23187456,14249984,211968]
04-09 23:10:33.249 I/sysui_multi_action( 3877): [757,899,758,4,901,4,902,0,903,c55d5b78-e189-4f50-96e9-0234b7053f33]
04-09 23:10:33.272 I/sysui_multi_action( 3877): [757,899,758,4,901,8,902,0,903,e55409f5-a756-4b51-b728-5187f14b215d]
04-09 23:10:33.755 I/notification_cancel( 3877): [10215,29771,com.fingersoft.hillclimb,10436,NULL,0,0,1088,8,NULL]
04-09 23:10:33.762 I/power_partial_wake_state( 3877): [3766,*launch*:android]
04-09 23:10:33.764 I/am_stop_activity( 3877): [0,264590503,com.sec.android.app.launcher/.activities.LauncherActivity]
04-09 23:10:33.767 I/am_on_stop_called( 8548): [0,com.sec.android.app.launcher.activities.LauncherActivity,handleStopActivity]
04-09 23:10:36.900 I/am_pss  ( 3877): [10416,10030,com.google.android.gms,92872704,58109952,29852672]
04-09 23:10:36.947 I/am_pss  ( 3877): [20879,10055,com.android.vending,72016896,51830784,19258368]
04-09 23:10:36.979 I/am_pss  ( 3877): [16676,99061,com.android.chrome:sandboxed_process0,35102720,18808832,14534656]
04-09 23:10:37.841 I/power_partial_wake_state( 3877): [3002,AudioMix:audioserver]
04-09 23:10:38.353 I/am_uid_idle( 3877): 99237
04-09 23:10:38.353 I/am_uid_idle( 3877): 10211
04-09 23:10:39.465 I/notification_cancel( 3877): [10004,7536,com.android.systemui,2,low_battery,-1,0,1088,8,NULL]
04-09 23:10:39.466 I/notification_cancel( 3877): [10004,7536,com.android.systemui,3,low_battery,-1,0,1088,8,NULL]
04-09 23:10:39.470 I/notification_enqueue( 3877): [10004,7536,com.android.systemui,2131362716,charging_state,-1,Notification(channel=GEN pri=-2 contentView=null vibrate=null sound=null defaults=0x0 flags=0xa color=0xff607d8b category=sys number=0 vis=PUBLIC semFlags=0x0 semPriority=0 semMissedCount=0),1,NULL]
04-09 23:10:40.032 I/liblog  ( 3877): 42
04-09 23:10:41.009 I/liblog  ( 3877): 58
04-09 23:10:41.009 I/liblog  ( 3877): 1
04-09 23:10:41.230 I/am_pss  ( 3877): [29771,10215,com.fingersoft.hillclimb,175640576,160468992,211968]
04-09 23:10:41.386 I/liblog  (29771): 52
04-09 23:10:41.403 I/liblog  (29771): 1
04-09 23:10:43.156 I/am_pss  ( 3877): [29929,99239,com.android.chrome:sandboxed_process0,40375296,19234816,209920]
04-09 23:10:45.972 I/power_partial_wake_state( 3877): [0,RILJ:com.android.phone]
04-09 23:10:48.010 I/liblog  ( 3877): 3
04-09 23:10:48.010 I/chatty  ( 3877): uid=1000(system) ConnectivitySer identical 2 lines
04-09 23:10:48.010 I/liblog  ( 3877): 2
04-09 23:10:48.011 I/liblog  ( 3877): 1
04-09 23:10:48.011 I/liblog  ( 3877): 1
04-09 23:10:48.011 I/liblog  ( 3877): 1
04-09 23:10:48.066 I/liblog  ( 3877): 53
04-09 23:10:49.592 I/notification_cancel( 3877): [10004,7536,com.android.systemui,2,low_battery,-1,0,1088,8,NULL]
04-09 23:10:49.593 I/notification_cancel( 3877): [10004,7536,com.android.systemui,3,low_battery,-1,0,1088,8,NULL]
04-09 23:10:50.032 I/liblog  ( 3877): 55
04-09 23:10:50.033 I/liblog  ( 3877): 1
04-09 23:10:50.915 I/am_pss  ( 3877): [28895,10028,com.samsung.android.game.gametools,11959296,9252864,251904]
04-09 23:10:51.084 I/power_partial_wake_state( 3877): [78,Icing:com.google.android.gms]
04-09 23:10:53.484 I/liblog  ( 3877): 43
04-09 23:10:53.484 I/am_pss  ( 3877): [22043,10153,com.samsung.android.sm.policy,7640064,2121728,4252672]
04-09 23:10:55.526 I/am_meminfo( 3877): [108929024,94945280,0,833400832,374963200]
04-09 23:10:56.268 I/am_pss  ( 3877): [8548,10090,com.sec.android.app.launcher,114750464,52466688,61275136]
04-09 23:10:56.309 I/am_new_intent( 3877): [0,79479587,5,com.sec.android.app.launcher/.activities.LauncherActivity,android.intent.action.MAIN,NULL,NULL,278921216,android]
04-09 23:10:56.310 I/wm_task_moved( 3877): [5,1,0]
04-09 23:10:56.311 I/am_focused_stack( 3877): [0,0,1,bringingFoundTaskToFront]
04-09 23:10:56.311 I/wm_task_moved( 3877): [5,1,0]
04-09 23:10:56.312 I/am_pause_activity( 3877): [0,248636072,com.fingersoft.hillclimb/com.fingersoft.game.MainActivity]
04-09 23:10:56.321 I/am_set_resumed_activity( 3877): [0,com.sec.android.app.launcher/.activities.LauncherActivity,resumeTopActivityInnerLocked]
04-09 23:10:56.391 I/configuration_changed( 3877): 0x480
04-09 23:10:56.433 I/am_resume_activity( 3877): [0,264590503,5,com.sec.android.app.launcher/.activities.LauncherActivity]
04-09 23:10:56.438 I/am_task_to_front( 3877): [0,5]
04-09 23:10:56.468 I/sysui_count( 3877): [window_time_0,27]
04-09 23:10:56.468 I/sysui_multi_action( 3877): [757,803,799,window_time_0,802,27]
04-09 23:10:56.469 I/am_on_paused_called(29771): [0,com.fingersoft.game.MainActivity,handlePauseActivity]
04-09 23:10:56.470 I/am_stop_activity( 3877): [0,248636072,com.fingersoft.hillclimb/com.fingersoft.game.MainActivity]
04-09 23:10:56.489 I/power_partial_wake_state( 3877): [3,NfcService:mRoutingWakeLock:com.android.nfc]
04-09 23:10:56.523 I/notification_cancel( 3877): [10028,28895,com.samsung.android.game.gametools,2131492873,NULL,0,0,1088,8,NULL]
04-09 23:10:56.594 I/am_on_resume_called( 8548): [0,com.sec.android.app.launcher.activities.LauncherActivity,RESUME_ACTIVITY]
04-09 23:10:56.687 I/power_partial_wake_state( 3877): [373,*launch*:android]
04-09 23:10:56.756 I/notification_cancel( 3877): [10028,28895,com.samsung.android.game.gametools,2131492869,NULL,0,0,1088,8,NULL]
04-09 23:10:56.759 I/notification_cancel( 3877): [10165,7501,com.sec.android.inputmethod,2130838373,NULL,0,0,1088,8,NULL]
04-09 23:10:56.843 I/power_partial_wake_state( 3877): [49,Icing:com.google.android.gms]
04-09 23:10:56.872 I/power_partial_wake_state( 3877): [525,SCREEN_FROZEN:android]
04-09 23:10:56.956 I/am_on_stop_called(29771): [0,com.fingersoft.game.MainActivity,handleStopActivity]
04-09 23:10:57.329 I/force_gc( 3877): Binder
04-09 23:10:59.189 I/am_uid_running( 3877): 10217
04-09 23:10:59.207 I/am_proc_start( 3877): [0,30323,10217,com.appstar.callrecorder,activity,com.appstar.callrecorder/.MainActivity]
04-09 23:10:59.231 I/wm_task_created( 3877): [337,1]
04-09 23:10:59.231 I/wm_task_moved( 3877): [337,1,21]
04-09 23:10:59.231 I/am_focused_stack( 3877): [0,1,0,reuseOrNewTask]
04-09 23:10:59.231 I/wm_task_moved( 3877): [337,1,21]
04-09 23:10:59.232 I/am_create_task( 3877): [0,337]
04-09 23:10:59.232 I/am_create_activity( 3877): [0,265608089,337,com.appstar.callrecorder/.MainActivity,android.intent.action.MAIN,NULL,NULL,270532608,com.sec.android.app.launcher]
04-09 23:10:59.233 I/wm_task_moved( 3877): [337,1,21]
04-09 23:10:59.236 I/am_pause_activity( 3877): [0,264590503,com.sec.android.app.launcher/.activities.LauncherActivity]
04-09 23:10:59.241 I/am_proc_bound( 3877): [0,30323,com.appstar.callrecorder]
04-09 23:10:59.271 I/am_on_paused_called( 8548): [0,com.sec.android.app.launcher.activities.LauncherActivity,handlePauseActivity]
04-09 23:10:59.275 I/am_uid_active( 3877): 10217
04-09 23:10:59.275 I/am_restart_activity( 3877): [0,265608089,337,com.appstar.callrecorder/.MainActivity]
04-09 23:10:59.276 I/am_set_resumed_activity( 3877): [0,com.appstar.callrecorder/.MainActivity,minimalResumeActivityLocked]
04-09 23:10:59.293 I/sysui_count( 3877): [window_time_0,2]
04-09 23:10:59.293 I/sysui_multi_action( 3877): [757,803,799,window_time_0,802,2]
04-09 23:10:59.563 I/liblog  (30323): 9
04-09 23:10:59.621 I/liblog  (30323): 780
04-09 23:10:59.626 I/notification_cancel( 3877): [10217,30323,com.appstar.callrecorder,1235,NULL,0,0,1088,8,NULL]
04-09 23:10:59.655 I/liblog  (30323): 40
04-09 23:10:59.727 I/notification_cancel( 3877): [10004,7536,com.android.systemui,2,low_battery,-1,0,1088,8,NULL]
04-09 23:10:59.728 I/notification_cancel( 3877): [10004,7536,com.android.systemui,3,low_battery,-1,0,1088,8,NULL]
04-09 23:10:59.735 I/notification_enqueue( 3877): [10004,7536,com.android.systemui,2131362716,charging_state,-1,Notification(channel=GEN pri=-2 contentView=null vibrate=null sound=null defaults=0x0 flags=0xa color=0xff607d8b category=sys number=0 vis=PUBLIC semFlags=0x0 semPriority=0 semMissedCount=0),1,NULL]
04-09 23:10:59.996 I/sysui_multi_action( 3877): [757,899,758,4,901,32,902,0,903,d780b67b-def3-441d-8a9b-7f7b340927d8]
04-09 23:11:00.010 I/power_partial_wake_state( 3877): [2866,AudioMix:audioserver]
04-09 23:11:00.024 I/liblog  ( 3877): 48
04-09 23:11:00.024 I/liblog  ( 3877): 14
04-09 23:11:00.025 I/liblog  ( 3877): 4
04-09 23:11:00.028 I/liblog  ( 3877): 1
04-09 23:11:00.134 I/am_on_resume_called(30323): [0,com.appstar.callrecorder.MainActivity,LAUNCH_ACTIVITY]
04-09 23:11:00.163 I/liblog  ( 3877): 111
04-09 23:11:00.169 I/power_partial_wake_state( 3877): [58,*alarm*:android]
04-09 23:11:00.185 I/notification_cancel( 3877): [1000,3877,android,40,NULL,0,0,0,8,NULL]
04-09 23:11:00.199 I/notification_enqueue( 3877): [10217,30323,com.appstar.callrecorder,1001,NULL,0,Notification(channel=ChannelSyncing pri=0 contentView=null vibrate=null sound=null defaults=0x0 flags=0x60 color=0x00000000 number=0 vis=PRIVATE semFlags=0x0 semPriority=0 semMissedCount=0),0,NULL]
04-09 23:11:00.203 I/am_uid_idle( 3877): 10204
04-09 23:11:00.204 I/notification_enqueue( 3877): [10217,30323,com.appstar.callrecorder,1001,NULL,0,Notification(channel=ChannelSyncing pri=0 contentView=null vibrate=null sound=null defaults=0x0 flags=0x60 color=0x00000000 number=0 vis=PRIVATE semFlags=0x0 semPriority=0 semMissedCount=0),1,NULL]
04-09 23:11:00.217 I/am_uid_active( 3877): 10007
04-09 23:11:00.283 I/notification_cancel( 3877): [1000,3877,com.appstar.callrecorder,1001,NULL,0,0,0,8,NULL]
04-09 23:11:00.285 I/sysui_multi_action( 3877): [757,128,758,5,759,8,793,87,794,0,795,84,796,1001,806,com.appstar.callrecorder,857,ChannelSyncing,858,2,947,0]
04-09 23:11:00.285 I/notification_canceled( 3877): [0|com.appstar.callrecorder|1001|null|10217,8,87,84,0]
04-09 23:11:00.287 I/notification_cancel( 3877): [1000,3877,android,40,NULL,0,0,0,8,NULL]
04-09 23:11:00.304 I/liblog  (30323): 199
04-09 23:11:00.328 I/liblog  (30323): 57
04-09 23:11:00.410 I/liblog  (30323): 58
04-09 23:11:00.424 I/am_activity_launch_time( 3877): [0,265608089,com.appstar.callrecorder/.MainActivity,1172,1172]
04-09 23:11:00.485 I/am_uid_running( 3877): 99240
04-09 23:11:00.515 I/am_proc_start( 3877): [0,30432,99240,com.android.chrome:sandboxed_process0,webview_service,com.appstar.callrecorder/org.chromium.content.app.SandboxedProcessService0]
04-09 23:11:00.658 I/liblog  (30323): 113
04-09 23:11:00.815 I/am_proc_bound( 3877): [0,30432,com.android.chrome:sandboxed_process0]
04-09 23:11:00.821 I/am_uid_active( 3877): 99240
04-09 23:11:00.823 I/power_partial_wake_state( 3877): [1586,*launch*:android]
04-09 23:11:00.829 I/am_stop_activity( 3877): [0,264590503,com.sec.android.app.launcher/.activities.LauncherActivity]
04-09 23:11:00.841 I/am_on_stop_called( 8548): [0,com.sec.android.app.launcher.activities.LauncherActivity,handleStopActivity]
04-09 23:11:00.879 I/notification_cancel( 3877): [10217,30323,com.appstar.callrecorder,10436,NULL,0,0,1088,8,NULL]
04-09 23:11:01.949 I/liblog  ( 3877): 184
04-09 23:11:02.134 I/force_gc(23679): Binder
04-09 23:11:02.158 I/liblog  (30323): 129
04-09 23:11:03.416 I/force_gc( 3877): Binder
04-09 23:11:06.024 I/power_partial_wake_state( 3877): [48,RILJ:com.android.phone]
04-09 23:11:07.106 I/am_pss  ( 3877): [29311,10216,com.gokids.transport2:Metrica,16252928,13950976,346112]
04-09 23:11:07.688 I/power_partial_wake_state( 3877): [9,*alarm*:android]
04-09 23:11:08.166 I/am_meminfo( 3877): [172376064,98119680,0,831139840,382638080]
04-09 23:11:08.313 I/liblog  ( 3877): 101
04-09 23:11:08.316 I/am_uid_running( 3877): 1250
04-09 23:11:08.380 I/liblog  ( 3877): 7
04-09 23:11:08.381 I/am_proc_start( 3877): [0,30568,1250,com.samsung.android.knox.containeragent,broadcast,com.samsung.android.knox.containeragent/.switcher.knoxusage.KnoxUsageReceiver]
04-09 23:11:08.548 I/am_proc_bound( 3877): [0,30568,com.samsung.android.knox.containeragent]
04-09 23:11:08.803 I/liblog  (29771): 154
04-09 23:11:09.177 I/liblog  (29771): 17
04-09 23:11:09.448 I/am_new_intent( 3877): [0,67695259,5,com.sec.android.app.launcher/.activities.LauncherActivity,android.intent.action.MAIN,NULL,NULL,278921216,android]
04-09 23:11:09.449 I/wm_task_moved( 3877): [5,1,0]
04-09 23:11:09.452 I/am_focused_stack( 3877): [0,0,1,bringingFoundTaskToFront]
04-09 23:11:09.452 I/wm_task_moved( 3877): [5,1,0]
04-09 23:11:09.453 I/am_pause_activity( 3877): [0,265608089,com.appstar.callrecorder/.MainActivity]
04-09 23:11:09.462 I/am_set_resumed_activity( 3877): [0,com.sec.android.app.launcher/.activities.LauncherActivity,resumeTopActivityInnerLocked]
04-09 23:11:09.480 I/am_resume_activity( 3877): [0,264590503,5,com.sec.android.app.launcher/.activities.LauncherActivity]
04-09 23:11:09.490 I/am_task_to_front( 3877): [0,5]
04-09 23:11:09.498 I/sysui_count( 3877): [window_time_0,11]
04-09 23:11:09.498 I/sysui_multi_action( 3877): [757,803,799,window_time_0,802,11]
04-09 23:11:09.504 I/am_stop_activity( 3877): [0,265608089,com.appstar.callrecorder/.MainActivity]
04-09 23:11:09.565 I/am_on_resume_called( 8548): [0,com.sec.android.app.launcher.activities.LauncherActivity,RESUME_ACTIVITY]
04-09 23:11:09.607 I/am_on_paused_called(30323): [0,com.appstar.callrecorder.MainActivity,handlePauseActivity]
04-09 23:11:09.661 I/power_partial_wake_state( 3877): [206,*launch*:android]
04-09 23:11:09.845 I/notification_cancel( 3877): [10004,7536,com.android.systemui,2,low_battery,-1,0,1088,8,NULL]
04-09 23:11:09.846 I/notification_cancel( 3877): [10004,7536,com.android.systemui,3,low_battery,-1,0,1088,8,NULL]
04-09 23:11:10.024 I/am_kill ( 3877): [0,22090,com.android.printspooler,902,17,DHA:empty #15]
04-09 23:11:10.024 I/am_kill ( 3877): [0,23938,com.samsung.android.sm.provider,902,17,DHA:empty #15]
04-09 23:11:10.025 I/am_kill ( 3877): [0,25523,com.trustonic.tuiservice,904,11,DHA:SPC_empty #15]
04-09 23:11:10.058 I/am_on_stop_called(30323): [0,com.appstar.callrecorder.MainActivity,handleStopActivity]
04-09 23:11:10.184 I/am_proc_died( 3877): [0,25523,com.trustonic.tuiservice,904,11,16,551]
04-09 23:11:10.185 I/am_schedule_service_restart( 3877): [0,com.trustonic.tuiservice/.TuiService,1000]
04-09 23:11:10.220 I/am_proc_died( 3877): [0,22090,com.android.printspooler,902,17,19,550]
04-09 23:11:10.221 I/am_uid_stopped( 3877): 10157
04-09 23:11:10.238 I/am_kill ( 3877): [0,22043,com.samsung.android.sm.policy,902,17,DHA:empty #13]
04-09 23:11:10.238 I/am_kill ( 3877): [0,21518,com.sec.android.provider.badge,902,17,DHA:empty #13]
04-09 23:11:10.241 I/am_proc_died( 3877): [0,23938,com.samsung.android.sm.provider,902,17,23,549]
04-09 23:11:10.253 I/am_kill ( 3877): [0,22109,com.samsung.android.scloud,900,17,DHA:empty #11]
04-09 23:11:10.255 I/am_kill ( 3877): [0,29311,com.gokids.transport2:Metrica,900,17,DHA:empty #11]
04-09 23:11:10.302 I/am_kill ( 3877): [0,22875,com.samsung.faceservice,900,17,DHA:empty #9]
04-09 23:11:10.302 I/am_kill ( 3877): [0,12530,android.process.media,900,17,DHA:empty #9]
04-09 23:11:10.455 I/am_proc_died( 3877): [0,22043,com.samsung.android.sm.policy,902,17,61,548]
04-09 23:11:10.456 I/am_uid_stopped( 3877): 10153
04-09 23:11:10.470 I/am_proc_died( 3877): [0,21518,com.sec.android.provider.badge,902,17,63,547]
04-09 23:11:10.471 I/am_uid_stopped( 3877): 10006
04-09 23:11:10.485 I/am_proc_died( 3877): [0,29311,com.gokids.transport2:Metrica,900,17,65,546]
04-09 23:11:10.512 I/am_proc_died( 3877): [0,22109,com.samsung.android.scloud,900,17,67,545]
04-09 23:11:10.513 I/am_schedule_service_restart( 3877): [0,com.samsung.android.scloud/.cloudagent.detector.MediaDetectionService,10673]
04-09 23:11:10.526 I/am_proc_died( 3877): [0,12530,android.process.media,900,17,68,545]
04-09 23:11:10.527 I/am_uid_stopped( 3877): 10051
04-09 23:11:10.725 I/content_query_sample( 8663): contents_sample_state: [CONTACT contacts(0) data(0) accounts({}) accounts deleted({}) calls([]) countryIso(KR) userId(0)  ]
04-09 23:11:10.725 I/content_query_sample( 8663): contents_sample_state: [ agr({})  ]
04-09 23:11:10.725 I/content_query_sample( 8663): contents_sample_state: [ actCnt({android.process.acore(8663)=1, com.appstar.callrecorder(30323)=7})  ]
04-09 23:11:10.725 I/content_query_sample( 8663): contents_sample_state: [PROFILE contacts(0) data(0) accounts({})  ]
04-09 23:11:10.725 I/content_query_sample( 8663): contents_sample_state: [SAPROFILE contacts(1) data(1) accounts({vnd.sec.contact.phone (1)=1})  ]
04-09 23:11:11.229 I/am_proc_start( 3877): [0,30606,1000,com.trustonic.tuiservice,service,com.trustonic.tuiservice/.TuiService]
04-09 23:11:11.295 I/am_proc_bound( 3877): [0,30606,com.trustonic.tuiservice]
04-09 23:11:11.339 I/am_proc_died( 3877): [0,22875,com.samsung.faceservice,900,17,110,542]
04-09 23:11:11.340 I/am_schedule_service_restart( 3877): [0,com.samsung.faceservice/.FaceService,1000]
04-09 23:11:11.848 I/am_uid_running( 3877): 10232
04-09 23:11:11.873 I/am_proc_start( 3877): [0,30635,10232,kik.android,activity,kik.android/.chat.activity.IntroActivity]
04-09 23:11:11.936 I/wm_task_created( 3877): [338,1]
04-09 23:11:11.937 I/wm_task_moved( 3877): [338,1,22]
04-09 23:11:11.937 I/am_focused_stack( 3877): [0,1,0,reuseOrNewTask]
04-09 23:11:11.937 I/wm_task_moved( 3877): [338,1,22]
04-09 23:11:11.938 I/am_create_task( 3877): [0,338]
04-09 23:11:11.938 I/am_create_activity( 3877): [0,51143678,338,kik.android/.chat.activity.IntroActivity,android.intent.action.MAIN,NULL,NULL,270532608,com.sec.android.app.launcher]
04-09 23:11:11.938 I/wm_task_moved( 3877): [338,1,22]
04-09 23:11:11.942 I/am_pause_activity( 3877): [0,264590503,com.sec.android.app.launcher/.activities.LauncherActivity]
04-09 23:11:11.963 I/am_kill ( 3877): [0,23214,com.bitstrips.imoji,903,15,DHA:cached #25]
04-09 23:11:11.964 I/am_on_paused_called( 8548): [0,com.sec.android.app.launcher.activities.LauncherActivity,handlePauseActivity]
04-09 23:11:11.970 I/sysui_count( 3877): [window_time_0,2]
04-09 23:11:11.970 I/sysui_multi_action( 3877): [757,803,799,window_time_0,802,2]
04-09 23:11:11.979 I/am_proc_bound( 3877): [0,30635,kik.android]
04-09 23:11:11.988 I/am_uid_active( 3877): 10232
04-09 23:11:11.988 I/am_restart_activity( 3877): [0,51143678,338,kik.android/.chat.activity.IntroActivity]
04-09 23:11:11.994 I/am_set_resumed_activity( 3877): [0,kik.android/.chat.activity.IntroActivity,minimalResumeActivityLocked]
04-09 23:11:12.396 I/am_proc_start( 3877): [0,30679,5004,com.samsung.faceservice,service,com.samsung.faceservice/.FaceService]
04-09 23:11:12.398 I/am_proc_died( 3877): [0,23214,com.bitstrips.imoji,903,15,65,608]
04-09 23:11:12.406 I/am_uid_stopped( 3877): 10202
04-09 23:11:12.480 I/am_proc_bound( 3877): [0,30679,com.samsung.faceservice]
04-09 23:11:12.836 I/am_uid_running( 3877): 10051
04-09 23:11:12.855 I/am_proc_start( 3877): [0,30735,10051,android.process.media,broadcast,com.android.providers.media/.MediaScannerReceiver]
04-09 23:11:12.898 I/am_proc_bound( 3877): [0,30735,android.process.media]
04-09 23:11:13.176 I/am_uid_running( 3877): 99241
04-09 23:11:13.260 I/am_proc_start( 3877): [0,30821,99241,com.android.chrome:sandboxed_process0,webview_service,kik.android/org.chromium.content.app.SandboxedProcessService0]
04-09 23:11:13.695 I/am_proc_bound( 3877): [0,30821,com.android.chrome:sandboxed_process0]
04-09 23:11:13.705 I/am_uid_active( 3877): 99241
04-09 23:11:13.972 I/wm_task_moved( 3877): [338,1,22]
04-09 23:11:13.974 I/am_create_activity( 3877): [0,199196761,338,kik.android/.chat.activity.KikWelcomeFragmentActivity,NULL,NULL,NULL,67108864,kik.android]
04-09 23:11:13.976 I/am_pause_activity( 3877): [0,51143678,kik.android/.chat.activity.IntroActivity]
04-09 23:11:13.983 I/am_finish_activity( 3877): [0,51143678,338,kik.android/.chat.activity.IntroActivity,app-request]
04-09 23:11:13.987 I/sysui_count( 3877): [window_time_0,2]
04-09 23:11:13.987 I/sysui_multi_action( 3877): [757,803,799,window_time_0,802,2]
04-09 23:11:14.049 I/am_restart_activity( 3877): [0,199196761,338,kik.android/.chat.activity.KikWelcomeFragmentActivity]
04-09 23:11:14.050 I/am_set_resumed_activity( 3877): [0,kik.android/.chat.activity.KikWelcomeFragmentActivity,minimalResumeActivityLocked]
04-09 23:11:14.068 I/sysui_count( 3877): [window_time_0,0]
04-09 23:11:14.068 I/sysui_multi_action( 3877): [757,803,799,window_time_0,802,0]
04-09 23:11:14.220 I/am_crash( 3877): [30821,0,com.android.chrome:sandboxed_process0,-1463042491,android.content.res.Resources$NotFoundException,Array resource ID #0x7f030012,Resources.java,632]
04-09 23:11:14.330 I/am_on_resume_called(30635): [0,kik.android.chat.activity.KikWelcomeFragmentActivity,LAUNCH_ACTIVITY]
04-09 23:11:14.368 I/notification_cancel( 3877): [10232,30635,kik.android,10436,NULL,0,0,1088,8,NULL]
04-09 23:11:14.380 I/notification_cancel( 3877): [10232,30635,kik.android,10436,NULL,0,0,1088,8,NULL]
04-09 23:11:14.382 I/power_partial_wake_state( 3877): [34,IntentOp:.common.broadcast.BackgroundBroadcastReceiverSupport$PersistentReceiverIntentOperation:com.google.android.gms]
04-09 23:11:14.456 I/power_partial_wake_state( 3877): [329,qc:com.quantcast.event.wakelock:kik.android]
04-09 23:11:14.564 I/am_proc_start( 3877): [0,30929,5009,com.samsung.android.scloud,content provider,com.samsung.android.scloud/.cloudagent.CloudProvider]
04-09 23:11:14.626 I/am_proc_bound( 3877): [0,30929,com.samsung.android.scloud]
04-09 23:11:14.890 I/am_activity_launch_time( 3877): [0,199196761,kik.android/.chat.activity.KikWelcomeFragmentActivity,834,2916]
04-09 23:11:14.954 I/power_partial_wake_state( 3877): [3011,*launch*:android]
04-09 23:11:14.955 I/am_destroy_activity( 3877): [0,51143678,338,kik.android/.chat.activity.IntroActivity,finish-imm]
04-09 23:11:14.956 I/am_stop_activity( 3877): [0,264590503,com.sec.android.app.launcher/.activities.LauncherActivity]
04-09 23:11:14.957 I/am_kill ( 3877): [0,23375,com.amazon.sellermobile.android,901,15,DHA:cached #24]
04-09 23:11:14.964 I/am_on_stop_called( 8548): [0,com.sec.android.app.launcher.activities.LauncherActivity,handleStopActivity]
04-09 23:11:15.086 I/force_gc( 3877): Binder
04-09 23:11:15.226 I/am_proc_died( 3877): [0,23375,com.amazon.sellermobile.android,901,15,100,560]
04-09 23:11:15.233 I/am_uid_stopped( 3877): 10220
04-09 23:11:15.237 I/am_kill ( 3877): [0,23415,com.android.chrome:sandboxed_process0,0,11,isolated not needed]
04-09 23:11:15.364 I/am_proc_start( 3877): [0,30959,1000,com.samsung.android.lool,broadcast,com.samsung.android.lool/com.samsung.android.sm.common.SmartManagerReceiver]
04-09 23:11:15.406 I/am_proc_bound( 3877): [0,30959,com.samsung.android.lool]
04-09 23:11:15.436 I/am_proc_died( 3877): [0,23415,com.android.chrome:sandboxed_process0,0,11,96,570]
04-09 23:11:15.436 I/am_uid_stopped( 3877): 99230
04-09 23:11:16.160 I/power_partial_wake_state( 3877): [27,RILJ:com.android.phone]
04-09 23:11:16.735 I/am_proc_start( 3877): [0,30999,1000,com.samsung.android.sm.provider,content provider,com.samsung.android.lool/com.samsung.android.sm.database.SmProvider]
04-09 23:11:16.757 I/am_pss  ( 3877): [28895,10028,com.samsung.android.game.gametools,10101760,5169152,3659776]
04-09 23:11:16.826 I/am_proc_bound( 3877): [0,30999,com.samsung.android.sm.provider]
04-09 23:11:19.416 I/am_uid_running( 3877): 10153
04-09 23:11:19.457 I/am_proc_start( 3877): [0,31072,10153,com.samsung.android.sm.policy,content provider,com.samsung.android.sm.policy/com.samsung.android.scpm.db.ScpmProvider]
04-09 23:11:19.598 I/am_proc_bound( 3877): [0,31072,com.samsung.android.sm.policy]
04-09 23:11:19.621 I/am_uid_active( 3877): 10153
04-09 23:11:19.940 I/notification_cancel( 3877): [10004,7536,com.android.systemui,2,low_battery,-1,0,1088,8,NULL]
04-09 23:11:19.941 I/notification_cancel( 3877): [10004,7536,com.android.systemui,3,low_battery,-1,0,1088,8,NULL]
04-09 23:11:19.993 I/notification_enqueue( 3877): [10004,7536,com.android.systemui,2131362716,charging_state,-1,Notification(channel=GEN pri=-2 contentView=null vibrate=null sound=null defaults=0x0 flags=0xa color=0xff607d8b category=sys number=0 vis=PUBLIC semFlags=0x0 semPriority=0 semMissedCount=0),1,NULL]
04-09 23:11:22.357 I/am_pss  ( 3877): [30635,10232,kik.android,168256512,150925312,234496]
04-09 23:11:24.204 I/am_meminfo( 3877): [106946560,109076480,0,821043200,390047744]
04-09 23:11:24.477 I/power_partial_wake_state( 3877): [3371,PKMService:android]
04-09 23:11:25.256 I/sysui_action( 3877): [316,7]
04-09 23:11:25.262 I/sysui_multi_action( 3877): [757,316,758,4,759,7]
04-09 23:11:25.267 I/am_new_intent( 3877): [0,139432941,5,com.sec.android.app.launcher/.activities.LauncherActivity,android.intent.action.MAIN,NULL,NULL,278921216,android]
04-09 23:11:25.268 I/wm_task_moved( 3877): [5,1,0]
04-09 23:11:25.269 I/am_focused_stack( 3877): [0,0,1,bringingFoundTaskToFront]
04-09 23:11:25.274 I/wm_task_moved( 3877): [5,1,0]
04-09 23:11:25.276 I/am_pause_activity( 3877): [0,199196761,kik.android/.chat.activity.KikWelcomeFragmentActivity]
04-09 23:11:25.289 I/am_set_resumed_activity( 3877): [0,com.sec.android.app.launcher/.activities.LauncherActivity,resumeTopActivityInnerLocked]
04-09 23:11:25.299 I/am_resume_activity( 3877): [0,264590503,5,com.sec.android.app.launcher/.activities.LauncherActivity]
04-09 23:11:25.302 I/am_task_to_front( 3877): [0,5]
04-09 23:11:25.305 I/am_uid_stopped( 3877): 99241
04-09 23:11:25.305 I/am_kill ( 3877): [0,30821,com.android.chrome:sandboxed_process0,0,3,crash]
04-09 23:11:25.339 I/am_on_paused_called(30635): [0,kik.android.chat.activity.KikWelcomeFragmentActivity,handlePauseActivity]
04-09 23:11:25.343 I/sysui_count( 3877): [window_time_0,11]
04-09 23:11:25.350 I/sysui_multi_action( 3877): [757,803,799,window_time_0,802,11]
04-09 23:11:25.353 I/am_stop_activity( 3877): [0,199196761,kik.android/.chat.activity.KikWelcomeFragmentActivity]
04-09 23:11:25.383 I/am_on_resume_called( 8548): [0,com.sec.android.app.launcher.activities.LauncherActivity,RESUME_ACTIVITY]
04-09 23:11:25.487 I/power_partial_wake_state( 3877): [207,*launch*:android]
04-09 23:11:25.817 I/am_kill ( 3877): [0,23619,com.whatsapp,901,15,DHA:cached #22]
04-09 23:11:25.831 I/am_on_stop_called(30635): [0,kik.android.chat.activity.KikWelcomeFragmentActivity,handleStopActivity]
04-09 23:11:25.931 I/am_kill ( 3877): [0,23774,com.king.candycrushjellysaga,901,15,DHA:cached #22]
04-09 23:11:26.078 I/power_partial_wake_state( 3877): [189,Icing:com.google.android.gms]
04-09 23:11:26.217 I/am_proc_died( 3877): [0,23619,com.whatsapp,901,15,97,506]
04-09 23:11:26.218 I/am_uid_stopped( 3877): 10224
04-09 23:11:26.299 I/power_partial_wake_state( 3877): [38,RILJ:com.android.phone]
04-09 23:11:27.030 I/am_uid_idle( 3877): 99238
04-09 23:11:27.030 I/am_uid_idle( 3877): 10216
04-09 23:11:27.252 I/am_proc_died( 3877): [0,23774,com.king.candycrushjellysaga,901,15,305,511]
04-09 23:11:27.252 I/am_uid_stopped( 3877): 10205
04-09 23:11:27.441 I/am_pss  ( 3877): [22328,10079,com.sec.android.app.soundalive,6897664,1929216,3977216]
04-09 23:11:27.991 I/wm_task_created( 3877): [339,1]
04-09 23:11:27.991 I/wm_task_moved( 3877): [339,1,23]
04-09 23:11:27.991 I/am_focused_stack( 3877): [0,1,0,reuseOrNewTask]
04-09 23:11:27.991 I/wm_task_moved( 3877): [339,1,23]
04-09 23:11:27.992 I/am_create_task( 3877): [0,339]
04-09 23:11:27.992 I/am_create_activity( 3877): [0,52796661,339,com.gjg.colorfill3d/com.google.firebase.MessagingUnityPlayerActivity,android.intent.action.MAIN,NULL,NULL,270532608,com.sec.android.app.launcher]
04-09 23:11:27.992 I/wm_task_moved( 3877): [339,1,23]
04-09 23:11:27.994 I/am_pause_activity( 3877): [0,264590503,com.sec.android.app.launcher/.activities.LauncherActivity]
04-09 23:11:28.003 I/am_uid_running( 3877): 10210
04-09 23:11:28.018 I/am_proc_start( 3877): [0,31140,10210,com.gjg.colorfill3d,activity,com.gjg.colorfill3d/com.google.firebase.MessagingUnityPlayerActivity]
04-09 23:11:28.028 I/am_on_paused_called( 8548): [0,com.sec.android.app.launcher.activities.LauncherActivity,handlePauseActivity]
04-09 23:11:28.036 I/sysui_count( 3877): [window_time_0,3]
04-09 23:11:28.036 I/sysui_multi_action( 3877): [757,803,799,window_time_0,802,3]
04-09 23:11:28.081 I/am_proc_bound( 3877): [0,31140,com.gjg.colorfill3d]
04-09 23:11:28.111 I/am_uid_active( 3877): 10210
04-09 23:11:28.112 I/am_restart_activity( 3877): [0,52796661,339,com.gjg.colorfill3d/com.google.firebase.MessagingUnityPlayerActivity]
04-09 23:11:28.113 I/am_set_resumed_activity( 3877): [0,com.gjg.colorfill3d/com.google.firebase.MessagingUnityPlayerActivity,minimalResumeActivityLocked]
04-09 23:11:28.382 I/force_gc( 3877): Binder
04-09 23:11:28.994 I/am_on_resume_called(31140): [0,com.google.firebase.MessagingUnityPlayerActivity,LAUNCH_ACTIVITY]
04-09 23:11:29.088 I/power_partial_wake_state( 3877): [1092,*launch*:android]
04-09 23:11:29.100 I/am_activity_launch_time( 3877): [0,52796661,com.gjg.colorfill3d/com.google.firebase.MessagingUnityPlayerActivity,1062,1062]
04-09 23:11:29.112 I/am_stop_activity( 3877): [0,264590503,com.sec.android.app.launcher/.activities.LauncherActivity]
04-09 23:11:29.114 I/am_on_stop_called( 8548): [0,com.sec.android.app.launcher.activities.LauncherActivity,handleStopActivity]
04-09 23:11:30.006 I/notification_cancel( 3877): [10004,7536,com.android.systemui,2,low_battery,-1,0,1088,8,NULL]
04-09 23:11:30.006 I/notification_cancel( 3877): [10004,7536,com.android.systemui,3,low_battery,-1,0,1088,8,NULL]
04-09 23:11:30.009 I/notification_enqueue( 3877): [10004,7536,com.android.systemui,2131362716,charging_state,-1,Notification(channel=GEN pri=-2 contentView=null vibrate=null sound=null defaults=0x0 flags=0xa color=0xff607d8b category=sys number=0 vis=PUBLIC semFlags=0x0 semPriority=0 semMissedCount=0),1,NULL]
04-09 23:11:31.051 I/power_partial_wake_state( 3877): [5529,qc:com.quantcast.event.wakelock:kik.android]
04-09 23:11:31.402 I/am_pss  ( 3877): [30606,1000,com.trustonic.tuiservice,7650304,5386240,259072]
04-09 23:11:32.527 I/am_pss  ( 3877): [8663,10007,android.process.acore,23155712,5578752,17079296]
04-09 23:11:32.691 I/power_partial_wake_state( 3877): [3008,AudioMix:audioserver]
04-09 23:11:34.777 I/am_pss  ( 3877): [20879,10055,com.android.vending,73758720,52408320,20374528]
04-09 23:11:34.869 I/am_pss  ( 3877): [10416,10030,com.google.android.gms,88596480,53125120,28995584]
04-09 23:11:34.909 I/am_pss  ( 3877): [16676,99061,com.android.chrome:sandboxed_process0,36341760,20045824,14990336]
04-09 23:11:35.111 I/force_gc(23679): Binder
04-09 23:11:35.523 I/sysui_multi_action( 3877): [757,899,758,4,901,25,902,0,903,20d8895d-fdee-4dbe-a5ed-13ffba6f9c9d]
04-09 23:11:35.529 I/am_uid_running( 3877): 99242
04-09 23:11:35.547 I/sysui_multi_action( 3877): [757,899,758,4,901,4,902,0,903,fb2617bb-42f5-45a1-8fa1-b6af0980afeb]
04-09 23:11:35.555 I/sysui_multi_action( 3877): [757,899,758,4,901,3,902,0,903,6865582f-7a37-4cdc-aa7a-8add8a0d0dc2]
04-09 23:11:35.654 I/am_proc_start( 3877): [0,31514,99242,com.android.chrome:sandboxed_process0,webview_service,com.gjg.colorfill3d/org.chromium.content.app.SandboxedProcessService0]
04-09 23:11:36.151 I/notification_cancel( 3877): [10210,31140,com.gjg.colorfill3d,10436,NULL,0,0,1088,8,NULL]
04-09 23:11:36.221 I/am_proc_bound( 3877): [0,31514,com.android.chrome:sandboxed_process0]
04-09 23:11:36.226 I/am_uid_active( 3877): 99242
04-09 23:11:36.249 I/liblog  (31140): 9
04-09 23:11:36.258 I/liblog  (31140): 1
04-09 23:11:36.294 I/force_gc( 3877): Binder
04-09 23:11:37.078 I/power_partial_wake_state( 3877): [775,Icing:com.google.android.gms]
04-09 23:11:39.404 I/am_pss  ( 3877): [31140,10210,com.gjg.colorfill3d,515165184,483885056,244736]
04-09 23:11:39.483 I/am_pss  ( 3877): [30568,1250,com.samsung.android.knox.containeragent,8637440,6422528,372736]
04-09 23:11:39.852 I/am_pss  ( 3877): [30323,10217,com.appstar.callrecorder,51932160,25083904,23498752]
04-09 23:11:40.157 I/am_pss  ( 3877): [30432,99240,com.android.chrome:sandboxed_process0,20710400,11997184,6574080]
04-09 23:11:40.175 I/notification_cancel( 3877): [10004,7536,com.android.systemui,2,low_battery,-1,0,1088,8,NULL]
04-09 23:11:40.175 I/notification_cancel( 3877): [10004,7536,com.android.systemui,3,low_battery,-1,0,1088,8,NULL]
04-09 23:11:40.184 I/notification_enqueue( 3877): [10004,7536,com.android.systemui,2131362716,charging_state,-1,Notification(channel=GEN pri=-2 contentView=null vibrate=null sound=null defaults=0x0 flags=0xa color=0xff607d8b category=sys number=0 vis=PUBLIC semFlags=0x0 semPriority=0 semMissedCount=0),1,NULL]
04-09 23:11:41.663 I/liblog  (31140): 98
04-09 23:11:42.631 I/liblog  (31140): 156
04-09 23:11:42.747 I/am_pss  ( 3877): [29771,10215,com.fingersoft.hillclimb,115459072,86790144,17999872]
04-09 23:11:42.926 I/am_pss  ( 3877): [29929,99239,com.android.chrome:sandboxed_process0,70797312,60362752,802816]
04-09 23:11:44.760 I/force_gc(23679): Binder
04-09 23:11:44.993 I/am_pss  ( 3877): [12480,10116,com.android.chrome,11884544,1392640,9985024]
04-09 23:11:46.218 I/am_meminfo( 3877): [121839616,137773056,0,835248128,404751360]
04-09 23:11:46.484 I/power_partial_wake_state( 3877): [1,RILJ:com.android.phone]
04-09 23:11:47.258 I/am_pss  ( 3877): [31514,99242,com.android.chrome:sandboxed_process0,142878720,124243968,178176]
04-09 23:11:47.496 I/am_new_intent( 3877): [0,227573662,5,com.sec.android.app.launcher/.activities.LauncherActivity,android.intent.action.MAIN,NULL,NULL,278921216,android]
04-09 23:11:47.498 I/wm_task_moved( 3877): [5,1,0]
04-09 23:11:47.500 I/am_focused_stack( 3877): [0,0,1,bringingFoundTaskToFront]
04-09 23:11:47.500 I/wm_task_moved( 3877): [5,1,0]
04-09 23:11:47.501 I/am_pause_activity( 3877): [0,52796661,com.gjg.colorfill3d/com.google.firebase.MessagingUnityPlayerActivity]
04-09 23:11:47.524 I/am_set_resumed_activity( 3877): [0,com.sec.android.app.launcher/.activities.LauncherActivity,resumeTopActivityInnerLocked]
04-09 23:11:47.540 I/am_resume_activity( 3877): [0,264590503,5,com.sec.android.app.launcher/.activities.LauncherActivity]
04-09 23:11:47.549 I/am_task_to_front( 3877): [0,5]
04-09 23:11:47.557 I/sysui_count( 3877): [window_time_0,20]
04-09 23:11:47.558 I/sysui_multi_action( 3877): [757,803,799,window_time_0,802,20]
04-09 23:11:47.560 I/am_stop_activity( 3877): [0,52796661,com.gjg.colorfill3d/com.google.firebase.MessagingUnityPlayerActivity]
04-09 23:11:47.600 I/am_on_resume_called( 8548): [0,com.sec.android.app.launcher.activities.LauncherActivity,RESUME_ACTIVITY]
04-09 23:11:47.609 I/notification_cancel( 3877): [10028,28895,com.samsung.android.game.gametools,2131492873,NULL,0,0,1088,8,NULL]
04-09 23:11:47.622 I/am_pss  ( 3877): [30929,5009,com.samsung.android.scloud,14268416,11620352,235520]
04-09 23:11:47.686 I/notification_cancel( 3877): [10028,28895,com.samsung.android.game.gametools,2131492869,NULL,0,0,1088,8,NULL]
04-09 23:11:47.770 I/am_pss  ( 3877): [30999,1000,com.samsung.android.sm.provider,8762368,6819840,249856]
04-09 23:11:47.781 I/power_partial_wake_state( 3877): [267,*launch*:android]
04-09 23:11:47.876 I/am_pss  ( 3877): [30959,1000,com.samsung.android.lool,8302592,6242304,253952]
04-09 23:11:47.878 I/am_kill ( 3877): [0,30568,com.samsung.android.knox.containeragent,902,17,DHA:empty #13]
04-09 23:11:47.879 I/am_kill ( 3877): [0,22328,com.sec.android.app.soundalive,902,17,DHA:empty #13]
04-09 23:11:47.932 I/am_on_paused_called(31140): [0,com.google.firebase.MessagingUnityPlayerActivity,handlePauseActivity]
04-09 23:11:48.024 I/am_proc_start( 3877): [0,31869,10079,com.sec.android.app.soundalive,content provider,com.sec.android.app.soundalive/.compatibility.SAContentProvider]
04-09 23:11:48.053 I/am_proc_died( 3877): [0,30568,com.samsung.android.knox.containeragent,902,17,50,565]
04-09 23:11:48.054 I/am_uid_stopped( 3877): 1250
04-09 23:11:48.058 I/am_kill ( 3877): [0,30999,com.samsung.android.sm.provider,900,17,DHA:empty #11]
04-09 23:11:48.059 I/am_kill ( 3877): [0,30959,com.samsung.android.lool,902,17,DHA:empty #11]
04-09 23:11:48.194 I/am_proc_bound( 3877): [0,31869,com.sec.android.app.soundalive]
04-09 23:11:48.245 I/am_on_stop_called(31140): [0,com.google.firebase.MessagingUnityPlayerActivity,handleStopActivity]
04-09 23:11:48.273 I/am_proc_died( 3877): [0,30959,com.samsung.android.lool,902,17,68,536]
04-09 23:11:48.384 I/am_kill ( 3877): [0,30735,android.process.media,900,17,DHA:empty #9]
04-09 23:11:48.385 I/am_kill ( 3877): [0,20316,com.samsung.visionprovider:VisionFramework,900,17,DHA:empty #9]
04-09 23:11:48.511 I/am_proc_died( 3877): [0,30735,android.process.media,900,17,106,518]
04-09 23:11:48.511 I/am_uid_stopped( 3877): 10051
04-09 23:11:48.525 I/am_kill ( 3877): [0,24104,com.king.candycrushsaga,901,15,DHA:cached #21]
04-09 23:11:48.528 I/am_proc_died( 3877): [0,20316,com.samsung.visionprovider:VisionFramework,900,17,105,519]
04-09 23:11:48.528 I/am_uid_stopped( 3877): 5019
04-09 23:11:48.611 I/power_partial_wake_state( 3877): [662,Icing:com.google.android.gms]
04-09 23:11:49.003 I/am_proc_died( 3877): [0,24104,com.king.candycrushsaga,901,15,119,526]
04-09 23:11:49.005 I/am_uid_stopped( 3877): 10203
04-09 23:11:49.994 I/wm_task_created( 3877): [340,1]
04-09 23:11:49.994 I/wm_task_moved( 3877): [340,1,24]
04-09 23:11:49.994 I/am_focused_stack( 3877): [0,1,0,reuseOrNewTask]
04-09 23:11:49.994 I/wm_task_moved( 3877): [340,1,24]
04-09 23:11:49.995 I/am_create_task( 3877): [0,340]
04-09 23:11:49.995 I/am_create_activity( 3877): [0,137941690,340,com.etsy.android/.ui.homescreen.HomescreenTabsActivity,android.intent.action.MAIN,NULL,NULL,270532608,com.sec.android.app.launcher]
04-09 23:11:49.995 I/wm_task_moved( 3877): [340,1,24]
04-09 23:11:50.009 I/am_pause_activity( 3877): [0,264590503,com.sec.android.app.launcher/.activities.LauncherActivity]
04-09 23:11:50.028 I/am_uid_running( 3877): 10213
04-09 23:11:50.047 I/am_proc_start( 3877): [0,31902,10213,com.etsy.android,activity,com.etsy.android/.ui.homescreen.HomescreenTabsActivity]
04-09 23:11:50.054 I/am_on_paused_called( 8548): [0,com.sec.android.app.launcher.activities.LauncherActivity,handlePauseActivity]
04-09 23:11:50.062 I/sysui_count( 3877): [window_time_0,2]
04-09 23:11:50.063 I/sysui_multi_action( 3877): [757,803,799,window_time_0,802,2]
04-09 23:11:50.137 I/am_proc_bound( 3877): [0,31902,com.etsy.android]
04-09 23:11:50.148 I/am_uid_active( 3877): 10213
04-09 23:11:50.148 I/am_restart_activity( 3877): [0,137941690,340,com.etsy.android/.ui.homescreen.HomescreenTabsActivity]
04-09 23:11:50.149 I/am_set_resumed_activity( 3877): [0,com.etsy.android/.ui.homescreen.HomescreenTabsActivity,minimalResumeActivityLocked]
04-09 23:11:50.262 I/notification_cancel( 3877): [10004,7536,com.android.systemui,2,low_battery,-1,0,1088,8,NULL]
04-09 23:11:50.263 I/notification_cancel( 3877): [10004,7536,com.android.systemui,3,low_battery,-1,0,1088,8,NULL]
04-09 23:11:50.269 I/notification_enqueue( 3877): [10004,7536,com.android.systemui,2131362716,charging_state,-1,Notification(channel=GEN pri=-2 contentView=null vibrate=null sound=null defaults=0x0 flags=0xa color=0xff607d8b category=sys number=0 vis=PUBLIC semFlags=0x0 semPriority=0 semMissedCount=0),1,NULL]
04-09 23:11:50.624 I/force_gc( 3877): Binder
04-09 23:11:50.658 I/power_partial_wake_state( 3877): [3026,AudioMix:audioserver]
04-09 23:11:50.984 I/am_uid_running( 3877): 10051
04-09 23:11:50.994 I/power_partial_wake_state( 3877): [3031,AudioMix:audioserver]
04-09 23:11:51.001 I/am_proc_start( 3877): [0,31973,10051,android.process.media,broadcast,com.android.providers.media/.MediaScannerReceiver]
04-09 23:11:51.054 I/am_proc_bound( 3877): [0,31973,android.process.media]
04-09 23:11:51.594 I/wm_task_moved( 3877): [340,1,24]
04-09 23:11:51.595 I/wm_task_moved( 3877): [340,1,24]
04-09 23:11:51.596 I/am_create_activity( 3877): [0,5557271,340,com.etsy.android/.ui.BOEActivity,NULL,NULL,NULL,268435456,com.etsy.android]
04-09 23:11:51.598 I/am_pause_activity( 3877): [0,137941690,com.etsy.android/.ui.homescreen.HomescreenTabsActivity]
04-09 23:11:51.606 I/am_finish_activity( 3877): [0,137941690,340,com.etsy.android/.ui.homescreen.HomescreenTabsActivity,app-request]
04-09 23:11:51.608 I/sysui_count( 3877): [window_time_0,2]
04-09 23:11:51.608 I/sysui_multi_action( 3877): [757,803,799,window_time_0,802,2]
04-09 23:11:51.656 I/am_restart_activity( 3877): [0,5557271,340,com.etsy.android/.ui.BOEActivity]
04-09 23:11:51.659 I/am_set_resumed_activity( 3877): [0,com.etsy.android/.ui.BOEActivity,minimalResumeActivityLocked]
04-09 23:11:51.670 I/sysui_count( 3877): [window_time_0,0]
04-09 23:11:51.671 I/sysui_multi_action( 3877): [757,803,799,window_time_0,802,0]
04-09 23:11:51.743 I/notification_cancel( 3877): [10213,31902,com.etsy.android,31,NULL,0,0,1088,8,NULL]
04-09 23:11:51.859 I/liblog  (31902): 473
04-09 23:11:52.004 I/liblog  (31902): 589
04-09 23:11:52.019 I/am_on_resume_called(31902): [0,com.etsy.android.ui.BOEActivity,LAUNCH_ACTIVITY]
04-09 23:11:52.049 I/power_partial_wake_state( 3877): [402,*job*/com.etsy.android/androidx.work.impl.background.systemjob.SystemJobService:android]
04-09 23:11:52.053 I/notification_cancel( 3877): [10213,31902,com.etsy.android,31,NULL,0,0,1088,8,NULL]
04-09 23:11:52.354 I/am_activity_launch_time( 3877): [0,5557271,com.etsy.android/.ui.BOEActivity,700,2293]
04-09 23:11:52.385 I/notification_cancel( 3877): [10213,31902,com.etsy.android,31,NULL,0,0,1088,8,NULL]
04-09 23:11:52.389 I/power_partial_wake_state( 3877): [2379,*launch*:android]
04-09 23:11:52.395 I/am_destroy_activity( 3877): [0,137941690,340,com.etsy.android/.ui.homescreen.HomescreenTabsActivity,finish-imm]
04-09 23:11:52.395 I/am_stop_activity( 3877): [0,264590503,com.sec.android.app.launcher/.activities.LauncherActivity]
04-09 23:11:52.399 I/am_on_stop_called(31902): [0,com.etsy.android.ui.homescreen.HomescreenTabsActivity,destroy]
04-09 23:11:52.399 I/am_on_stop_called( 8548): [0,com.sec.android.app.launcher.activities.LauncherActivity,handleStopActivity]
04-09 23:11:52.544 I/am_uid_running( 3877): 10006
04-09 23:11:52.564 I/am_proc_start( 3877): [0,32091,10006,com.sec.android.provider.badge,broadcast,com.sec.android.provider.badge/.BadgeCountReceiver]
04-09 23:11:52.651 I/am_proc_bound( 3877): [0,32091,com.sec.android.provider.badge]
04-09 23:11:52.731 I/power_partial_wake_state( 3877): [1085,*job*/com.etsy.android/androidx.work.impl.background.systemjob.SystemJobService:android]
04-09 23:11:52.895 I/liblog  (31902): 141
04-09 23:11:52.980 I/liblog  (31902): 471
04-09 23:11:52.992 I/liblog  (31902): 6
04-09 23:11:53.008 I/liblog  (31902): 141
04-09 23:11:53.269 I/liblog  (31902): 1980
04-09 23:11:53.288 I/liblog  (31902): 227
04-09 23:11:53.318 I/am_uid_active( 3877): 10006
04-09 23:11:53.361 I/liblog  (31902): 777
04-09 23:11:53.401 I/liblog  (31902): 384
04-09 23:11:53.424 I/liblog  (31902): 155
04-09 23:11:53.437 I/liblog  (31902): 189
04-09 23:11:53.455 I/liblog  (31902): 450
04-09 23:11:53.486 I/liblog  (31902): 491
04-09 23:11:53.491 I/liblog  (31902): 50
04-09 23:11:53.665 I/liblog  (31902): 2205
04-09 23:11:53.912 I/power_partial_wake_state( 3877): [3263,*job*/kik.android/com.google.android.datatransport.runtime.scheduling.jobscheduling.JobInfoSchedulerService:android]
04-09 23:11:53.921 I/am_proc_died( 3877): [0,30999,com.samsung.android.sm.provider,900,17,90,623]
04-09 23:11:54.688 I/am_uid_running( 3877): 5019
04-09 23:11:54.723 I/am_proc_start( 3877): [0,32138,5019,com.samsung.visionprovider:VisionFramework,service,com.samsung.visionprovider/.service.VisionProviderService]
04-09 23:11:54.783 I/am_proc_bound( 3877): [0,32138,com.samsung.visionprovider:VisionFramework]
04-09 23:11:56.473 I/am_uid_idle( 3877): 99239
04-09 23:11:56.473 I/am_uid_idle( 3877): 10215
04-09 23:11:56.508 I/power_partial_wake_state( 3877): [51,RILJ:com.android.phone]
04-09 23:12:00.067 I/power_partial_wake_state( 3877): [61,*alarm*:android]
04-09 23:12:00.368 I/notification_cancel( 3877): [10004,7536,com.android.systemui,2,low_battery,-1,0,1088,8,NULL]
04-09 23:12:00.370 I/notification_cancel( 3877): [10004,7536,com.android.systemui,3,low_battery,-1,0,1088,8,NULL]
04-09 23:12:00.899 I/am_pss  ( 3877): [31902,10213,com.etsy.android,184812544,166797312,243712]
04-09 23:12:02.299 I/am_uid_idle( 3877): 10007
04-09 23:12:03.388 I/am_pss  ( 3877): [22382,10030,com.google.process.gapps,8396800,2183168,5289984]
04-09 23:12:03.603 I/am_meminfo( 3877): [146489344,108085248,0,840589312,383118336]
04-09 23:12:04.322 I/am_new_intent( 3877): [0,239410552,5,com.sec.android.app.launcher/.activities.LauncherActivity,android.intent.action.MAIN,NULL,NULL,278921216,android]
04-09 23:12:04.322 I/wm_task_moved( 3877): [5,1,0]
04-09 23:12:04.323 I/am_focused_stack( 3877): [0,0,1,bringingFoundTaskToFront]
04-09 23:12:04.323 I/wm_task_moved( 3877): [5,1,0]
04-09 23:12:04.324 I/am_pause_activity( 3877): [0,5557271,com.etsy.android/.ui.BOEActivity]
04-09 23:12:04.328 I/am_on_paused_called(31902): [0,com.etsy.android.ui.BOEActivity,handlePauseActivity]
04-09 23:12:04.331 I/am_set_resumed_activity( 3877): [0,com.sec.android.app.launcher/.activities.LauncherActivity,resumeTopActivityInnerLocked]
04-09 23:12:04.337 I/am_resume_activity( 3877): [0,264590503,5,com.sec.android.app.launcher/.activities.LauncherActivity]
04-09 23:12:04.344 I/am_task_to_front( 3877): [0,5]
04-09 23:12:04.364 I/sysui_count( 3877): [window_time_0,13]
04-09 23:12:04.365 I/sysui_multi_action( 3877): [757,803,799,window_time_0,802,13]
04-09 23:12:04.365 I/am_stop_activity( 3877): [0,5557271,com.etsy.android/.ui.BOEActivity]
04-09 23:12:04.389 I/am_on_resume_called( 8548): [0,com.sec.android.app.launcher.activities.LauncherActivity,RESUME_ACTIVITY]
04-09 23:12:04.457 I/power_partial_wake_state( 3877): [132,*launch*:android]
04-09 23:12:04.591 I/am_on_stop_called(31902): [0,com.etsy.android.ui.BOEActivity,handleStopActivity]
04-09 23:12:04.765 I/power_partial_wake_state( 3877): [144,*job*/com.etsy.android/androidx.work.impl.background.systemjob.SystemJobService:android]
04-09 23:12:05.281 I/am_kill ( 3877): [0,30679,com.samsung.faceservice,900,17,DHA:empty #10]
04-09 23:12:05.281 I/am_kill ( 3877): [0,22382,com.google.process.gapps,900,17,DHA:empty #10]
04-09 23:12:05.453 I/am_proc_died( 3877): [0,22382,com.google.process.gapps,900,17,105,552]
04-09 23:12:05.790 I/power_partial_wake_state( 3877): [312,*job*/com.etsy.android/androidx.work.impl.background.systemjob.SystemJobService:android]
04-09 23:12:06.413 I/am_proc_died( 3877): [0,30679,com.samsung.faceservice,900,17,127,553]
04-09 23:12:06.416 I/am_schedule_service_restart( 3877): [0,com.samsung.faceservice/.FaceService,4000]
